[2020-08-13T13:51:52.952+0000][6][gc,heap] Heap region size: 1M
[2020-08-13T13:51:52.952+0000][6][gc,heap,coops] Heap address: 0x00000000f0000000, size: 256 MB, Compressed Oops mode: 32-bit
[2020-08-13T13:51:53.101+0000][6][gc           ] Using G1
[2020-08-13T13:51:53.101+0000][6][gc,cds       ] Mark closed archive regions in map: [0x00000000fff00000, 0x00000000fff7eff8]
[2020-08-13T13:51:53.101+0000][6][gc,cds       ] Mark open archive regions in map: [0x00000000ffe00000, 0x00000000ffe51ff8]
[2020-08-13T13:51:53.140+0000][6][gc           ] Periodic GC disabled
[2020-08-13T13:51:54.010+0000][6][gc,start     ] GC(0) Pause Young (Normal) (G1 Evacuation Pause)
[2020-08-13T13:51:54.013+0000][6][gc,task      ] GC(0) Using 2 workers of 2 for evacuation
[2020-08-13T13:51:54.013+0000][6][gc,age       ] GC(0) Desired survivor size 1048576 bytes, new threshold 15 (max threshold 15)
[2020-08-13T13:51:54.024+0000][6][gc,age       ] GC(0) Age table with threshold 15 (max threshold 15)
[2020-08-13T13:51:54.024+0000][6][gc,age       ] GC(0) - age   1:    2045088 bytes,    2045088 total
[2020-08-13T13:51:54.024+0000][6][gc,phases    ] GC(0)   Pre Evacuate Collection Set: 0.1ms
[2020-08-13T13:51:54.024+0000][6][gc,phases    ] GC(0)   Merge Heap Roots: 0.0ms
[2020-08-13T13:51:54.024+0000][6][gc,phases    ] GC(0)   Evacuate Collection Set: 11.1ms
[2020-08-13T13:51:54.024+0000][6][gc,phases    ] GC(0)   Post Evacuate Collection Set: 0.3ms
[2020-08-13T13:51:54.024+0000][6][gc,phases    ] GC(0)   Other: 2.4ms
[2020-08-13T13:51:54.024+0000][6][gc,heap      ] GC(0) Eden regions: 12->0(10)
[2020-08-13T13:51:54.024+0000][6][gc,heap      ] GC(0) Survivor regions: 0->2(2)
[2020-08-13T13:51:54.024+0000][6][gc,heap      ] GC(0) Old regions: 0->0
[2020-08-13T13:51:54.024+0000][6][gc,heap      ] GC(0) Archive regions: 2->2
[2020-08-13T13:51:54.024+0000][6][gc,heap      ] GC(0) Humongous regions: 1->1
[2020-08-13T13:51:54.024+0000][6][gc,metaspace ] GC(0) Metaspace: 2558K(5760K)->2558K(5760K) NonClass: 2281K(5120K)->2281K(5120K) Class: 276K(640K)->276K(640K)
[2020-08-13T13:51:54.024+0000][6][gc           ] GC(0) Pause Young (Normal) (G1 Evacuation Pause) 13M->3M(256M) 13.987ms
[2020-08-13T13:51:54.024+0000][6][gc,cpu       ] GC(0) User=0.00s Sys=0.00s Real=0.01s
[2020-08-13T13:51:54.024+0000][6][safepoint    ] Safepoint "G1CollectForAllocation", Time since last: 880819530 ns, Reaching safepoint: 4757616 ns, At safepoint: 14062954 ns, Total: 18820570 ns
[2020-08-13T13:51:55.003+0000][6][gc,start     ] GC(1) Pause Young (Normal) (G1 Evacuation Pause)
[2020-08-13T13:51:55.003+0000][6][gc,task      ] GC(1) Using 2 workers of 2 for evacuation
[2020-08-13T13:51:55.003+0000][6][gc,age       ] GC(1) Desired survivor size 1048576 bytes, new threshold 1 (max threshold 15)
[2020-08-13T13:51:55.014+0000][6][gc,age       ] GC(1) Age table with threshold 1 (max threshold 15)
[2020-08-13T13:51:55.014+0000][6][gc,age       ] GC(1) - age   1:     573624 bytes,     573624 total
[2020-08-13T13:51:55.014+0000][6][gc,phases    ] GC(1)   Pre Evacuate Collection Set: 0.1ms
[2020-08-13T13:51:55.014+0000][6][gc,phases    ] GC(1)   Merge Heap Roots: 0.0ms
[2020-08-13T13:51:55.014+0000][6][gc,phases    ] GC(1)   Evacuate Collection Set: 10.6ms
[2020-08-13T13:51:55.014+0000][6][gc,phases    ] GC(1)   Post Evacuate Collection Set: 0.5ms
[2020-08-13T13:51:55.014+0000][6][gc,phases    ] GC(1)   Other: 0.2ms
[2020-08-13T13:51:55.014+0000][6][gc,heap      ] GC(1) Eden regions: 10->0(17)
[2020-08-13T13:51:55.014+0000][6][gc,heap      ] GC(1) Survivor regions: 2->1(2)
[2020-08-13T13:51:55.014+0000][6][gc,heap      ] GC(1) Old regions: 0->2
[2020-08-13T13:51:55.014+0000][6][gc,heap      ] GC(1) Archive regions: 2->2
[2020-08-13T13:51:55.014+0000][6][gc,heap      ] GC(1) Humongous regions: 1->1
[2020-08-13T13:51:55.014+0000][6][gc,metaspace ] GC(1) Metaspace: 5474K(8320K)->5474K(8320K) NonClass: 4869K(7424K)->4869K(7424K) Class: 605K(896K)->605K(896K)
[2020-08-13T13:51:55.014+0000][6][gc           ] GC(1) Pause Young (Normal) (G1 Evacuation Pause) 13M->4M(256M) 11.455ms
[2020-08-13T13:51:55.014+0000][6][gc,cpu       ] GC(1) User=0.01s Sys=0.00s Real=0.01s
[2020-08-13T13:51:55.014+0000][6][safepoint    ] Safepoint "G1CollectForAllocation", Time since last: 972470459 ns, Reaching safepoint: 5662209 ns, At safepoint: 11551703 ns, Total: 17213912 ns
[2020-08-13T13:51:56.514+0000][6][safepoint    ] Safepoint "Cleanup", Time since last: 1490444985 ns, Reaching safepoint: 9197216 ns, At safepoint: 6783 ns, Total: 9203999 ns
[2020-08-13T13:51:57.093+0000][6][gc,start     ] GC(2) Pause Young (Normal) (G1 Evacuation Pause)
[2020-08-13T13:51:57.093+0000][6][gc,task      ] GC(2) Using 2 workers of 2 for evacuation
[2020-08-13T13:51:57.093+0000][6][gc,age       ] GC(2) Desired survivor size 1572864 bytes, new threshold 15 (max threshold 15)
[2020-08-13T13:51:57.156+0000][6][gc,age       ] GC(2) Age table with threshold 15 (max threshold 15)
[2020-08-13T13:51:57.156+0000][6][gc,age       ] GC(2) - age   1:    1125296 bytes,    1125296 total
[2020-08-13T13:51:57.157+0000][6][gc,age       ] GC(2) - age   2:     531784 bytes,    1657080 total
[2020-08-13T13:51:57.157+0000][6][gc,phases    ] GC(2)   Pre Evacuate Collection Set: 0.1ms
[2020-08-13T13:51:57.157+0000][6][gc,phases    ] GC(2)   Merge Heap Roots: 0.0ms
[2020-08-13T13:51:57.157+0000][6][gc,phases    ] GC(2)   Evacuate Collection Set: 62.7ms
[2020-08-13T13:51:57.157+0000][6][gc,phases    ] GC(2)   Post Evacuate Collection Set: 0.8ms
[2020-08-13T13:51:57.157+0000][6][gc,phases    ] GC(2)   Other: 0.3ms
[2020-08-13T13:51:57.157+0000][6][gc,heap      ] GC(2) Eden regions: 17->0(60)
[2020-08-13T13:51:57.157+0000][6][gc,heap      ] GC(2) Survivor regions: 1->2(3)
[2020-08-13T13:51:57.157+0000][6][gc,heap      ] GC(2) Old regions: 2->2
[2020-08-13T13:51:57.157+0000][6][gc,heap      ] GC(2) Archive regions: 2->2
[2020-08-13T13:51:57.157+0000][6][gc,heap      ] GC(2) Humongous regions: 1->1
[2020-08-13T13:51:57.157+0000][6][gc,metaspace ] GC(2) Metaspace: 9896K(10880K)->9896K(10880K) NonClass: 8682K(9472K)->8682K(9472K) Class: 1214K(1408K)->1214K(1408K)
[2020-08-13T13:51:57.157+0000][6][gc           ] GC(2) Pause Young (Normal) (G1 Evacuation Pause) 21M->5M(256M) 63.944ms
[2020-08-13T13:51:57.157+0000][6][gc,cpu       ] GC(2) User=0.02s Sys=0.00s Real=0.07s
[2020-08-13T13:51:57.157+0000][6][safepoint    ] Safepoint "G1CollectForAllocation", Time since last: 578819118 ns, Reaching safepoint: 103504 ns, At safepoint: 64021890 ns, Total: 64125394 ns
[2020-08-13T13:51:58.232+0000][6][safepoint    ] Safepoint "Cleanup", Time since last: 1073856039 ns, Reaching safepoint: 1801862 ns, At safepoint: 3357 ns, Total: 1805219 ns
[2020-08-13T13:51:59.985+0000][6][safepoint    ] Safepoint "Cleanup", Time since last: 1751966616 ns, Reaching safepoint: 447889 ns, At safepoint: 4068 ns, Total: 451957 ns
[2020-08-13T13:52:00.272+0000][6][gc,start     ] GC(3) Pause Young (Normal) (G1 Evacuation Pause)
[2020-08-13T13:52:00.272+0000][6][gc,task      ] GC(3) Using 2 workers of 2 for evacuation
[2020-08-13T13:52:00.272+0000][6][gc,age       ] GC(3) Desired survivor size 4194304 bytes, new threshold 15 (max threshold 15)
[2020-08-13T13:52:00.344+0000][6][gc,age       ] GC(3) Age table with threshold 15 (max threshold 15)
[2020-08-13T13:52:00.344+0000][6][gc,age       ] GC(3) - age   1:    2943344 bytes,    2943344 total
[2020-08-13T13:52:00.344+0000][6][gc,age       ] GC(3) - age   2:    1068744 bytes,    4012088 total
[2020-08-13T13:52:00.344+0000][6][gc,age       ] GC(3) - age   3:     528984 bytes,    4541072 total
[2020-08-13T13:52:00.344+0000][6][gc,phases    ] GC(3)   Pre Evacuate Collection Set: 0.1ms
[2020-08-13T13:52:00.344+0000][6][gc,phases    ] GC(3)   Merge Heap Roots: 0.0ms
[2020-08-13T13:52:00.344+0000][6][gc,phases    ] GC(3)   Evacuate Collection Set: 48.0ms
[2020-08-13T13:52:00.344+0000][6][gc,phases    ] GC(3)   Post Evacuate Collection Set: 23.7ms
[2020-08-13T13:52:00.344+0000][6][gc,phases    ] GC(3)   Other: 0.3ms
[2020-08-13T13:52:00.344+0000][6][gc,heap      ] GC(3) Eden regions: 60->0(148)
[2020-08-13T13:52:00.344+0000][6][gc,heap      ] GC(3) Survivor regions: 2->5(8)
[2020-08-13T13:52:00.344+0000][6][gc,heap      ] GC(3) Old regions: 2->2
[2020-08-13T13:52:00.344+0000][6][gc,heap      ] GC(3) Archive regions: 2->2
[2020-08-13T13:52:00.344+0000][6][gc,heap      ] GC(3) Humongous regions: 1->1
[2020-08-13T13:52:00.344+0000][6][gc,metaspace ] GC(3) Metaspace: 14506K(15360K)->14506K(15360K) NonClass: 12766K(13312K)->12766K(13312K) Class: 1739K(2048K)->1739K(2048K)
[2020-08-13T13:52:00.344+0000][6][gc           ] GC(3) Pause Young (Normal) (G1 Evacuation Pause) 65M->8M(256M) 72.223ms
[2020-08-13T13:52:00.344+0000][6][gc,cpu       ] GC(3) User=0.04s Sys=0.00s Real=0.07s
[2020-08-13T13:52:00.344+0000][6][safepoint    ] Safepoint "G1CollectForAllocation", Time since last: 286826309 ns, Reaching safepoint: 128069 ns, At safepoint: 72316817 ns, Total: 72444886 ns
[2020-08-13T13:52:00.355+0000][6][safepoint    ] Safepoint "BulkRevokeBias", Time since last: 8335954 ns, Reaching safepoint: 2222350 ns, At safepoint: 103092 ns, Total: 2325442 ns
[2020-08-13T13:52:01.716+0000][6][safepoint    ] Safepoint "Cleanup", Time since last: 1353958562 ns, Reaching safepoint: 7134255 ns, At safepoint: 8616 ns, Total: 7142871 ns
[2020-08-13T13:52:02.409+0000][6][gc,start     ] GC(4) Pause Young (Normal) (G1 Evacuation Pause)
[2020-08-13T13:52:02.409+0000][6][gc,task      ] GC(4) Using 2 workers of 2 for evacuation
[2020-08-13T13:52:02.409+0000][6][gc,age       ] GC(4) Desired survivor size 10485760 bytes, new threshold 15 (max threshold 15)
[2020-08-13T13:52:02.481+0000][6][gc,age       ] GC(4) Age table with threshold 15 (max threshold 15)
[2020-08-13T13:52:02.481+0000][6][gc,age       ] GC(4) - age   1:    3949152 bytes,    3949152 total
[2020-08-13T13:52:02.481+0000][6][gc,age       ] GC(4) - age   2:    2916456 bytes,    6865608 total
[2020-08-13T13:52:02.481+0000][6][gc,age       ] GC(4) - age   3:    1053304 bytes,    7918912 total
[2020-08-13T13:52:02.481+0000][6][gc,age       ] GC(4) - age   4:     525848 bytes,    8444760 total
[2020-08-13T13:52:02.481+0000][6][gc,phases    ] GC(4)   Pre Evacuate Collection Set: 0.1ms
[2020-08-13T13:52:02.481+0000][6][gc,phases    ] GC(4)   Merge Heap Roots: 0.1ms
[2020-08-13T13:52:02.481+0000][6][gc,phases    ] GC(4)   Evacuate Collection Set: 70.4ms
[2020-08-13T13:52:02.481+0000][6][gc,phases    ] GC(4)   Post Evacuate Collection Set: 1.6ms
[2020-08-13T13:52:02.481+0000][6][gc,phases    ] GC(4)   Other: 0.3ms
[2020-08-13T13:52:02.482+0000][6][gc,heap      ] GC(4) Eden regions: 148->0(144)
[2020-08-13T13:52:02.482+0000][6][gc,heap      ] GC(4) Survivor regions: 5->9(20)
[2020-08-13T13:52:02.482+0000][6][gc,heap      ] GC(4) Old regions: 2->2
[2020-08-13T13:52:02.482+0000][6][gc,heap      ] GC(4) Archive regions: 2->2
[2020-08-13T13:52:02.482+0000][6][gc,heap      ] GC(4) Humongous regions: 2->1
[2020-08-13T13:52:02.482+0000][6][gc,metaspace ] GC(4) Metaspace: 17267K(18048K)->17267K(18048K) NonClass: 15134K(15616K)->15134K(15616K) Class: 2132K(2432K)->2132K(2432K)
[2020-08-13T13:52:02.482+0000][6][gc           ] GC(4) Pause Young (Normal) (G1 Evacuation Pause) 157M->12M(256M) 72.533ms
[2020-08-13T13:52:02.482+0000][6][gc,cpu       ] GC(4) User=0.03s Sys=0.00s Real=0.07s
[2020-08-13T13:52:02.482+0000][6][safepoint    ] Safepoint "G1CollectForAllocation", Time since last: 692962058 ns, Reaching safepoint: 147196 ns, At safepoint: 72630143 ns, Total: 72777339 ns
[2020-08-13T13:52:02.495+0000][6][safepoint    ] Safepoint "BulkRevokeBias", Time since last: 7032153 ns, Reaching safepoint: 6026010 ns, At safepoint: 119484 ns, Total: 6145494 ns
[2020-08-13T13:52:02.504+0000][6][safepoint    ] Safepoint "BulkRevokeBias", Time since last: 8263277 ns, Reaching safepoint: 618999 ns, At safepoint: 78357 ns, Total: 697356 ns
[2020-08-13T13:52:03.518+0000][6][safepoint    ] Safepoint "Cleanup", Time since last: 1013911050 ns, Reaching safepoint: 168936 ns, At safepoint: 2905 ns, Total: 171841 ns
[2020-08-13T13:52:03.603+0000][6][gc,start     ] GC(5) Pause Young (Normal) (G1 Evacuation Pause)
[2020-08-13T13:52:03.603+0000][6][gc,task      ] GC(5) Using 2 workers of 2 for evacuation
[2020-08-13T13:52:03.603+0000][6][gc,age       ] GC(5) Desired survivor size 10485760 bytes, new threshold 15 (max threshold 15)
[2020-08-13T13:52:03.708+0000][6][gc,age       ] GC(5) Age table with threshold 15 (max threshold 15)
[2020-08-13T13:52:03.708+0000][6][gc,age       ] GC(5) - age   1:    3458488 bytes,    3458488 total
[2020-08-13T13:52:03.708+0000][6][gc,age       ] GC(5) - age   2:    2918888 bytes,    6377376 total
[2020-08-13T13:52:03.708+0000][6][gc,age       ] GC(5) - age   3:    2916152 bytes,    9293528 total
[2020-08-13T13:52:03.708+0000][6][gc,age       ] GC(5) - age   4:    1053304 bytes,   10346832 total
[2020-08-13T13:52:03.708+0000][6][gc,age       ] GC(5) - age   5:     525824 bytes,   10872656 total
[2020-08-13T13:52:03.708+0000][6][gc,phases    ] GC(5)   Pre Evacuate Collection Set: 0.1ms
[2020-08-13T13:52:03.708+0000][6][gc,phases    ] GC(5)   Merge Heap Roots: 0.1ms
[2020-08-13T13:52:03.708+0000][6][gc,phases    ] GC(5)   Evacuate Collection Set: 103.6ms
[2020-08-13T13:52:03.708+0000][6][gc,phases    ] GC(5)   Post Evacuate Collection Set: 1.4ms
[2020-08-13T13:52:03.708+0000][6][gc,phases    ] GC(5)   Other: 0.3ms
[2020-08-13T13:52:03.708+0000][6][gc,heap      ] GC(5) Eden regions: 144->0(142)
[2020-08-13T13:52:03.708+0000][6][gc,heap      ] GC(5) Survivor regions: 9->11(20)
[2020-08-13T13:52:03.708+0000][6][gc,heap      ] GC(5) Old regions: 2->2
[2020-08-13T13:52:03.708+0000][6][gc,heap      ] GC(5) Archive regions: 2->2
[2020-08-13T13:52:03.708+0000][6][gc,heap      ] GC(5) Humongous regions: 1->1
[2020-08-13T13:52:03.708+0000][6][gc,metaspace ] GC(5) Metaspace: 17907K(18944K)->17907K(18944K) NonClass: 15691K(16384K)->15691K(16384K) Class: 2215K(2560K)->2215K(2560K)
[2020-08-13T13:52:03.708+0000][6][gc           ] GC(5) Pause Young (Normal) (G1 Evacuation Pause) 156M->14M(256M) 105.547ms
[2020-08-13T13:52:03.708+0000][6][gc,cpu       ] GC(5) User=0.04s Sys=0.00s Real=0.11s
[2020-08-13T13:52:03.708+0000][6][safepoint    ] Safepoint "G1CollectForAllocation", Time since last: 84815443 ns, Reaching safepoint: 88967 ns, At safepoint: 105625195 ns, Total: 105714162 ns
[2020-08-13T13:52:04.546+0000][6][gc,start     ] GC(6) Pause Young (Normal) (G1 Evacuation Pause)
[2020-08-13T13:52:04.547+0000][6][gc,task      ] GC(6) Using 2 workers of 2 for evacuation
[2020-08-13T13:52:04.547+0000][6][gc,age       ] GC(6) Desired survivor size 10485760 bytes, new threshold 5 (max threshold 15)
[2020-08-13T13:52:04.620+0000][6][gc,age       ] GC(6) Age table with threshold 5 (max threshold 15)
[2020-08-13T13:52:04.620+0000][6][gc,age       ] GC(6) - age   1:    2133952 bytes,    2133952 total
[2020-08-13T13:52:04.620+0000][6][gc,age       ] GC(6) - age   2:    2710856 bytes,    4844808 total
[2020-08-13T13:52:04.620+0000][6][gc,age       ] GC(6) - age   3:    2914720 bytes,    7759528 total
[2020-08-13T13:52:04.620+0000][6][gc,age       ] GC(6) - age   4:    2915928 bytes,   10675456 total
[2020-08-13T13:52:04.620+0000][6][gc,age       ] GC(6) - age   5:    1053304 bytes,   11728760 total
[2020-08-13T13:52:04.620+0000][6][gc,phases    ] GC(6)   Pre Evacuate Collection Set: 0.2ms
[2020-08-13T13:52:04.620+0000][6][gc,phases    ] GC(6)   Merge Heap Roots: 0.1ms
[2020-08-13T13:52:04.620+0000][6][gc,phases    ] GC(6)   Evacuate Collection Set: 65.9ms
[2020-08-13T13:52:04.620+0000][6][gc,phases    ] GC(6)   Post Evacuate Collection Set: 7.4ms
[2020-08-13T13:52:04.620+0000][6][gc,phases    ] GC(6)   Other: 0.3ms
[2020-08-13T13:52:04.620+0000][6][gc,heap      ] GC(6) Eden regions: 142->0(141)
[2020-08-13T13:52:04.620+0000][6][gc,heap      ] GC(6) Survivor regions: 11->12(20)
[2020-08-13T13:52:04.620+0000][6][gc,heap      ] GC(6) Old regions: 2->3
[2020-08-13T13:52:04.620+0000][6][gc,heap      ] GC(6) Archive regions: 2->2
[2020-08-13T13:52:04.620+0000][6][gc,heap      ] GC(6) Humongous regions: 1->1
[2020-08-13T13:52:04.620+0000][6][gc,metaspace ] GC(6) Metaspace: 18336K(19584K)->18336K(19584K) NonClass: 16039K(16896K)->16039K(16896K) Class: 2296K(2688K)->2296K(2688K)
[2020-08-13T13:52:04.620+0000][6][gc           ] GC(6) Pause Young (Normal) (G1 Evacuation Pause) 156M->15M(256M) 73.989ms
[2020-08-13T13:52:04.620+0000][6][gc,cpu       ] GC(6) User=0.02s Sys=0.00s Real=0.07s
[2020-08-13T13:52:04.620+0000][6][safepoint    ] Safepoint "G1CollectForAllocation", Time since last: 837928105 ns, Reaching safepoint: 102402 ns, At safepoint: 74087120 ns, Total: 74189522 ns
[2020-08-13T13:52:05.424+0000][6][gc,start     ] GC(7) Pause Young (Normal) (G1 Evacuation Pause)
[2020-08-13T13:52:05.424+0000][6][gc,task      ] GC(7) Using 2 workers of 2 for evacuation
[2020-08-13T13:52:05.424+0000][6][gc,age       ] GC(7) Desired survivor size 10485760 bytes, new threshold 4 (max threshold 15)
[2020-08-13T13:52:05.479+0000][6][gc,age       ] GC(7) Age table with threshold 4 (max threshold 15)
[2020-08-13T13:52:05.479+0000][6][gc,age       ] GC(7) - age   1:    1987240 bytes,    1987240 total
[2020-08-13T13:52:05.479+0000][6][gc,age       ] GC(7) - age   2:    1549888 bytes,    3537128 total
[2020-08-13T13:52:05.479+0000][6][gc,age       ] GC(7) - age   3:    2710800 bytes,    6247928 total
[2020-08-13T13:52:05.479+0000][6][gc,age       ] GC(7) - age   4:    2914624 bytes,    9162552 total
[2020-08-13T13:52:05.479+0000][6][gc,phases    ] GC(7)   Pre Evacuate Collection Set: 0.1ms
[2020-08-13T13:52:05.479+0000][6][gc,phases    ] GC(7)   Merge Heap Roots: 0.0ms
[2020-08-13T13:52:05.479+0000][6][gc,phases    ] GC(7)   Evacuate Collection Set: 43.5ms
[2020-08-13T13:52:05.479+0000][6][gc,phases    ] GC(7)   Post Evacuate Collection Set: 11.0ms
[2020-08-13T13:52:05.479+0000][6][gc,phases    ] GC(7)   Other: 0.3ms
[2020-08-13T13:52:05.479+0000][6][gc,heap      ] GC(7) Eden regions: 141->0(144)
[2020-08-13T13:52:05.479+0000][6][gc,heap      ] GC(7) Survivor regions: 12->9(20)
[2020-08-13T13:52:05.479+0000][6][gc,heap      ] GC(7) Old regions: 3->7
[2020-08-13T13:52:05.479+0000][6][gc,heap      ] GC(7) Archive regions: 2->2
[2020-08-13T13:52:05.479+0000][6][gc,heap      ] GC(7) Humongous regions: 1->1
[2020-08-13T13:52:05.479+0000][6][gc,metaspace ] GC(7) Metaspace: 18547K(19840K)->18547K(19840K) NonClass: 16224K(17152K)->16224K(17152K) Class: 2323K(2688K)->2323K(2688K)
[2020-08-13T13:52:05.479+0000][6][gc           ] GC(7) Pause Young (Normal) (G1 Evacuation Pause) 156M->17M(256M) 54.979ms
[2020-08-13T13:52:05.479+0000][6][gc,cpu       ] GC(7) User=0.03s Sys=0.00s Real=0.06s
[2020-08-13T13:52:05.479+0000][6][safepoint    ] Safepoint "G1CollectForAllocation", Time since last: 803367632 ns, Reaching safepoint: 111989 ns, At safepoint: 55065956 ns, Total: 55177945 ns
[2020-08-13T13:52:05.611+0000][6][safepoint    ] Safepoint "BulkRevokeBias", Time since last: 132190873 ns, Reaching safepoint: 67056 ns, At safepoint: 110256 ns, Total: 177312 ns
[2020-08-13T13:52:05.612+0000][6][safepoint    ] Safepoint "BulkRevokeBias", Time since last: 78448 ns, Reaching safepoint: 21490 ns, At safepoint: 119162 ns, Total: 140652 ns
[2020-08-13T13:52:06.561+0000][6][gc,start     ] GC(8) Pause Young (Concurrent Start) (Metadata GC Threshold)
[2020-08-13T13:52:06.561+0000][6][gc,task      ] GC(8) Using 2 workers of 2 for evacuation
[2020-08-13T13:52:06.561+0000][6][gc,age       ] GC(8) Desired survivor size 10485760 bytes, new threshold 15 (max threshold 15)
[2020-08-13T13:52:06.598+0000][6][gc,age       ] GC(8) Age table with threshold 15 (max threshold 15)
[2020-08-13T13:52:06.598+0000][6][gc,age       ] GC(8) - age   1:    1891920 bytes,    1891920 total
[2020-08-13T13:52:06.598+0000][6][gc,age       ] GC(8) - age   2:     579592 bytes,    2471512 total
[2020-08-13T13:52:06.598+0000][6][gc,age       ] GC(8) - age   3:    1548896 bytes,    4020408 total
[2020-08-13T13:52:06.598+0000][6][gc,age       ] GC(8) - age   4:    2709400 bytes,    6729808 total
[2020-08-13T13:52:06.598+0000][6][gc,age       ] GC(8) - age   5:    2914528 bytes,    9644336 total
[2020-08-13T13:52:06.598+0000][6][gc,phases    ] GC(8)   Pre Evacuate Collection Set: 0.2ms
[2020-08-13T13:52:06.598+0000][6][gc,phases    ] GC(8)   Merge Heap Roots: 0.0ms
[2020-08-13T13:52:06.598+0000][6][gc,phases    ] GC(8)   Evacuate Collection Set: 35.5ms
[2020-08-13T13:52:06.598+0000][6][gc,phases    ] GC(8)   Post Evacuate Collection Set: 1.0ms
[2020-08-13T13:52:06.598+0000][6][gc,phases    ] GC(8)   Other: 0.3ms
[2020-08-13T13:52:06.598+0000][6][gc,heap      ] GC(8) Eden regions: 144->0(143)
[2020-08-13T13:52:06.598+0000][6][gc,heap      ] GC(8) Survivor regions: 9->10(20)
[2020-08-13T13:52:06.598+0000][6][gc,heap      ] GC(8) Old regions: 7->7
[2020-08-13T13:52:06.598+0000][6][gc,heap      ] GC(8) Archive regions: 2->2
[2020-08-13T13:52:06.598+0000][6][gc,heap      ] GC(8) Humongous regions: 1->1
[2020-08-13T13:52:06.598+0000][6][gc,metaspace ] GC(8) Metaspace: 19659K(21248K)->19659K(21248K) NonClass: 17227K(18432K)->17227K(18432K) Class: 2431K(2816K)->2431K(2816K)
[2020-08-13T13:52:06.598+0000][6][gc           ] GC(8) Pause Young (Concurrent Start) (Metadata GC Threshold) 161M->17M(256M) 37.186ms
[2020-08-13T13:52:06.598+0000][6][gc,cpu       ] GC(8) User=0.03s Sys=0.00s Real=0.04s
[2020-08-13T13:52:06.598+0000][6][safepoint    ] Safepoint "CollectForMetadataAllocation", Time since last: 949001509 ns, Reaching safepoint: 98114 ns, At safepoint: 37339894 ns, Total: 37438008 ns
[2020-08-13T13:52:06.598+0000][6][gc           ] GC(9) Concurrent Cycle
[2020-08-13T13:52:06.598+0000][6][gc,marking   ] GC(9) Concurrent Clear Claimed Marks
[2020-08-13T13:52:06.598+0000][6][gc,marking   ] GC(9) Concurrent Clear Claimed Marks 0.114ms
[2020-08-13T13:52:06.598+0000][6][gc,marking   ] GC(9) Concurrent Scan Root Regions
[2020-08-13T13:52:06.616+0000][6][gc,marking   ] GC(9) Concurrent Scan Root Regions 17.628ms
[2020-08-13T13:52:06.616+0000][6][gc,marking   ] GC(9) Concurrent Mark (13.671s)
[2020-08-13T13:52:06.616+0000][6][gc,marking   ] GC(9) Concurrent Mark From Roots
[2020-08-13T13:52:06.616+0000][6][gc,task      ] GC(9) Using 1 workers of 1 for marking
[2020-08-13T13:52:06.667+0000][6][gc,marking   ] GC(9) Concurrent Mark From Roots 50.584ms
[2020-08-13T13:52:06.667+0000][6][gc,marking   ] GC(9) Concurrent Preclean
[2020-08-13T13:52:06.667+0000][6][gc,marking   ] GC(9) Concurrent Preclean 0.075ms
[2020-08-13T13:52:06.667+0000][6][gc,marking   ] GC(9) Concurrent Mark (13.671s, 13.722s) 50.739ms
[2020-08-13T13:52:06.678+0000][6][gc,start     ] GC(9) Pause Remark
[2020-08-13T13:52:06.701+0000][6][gc           ] GC(9) Pause Remark 27M->27M(256M) 22.946ms
[2020-08-13T13:52:06.701+0000][6][gc,cpu       ] GC(9) User=0.02s Sys=0.00s Real=0.02s
[2020-08-13T13:52:06.701+0000][6][safepoint    ] Safepoint "G1Concurrent", Time since last: 68628254 ns, Reaching safepoint: 11061585 ns, At safepoint: 23064223 ns, Total: 34125808 ns
[2020-08-13T13:52:06.702+0000][6][gc,marking   ] GC(9) Concurrent Rebuild Remembered Sets
[2020-08-13T13:52:06.724+0000][6][gc,marking   ] GC(9) Concurrent Rebuild Remembered Sets 22.261ms
[2020-08-13T13:52:06.728+0000][6][gc,start     ] GC(9) Pause Cleanup
[2020-08-13T13:52:06.728+0000][6][gc           ] GC(9) Pause Cleanup 32M->32M(256M) 0.093ms
[2020-08-13T13:52:06.728+0000][6][gc,cpu       ] GC(9) User=0.00s Sys=0.00s Real=0.00s
[2020-08-13T13:52:06.729+0000][6][safepoint    ] Safepoint "G1Concurrent", Time since last: 23531748 ns, Reaching safepoint: 4021328 ns, At safepoint: 128590 ns, Total: 4149918 ns
[2020-08-13T13:52:06.729+0000][6][gc,marking   ] GC(9) Concurrent Cleanup for Next Mark
[2020-08-13T13:52:06.736+0000][6][gc,marking   ] GC(9) Concurrent Cleanup for Next Mark 7.779ms
[2020-08-13T13:52:06.736+0000][6][gc           ] GC(9) Concurrent Cycle 138.284ms
[2020-08-13T13:52:07.296+0000][6][gc,start     ] GC(10) Pause Young (Normal) (G1 Evacuation Pause)
[2020-08-13T13:52:07.296+0000][6][gc,task      ] GC(10) Using 2 workers of 2 for evacuation
[2020-08-13T13:52:07.296+0000][6][gc,age       ] GC(10) Desired survivor size 10485760 bytes, new threshold 15 (max threshold 15)
[2020-08-13T13:52:07.344+0000][6][gc,age       ] GC(10) Age table with threshold 15 (max threshold 15)
[2020-08-13T13:52:07.344+0000][6][gc,age       ] GC(10) - age   1:     827464 bytes,     827464 total
[2020-08-13T13:52:07.344+0000][6][gc,age       ] GC(10) - age   2:    1862592 bytes,    2690056 total
[2020-08-13T13:52:07.344+0000][6][gc,age       ] GC(10) - age   3:     579440 bytes,    3269496 total
[2020-08-13T13:52:07.344+0000][6][gc,age       ] GC(10) - age   4:    1548896 bytes,    4818392 total
[2020-08-13T13:52:07.344+0000][6][gc,age       ] GC(10) - age   5:    2709400 bytes,    7527792 total
[2020-08-13T13:52:07.344+0000][6][gc,age       ] GC(10) - age   6:    2913616 bytes,   10441408 total
[2020-08-13T13:52:07.344+0000][6][gc,phases    ] GC(10)   Pre Evacuate Collection Set: 0.0ms
[2020-08-13T13:52:07.344+0000][6][gc,phases    ] GC(10)   Merge Heap Roots: 0.1ms
[2020-08-13T13:52:07.344+0000][6][gc,phases    ] GC(10)   Evacuate Collection Set: 42.8ms
[2020-08-13T13:52:07.344+0000][6][gc,phases    ] GC(10)   Post Evacuate Collection Set: 4.3ms
[2020-08-13T13:52:07.344+0000][6][gc,phases    ] GC(10)   Other: 0.3ms
[2020-08-13T13:52:07.344+0000][6][gc,heap      ] GC(10) Eden regions: 143->0(142)
[2020-08-13T13:52:07.344+0000][6][gc,heap      ] GC(10) Survivor regions: 10->11(20)
[2020-08-13T13:52:07.344+0000][6][gc,heap      ] GC(10) Old regions: 7->7
[2020-08-13T13:52:07.344+0000][6][gc,heap      ] GC(10) Archive regions: 2->2
[2020-08-13T13:52:07.344+0000][6][gc,heap      ] GC(10) Humongous regions: 1->1
[2020-08-13T13:52:07.344+0000][6][gc,metaspace ] GC(10) Metaspace: 19802K(21376K)->19802K(21376K) NonClass: 17343K(18432K)->17343K(18432K) Class: 2458K(2944K)->2458K(2944K)
[2020-08-13T13:52:07.344+0000][6][gc           ] GC(10) Pause Young (Normal) (G1 Evacuation Pause) 160M->19M(256M) 47.580ms
[2020-08-13T13:52:07.344+0000][6][gc,cpu       ] GC(10) User=0.02s Sys=0.00s Real=0.04s
[2020-08-13T13:52:07.344+0000][6][safepoint    ] Safepoint "G1CollectForAllocation", Time since last: 567732045 ns, Reaching safepoint: 68558 ns, At safepoint: 47652509 ns, Total: 47721067 ns
[2020-08-13T13:52:08.151+0000][6][gc,start     ] GC(11) Pause Young (Normal) (G1 Evacuation Pause)
[2020-08-13T13:52:08.151+0000][6][gc,task      ] GC(11) Using 2 workers of 2 for evacuation
[2020-08-13T13:52:08.151+0000][6][gc,age       ] GC(11) Desired survivor size 10485760 bytes, new threshold 15 (max threshold 15)
[2020-08-13T13:52:08.216+0000][6][gc,age       ] GC(11) Age table with threshold 15 (max threshold 15)
[2020-08-13T13:52:08.216+0000][6][gc,age       ] GC(11) - age   1:     819680 bytes,     819680 total
[2020-08-13T13:52:08.216+0000][6][gc,age       ] GC(11) - age   2:     245376 bytes,    1065056 total
[2020-08-13T13:52:08.216+0000][6][gc,age       ] GC(11) - age   3:    1862592 bytes,    2927648 total
[2020-08-13T13:52:08.216+0000][6][gc,age       ] GC(11) - age   4:     579416 bytes,    3507064 total
[2020-08-13T13:52:08.216+0000][6][gc,age       ] GC(11) - age   5:    1548872 bytes,    5055936 total
[2020-08-13T13:52:08.216+0000][6][gc,age       ] GC(11) - age   6:    2709400 bytes,    7765336 total
[2020-08-13T13:52:08.216+0000][6][gc,age       ] GC(11) - age   7:    2913616 bytes,   10678952 total
[2020-08-13T13:52:08.216+0000][6][gc,phases    ] GC(11)   Pre Evacuate Collection Set: 0.1ms
[2020-08-13T13:52:08.216+0000][6][gc,phases    ] GC(11)   Merge Heap Roots: 0.1ms
[2020-08-13T13:52:08.216+0000][6][gc,phases    ] GC(11)   Evacuate Collection Set: 57.2ms
[2020-08-13T13:52:08.216+0000][6][gc,phases    ] GC(11)   Post Evacuate Collection Set: 6.9ms
[2020-08-13T13:52:08.216+0000][6][gc,phases    ] GC(11)   Other: 0.3ms
[2020-08-13T13:52:08.216+0000][6][gc,heap      ] GC(11) Eden regions: 142->0(142)
[2020-08-13T13:52:08.216+0000][6][gc,heap      ] GC(11) Survivor regions: 11->11(20)
[2020-08-13T13:52:08.216+0000][6][gc,heap      ] GC(11) Old regions: 7->7
[2020-08-13T13:52:08.216+0000][6][gc,heap      ] GC(11) Archive regions: 2->2
[2020-08-13T13:52:08.216+0000][6][gc,heap      ] GC(11) Humongous regions: 1->1
[2020-08-13T13:52:08.216+0000][6][gc,metaspace ] GC(11) Metaspace: 20046K(21888K)->20046K(21888K) NonClass: 17535K(18944K)->17535K(18944K) Class: 2511K(2944K)->2511K(2944K)
[2020-08-13T13:52:08.216+0000][6][gc           ] GC(11) Pause Young (Normal) (G1 Evacuation Pause) 161M->19M(256M) 64.593ms
[2020-08-13T13:52:08.216+0000][6][gc,cpu       ] GC(11) User=0.02s Sys=0.00s Real=0.07s
[2020-08-13T13:52:08.216+0000][6][safepoint    ] Safepoint "G1CollectForAllocation", Time since last: 807298991 ns, Reaching safepoint: 124694 ns, At safepoint: 64686183 ns, Total: 64810877 ns
[2020-08-13T13:52:09.352+0000][6][safepoint    ] Safepoint "Cleanup", Time since last: 1135621686 ns, Reaching safepoint: 165890 ns, At safepoint: 2504 ns, Total: 168394 ns
[2020-08-13T13:52:10.359+0000][6][safepoint    ] Safepoint "Cleanup", Time since last: 1005769842 ns, Reaching safepoint: 1579085 ns, At safepoint: 5411 ns, Total: 1584496 ns
[2020-08-13T13:52:10.930+0000][6][gc,start     ] GC(12) Pause Young (Normal) (G1 Evacuation Pause)
[2020-08-13T13:52:10.930+0000][6][gc,task      ] GC(12) Using 2 workers of 2 for evacuation
[2020-08-13T13:52:10.930+0000][6][gc,age       ] GC(12) Desired survivor size 10485760 bytes, new threshold 7 (max threshold 15)
[2020-08-13T13:52:10.985+0000][6][gc,age       ] GC(12) Age table with threshold 7 (max threshold 15)
[2020-08-13T13:52:10.985+0000][6][gc,age       ] GC(12) - age   1:    2194048 bytes,    2194048 total
[2020-08-13T13:52:10.985+0000][6][gc,age       ] GC(12) - age   2:     511000 bytes,    2705048 total
[2020-08-13T13:52:10.985+0000][6][gc,age       ] GC(12) - age   3:     245144 bytes,    2950192 total
[2020-08-13T13:52:10.985+0000][6][gc,age       ] GC(12) - age   4:    1861784 bytes,    4811976 total
[2020-08-13T13:52:10.985+0000][6][gc,age       ] GC(12) - age   5:     576824 bytes,    5388800 total
[2020-08-13T13:52:10.985+0000][6][gc,age       ] GC(12) - age   6:    1539784 bytes,    6928584 total
[2020-08-13T13:52:10.985+0000][6][gc,age       ] GC(12) - age   7:    2704352 bytes,    9632936 total
[2020-08-13T13:52:10.985+0000][6][gc,phases    ] GC(12)   Pre Evacuate Collection Set: 0.0ms
[2020-08-13T13:52:10.985+0000][6][gc,phases    ] GC(12)   Merge Heap Roots: 0.1ms
[2020-08-13T13:52:10.985+0000][6][gc,phases    ] GC(12)   Evacuate Collection Set: 48.7ms
[2020-08-13T13:52:10.985+0000][6][gc,phases    ] GC(12)   Post Evacuate Collection Set: 6.3ms
[2020-08-13T13:52:10.985+0000][6][gc,phases    ] GC(12)   Other: 0.3ms
[2020-08-13T13:52:10.985+0000][6][gc,heap      ] GC(12) Eden regions: 142->0(143)
[2020-08-13T13:52:10.985+0000][6][gc,heap      ] GC(12) Survivor regions: 11->10(20)
[2020-08-13T13:52:10.985+0000][6][gc,heap      ] GC(12) Old regions: 7->10
[2020-08-13T13:52:10.985+0000][6][gc,heap      ] GC(12) Archive regions: 2->2
[2020-08-13T13:52:10.985+0000][6][gc,heap      ] GC(12) Humongous regions: 1->1
[2020-08-13T13:52:10.985+0000][6][gc,metaspace ] GC(12) Metaspace: 25377K(27776K)->25377K(27776K) NonClass: 22161K(23808K)->22161K(23808K) Class: 3215K(3968K)->3215K(3968K)
[2020-08-13T13:52:10.985+0000][6][gc           ] GC(12) Pause Young (Normal) (G1 Evacuation Pause) 161M->20M(256M) 55.455ms
[2020-08-13T13:52:10.985+0000][6][gc,cpu       ] GC(12) User=0.03s Sys=0.00s Real=0.05s
[2020-08-13T13:52:10.985+0000][6][safepoint    ] Safepoint "G1CollectForAllocation", Time since last: 570425116 ns, Reaching safepoint: 119293 ns, At safepoint: 55534273 ns, Total: 55653566 ns
[2020-08-13T13:52:12.481+0000][6][safepoint    ] Safepoint "Cleanup", Time since last: 1480339638 ns, Reaching safepoint: 15515613 ns, At safepoint: 6693 ns, Total: 15522306 ns
[2020-08-13T13:52:13.501+0000][6][safepoint    ] Safepoint "Cleanup", Time since last: 1005503222 ns, Reaching safepoint: 14103720 ns, At safepoint: 7724 ns, Total: 14111444 ns
[2020-08-13T13:52:15.459+0000][6][safepoint    ] Safepoint "Cleanup", Time since last: 1955864686 ns, Reaching safepoint: 2343357 ns, At safepoint: 2825 ns, Total: 2346182 ns
[2020-08-13T13:52:16.461+0000][6][safepoint    ] Safepoint "Cleanup", Time since last: 1001668383 ns, Reaching safepoint: 103685 ns, At safepoint: 3787 ns, Total: 107472 ns
[2020-08-13T13:52:17.037+0000][6][gc,start     ] GC(13) Pause Young (Normal) (G1 Evacuation Pause)
[2020-08-13T13:52:17.037+0000][6][gc,task      ] GC(13) Using 2 workers of 2 for evacuation
[2020-08-13T13:52:17.037+0000][6][gc,age       ] GC(13) Desired survivor size 10485760 bytes, new threshold 15 (max threshold 15)
[2020-08-13T13:52:17.248+0000][6][gc,age       ] GC(13) Age table with threshold 15 (max threshold 15)
[2020-08-13T13:52:17.248+0000][6][gc,age       ] GC(13) - age   1:   11422944 bytes,   11422944 total
[2020-08-13T13:52:17.248+0000][6][gc,age       ] GC(13) - age   2:    2075512 bytes,   13498456 total
[2020-08-13T13:52:17.248+0000][6][gc,age       ] GC(13) - age   3:     508480 bytes,   14006936 total
[2020-08-13T13:52:17.248+0000][6][gc,age       ] GC(13) - age   4:     245064 bytes,   14252000 total
[2020-08-13T13:52:17.248+0000][6][gc,age       ] GC(13) - age   5:    1860000 bytes,   16112000 total
[2020-08-13T13:52:17.248+0000][6][gc,age       ] GC(13) - age   6:     576256 bytes,   16688256 total
[2020-08-13T13:52:17.248+0000][6][gc,age       ] GC(13) - age   7:    1536360 bytes,   18224616 total
[2020-08-13T13:52:17.248+0000][6][gc,age       ] GC(13) - age   8:    2701952 bytes,   20926568 total
[2020-08-13T13:52:17.248+0000][6][gc,mmu       ] GC(13) MMU target violated: 201.0ms (200.0ms/201.0ms)
[2020-08-13T13:52:17.248+0000][6][gc,phases    ] GC(13)   Pre Evacuate Collection Set: 0.1ms
[2020-08-13T13:52:17.248+0000][6][gc,phases    ] GC(13)   Merge Heap Roots: 0.1ms
[2020-08-13T13:52:17.248+0000][6][gc,phases    ] GC(13)   Evacuate Collection Set: 208.9ms
[2020-08-13T13:52:17.248+0000][6][gc,phases    ] GC(13)   Post Evacuate Collection Set: 2.3ms
[2020-08-13T13:52:17.248+0000][6][gc,phases    ] GC(13)   Other: 0.4ms
[2020-08-13T13:52:17.248+0000][6][gc,heap      ] GC(13) Eden regions: 143->0(130)
[2020-08-13T13:52:17.248+0000][6][gc,heap      ] GC(13) Survivor regions: 10->20(20)
[2020-08-13T13:52:17.248+0000][6][gc,heap      ] GC(13) Old regions: 10->16
[2020-08-13T13:52:17.248+0000][6][gc,heap      ] GC(13) Archive regions: 2->2
[2020-08-13T13:52:17.248+0000][6][gc,heap      ] GC(13) Humongous regions: 1->1
[2020-08-13T13:52:17.248+0000][6][gc,metaspace ] GC(13) Metaspace: 28325K(31104K)->28325K(31104K) NonClass: 24684K(26624K)->24684K(26624K) Class: 3641K(4480K)->3641K(4480K)
[2020-08-13T13:52:17.249+0000][6][gc           ] GC(13) Pause Young (Normal) (G1 Evacuation Pause) 163M->37M(256M) 211.696ms
[2020-08-13T13:52:17.249+0000][6][gc,cpu       ] GC(13) User=0.09s Sys=0.00s Real=0.21s
[2020-08-13T13:52:17.249+0000][6][safepoint    ] Safepoint "G1CollectForAllocation", Time since last: 575888382 ns, Reaching safepoint: 124493 ns, At safepoint: 211795121 ns, Total: 211919614 ns
[2020-08-13T13:52:18.275+0000][6][safepoint    ] Safepoint "Cleanup", Time since last: 1021071784 ns, Reaching safepoint: 5127137 ns, At safepoint: 5651 ns, Total: 5132788 ns
[2020-08-13T13:52:19.283+0000][6][safepoint    ] Safepoint "Cleanup", Time since last: 1006008007 ns, Reaching safepoint: 2016223 ns, At safepoint: 3266 ns, Total: 2019489 ns
[2020-08-13T13:52:19.958+0000][6][gc,start     ] GC(14) Pause Young (Concurrent Start) (Metadata GC Threshold)
[2020-08-13T13:52:19.958+0000][6][gc,task      ] GC(14) Using 2 workers of 2 for evacuation
[2020-08-13T13:52:19.958+0000][6][gc,age       ] GC(14) Desired survivor size 9961472 bytes, new threshold 1 (max threshold 15)
[2020-08-13T13:52:20.099+0000][6][gc,age       ] GC(14) Age table with threshold 1 (max threshold 15)
[2020-08-13T13:52:20.099+0000][6][gc,age       ] GC(14) - age   1:    9656016 bytes,    9656016 total
[2020-08-13T13:52:20.099+0000][6][gc,phases    ] GC(14)   Pre Evacuate Collection Set: 0.4ms
[2020-08-13T13:52:20.099+0000][6][gc,phases    ] GC(14)   Merge Heap Roots: 0.3ms
[2020-08-13T13:52:20.099+0000][6][gc,phases    ] GC(14)   Evacuate Collection Set: 138.1ms
[2020-08-13T13:52:20.099+0000][6][gc,phases    ] GC(14)   Post Evacuate Collection Set: 1.9ms
[2020-08-13T13:52:20.099+0000][6][gc,phases    ] GC(14)   Other: 0.3ms
[2020-08-13T13:52:20.099+0000][6][gc,heap      ] GC(14) Eden regions: 95->0(110)
[2020-08-13T13:52:20.099+0000][6][gc,heap      ] GC(14) Survivor regions: 20->10(19)
[2020-08-13T13:52:20.099+0000][6][gc,heap      ] GC(14) Old regions: 16->36
[2020-08-13T13:52:20.099+0000][6][gc,heap      ] GC(14) Archive regions: 2->2
[2020-08-13T13:52:20.099+0000][6][gc,heap      ] GC(14) Humongous regions: 1->1
[2020-08-13T13:52:20.099+0000][6][gc,metaspace ] GC(14) Metaspace: 32563K(35628K)->32563K(35628K) NonClass: 28253K(30380K)->28253K(30380K) Class: 4309K(5248K)->4309K(5248K)
[2020-08-13T13:52:20.099+0000][6][gc           ] GC(14) Pause Young (Concurrent Start) (Metadata GC Threshold) 131M->46M(256M) 141.081ms
[2020-08-13T13:52:20.099+0000][6][gc,cpu       ] GC(14) User=0.08s Sys=0.00s Real=0.14s
[2020-08-13T13:52:20.099+0000][6][safepoint    ] Safepoint "CollectForMetadataAllocation", Time since last: 674851759 ns, Reaching safepoint: 143769 ns, At safepoint: 141292300 ns, Total: 141436069 ns
[2020-08-13T13:52:20.100+0000][6][gc           ] GC(15) Concurrent Cycle
[2020-08-13T13:52:20.100+0000][6][gc,marking   ] GC(15) Concurrent Clear Claimed Marks
[2020-08-13T13:52:20.100+0000][6][gc,marking   ] GC(15) Concurrent Clear Claimed Marks 0.320ms
[2020-08-13T13:52:20.100+0000][6][gc,marking   ] GC(15) Concurrent Scan Root Regions
[2020-08-13T13:52:20.194+0000][6][safepoint    ] Safepoint "CollectForMetadataAllocation", Time since last: 94615667 ns, Reaching safepoint: 72345 ns, At safepoint: 148237 ns, Total: 220582 ns
[2020-08-13T13:52:20.219+0000][6][gc,marking   ] GC(15) Concurrent Scan Root Regions 118.620ms
[2020-08-13T13:52:20.219+0000][6][gc,marking   ] GC(15) Concurrent Mark (27.274s)
[2020-08-13T13:52:20.219+0000][6][gc,marking   ] GC(15) Concurrent Mark From Roots
[2020-08-13T13:52:20.219+0000][6][gc,task      ] GC(15) Using 1 workers of 1 for marking
[2020-08-13T13:52:20.295+0000][6][gc,marking   ] GC(15) Concurrent Mark From Roots 76.472ms
[2020-08-13T13:52:20.295+0000][6][gc,marking   ] GC(15) Concurrent Preclean
[2020-08-13T13:52:20.295+0000][6][gc,marking   ] GC(15) Concurrent Preclean 0.110ms
[2020-08-13T13:52:20.295+0000][6][gc,marking   ] GC(15) Concurrent Mark (27.274s, 27.350s) 76.666ms
[2020-08-13T13:52:20.307+0000][6][safepoint    ] Safepoint "CollectForMetadataAllocation", Time since last: 112885196 ns, Reaching safepoint: 95589 ns, At safepoint: 142226 ns, Total: 237815 ns
[2020-08-13T13:52:20.325+0000][6][gc,start     ] GC(15) Pause Remark
[2020-08-13T13:52:20.340+0000][6][gc           ] GC(15) Pause Remark 50M->50M(256M) 15.000ms
[2020-08-13T13:52:20.340+0000][6][gc,cpu       ] GC(15) User=0.01s Sys=0.00s Real=0.02s
[2020-08-13T13:52:20.340+0000][6][safepoint    ] Safepoint "G1Concurrent", Time since last: 10915943 ns, Reaching safepoint: 6788427 ns, At safepoint: 15107549 ns, Total: 21895976 ns
[2020-08-13T13:52:20.340+0000][6][gc,marking   ] GC(15) Concurrent Rebuild Remembered Sets
[2020-08-13T13:52:20.489+0000][6][gc,marking   ] GC(15) Concurrent Rebuild Remembered Sets 149.489ms
[2020-08-13T13:52:20.499+0000][6][gc,start     ] GC(15) Pause Cleanup
[2020-08-13T13:52:20.499+0000][6][gc           ] GC(15) Pause Cleanup 52M->52M(256M) 0.192ms
[2020-08-13T13:52:20.499+0000][6][gc,cpu       ] GC(15) User=0.00s Sys=0.00s Real=0.00s
[2020-08-13T13:52:20.499+0000][6][safepoint    ] Safepoint "G1Concurrent", Time since last: 149612164 ns, Reaching safepoint: 9083693 ns, At safepoint: 239558 ns, Total: 9323251 ns
[2020-08-13T13:52:20.499+0000][6][gc,marking   ] GC(15) Concurrent Cleanup for Next Mark
[2020-08-13T13:52:20.516+0000][6][gc,marking   ] GC(15) Concurrent Cleanup for Next Mark 16.737ms
[2020-08-13T13:52:20.516+0000][6][gc           ] GC(15) Concurrent Cycle 415.983ms
[2020-08-13T13:52:21.310+0000][6][gc,start     ] GC(16) Pause Young (Concurrent Start) (G1 Evacuation Pause)
[2020-08-13T13:52:21.310+0000][6][gc,task      ] GC(16) Using 2 workers of 2 for evacuation
[2020-08-13T13:52:21.310+0000][6][gc,age       ] GC(16) Desired survivor size 7864320 bytes, new threshold 1 (max threshold 15)
[2020-08-13T13:52:21.375+0000][6][gc,age       ] GC(16) Age table with threshold 1 (max threshold 15)
[2020-08-13T13:52:21.375+0000][6][gc,age       ] GC(16) - age   1:     750560 bytes,     750560 total
[2020-08-13T13:52:21.375+0000][6][gc,phases    ] GC(16)   Pre Evacuate Collection Set: 0.4ms
[2020-08-13T13:52:21.375+0000][6][gc,phases    ] GC(16)   Merge Heap Roots: 0.1ms
[2020-08-13T13:52:21.375+0000][6][gc,phases    ] GC(16)   Evacuate Collection Set: 62.7ms
[2020-08-13T13:52:21.375+0000][6][gc,phases    ] GC(16)   Post Evacuate Collection Set: 1.1ms
[2020-08-13T13:52:21.375+0000][6][gc,phases    ] GC(16)   Other: 0.3ms
[2020-08-13T13:52:21.375+0000][6][gc,heap      ] GC(16) Eden regions: 110->0(113)
[2020-08-13T13:52:21.375+0000][6][gc,heap      ] GC(16) Survivor regions: 10->2(15)
[2020-08-13T13:52:21.375+0000][6][gc,heap      ] GC(16) Old regions: 36->46
[2020-08-13T13:52:21.375+0000][6][gc,heap      ] GC(16) Archive regions: 2->2
[2020-08-13T13:52:21.375+0000][6][gc,heap      ] GC(16) Humongous regions: 1->1
[2020-08-13T13:52:21.375+0000][6][gc,metaspace ] GC(16) Metaspace: 34129K(37444K)->34129K(37444K) NonClass: 29658K(31916K)->29658K(31916K) Class: 4471K(5528K)->4471K(5528K)
[2020-08-13T13:52:21.375+0000][6][gc           ] GC(16) Pause Young (Concurrent Start) (G1 Evacuation Pause) 156M->48M(256M) 64.749ms
[2020-08-13T13:52:21.375+0000][6][gc,cpu       ] GC(16) User=0.03s Sys=0.00s Real=0.06s
[2020-08-13T13:52:21.375+0000][6][safepoint    ] Safepoint "G1CollectForAllocation", Time since last: 811205203 ns, Reaching safepoint: 207819 ns, At safepoint: 64842206 ns, Total: 65050025 ns
[2020-08-13T13:52:21.375+0000][6][gc           ] GC(17) Concurrent Cycle
[2020-08-13T13:52:21.375+0000][6][gc,marking   ] GC(17) Concurrent Clear Claimed Marks
[2020-08-13T13:52:21.375+0000][6][gc,marking   ] GC(17) Concurrent Clear Claimed Marks 0.341ms
[2020-08-13T13:52:21.375+0000][6][gc,marking   ] GC(17) Concurrent Scan Root Regions
[2020-08-13T13:52:21.398+0000][6][gc,marking   ] GC(17) Concurrent Scan Root Regions 23.023ms
[2020-08-13T13:52:21.399+0000][6][gc,marking   ] GC(17) Concurrent Mark (28.453s)
[2020-08-13T13:52:21.399+0000][6][gc,marking   ] GC(17) Concurrent Mark From Roots
[2020-08-13T13:52:21.399+0000][6][gc,task      ] GC(17) Using 1 workers of 1 for marking
[2020-08-13T13:52:21.835+0000][6][gc,marking   ] GC(17) Concurrent Mark From Roots 435.985ms
[2020-08-13T13:52:21.835+0000][6][gc,marking   ] GC(17) Concurrent Preclean
[2020-08-13T13:52:21.835+0000][6][gc,marking   ] GC(17) Concurrent Preclean 0.223ms
[2020-08-13T13:52:21.835+0000][6][gc,marking   ] GC(17) Concurrent Mark (28.453s, 28.890s) 436.292ms
[2020-08-13T13:52:21.849+0000][6][gc,start     ] GC(17) Pause Remark
[2020-08-13T13:52:21.888+0000][6][gc           ] GC(17) Pause Remark 57M->57M(256M) 39.517ms
[2020-08-13T13:52:21.888+0000][6][gc,cpu       ] GC(17) User=0.02s Sys=0.00s Real=0.04s
[2020-08-13T13:52:21.888+0000][6][safepoint    ] Safepoint "G1Concurrent", Time since last: 459794942 ns, Reaching safepoint: 13933852 ns, At safepoint: 39622898 ns, Total: 53556750 ns
[2020-08-13T13:52:21.888+0000][6][gc,marking   ] GC(17) Concurrent Rebuild Remembered Sets
[2020-08-13T13:52:22.142+0000][6][gc,marking   ] GC(17) Concurrent Rebuild Remembered Sets 253.258ms
[2020-08-13T13:52:22.149+0000][6][gc,start     ] GC(17) Pause Cleanup
[2020-08-13T13:52:22.149+0000][6][gc           ] GC(17) Pause Cleanup 62M->62M(256M) 0.184ms
[2020-08-13T13:52:22.149+0000][6][gc,cpu       ] GC(17) User=0.00s Sys=0.00s Real=0.00s
[2020-08-13T13:52:22.149+0000][6][safepoint    ] Safepoint "G1Concurrent", Time since last: 253381886 ns, Reaching safepoint: 7348285 ns, At safepoint: 225862 ns, Total: 7574147 ns
[2020-08-13T13:52:22.149+0000][6][gc,marking   ] GC(17) Concurrent Cleanup for Next Mark
[2020-08-13T13:52:22.162+0000][6][gc,marking   ] GC(17) Concurrent Cleanup for Next Mark 12.270ms
[2020-08-13T13:52:22.162+0000][6][gc           ] GC(17) Concurrent Cycle 786.642ms
[2020-08-13T13:52:24.030+0000][6][safepoint    ] Safepoint "Cleanup", Time since last: 1869354532 ns, Reaching safepoint: 11153007 ns, At safepoint: 9227 ns, Total: 11162234 ns
[2020-08-13T13:52:25.061+0000][6][safepoint    ] Safepoint "Cleanup", Time since last: 1002840287 ns, Reaching safepoint: 28061707 ns, At safepoint: 11362 ns, Total: 28073069 ns
[2020-08-13T13:52:26.091+0000][6][safepoint    ] Safepoint "Cleanup", Time since last: 1021555990 ns, Reaching safepoint: 8388241 ns, At safepoint: 8356 ns, Total: 8396597 ns
[2020-08-13T13:52:27.075+0000][6][gc,start     ] GC(18) Pause Young (Normal) (G1 Evacuation Pause)
[2020-08-13T13:52:27.075+0000][6][gc,task      ] GC(18) Using 2 workers of 2 for evacuation
[2020-08-13T13:52:27.075+0000][6][gc,age       ] GC(18) Desired survivor size 7864320 bytes, new threshold 15 (max threshold 15)
[2020-08-13T13:52:27.149+0000][6][gc,age       ] GC(18) Age table with threshold 15 (max threshold 15)
[2020-08-13T13:52:27.149+0000][6][gc,age       ] GC(18) - age   1:    5862016 bytes,    5862016 total
[2020-08-13T13:52:27.149+0000][6][gc,age       ] GC(18) - age   2:     637248 bytes,    6499264 total
[2020-08-13T13:52:27.149+0000][6][gc,phases    ] GC(18)   Pre Evacuate Collection Set: 0.1ms
[2020-08-13T13:52:27.149+0000][6][gc,phases    ] GC(18)   Merge Heap Roots: 0.2ms
[2020-08-13T13:52:27.149+0000][6][gc,phases    ] GC(18)   Evacuate Collection Set: 57.5ms
[2020-08-13T13:52:27.149+0000][6][gc,phases    ] GC(18)   Post Evacuate Collection Set: 16.5ms
[2020-08-13T13:52:27.149+0000][6][gc,phases    ] GC(18)   Other: 0.3ms
[2020-08-13T13:52:27.149+0000][6][gc,heap      ] GC(18) Eden regions: 113->0(111)
[2020-08-13T13:52:27.149+0000][6][gc,heap      ] GC(18) Survivor regions: 2->7(15)
[2020-08-13T13:52:27.149+0000][6][gc,heap      ] GC(18) Old regions: 46->46
[2020-08-13T13:52:27.149+0000][6][gc,heap      ] GC(18) Archive regions: 2->2
[2020-08-13T13:52:27.149+0000][6][gc,heap      ] GC(18) Humongous regions: 1->1
[2020-08-13T13:52:27.149+0000][6][gc,metaspace ] GC(18) Metaspace: 48829K(53700K)->48829K(53700K) NonClass: 42141K(45228K)->42141K(45228K) Class: 6687K(8472K)->6687K(8472K)
[2020-08-13T13:52:27.150+0000][6][gc           ] GC(18) Pause Young (Normal) (G1 Evacuation Pause) 161M->53M(256M) 74.680ms
[2020-08-13T13:52:27.150+0000][6][gc,cpu       ] GC(18) User=0.03s Sys=0.00s Real=0.08s
[2020-08-13T13:52:27.150+0000][6][safepoint    ] Safepoint "G1CollectForAllocation", Time since last: 983802771 ns, Reaching safepoint: 246131 ns, At safepoint: 74767365 ns, Total: 75013496 ns
[2020-08-13T13:52:28.256+0000][6][safepoint    ] Safepoint "Cleanup", Time since last: 1086188292 ns, Reaching safepoint: 20050572 ns, At safepoint: 6562 ns, Total: 20057134 ns
[2020-08-13T13:52:29.259+0000][6][safepoint    ] Safepoint "Cleanup", Time since last: 1002402368 ns, Reaching safepoint: 1213902 ns, At safepoint: 2484 ns, Total: 1216386 ns
[2020-08-13T13:52:30.392+0000][6][safepoint    ] Safepoint "Cleanup", Time since last: 1126164874 ns, Reaching safepoint: 6300383 ns, At safepoint: 6012 ns, Total: 6306395 ns
[2020-08-13T13:52:30.509+0000][6][gc,start     ] GC(19) Pause Young (Normal) (G1 Evacuation Pause)
[2020-08-13T13:52:30.509+0000][6][gc,task      ] GC(19) Using 2 workers of 2 for evacuation
[2020-08-13T13:52:30.509+0000][6][gc,age       ] GC(19) Desired survivor size 7864320 bytes, new threshold 15 (max threshold 15)
[2020-08-13T13:52:30.569+0000][6][gc,age       ] GC(19) Age table with threshold 15 (max threshold 15)
[2020-08-13T13:52:30.569+0000][6][gc,age       ] GC(19) - age   1:    1809696 bytes,    1809696 total
[2020-08-13T13:52:30.569+0000][6][gc,age       ] GC(19) - age   2:    5718176 bytes,    7527872 total
[2020-08-13T13:52:30.569+0000][6][gc,age       ] GC(19) - age   3:     636424 bytes,    8164296 total
[2020-08-13T13:52:30.569+0000][6][gc,phases    ] GC(19)   Pre Evacuate Collection Set: 0.1ms
[2020-08-13T13:52:30.569+0000][6][gc,phases    ] GC(19)   Merge Heap Roots: 0.2ms
[2020-08-13T13:52:30.569+0000][6][gc,phases    ] GC(19)   Evacuate Collection Set: 57.8ms
[2020-08-13T13:52:30.569+0000][6][gc,phases    ] GC(19)   Post Evacuate Collection Set: 1.9ms
[2020-08-13T13:52:30.569+0000][6][gc,phases    ] GC(19)   Other: 0.3ms
[2020-08-13T13:52:30.569+0000][6][gc,heap      ] GC(19) Eden regions: 111->0(113)
[2020-08-13T13:52:30.569+0000][6][gc,heap      ] GC(19) Survivor regions: 7->9(15)
[2020-08-13T13:52:30.569+0000][6][gc,heap      ] GC(19) Old regions: 46->46
[2020-08-13T13:52:30.569+0000][6][gc,heap      ] GC(19) Archive regions: 2->2
[2020-08-13T13:52:30.569+0000][6][gc,heap      ] GC(19) Humongous regions: 1->1
[2020-08-13T13:52:30.569+0000][6][gc,metaspace ] GC(19) Metaspace: 57037K(62276K)->57037K(62276K) NonClass: 49087K(52140K)->49087K(52140K) Class: 7950K(10136K)->7950K(10136K)
[2020-08-13T13:52:30.569+0000][6][gc           ] GC(19) Pause Young (Normal) (G1 Evacuation Pause) 164M->55M(256M) 60.264ms
[2020-08-13T13:52:30.569+0000][6][gc,cpu       ] GC(19) User=0.02s Sys=0.00s Real=0.06s
[2020-08-13T13:52:30.569+0000][6][safepoint    ] Safepoint "G1CollectForAllocation", Time since last: 116757443 ns, Reaching safepoint: 125976 ns, At safepoint: 60353904 ns, Total: 60479880 ns
[2020-08-13T13:52:30.803+0000][6][gc,start     ] GC(20) Pause Young (Concurrent Start) (Metadata GC Threshold)
[2020-08-13T13:52:30.803+0000][6][gc,task      ] GC(20) Using 2 workers of 2 for evacuation
[2020-08-13T13:52:30.803+0000][6][gc,age       ] GC(20) Desired survivor size 8388608 bytes, new threshold 15 (max threshold 15)
[2020-08-13T13:52:30.892+0000][6][gc,age       ] GC(20) Age table with threshold 15 (max threshold 15)
[2020-08-13T13:52:30.892+0000][6][gc,age       ] GC(20) - age   1:     151976 bytes,     151976 total
[2020-08-13T13:52:30.892+0000][6][gc,age       ] GC(20) - age   2:    1756072 bytes,    1908048 total
[2020-08-13T13:52:30.892+0000][6][gc,age       ] GC(20) - age   3:    5717680 bytes,    7625728 total
[2020-08-13T13:52:30.892+0000][6][gc,age       ] GC(20) - age   4:     636424 bytes,    8262152 total
[2020-08-13T13:52:30.893+0000][6][gc,phases    ] GC(20)   Pre Evacuate Collection Set: 0.8ms
[2020-08-13T13:52:30.893+0000][6][gc,phases    ] GC(20)   Merge Heap Roots: 0.1ms
[2020-08-13T13:52:30.893+0000][6][gc,phases    ] GC(20)   Evacuate Collection Set: 86.9ms
[2020-08-13T13:52:30.893+0000][6][gc,phases    ] GC(20)   Post Evacuate Collection Set: 1.6ms
[2020-08-13T13:52:30.893+0000][6][gc,phases    ] GC(20)   Other: 0.3ms
[2020-08-13T13:52:30.893+0000][6][gc,heap      ] GC(20) Eden regions: 7->0(115)
[2020-08-13T13:52:30.893+0000][6][gc,heap      ] GC(20) Survivor regions: 9->9(16)
[2020-08-13T13:52:30.893+0000][6][gc,heap      ] GC(20) Old regions: 46->46
[2020-08-13T13:52:30.893+0000][6][gc,heap      ] GC(20) Archive regions: 2->2
[2020-08-13T13:52:30.893+0000][6][gc,heap      ] GC(20) Humongous regions: 1->1
[2020-08-13T13:52:30.894+0000][6][gc,metaspace ] GC(20) Metaspace: 57596K(62788K)->57596K(62788K) NonClass: 49597K(52652K)->49597K(52652K) Class: 7998K(10136K)->7998K(10136K)
[2020-08-13T13:52:30.894+0000][6][gc           ] GC(20) Pause Young (Concurrent Start) (Metadata GC Threshold) 62M->55M(256M) 91.218ms
[2020-08-13T13:52:30.894+0000][6][gc,cpu       ] GC(20) User=0.04s Sys=0.01s Real=0.09s
[2020-08-13T13:52:30.894+0000][6][safepoint    ] Safepoint "CollectForMetadataAllocation", Time since last: 233560262 ns, Reaching safepoint: 113132 ns, At safepoint: 91436607 ns, Total: 91549739 ns
[2020-08-13T13:52:30.894+0000][6][gc           ] GC(21) Concurrent Cycle
[2020-08-13T13:52:30.894+0000][6][gc,marking   ] GC(21) Concurrent Clear Claimed Marks
[2020-08-13T13:52:30.895+0000][6][gc,marking   ] GC(21) Concurrent Clear Claimed Marks 0.763ms
[2020-08-13T13:52:30.895+0000][6][gc,marking   ] GC(21) Concurrent Scan Root Regions
[2020-08-13T13:52:30.954+0000][6][gc,marking   ] GC(21) Concurrent Scan Root Regions 58.598ms
[2020-08-13T13:52:30.954+0000][6][gc,marking   ] GC(21) Concurrent Mark (38.009s)
[2020-08-13T13:52:30.954+0000][6][gc,marking   ] GC(21) Concurrent Mark From Roots
[2020-08-13T13:52:30.954+0000][6][gc,task      ] GC(21) Using 1 workers of 1 for marking
[2020-08-13T13:52:31.197+0000][6][safepoint    ] Safepoint "BulkRevokeBias", Time since last: 297530555 ns, Reaching safepoint: 5406040 ns, At safepoint: 245639 ns, Total: 5651679 ns
[2020-08-13T13:52:31.438+0000][6][gc,marking   ] GC(21) Concurrent Mark From Roots 483.909ms
[2020-08-13T13:52:31.438+0000][6][gc,marking   ] GC(21) Concurrent Preclean
[2020-08-13T13:52:31.438+0000][6][gc,marking   ] GC(21) Concurrent Preclean 0.319ms
[2020-08-13T13:52:31.438+0000][6][gc,marking   ] GC(21) Concurrent Mark (38.009s, 38.493s) 484.312ms
[2020-08-13T13:52:31.445+0000][6][gc,start     ] GC(21) Pause Remark
[2020-08-13T13:52:31.485+0000][6][gc           ] GC(21) Pause Remark 61M->61M(256M) 40.025ms
[2020-08-13T13:52:31.485+0000][6][gc,cpu       ] GC(21) User=0.02s Sys=0.00s Real=0.04s
[2020-08-13T13:52:31.485+0000][6][safepoint    ] Safepoint "G1Concurrent", Time since last: 240666084 ns, Reaching safepoint: 6730258 ns, At safepoint: 40132022 ns, Total: 46862280 ns
[2020-08-13T13:52:31.485+0000][6][gc,marking   ] GC(21) Concurrent Rebuild Remembered Sets
[2020-08-13T13:52:31.773+0000][6][gc,marking   ] GC(21) Concurrent Rebuild Remembered Sets 288.244ms
[2020-08-13T13:52:31.783+0000][6][gc,start     ] GC(21) Pause Cleanup
[2020-08-13T13:52:31.783+0000][6][gc           ] GC(21) Pause Cleanup 66M->66M(256M) 0.201ms
[2020-08-13T13:52:31.784+0000][6][gc,cpu       ] GC(21) User=0.00s Sys=0.00s Real=0.00s
[2020-08-13T13:52:31.784+0000][6][safepoint    ] Safepoint "G1Concurrent", Time since last: 288362434 ns, Reaching safepoint: 9971484 ns, At safepoint: 245911 ns, Total: 10217395 ns
[2020-08-13T13:52:31.784+0000][6][gc,marking   ] GC(21) Concurrent Cleanup for Next Mark
[2020-08-13T13:52:31.789+0000][6][gc,marking   ] GC(21) Concurrent Cleanup for Next Mark 5.084ms
[2020-08-13T13:52:31.789+0000][6][gc           ] GC(21) Concurrent Cycle 894.428ms
[2020-08-13T13:52:33.277+0000][6][safepoint    ] Safepoint "Cleanup", Time since last: 1492200722 ns, Reaching safepoint: 1697306 ns, At safepoint: 3366 ns, Total: 1700672 ns
[2020-08-13T13:52:33.416+0000][6][safepoint    ] Safepoint "BulkRevokeBias", Time since last: 136972944 ns, Reaching safepoint: 1243679 ns, At safepoint: 129783 ns, Total: 1373462 ns
[2020-08-13T13:52:33.417+0000][6][safepoint    ] Safepoint "BulkRevokeBias", Time since last: 1095731 ns, Reaching safepoint: 32171 ns, At safepoint: 96199 ns, Total: 128370 ns
[2020-08-13T13:52:33.943+0000][6][safepoint    ] Safepoint "BulkRevokeBias", Time since last: 517738104 ns, Reaching safepoint: 8141640 ns, At safepoint: 426358 ns, Total: 8567998 ns
[2020-08-13T13:52:34.100+0000][6][safepoint    ] Safepoint "BulkRevokeBias", Time since last: 156431298 ns, Reaching safepoint: 120274 ns, At safepoint: 247643 ns, Total: 367917 ns
[2020-08-13T13:52:35.800+0000][6][safepoint    ] Safepoint "Cleanup", Time since last: 1699796512 ns, Reaching safepoint: 174978 ns, At safepoint: 3356 ns, Total: 178334 ns
[2020-08-13T13:52:35.804+0000][6][safepoint    ] Safepoint "BulkRevokeBias", Time since last: 3277875 ns, Reaching safepoint: 64411 ns, At safepoint: 288690 ns, Total: 353101 ns
[2020-08-13T13:52:36.805+0000][6][safepoint    ] Safepoint "Cleanup", Time since last: 1001091454 ns, Reaching safepoint: 177411 ns, At safepoint: 6082 ns, Total: 183493 ns
[2020-08-13T13:52:37.822+0000][6][safepoint    ] Safepoint "BulkRevokeBias", Time since last: 1016697617 ns, Reaching safepoint: 84137 ns, At safepoint: 111709 ns, Total: 195846 ns
[2020-08-13T13:52:38.823+0000][6][safepoint    ] Safepoint "Cleanup", Time since last: 1001350248 ns, Reaching safepoint: 99066 ns, At safepoint: 1984 ns, Total: 101050 ns
[2020-08-13T13:52:39.805+0000][6][safepoint    ] Safepoint "BulkRevokeBias", Time since last: 981758675 ns, Reaching safepoint: 104545 ns, At safepoint: 154249 ns, Total: 258794 ns
[2020-08-13T13:52:39.807+0000][6][safepoint    ] Safepoint "BulkRevokeBias", Time since last: 937225 ns, Reaching safepoint: 36368 ns, At safepoint: 187090 ns, Total: 223458 ns
[2020-08-13T13:52:39.811+0000][6][safepoint    ] Safepoint "BulkRevokeBias", Time since last: 4344041 ns, Reaching safepoint: 54232 ns, At safepoint: 350135 ns, Total: 404367 ns
[2020-08-13T13:52:40.812+0000][6][safepoint    ] Safepoint "Cleanup", Time since last: 1000415990 ns, Reaching safepoint: 143638 ns, At safepoint: 55584 ns, Total: 199222 ns
[2020-08-13T13:52:41.813+0000][6][safepoint    ] Safepoint "Cleanup", Time since last: 1000994142 ns, Reaching safepoint: 81963 ns, At safepoint: 3316 ns, Total: 85279 ns
[2020-08-13T13:52:42.806+0000][6][safepoint    ] Safepoint "BulkRevokeBias", Time since last: 993070821 ns, Reaching safepoint: 74489 ns, At safepoint: 236072 ns, Total: 310561 ns
[2020-08-13T13:52:43.807+0000][6][safepoint    ] Safepoint "Cleanup", Time since last: 1000244507 ns, Reaching safepoint: 103845 ns, At safepoint: 5601 ns, Total: 109446 ns
[2020-08-13T13:52:44.808+0000][6][safepoint    ] Safepoint "Cleanup", Time since last: 1000771865 ns, Reaching safepoint: 71333 ns, At safepoint: 3596 ns, Total: 74929 ns
[2020-08-13T13:52:45.808+0000][6][safepoint    ] Safepoint "BulkRevokeBias", Time since last: 999935201 ns, Reaching safepoint: 188131 ns, At safepoint: 186189 ns, Total: 374320 ns
[2020-08-13T13:52:46.808+0000][6][safepoint    ] Safepoint "BulkRevokeBias", Time since last: 999647280 ns, Reaching safepoint: 690292 ns, At safepoint: 253595 ns, Total: 943887 ns
[2020-08-13T13:52:46.810+0000][6][safepoint    ] Safepoint "BulkRevokeBias", Time since last: 1133591 ns, Reaching safepoint: 264315 ns, At safepoint: 261600 ns, Total: 525915 ns
[2020-08-13T13:52:47.811+0000][6][safepoint    ] Safepoint "Cleanup", Time since last: 1000417601 ns, Reaching safepoint: 152526 ns, At safepoint: 60854 ns, Total: 213380 ns
[2020-08-13T13:52:48.811+0000][6][safepoint    ] Safepoint "Cleanup", Time since last: 1000158036 ns, Reaching safepoint: 166502 ns, At safepoint: 110867 ns, Total: 277369 ns
[2020-08-13T13:52:49.812+0000][6][safepoint    ] Safepoint "Cleanup", Time since last: 1000379459 ns, Reaching safepoint: 208331 ns, At safepoint: 54561 ns, Total: 262892 ns
[2020-08-13T13:52:50.812+0000][6][safepoint    ] Safepoint "Cleanup", Time since last: 1000211927 ns, Reaching safepoint: 79860 ns, At safepoint: 8676 ns, Total: 88536 ns
[2020-08-13T13:52:51.813+0000][6][safepoint    ] Safepoint "Cleanup", Time since last: 1000238177 ns, Reaching safepoint: 190576 ns, At safepoint: 4528 ns, Total: 195104 ns
[2020-08-13T13:52:52.813+0000][6][safepoint    ] Safepoint "Cleanup", Time since last: 1000398397 ns, Reaching safepoint: 89307 ns, At safepoint: 3146 ns, Total: 92453 ns
[2020-08-13T13:52:54.808+0000][6][safepoint    ] Safepoint "Cleanup", Time since last: 1994796661 ns, Reaching safepoint: 258894 ns, At safepoint: 61556 ns, Total: 320450 ns
[2020-08-13T13:52:55.809+0000][6][safepoint    ] Safepoint "Cleanup", Time since last: 1000495188 ns, Reaching safepoint: 287949 ns, At safepoint: 12183 ns, Total: 300132 ns
[2020-08-13T13:52:56.813+0000][6][safepoint    ] Safepoint "Cleanup", Time since last: 1003452531 ns, Reaching safepoint: 187943 ns, At safepoint: 91140 ns, Total: 279083 ns
[2020-08-13T13:52:57.814+0000][6][safepoint    ] Safepoint "Cleanup", Time since last: 1001218461 ns, Reaching safepoint: 462215 ns, At safepoint: 110477 ns, Total: 572692 ns
[2020-08-13T13:52:59.782+0000][6][safepoint    ] Safepoint "Cleanup", Time since last: 1967845822 ns, Reaching safepoint: 150001 ns, At safepoint: 2965 ns, Total: 152966 ns
[2020-08-13T13:53:00.783+0000][6][safepoint    ] Safepoint "Cleanup", Time since last: 1000171012 ns, Reaching safepoint: 111308 ns, At safepoint: 2706 ns, Total: 114014 ns
[2020-08-13T13:53:01.783+0000][6][safepoint    ] Safepoint "Cleanup", Time since last: 1000147387 ns, Reaching safepoint: 227004 ns, At safepoint: 2906 ns, Total: 229910 ns
[2020-08-13T13:53:02.783+0000][6][safepoint    ] Safepoint "Cleanup", Time since last: 1000150191 ns, Reaching safepoint: 171030 ns, At safepoint: 2675 ns, Total: 173705 ns
[2020-08-13T13:53:03.784+0000][6][safepoint    ] Safepoint "Cleanup", Time since last: 1000243617 ns, Reaching safepoint: 141614 ns, At safepoint: 2825 ns, Total: 144439 ns
[2020-08-13T13:53:04.784+0000][6][safepoint    ] Safepoint "Cleanup", Time since last: 1000144190 ns, Reaching safepoint: 192240 ns, At safepoint: 2525 ns, Total: 194765 ns
[2020-08-13T13:53:05.784+0000][6][safepoint    ] Safepoint "Cleanup", Time since last: 1000149710 ns, Reaching safepoint: 114063 ns, At safepoint: 5661 ns, Total: 119724 ns
[2020-08-13T13:53:06.785+0000][6][safepoint    ] Safepoint "Cleanup", Time since last: 1000143650 ns, Reaching safepoint: 125244 ns, At safepoint: 2956 ns, Total: 128200 ns
[2020-08-13T13:53:09.785+0000][6][safepoint    ] Safepoint "Cleanup", Time since last: 3000293291 ns, Reaching safepoint: 235390 ns, At safepoint: 3307 ns, Total: 238697 ns
[2020-08-13T13:53:10.786+0000][6][safepoint    ] Safepoint "Cleanup", Time since last: 1000168315 ns, Reaching safepoint: 160832 ns, At safepoint: 3356 ns, Total: 164188 ns
[2020-08-13T13:53:11.786+0000][6][safepoint    ] Safepoint "Cleanup", Time since last: 1000164037 ns, Reaching safepoint: 150352 ns, At safepoint: 2826 ns, Total: 153178 ns
[2020-08-13T13:53:12.786+0000][6][safepoint    ] Safepoint "Cleanup", Time since last: 1000156051 ns, Reaching safepoint: 148518 ns, At safepoint: 3407 ns, Total: 151925 ns
[2020-08-13T13:53:13.786+0000][6][safepoint    ] Safepoint "Cleanup", Time since last: 1000156443 ns, Reaching safepoint: 125606 ns, At safepoint: 2785 ns, Total: 128391 ns
[2020-08-13T13:53:14.787+0000][6][safepoint    ] Safepoint "Cleanup", Time since last: 1000138520 ns, Reaching safepoint: 202460 ns, At safepoint: 3206 ns, Total: 205666 ns
[2020-08-13T13:53:15.787+0000][6][safepoint    ] Safepoint "Cleanup", Time since last: 1000155170 ns, Reaching safepoint: 199042 ns, At safepoint: 3106 ns, Total: 202148 ns
[2020-08-13T13:53:16.788+0000][6][safepoint    ] Safepoint "Cleanup", Time since last: 1000147978 ns, Reaching safepoint: 157685 ns, At safepoint: 2895 ns, Total: 160580 ns
[2020-08-13T13:53:17.788+0000][6][safepoint    ] Safepoint "Cleanup", Time since last: 1000233949 ns, Reaching safepoint: 200015 ns, At safepoint: 2725 ns, Total: 202740 ns
[2020-08-13T13:53:18.788+0000][6][safepoint    ] Safepoint "Cleanup", Time since last: 1000153397 ns, Reaching safepoint: 202570 ns, At safepoint: 3236 ns, Total: 205806 ns
[2020-08-13T13:53:18.827+0000][6][gc,start     ] GC(22) Pause Young (Concurrent Start) (G1 Evacuation Pause)
[2020-08-13T13:53:18.827+0000][6][gc,task      ] GC(22) Using 2 workers of 2 for evacuation
[2020-08-13T13:53:18.827+0000][6][gc,age       ] GC(22) Desired survivor size 8388608 bytes, new threshold 15 (max threshold 15)
[2020-08-13T13:53:18.849+0000][6][gc,age       ] GC(22) Age table with threshold 15 (max threshold 15)
[2020-08-13T13:53:18.849+0000][6][gc,age       ] GC(22) - age   1:    3992848 bytes,    3992848 total
[2020-08-13T13:53:18.849+0000][6][gc,age       ] GC(22) - age   2:     120320 bytes,    4113168 total
[2020-08-13T13:53:18.849+0000][6][gc,age       ] GC(22) - age   3:    1731256 bytes,    5844424 total
[2020-08-13T13:53:18.849+0000][6][gc,age       ] GC(22) - age   4:    5690072 bytes,   11534496 total
[2020-08-13T13:53:18.849+0000][6][gc,age       ] GC(22) - age   5:     634520 bytes,   12169016 total
[2020-08-13T13:53:18.849+0000][6][gc,phases    ] GC(22)   Pre Evacuate Collection Set: 1.0ms
[2020-08-13T13:53:18.849+0000][6][gc,phases    ] GC(22)   Merge Heap Roots: 0.1ms
[2020-08-13T13:53:18.849+0000][6][gc,phases    ] GC(22)   Evacuate Collection Set: 18.4ms
[2020-08-13T13:53:18.849+0000][6][gc,phases    ] GC(22)   Post Evacuate Collection Set: 1.6ms
[2020-08-13T13:53:18.849+0000][6][gc,phases    ] GC(22)   Other: 0.3ms
[2020-08-13T13:53:18.849+0000][6][gc,heap      ] GC(22) Eden regions: 115->0(113)
[2020-08-13T13:53:18.849+0000][6][gc,heap      ] GC(22) Survivor regions: 9->13(16)
[2020-08-13T13:53:18.849+0000][6][gc,heap      ] GC(22) Old regions: 46->46
[2020-08-13T13:53:18.849+0000][6][gc,heap      ] GC(22) Archive regions: 2->2
[2020-08-13T13:53:18.849+0000][6][gc,heap      ] GC(22) Humongous regions: 1->1
[2020-08-13T13:53:18.849+0000][6][gc,metaspace ] GC(22) Metaspace: 69259K(75276K)->69259K(75276K) NonClass: 59804K(63348K)->59804K(63348K) Class: 9454K(11928K)->9454K(11928K)
[2020-08-13T13:53:18.849+0000][6][gc           ] GC(22) Pause Young (Concurrent Start) (G1 Evacuation Pause) 170M->59M(256M) 21.592ms
[2020-08-13T13:53:18.849+0000][6][gc,cpu       ] GC(22) User=0.04s Sys=0.00s Real=0.02s
[2020-08-13T13:53:18.849+0000][6][gc           ] GC(23) Concurrent Cycle
[2020-08-13T13:53:18.849+0000][6][gc,marking   ] GC(23) Concurrent Clear Claimed Marks
[2020-08-13T13:53:18.850+0000][6][gc,marking   ] GC(23) Concurrent Clear Claimed Marks 0.857ms
[2020-08-13T13:53:18.850+0000][6][gc,marking   ] GC(23) Concurrent Scan Root Regions
[2020-08-13T13:53:18.849+0000][6][safepoint    ] Safepoint "G1CollectForAllocation", Time since last: 38768029 ns, Reaching safepoint: 93374 ns, At safepoint: 21684520 ns, Total: 21777894 ns
[2020-08-13T13:53:18.868+0000][6][gc,marking   ] GC(23) Concurrent Scan Root Regions 18.195ms
[2020-08-13T13:53:18.868+0000][6][gc,marking   ] GC(23) Concurrent Mark (85.923s)
[2020-08-13T13:53:18.868+0000][6][gc,marking   ] GC(23) Concurrent Mark From Roots
[2020-08-13T13:53:18.868+0000][6][gc,task      ] GC(23) Using 1 workers of 1 for marking
[2020-08-13T13:53:18.931+0000][6][gc,marking   ] GC(23) Concurrent Mark From Roots 62.514ms
[2020-08-13T13:53:18.931+0000][6][gc,marking   ] GC(23) Concurrent Preclean
[2020-08-13T13:53:18.931+0000][6][gc,marking   ] GC(23) Concurrent Preclean 0.238ms
[2020-08-13T13:53:18.931+0000][6][gc,marking   ] GC(23) Concurrent Mark (85.923s, 85.986s) 62.841ms
[2020-08-13T13:53:18.931+0000][6][gc,start     ] GC(23) Pause Remark
[2020-08-13T13:53:18.939+0000][6][gc           ] GC(23) Pause Remark 61M->61M(256M) 8.236ms
[2020-08-13T13:53:18.939+0000][6][gc,cpu       ] GC(23) User=0.01s Sys=0.00s Real=0.01s
[2020-08-13T13:53:18.939+0000][6][safepoint    ] Safepoint "G1Concurrent", Time since last: 82036471 ns, Reaching safepoint: 107231 ns, At safepoint: 8292232 ns, Total: 8399463 ns
[2020-08-13T13:53:18.939+0000][6][gc,marking   ] GC(23) Concurrent Rebuild Remembered Sets
[2020-08-13T13:53:18.987+0000][6][gc,marking   ] GC(23) Concurrent Rebuild Remembered Sets 47.399ms
[2020-08-13T13:53:18.988+0000][6][gc,start     ] GC(23) Pause Cleanup
[2020-08-13T13:53:18.988+0000][6][gc           ] GC(23) Pause Cleanup 61M->61M(256M) 0.150ms
[2020-08-13T13:53:18.988+0000][6][gc,cpu       ] GC(23) User=0.00s Sys=0.00s Real=0.00s
[2020-08-13T13:53:18.988+0000][6][safepoint    ] Safepoint "G1Concurrent", Time since last: 47544897 ns, Reaching safepoint: 1413797 ns, At safepoint: 191167 ns, Total: 1604964 ns
[2020-08-13T13:53:18.990+0000][6][gc,marking   ] GC(23) Concurrent Cleanup for Next Mark
[2020-08-13T13:53:18.994+0000][6][gc,marking   ] GC(23) Concurrent Cleanup for Next Mark 4.028ms
[2020-08-13T13:53:18.994+0000][6][gc           ] GC(23) Concurrent Cycle 144.842ms
[2020-08-13T13:53:19.989+0000][6][safepoint    ] Safepoint "Cleanup", Time since last: 1000087264 ns, Reaching safepoint: 285244 ns, At safepoint: 3025 ns, Total: 288269 ns
[2020-08-13T13:53:20.989+0000][6][safepoint    ] Safepoint "Cleanup", Time since last: 1000165150 ns, Reaching safepoint: 180068 ns, At safepoint: 21148 ns, Total: 201216 ns
[2020-08-13T13:53:21.460+0000][6][safepoint    ] Safepoint "BulkRevokeBias", Time since last: 470405745 ns, Reaching safepoint: 129172 ns, At safepoint: 224460 ns, Total: 353632 ns
[2020-08-13T13:53:21.523+0000][6][gc,heap,exit ] Heap
[2020-08-13T13:53:21.523+0000][6][gc,heap,exit ]  garbage-first heap   total 262144K, used 68420K [0x00000000f0000000, 0x0000000100000000)
[2020-08-13T13:53:21.523+0000][6][gc,heap,exit ]   region size 1024K, 21 young (21504K), 13 survivors (13312K)
[2020-08-13T13:53:21.523+0000][6][gc,heap,exit ]  Metaspace       used 69431K, capacity 75028K, committed 75276K, reserved 1112064K
[2020-08-13T13:53:21.523+0000][6][gc,heap,exit ]   class space    used 9483K, capacity 11841K, committed 11928K, reserved 1048576K
