[2020-08-13T14:21:16.341+0000][6][gc,heap] Heap region size: 1M
[2020-08-13T14:21:16.341+0000][6][gc,heap,coops] Heap address: 0x00000000f0000000, size: 256 MB, Compressed Oops mode: 32-bit
[2020-08-13T14:21:16.530+0000][6][gc           ] Using G1
[2020-08-13T14:21:16.531+0000][6][gc,cds       ] Mark closed archive regions in map: [0x00000000fff00000, 0x00000000fff7eff8]
[2020-08-13T14:21:16.531+0000][6][gc,cds       ] Mark open archive regions in map: [0x00000000ffe00000, 0x00000000ffe51ff8]
[2020-08-13T14:21:16.555+0000][6][gc           ] Periodic GC disabled
[2020-08-13T14:21:17.314+0000][6][gc,start     ] GC(0) Pause Young (Normal) (G1 Evacuation Pause)
[2020-08-13T14:21:17.316+0000][6][gc,task      ] GC(0) Using 2 workers of 2 for evacuation
[2020-08-13T14:21:17.316+0000][6][gc,age       ] GC(0) Desired survivor size 1048576 bytes, new threshold 15 (max threshold 15)
[2020-08-13T14:21:17.339+0000][6][gc,age       ] GC(0) Age table with threshold 15 (max threshold 15)
[2020-08-13T14:21:17.339+0000][6][gc,age       ] GC(0) - age   1:    2045088 bytes,    2045088 total
[2020-08-13T14:21:17.339+0000][6][gc,phases    ] GC(0)   Pre Evacuate Collection Set: 0.1ms
[2020-08-13T14:21:17.339+0000][6][gc,phases    ] GC(0)   Merge Heap Roots: 0.0ms
[2020-08-13T14:21:17.339+0000][6][gc,phases    ] GC(0)   Evacuate Collection Set: 23.0ms
[2020-08-13T14:21:17.339+0000][6][gc,phases    ] GC(0)   Post Evacuate Collection Set: 0.5ms
[2020-08-13T14:21:17.339+0000][6][gc,phases    ] GC(0)   Other: 1.7ms
[2020-08-13T14:21:17.339+0000][6][gc,heap      ] GC(0) Eden regions: 12->0(10)
[2020-08-13T14:21:17.339+0000][6][gc,heap      ] GC(0) Survivor regions: 0->2(2)
[2020-08-13T14:21:17.339+0000][6][gc,heap      ] GC(0) Old regions: 0->0
[2020-08-13T14:21:17.339+0000][6][gc,heap      ] GC(0) Archive regions: 2->2
[2020-08-13T14:21:17.339+0000][6][gc,heap      ] GC(0) Humongous regions: 1->1
[2020-08-13T14:21:17.339+0000][6][gc,metaspace ] GC(0) Metaspace: 2550K(5760K)->2550K(5760K) NonClass: 2274K(5120K)->2274K(5120K) Class: 276K(640K)->276K(640K)
[2020-08-13T14:21:17.339+0000][6][gc           ] GC(0) Pause Young (Normal) (G1 Evacuation Pause) 13M->3M(256M) 25.258ms
[2020-08-13T14:21:17.339+0000][6][gc,cpu       ] GC(0) User=0.00s Sys=0.00s Real=0.03s
[2020-08-13T14:21:17.339+0000][6][safepoint    ] Safepoint "G1CollectForAllocation", Time since last: 764771282 ns, Reaching safepoint: 165441 ns, At safepoint: 25340084 ns, Total: 25505525 ns
[2020-08-13T14:21:17.988+0000][6][gc,start     ] GC(1) Pause Young (Normal) (G1 Evacuation Pause)
[2020-08-13T14:21:17.988+0000][6][gc,task      ] GC(1) Using 2 workers of 2 for evacuation
[2020-08-13T14:21:17.988+0000][6][gc,age       ] GC(1) Desired survivor size 1048576 bytes, new threshold 1 (max threshold 15)
[2020-08-13T14:21:17.998+0000][6][gc,age       ] GC(1) Age table with threshold 1 (max threshold 15)
[2020-08-13T14:21:17.998+0000][6][gc,age       ] GC(1) - age   1:     567216 bytes,     567216 total
[2020-08-13T14:21:17.998+0000][6][gc,phases    ] GC(1)   Pre Evacuate Collection Set: 0.1ms
[2020-08-13T14:21:17.998+0000][6][gc,phases    ] GC(1)   Merge Heap Roots: 0.0ms
[2020-08-13T14:21:17.998+0000][6][gc,phases    ] GC(1)   Evacuate Collection Set: 9.3ms
[2020-08-13T14:21:17.998+0000][6][gc,phases    ] GC(1)   Post Evacuate Collection Set: 0.4ms
[2020-08-13T14:21:17.998+0000][6][gc,phases    ] GC(1)   Other: 0.2ms
[2020-08-13T14:21:17.998+0000][6][gc,heap      ] GC(1) Eden regions: 10->0(17)
[2020-08-13T14:21:17.998+0000][6][gc,heap      ] GC(1) Survivor regions: 2->1(2)
[2020-08-13T14:21:17.998+0000][6][gc,heap      ] GC(1) Old regions: 0->2
[2020-08-13T14:21:17.998+0000][6][gc,heap      ] GC(1) Archive regions: 2->2
[2020-08-13T14:21:17.998+0000][6][gc,heap      ] GC(1) Humongous regions: 1->1
[2020-08-13T14:21:17.998+0000][6][gc,metaspace ] GC(1) Metaspace: 5467K(8320K)->5467K(8320K) NonClass: 4866K(7424K)->4866K(7424K) Class: 600K(896K)->600K(896K)
[2020-08-13T14:21:17.998+0000][6][gc           ] GC(1) Pause Young (Normal) (G1 Evacuation Pause) 13M->4M(256M) 10.085ms
[2020-08-13T14:21:17.998+0000][6][gc,cpu       ] GC(1) User=0.01s Sys=0.00s Real=0.01s
[2020-08-13T14:21:17.998+0000][6][safepoint    ] Safepoint "G1CollectForAllocation", Time since last: 648573567 ns, Reaching safepoint: 160450 ns, At safepoint: 10179025 ns, Total: 10339475 ns
[2020-08-13T14:21:19.200+0000][6][safepoint    ] Safepoint "Cleanup", Time since last: 1201208341 ns, Reaching safepoint: 216464 ns, At safepoint: 3166 ns, Total: 219630 ns
[2020-08-13T14:21:19.610+0000][6][gc,start     ] GC(2) Pause Young (Normal) (G1 Evacuation Pause)
[2020-08-13T14:21:19.610+0000][6][gc,task      ] GC(2) Using 2 workers of 2 for evacuation
[2020-08-13T14:21:19.610+0000][6][gc,age       ] GC(2) Desired survivor size 1572864 bytes, new threshold 15 (max threshold 15)
[2020-08-13T14:21:19.630+0000][6][gc,age       ] GC(2) Age table with threshold 15 (max threshold 15)
[2020-08-13T14:21:19.630+0000][6][gc,age       ] GC(2) - age   1:    1086240 bytes,    1086240 total
[2020-08-13T14:21:19.630+0000][6][gc,age       ] GC(2) - age   2:     522440 bytes,    1608680 total
[2020-08-13T14:21:19.630+0000][6][gc,phases    ] GC(2)   Pre Evacuate Collection Set: 0.1ms
[2020-08-13T14:21:19.631+0000][6][gc,phases    ] GC(2)   Merge Heap Roots: 0.0ms
[2020-08-13T14:21:19.631+0000][6][gc,phases    ] GC(2)   Evacuate Collection Set: 19.6ms
[2020-08-13T14:21:19.631+0000][6][gc,phases    ] GC(2)   Post Evacuate Collection Set: 0.7ms
[2020-08-13T14:21:19.631+0000][6][gc,phases    ] GC(2)   Other: 0.2ms
[2020-08-13T14:21:19.631+0000][6][gc,heap      ] GC(2) Eden regions: 17->0(55)
[2020-08-13T14:21:19.631+0000][6][gc,heap      ] GC(2) Survivor regions: 1->2(3)
[2020-08-13T14:21:19.631+0000][6][gc,heap      ] GC(2) Old regions: 2->2
[2020-08-13T14:21:19.631+0000][6][gc,heap      ] GC(2) Archive regions: 2->2
[2020-08-13T14:21:19.631+0000][6][gc,heap      ] GC(2) Humongous regions: 1->1
[2020-08-13T14:21:19.631+0000][6][gc,metaspace ] GC(2) Metaspace: 9751K(10880K)->9751K(10880K) NonClass: 8551K(9472K)->8551K(9472K) Class: 1199K(1408K)->1199K(1408K)
[2020-08-13T14:21:19.631+0000][6][gc           ] GC(2) Pause Young (Normal) (G1 Evacuation Pause) 21M->5M(256M) 20.770ms
[2020-08-13T14:21:19.631+0000][6][gc,cpu       ] GC(2) User=0.02s Sys=0.00s Real=0.02s
[2020-08-13T14:21:19.631+0000][6][safepoint    ] Safepoint "G1CollectForAllocation", Time since last: 409934296 ns, Reaching safepoint: 74851 ns, At safepoint: 20846714 ns, Total: 20921565 ns
[2020-08-13T14:21:21.035+0000][6][safepoint    ] Safepoint "Cleanup", Time since last: 1404161668 ns, Reaching safepoint: 250408 ns, At safepoint: 2936 ns, Total: 253344 ns
[2020-08-13T14:21:22.158+0000][6][safepoint    ] Safepoint "Cleanup", Time since last: 1119542847 ns, Reaching safepoint: 3243942 ns, At safepoint: 5521 ns, Total: 3249463 ns
[2020-08-13T14:21:22.506+0000][6][gc,start     ] GC(3) Pause Young (Normal) (G1 Evacuation Pause)
[2020-08-13T14:21:22.507+0000][6][gc,task      ] GC(3) Using 2 workers of 2 for evacuation
[2020-08-13T14:21:22.507+0000][6][gc,age       ] GC(3) Desired survivor size 4194304 bytes, new threshold 15 (max threshold 15)
[2020-08-13T14:21:22.579+0000][6][gc,age       ] GC(3) Age table with threshold 15 (max threshold 15)
[2020-08-13T14:21:22.579+0000][6][gc,age       ] GC(3) - age   1:    4898856 bytes,    4898856 total
[2020-08-13T14:21:22.579+0000][6][gc,age       ] GC(3) - age   2:    1045424 bytes,    5944280 total
[2020-08-13T14:21:22.579+0000][6][gc,age       ] GC(3) - age   3:     519640 bytes,    6463920 total
[2020-08-13T14:21:22.579+0000][6][gc,phases    ] GC(3)   Pre Evacuate Collection Set: 0.1ms
[2020-08-13T14:21:22.579+0000][6][gc,phases    ] GC(3)   Merge Heap Roots: 0.1ms
[2020-08-13T14:21:22.579+0000][6][gc,phases    ] GC(3)   Evacuate Collection Set: 67.9ms
[2020-08-13T14:21:22.579+0000][6][gc,phases    ] GC(3)   Post Evacuate Collection Set: 4.6ms
[2020-08-13T14:21:22.579+0000][6][gc,phases    ] GC(3)   Other: 0.3ms
[2020-08-13T14:21:22.579+0000][6][gc,heap      ] GC(3) Eden regions: 55->0(146)
[2020-08-13T14:21:22.579+0000][6][gc,heap      ] GC(3) Survivor regions: 2->7(8)
[2020-08-13T14:21:22.579+0000][6][gc,heap      ] GC(3) Old regions: 2->2
[2020-08-13T14:21:22.580+0000][6][gc,heap      ] GC(3) Archive regions: 2->2
[2020-08-13T14:21:22.580+0000][6][gc,heap      ] GC(3) Humongous regions: 1->1
[2020-08-13T14:21:22.580+0000][6][gc,metaspace ] GC(3) Metaspace: 14057K(14720K)->14057K(14720K) NonClass: 12366K(12800K)->12366K(12800K) Class: 1691K(1920K)->1691K(1920K)
[2020-08-13T14:21:22.580+0000][6][gc           ] GC(3) Pause Young (Normal) (G1 Evacuation Pause) 60M->10M(256M) 73.054ms
[2020-08-13T14:21:22.580+0000][6][gc,cpu       ] GC(3) User=0.03s Sys=0.00s Real=0.07s
[2020-08-13T14:21:22.580+0000][6][safepoint    ] Safepoint "G1CollectForAllocation", Time since last: 348482411 ns, Reaching safepoint: 92643 ns, At safepoint: 73134254 ns, Total: 73226897 ns
[2020-08-13T14:21:22.585+0000][6][safepoint    ] Safepoint "BulkRevokeBias", Time since last: 4697483 ns, Reaching safepoint: 150061 ns, At safepoint: 61015 ns, Total: 211076 ns
[2020-08-13T14:21:23.649+0000][6][safepoint    ] Safepoint "Cleanup", Time since last: 1061132986 ns, Reaching safepoint: 3004925 ns, At safepoint: 4018 ns, Total: 3008943 ns
[2020-08-13T14:21:24.443+0000][6][gc,start     ] GC(4) Pause Young (Normal) (G1 Evacuation Pause)
[2020-08-13T14:21:24.443+0000][6][gc,task      ] GC(4) Using 2 workers of 2 for evacuation
[2020-08-13T14:21:24.443+0000][6][gc,age       ] GC(4) Desired survivor size 10485760 bytes, new threshold 15 (max threshold 15)
[2020-08-13T14:21:24.526+0000][6][gc,age       ] GC(4) Age table with threshold 15 (max threshold 15)
[2020-08-13T14:21:24.526+0000][6][gc,age       ] GC(4) - age   1:    3654640 bytes,    3654640 total
[2020-08-13T14:21:24.526+0000][6][gc,age       ] GC(4) - age   2:    2839296 bytes,    6493936 total
[2020-08-13T14:21:24.526+0000][6][gc,age       ] GC(4) - age   3:    1024976 bytes,    7518912 total
[2020-08-13T14:21:24.526+0000][6][gc,age       ] GC(4) - age   4:     516632 bytes,    8035544 total
[2020-08-13T14:21:24.526+0000][6][gc,phases    ] GC(4)   Pre Evacuate Collection Set: 0.0ms
[2020-08-13T14:21:24.526+0000][6][gc,phases    ] GC(4)   Merge Heap Roots: 0.0ms
[2020-08-13T14:21:24.526+0000][6][gc,phases    ] GC(4)   Evacuate Collection Set: 78.8ms
[2020-08-13T14:21:24.526+0000][6][gc,phases    ] GC(4)   Post Evacuate Collection Set: 4.3ms
[2020-08-13T14:21:24.526+0000][6][gc,phases    ] GC(4)   Other: 0.3ms
[2020-08-13T14:21:24.526+0000][6][gc,heap      ] GC(4) Eden regions: 146->0(137)
[2020-08-13T14:21:24.526+0000][6][gc,heap      ] GC(4) Survivor regions: 7->9(20)
[2020-08-13T14:21:24.526+0000][6][gc,heap      ] GC(4) Old regions: 2->2
[2020-08-13T14:21:24.526+0000][6][gc,heap      ] GC(4) Archive regions: 2->2
[2020-08-13T14:21:24.526+0000][6][gc,heap      ] GC(4) Humongous regions: 2->1
[2020-08-13T14:21:24.526+0000][6][gc,metaspace ] GC(4) Metaspace: 17157K(18048K)->17157K(18048K) NonClass: 15037K(15616K)->15037K(15616K) Class: 2119K(2432K)->2119K(2432K)
[2020-08-13T14:21:24.526+0000][6][gc           ] GC(4) Pause Young (Normal) (G1 Evacuation Pause) 157M->12M(256M) 83.676ms
[2020-08-13T14:21:24.526+0000][6][gc,cpu       ] GC(4) User=0.04s Sys=0.00s Real=0.09s
[2020-08-13T14:21:24.526+0000][6][safepoint    ] Safepoint "G1CollectForAllocation", Time since last: 793822264 ns, Reaching safepoint: 157645 ns, At safepoint: 83761818 ns, Total: 83919463 ns
[2020-08-13T14:21:24.561+0000][6][safepoint    ] Safepoint "BulkRevokeBias", Time since last: 23680358 ns, Reaching safepoint: 10655737 ns, At safepoint: 100969 ns, Total: 10756706 ns
[2020-08-13T14:21:24.563+0000][6][safepoint    ] Safepoint "BulkRevokeBias", Time since last: 104957 ns, Reaching safepoint: 1542708 ns, At safepoint: 69660 ns, Total: 1612368 ns
[2020-08-13T14:21:25.650+0000][6][safepoint    ] Safepoint "Cleanup", Time since last: 1087154647 ns, Reaching safepoint: 142297 ns, At safepoint: 2715 ns, Total: 145012 ns
[2020-08-13T14:21:25.966+0000][6][gc,start     ] GC(5) Pause Young (Normal) (G1 Evacuation Pause)
[2020-08-13T14:21:25.966+0000][6][gc,task      ] GC(5) Using 2 workers of 2 for evacuation
[2020-08-13T14:21:25.966+0000][6][gc,age       ] GC(5) Desired survivor size 9961472 bytes, new threshold 15 (max threshold 15)
[2020-08-13T14:21:26.049+0000][6][gc,age       ] GC(5) Age table with threshold 15 (max threshold 15)
[2020-08-13T14:21:26.049+0000][6][gc,age       ] GC(5) - age   1:    2661000 bytes,    2661000 total
[2020-08-13T14:21:26.049+0000][6][gc,age       ] GC(5) - age   2:    3000384 bytes,    5661384 total
[2020-08-13T14:21:26.049+0000][6][gc,age       ] GC(5) - age   3:    2839248 bytes,    8500632 total
[2020-08-13T14:21:26.049+0000][6][gc,age       ] GC(5) - age   4:    1024976 bytes,    9525608 total
[2020-08-13T14:21:26.049+0000][6][gc,age       ] GC(5) - age   5:     516608 bytes,   10042216 total
[2020-08-13T14:21:26.049+0000][6][gc,phases    ] GC(5)   Pre Evacuate Collection Set: 0.1ms
[2020-08-13T14:21:26.049+0000][6][gc,phases    ] GC(5)   Merge Heap Roots: 0.1ms
[2020-08-13T14:21:26.049+0000][6][gc,phases    ] GC(5)   Evacuate Collection Set: 81.1ms
[2020-08-13T14:21:26.049+0000][6][gc,phases    ] GC(5)   Post Evacuate Collection Set: 1.3ms
[2020-08-13T14:21:26.049+0000][6][gc,phases    ] GC(5)   Other: 0.3ms
[2020-08-13T14:21:26.049+0000][6][gc,heap      ] GC(5) Eden regions: 137->0(142)
[2020-08-13T14:21:26.049+0000][6][gc,heap      ] GC(5) Survivor regions: 9->11(19)
[2020-08-13T14:21:26.049+0000][6][gc,heap      ] GC(5) Old regions: 2->2
[2020-08-13T14:21:26.049+0000][6][gc,heap      ] GC(5) Archive regions: 2->2
[2020-08-13T14:21:26.049+0000][6][gc,heap      ] GC(5) Humongous regions: 1->1
[2020-08-13T14:21:26.049+0000][6][gc,metaspace ] GC(5) Metaspace: 17673K(18944K)->17673K(18944K) NonClass: 15489K(16384K)->15489K(16384K) Class: 2184K(2560K)->2184K(2560K)
[2020-08-13T14:21:26.049+0000][6][gc           ] GC(5) Pause Young (Normal) (G1 Evacuation Pause) 149M->14M(256M) 82.964ms
[2020-08-13T14:21:26.049+0000][6][gc,cpu       ] GC(5) User=0.03s Sys=0.00s Real=0.08s
[2020-08-13T14:21:26.049+0000][6][safepoint    ] Safepoint "G1CollectForAllocation", Time since last: 315990739 ns, Reaching safepoint: 87643 ns, At safepoint: 83047982 ns, Total: 83135625 ns
[2020-08-13T14:21:26.055+0000][6][safepoint    ] Safepoint "BulkRevokeBias", Time since last: 5740276 ns, Reaching safepoint: 61845 ns, At safepoint: 104946 ns, Total: 166791 ns
[2020-08-13T14:21:27.388+0000][6][safepoint    ] Safepoint "Cleanup", Time since last: 1329800799 ns, Reaching safepoint: 3073835 ns, At safepoint: 7865 ns, Total: 3081700 ns
[2020-08-13T14:21:27.395+0000][6][gc,start     ] GC(6) Pause Young (Normal) (G1 Evacuation Pause)
[2020-08-13T14:21:27.395+0000][6][gc,task      ] GC(6) Using 2 workers of 2 for evacuation
[2020-08-13T14:21:27.395+0000][6][gc,age       ] GC(6) Desired survivor size 10485760 bytes, new threshold 15 (max threshold 15)
[2020-08-13T14:21:27.524+0000][6][gc,age       ] GC(6) Age table with threshold 15 (max threshold 15)
[2020-08-13T14:21:27.524+0000][6][gc,age       ] GC(6) - age   1:    2302896 bytes,    2302896 total
[2020-08-13T14:21:27.524+0000][6][gc,age       ] GC(6) - age   2:    2601920 bytes,    4904816 total
[2020-08-13T14:21:27.524+0000][6][gc,age       ] GC(6) - age   3:    2996072 bytes,    7900888 total
[2020-08-13T14:21:27.524+0000][6][gc,age       ] GC(6) - age   4:    2839168 bytes,   10740056 total
[2020-08-13T14:21:27.524+0000][6][gc,age       ] GC(6) - age   5:    1024976 bytes,   11765032 total
[2020-08-13T14:21:27.524+0000][6][gc,age       ] GC(6) - age   6:     516512 bytes,   12281544 total
[2020-08-13T14:21:27.524+0000][6][gc,phases    ] GC(6)   Pre Evacuate Collection Set: 0.0ms
[2020-08-13T14:21:27.524+0000][6][gc,phases    ] GC(6)   Merge Heap Roots: 0.0ms
[2020-08-13T14:21:27.524+0000][6][gc,phases    ] GC(6)   Evacuate Collection Set: 127.8ms
[2020-08-13T14:21:27.524+0000][6][gc,phases    ] GC(6)   Post Evacuate Collection Set: 1.4ms
[2020-08-13T14:21:27.524+0000][6][gc,phases    ] GC(6)   Other: 0.3ms
[2020-08-13T14:21:27.524+0000][6][gc,heap      ] GC(6) Eden regions: 142->0(141)
[2020-08-13T14:21:27.524+0000][6][gc,heap      ] GC(6) Survivor regions: 11->12(20)
[2020-08-13T14:21:27.524+0000][6][gc,heap      ] GC(6) Old regions: 2->2
[2020-08-13T14:21:27.524+0000][6][gc,heap      ] GC(6) Archive regions: 2->2
[2020-08-13T14:21:27.524+0000][6][gc,heap      ] GC(6) Humongous regions: 1->1
[2020-08-13T14:21:27.524+0000][6][gc,metaspace ] GC(6) Metaspace: 18206K(19584K)->18206K(19584K) NonClass: 15926K(16896K)->15926K(16896K) Class: 2280K(2688K)->2280K(2688K)
[2020-08-13T14:21:27.524+0000][6][gc           ] GC(6) Pause Young (Normal) (G1 Evacuation Pause) 156M->15M(256M) 129.622ms
[2020-08-13T14:21:27.524+0000][6][gc,cpu       ] GC(6) User=0.02s Sys=0.00s Real=0.13s
[2020-08-13T14:21:27.524+0000][6][safepoint    ] Safepoint "G1CollectForAllocation", Time since last: 6872945 ns, Reaching safepoint: 55955 ns, At safepoint: 129704841 ns, Total: 129760796 ns
[2020-08-13T14:21:28.441+0000][6][gc,start     ] GC(7) Pause Young (Normal) (G1 Evacuation Pause)
[2020-08-13T14:21:28.441+0000][6][gc,task      ] GC(7) Using 2 workers of 2 for evacuation
[2020-08-13T14:21:28.441+0000][6][gc,age       ] GC(7) Desired survivor size 10485760 bytes, new threshold 4 (max threshold 15)
[2020-08-13T14:21:28.561+0000][6][gc,age       ] GC(7) Age table with threshold 4 (max threshold 15)
[2020-08-13T14:21:28.561+0000][6][gc,age       ] GC(7) - age   1:    2221672 bytes,    2221672 total
[2020-08-13T14:21:28.561+0000][6][gc,age       ] GC(7) - age   2:    1608856 bytes,    3830528 total
[2020-08-13T14:21:28.561+0000][6][gc,age       ] GC(7) - age   3:    2601920 bytes,    6432448 total
[2020-08-13T14:21:28.561+0000][6][gc,age       ] GC(7) - age   4:    2995976 bytes,    9428424 total
[2020-08-13T14:21:28.561+0000][6][gc,phases    ] GC(7)   Pre Evacuate Collection Set: 3.8ms
[2020-08-13T14:21:28.561+0000][6][gc,phases    ] GC(7)   Merge Heap Roots: 2.1ms
[2020-08-13T14:21:28.561+0000][6][gc,phases    ] GC(7)   Evacuate Collection Set: 77.9ms
[2020-08-13T14:21:28.561+0000][6][gc,phases    ] GC(7)   Post Evacuate Collection Set: 36.0ms
[2020-08-13T14:21:28.561+0000][6][gc,phases    ] GC(7)   Other: 0.3ms
[2020-08-13T14:21:28.561+0000][6][gc,heap      ] GC(7) Eden regions: 141->0(143)
[2020-08-13T14:21:28.561+0000][6][gc,heap      ] GC(7) Survivor regions: 12->10(20)
[2020-08-13T14:21:28.561+0000][6][gc,heap      ] GC(7) Old regions: 2->7
[2020-08-13T14:21:28.561+0000][6][gc,heap      ] GC(7) Archive regions: 2->2
[2020-08-13T14:21:28.561+0000][6][gc,heap      ] GC(7) Humongous regions: 1->1
[2020-08-13T14:21:28.561+0000][6][gc,metaspace ] GC(7) Metaspace: 18419K(19840K)->18419K(19840K) NonClass: 16111K(17152K)->16111K(17152K) Class: 2308K(2688K)->2308K(2688K)
[2020-08-13T14:21:28.561+0000][6][gc           ] GC(7) Pause Young (Normal) (G1 Evacuation Pause) 156M->17M(256M) 120.275ms
[2020-08-13T14:21:28.561+0000][6][gc,cpu       ] GC(7) User=0.03s Sys=0.00s Real=0.12s
[2020-08-13T14:21:28.561+0000][6][safepoint    ] Safepoint "G1CollectForAllocation", Time since last: 899292479 ns, Reaching safepoint: 16954037 ns, At safepoint: 120381488 ns, Total: 137335525 ns
[2020-08-13T14:21:28.788+0000][6][safepoint    ] Safepoint "BulkRevokeBias", Time since last: 193836912 ns, Reaching safepoint: 32777779 ns, At safepoint: 135915 ns, Total: 32913694 ns
[2020-08-13T14:21:28.806+0000][6][safepoint    ] Safepoint "BulkRevokeBias", Time since last: 5882201 ns, Reaching safepoint: 12046570 ns, At safepoint: 118212 ns, Total: 12164782 ns
[2020-08-13T14:21:29.634+0000][6][gc,start     ] GC(8) Pause Young (Normal) (G1 Evacuation Pause)
[2020-08-13T14:21:29.634+0000][6][gc,task      ] GC(8) Using 2 workers of 2 for evacuation
[2020-08-13T14:21:29.634+0000][6][gc,age       ] GC(8) Desired survivor size 10485760 bytes, new threshold 15 (max threshold 15)
[2020-08-13T14:21:29.697+0000][6][gc,age       ] GC(8) Age table with threshold 15 (max threshold 15)
[2020-08-13T14:21:29.697+0000][6][gc,age       ] GC(8) - age   1:    2090056 bytes,    2090056 total
[2020-08-13T14:21:29.697+0000][6][gc,age       ] GC(8) - age   2:     595664 bytes,    2685720 total
[2020-08-13T14:21:29.697+0000][6][gc,age       ] GC(8) - age   3:    1607568 bytes,    4293288 total
[2020-08-13T14:21:29.697+0000][6][gc,age       ] GC(8) - age   4:    2601560 bytes,    6894848 total
[2020-08-13T14:21:29.697+0000][6][gc,age       ] GC(8) - age   5:    2995784 bytes,    9890632 total
[2020-08-13T14:21:29.697+0000][6][gc,phases    ] GC(8)   Pre Evacuate Collection Set: 0.1ms
[2020-08-13T14:21:29.697+0000][6][gc,phases    ] GC(8)   Merge Heap Roots: 0.0ms
[2020-08-13T14:21:29.697+0000][6][gc,phases    ] GC(8)   Evacuate Collection Set: 61.6ms
[2020-08-13T14:21:29.697+0000][6][gc,phases    ] GC(8)   Post Evacuate Collection Set: 1.0ms
[2020-08-13T14:21:29.697+0000][6][gc,phases    ] GC(8)   Other: 0.3ms
[2020-08-13T14:21:29.697+0000][6][gc,heap      ] GC(8) Eden regions: 143->0(143)
[2020-08-13T14:21:29.697+0000][6][gc,heap      ] GC(8) Survivor regions: 10->10(20)
[2020-08-13T14:21:29.697+0000][6][gc,heap      ] GC(8) Old regions: 7->7
[2020-08-13T14:21:29.697+0000][6][gc,heap      ] GC(8) Archive regions: 2->2
[2020-08-13T14:21:29.697+0000][6][gc,heap      ] GC(8) Humongous regions: 1->1
[2020-08-13T14:21:29.697+0000][6][gc,metaspace ] GC(8) Metaspace: 19435K(20736K)->19435K(20736K) NonClass: 17029K(17920K)->17029K(17920K) Class: 2406K(2816K)->2406K(2816K)
[2020-08-13T14:21:29.697+0000][6][gc           ] GC(8) Pause Young (Normal) (G1 Evacuation Pause) 160M->17M(256M) 63.165ms
[2020-08-13T14:21:29.697+0000][6][gc,cpu       ] GC(8) User=0.02s Sys=0.00s Real=0.07s
[2020-08-13T14:21:29.697+0000][6][safepoint    ] Safepoint "G1CollectForAllocation", Time since last: 814417367 ns, Reaching safepoint: 13552589 ns, At safepoint: 63256193 ns, Total: 76808782 ns
[2020-08-13T14:21:30.359+0000][6][gc,start     ] GC(9) Pause Young (Normal) (G1 Evacuation Pause)
[2020-08-13T14:21:30.359+0000][6][gc,task      ] GC(9) Using 2 workers of 2 for evacuation
[2020-08-13T14:21:30.359+0000][6][gc,age       ] GC(9) Desired survivor size 10485760 bytes, new threshold 15 (max threshold 15)
[2020-08-13T14:21:30.409+0000][6][gc,age       ] GC(9) Age table with threshold 15 (max threshold 15)
[2020-08-13T14:21:30.409+0000][6][gc,age       ] GC(9) - age   1:     784568 bytes,     784568 total
[2020-08-13T14:21:30.409+0000][6][gc,age       ] GC(9) - age   2:    1656968 bytes,    2441536 total
[2020-08-13T14:21:30.409+0000][6][gc,age       ] GC(9) - age   3:     595664 bytes,    3037200 total
[2020-08-13T14:21:30.409+0000][6][gc,age       ] GC(9) - age   4:    1607568 bytes,    4644768 total
[2020-08-13T14:21:30.409+0000][6][gc,age       ] GC(9) - age   5:    2600520 bytes,    7245288 total
[2020-08-13T14:21:30.409+0000][6][gc,age       ] GC(9) - age   6:    2995784 bytes,   10241072 total
[2020-08-13T14:21:30.409+0000][6][gc,phases    ] GC(9)   Pre Evacuate Collection Set: 0.0ms
[2020-08-13T14:21:30.409+0000][6][gc,phases    ] GC(9)   Merge Heap Roots: 0.1ms
[2020-08-13T14:21:30.409+0000][6][gc,phases    ] GC(9)   Evacuate Collection Set: 48.9ms
[2020-08-13T14:21:30.409+0000][6][gc,phases    ] GC(9)   Post Evacuate Collection Set: 1.2ms
[2020-08-13T14:21:30.409+0000][6][gc,phases    ] GC(9)   Other: 0.3ms
[2020-08-13T14:21:30.409+0000][6][gc,heap      ] GC(9) Eden regions: 143->0(143)
[2020-08-13T14:21:30.409+0000][6][gc,heap      ] GC(9) Survivor regions: 10->10(20)
[2020-08-13T14:21:30.409+0000][6][gc,heap      ] GC(9) Old regions: 7->7
[2020-08-13T14:21:30.409+0000][6][gc,heap      ] GC(9) Archive regions: 2->2
[2020-08-13T14:21:30.409+0000][6][gc,heap      ] GC(9) Humongous regions: 1->1
[2020-08-13T14:21:30.409+0000][6][gc,metaspace ] GC(9) Metaspace: 19580K(20992K)->19580K(20992K) NonClass: 17153K(18176K)->17153K(18176K) Class: 2427K(2816K)->2427K(2816K)
[2020-08-13T14:21:30.409+0000][6][gc           ] GC(9) Pause Young (Normal) (G1 Evacuation Pause) 160M->17M(256M) 50.508ms
[2020-08-13T14:21:30.409+0000][6][gc,cpu       ] GC(9) User=0.02s Sys=0.00s Real=0.05s
[2020-08-13T14:21:30.409+0000][6][safepoint    ] Safepoint "G1CollectForAllocation", Time since last: 661706621 ns, Reaching safepoint: 93204 ns, At safepoint: 50592376 ns, Total: 50685580 ns
[2020-08-13T14:21:30.836+0000][6][gc,start     ] GC(10) Pause Young (Concurrent Start) (Metadata GC Threshold)
[2020-08-13T14:21:30.836+0000][6][gc,task      ] GC(10) Using 2 workers of 2 for evacuation
[2020-08-13T14:21:30.836+0000][6][gc,age       ] GC(10) Desired survivor size 10485760 bytes, new threshold 15 (max threshold 15)
[2020-08-13T14:21:30.908+0000][6][gc,age       ] GC(10) Age table with threshold 15 (max threshold 15)
[2020-08-13T14:21:30.908+0000][6][gc,age       ] GC(10) - age   1:     379816 bytes,     379816 total
[2020-08-13T14:21:30.908+0000][6][gc,age       ] GC(10) - age   2:     416504 bytes,     796320 total
[2020-08-13T14:21:30.908+0000][6][gc,age       ] GC(10) - age   3:    1656904 bytes,    2453224 total
[2020-08-13T14:21:30.908+0000][6][gc,age       ] GC(10) - age   4:     595640 bytes,    3048864 total
[2020-08-13T14:21:30.908+0000][6][gc,age       ] GC(10) - age   5:    1607544 bytes,    4656408 total
[2020-08-13T14:21:30.908+0000][6][gc,age       ] GC(10) - age   6:    2600520 bytes,    7256928 total
[2020-08-13T14:21:30.908+0000][6][gc,age       ] GC(10) - age   7:    2995784 bytes,   10252712 total
[2020-08-13T14:21:30.908+0000][6][gc,phases    ] GC(10)   Pre Evacuate Collection Set: 0.2ms
[2020-08-13T14:21:30.908+0000][6][gc,phases    ] GC(10)   Merge Heap Roots: 0.0ms
[2020-08-13T14:21:30.908+0000][6][gc,phases    ] GC(10)   Evacuate Collection Set: 70.5ms
[2020-08-13T14:21:30.908+0000][6][gc,phases    ] GC(10)   Post Evacuate Collection Set: 0.9ms
[2020-08-13T14:21:30.908+0000][6][gc,phases    ] GC(10)   Other: 0.4ms
[2020-08-13T14:21:30.908+0000][6][gc,heap      ] GC(10) Eden regions: 88->0(142)
[2020-08-13T14:21:30.908+0000][6][gc,heap      ] GC(10) Survivor regions: 10->11(20)
[2020-08-13T14:21:30.908+0000][6][gc,heap      ] GC(10) Old regions: 7->7
[2020-08-13T14:21:30.908+0000][6][gc,heap      ] GC(10) Archive regions: 2->2
[2020-08-13T14:21:30.908+0000][6][gc,heap      ] GC(10) Humongous regions: 1->1
[2020-08-13T14:21:30.908+0000][6][gc,metaspace ] GC(10) Metaspace: 19769K(21296K)->19769K(21296K) NonClass: 17307K(18432K)->17307K(18432K) Class: 2462K(2864K)->2462K(2864K)
[2020-08-13T14:21:30.908+0000][6][gc           ] GC(10) Pause Young (Concurrent Start) (Metadata GC Threshold) 105M->18M(256M) 72.040ms
[2020-08-13T14:21:30.908+0000][6][gc,cpu       ] GC(10) User=0.01s Sys=0.00s Real=0.07s
[2020-08-13T14:21:30.908+0000][6][safepoint    ] Safepoint "CollectForMetadataAllocation", Time since last: 420139691 ns, Reaching safepoint: 6287870 ns, At safepoint: 72259416 ns, Total: 78547286 ns
[2020-08-13T14:21:30.908+0000][6][gc           ] GC(11) Concurrent Cycle
[2020-08-13T14:21:30.908+0000][6][gc,marking   ] GC(11) Concurrent Clear Claimed Marks
[2020-08-13T14:21:30.908+0000][6][gc,marking   ] GC(11) Concurrent Clear Claimed Marks 0.072ms
[2020-08-13T14:21:30.908+0000][6][gc,marking   ] GC(11) Concurrent Scan Root Regions
[2020-08-13T14:21:30.912+0000][6][gc,marking   ] GC(11) Concurrent Scan Root Regions 3.388ms
[2020-08-13T14:21:30.912+0000][6][gc,marking   ] GC(11) Concurrent Mark (14.578s)
[2020-08-13T14:21:30.912+0000][6][gc,marking   ] GC(11) Concurrent Mark From Roots
[2020-08-13T14:21:30.912+0000][6][gc,task      ] GC(11) Using 1 workers of 1 for marking
[2020-08-13T14:21:30.942+0000][6][gc,marking   ] GC(11) Concurrent Mark From Roots 30.090ms
[2020-08-13T14:21:30.942+0000][6][gc,marking   ] GC(11) Concurrent Preclean
[2020-08-13T14:21:30.942+0000][6][gc,marking   ] GC(11) Concurrent Preclean 0.073ms
[2020-08-13T14:21:30.942+0000][6][gc,marking   ] GC(11) Concurrent Mark (14.578s, 14.608s) 30.249ms
[2020-08-13T14:21:30.947+0000][6][gc,start     ] GC(11) Pause Remark
[2020-08-13T14:21:30.971+0000][6][gc           ] GC(11) Pause Remark 23M->23M(256M) 23.897ms
[2020-08-13T14:21:30.971+0000][6][gc,cpu       ] GC(11) User=0.01s Sys=0.00s Real=0.02s
[2020-08-13T14:21:30.971+0000][6][safepoint    ] Safepoint "G1Concurrent", Time since last: 33816783 ns, Reaching safepoint: 4935269 ns, At safepoint: 24012270 ns, Total: 28947539 ns
[2020-08-13T14:21:30.971+0000][6][gc,marking   ] GC(11) Concurrent Rebuild Remembered Sets
[2020-08-13T14:21:30.998+0000][6][gc,marking   ] GC(11) Concurrent Rebuild Remembered Sets 26.796ms
[2020-08-13T14:21:31.001+0000][6][gc,start     ] GC(11) Pause Cleanup
[2020-08-13T14:21:31.002+0000][6][gc           ] GC(11) Pause Cleanup 31M->31M(256M) 0.160ms
[2020-08-13T14:21:31.002+0000][6][gc,cpu       ] GC(11) User=0.00s Sys=0.00s Real=0.00s
[2020-08-13T14:21:31.002+0000][6][safepoint    ] Safepoint "G1Concurrent", Time since last: 26951541 ns, Reaching safepoint: 3555265 ns, At safepoint: 207048 ns, Total: 3762313 ns
[2020-08-13T14:21:31.002+0000][6][gc,marking   ] GC(11) Concurrent Cleanup for Next Mark
[2020-08-13T14:21:31.013+0000][6][gc,marking   ] GC(11) Concurrent Cleanup for Next Mark 11.601ms
[2020-08-13T14:21:31.013+0000][6][gc           ] GC(11) Concurrent Cycle 105.168ms
[2020-08-13T14:21:31.715+0000][6][gc,start     ] GC(12) Pause Young (Normal) (G1 Evacuation Pause)
[2020-08-13T14:21:31.715+0000][6][gc,task      ] GC(12) Using 2 workers of 2 for evacuation
[2020-08-13T14:21:31.715+0000][6][gc,age       ] GC(12) Desired survivor size 10485760 bytes, new threshold 15 (max threshold 15)
[2020-08-13T14:21:31.827+0000][6][gc,age       ] GC(12) Age table with threshold 15 (max threshold 15)
[2020-08-13T14:21:31.827+0000][6][gc,age       ] GC(12) - age   1:     927280 bytes,     927280 total
[2020-08-13T14:21:31.827+0000][6][gc,age       ] GC(12) - age   2:     358008 bytes,    1285288 total
[2020-08-13T14:21:31.827+0000][6][gc,age       ] GC(12) - age   3:     416504 bytes,    1701792 total
[2020-08-13T14:21:31.827+0000][6][gc,age       ] GC(12) - age   4:    1656808 bytes,    3358600 total
[2020-08-13T14:21:31.827+0000][6][gc,age       ] GC(12) - age   5:     595640 bytes,    3954240 total
[2020-08-13T14:21:31.827+0000][6][gc,age       ] GC(12) - age   6:    1607544 bytes,    5561784 total
[2020-08-13T14:21:31.827+0000][6][gc,age       ] GC(12) - age   7:    2600520 bytes,    8162304 total
[2020-08-13T14:21:31.827+0000][6][gc,age       ] GC(12) - age   8:    2994872 bytes,   11157176 total
[2020-08-13T14:21:31.827+0000][6][gc,phases    ] GC(12)   Pre Evacuate Collection Set: 0.1ms
[2020-08-13T14:21:31.827+0000][6][gc,phases    ] GC(12)   Merge Heap Roots: 0.1ms
[2020-08-13T14:21:31.827+0000][6][gc,phases    ] GC(12)   Evacuate Collection Set: 105.1ms
[2020-08-13T14:21:31.827+0000][6][gc,phases    ] GC(12)   Post Evacuate Collection Set: 6.2ms
[2020-08-13T14:21:31.827+0000][6][gc,phases    ] GC(12)   Other: 0.3ms
[2020-08-13T14:21:31.827+0000][6][gc,heap      ] GC(12) Eden regions: 142->0(142)
[2020-08-13T14:21:31.827+0000][6][gc,heap      ] GC(12) Survivor regions: 11->11(20)
[2020-08-13T14:21:31.827+0000][6][gc,heap      ] GC(12) Old regions: 7->7
[2020-08-13T14:21:31.827+0000][6][gc,heap      ] GC(12) Archive regions: 2->2
[2020-08-13T14:21:31.827+0000][6][gc,heap      ] GC(12) Humongous regions: 1->1
[2020-08-13T14:21:31.827+0000][6][gc,metaspace ] GC(12) Metaspace: 19959K(21808K)->19959K(21808K) NonClass: 17455K(18944K)->17455K(18944K) Class: 2504K(2864K)->2504K(2864K)
[2020-08-13T14:21:31.827+0000][6][gc           ] GC(12) Pause Young (Normal) (G1 Evacuation Pause) 160M->18M(256M) 111.821ms
[2020-08-13T14:21:31.827+0000][6][gc,cpu       ] GC(12) User=0.02s Sys=0.00s Real=0.12s
[2020-08-13T14:21:31.827+0000][6][safepoint    ] Safepoint "G1CollectForAllocation", Time since last: 713416660 ns, Reaching safepoint: 133970 ns, At safepoint: 111907866 ns, Total: 112041836 ns
[2020-08-13T14:21:33.580+0000][6][safepoint    ] Safepoint "Cleanup", Time since last: 1752595168 ns, Reaching safepoint: 619761 ns, At safepoint: 2224 ns, Total: 621985 ns
[2020-08-13T14:21:35.206+0000][6][safepoint    ] Safepoint "Cleanup", Time since last: 1624359898 ns, Reaching safepoint: 1815238 ns, At safepoint: 4448 ns, Total: 1819686 ns
[2020-08-13T14:21:36.220+0000][6][safepoint    ] Safepoint "Cleanup", Time since last: 1003291150 ns, Reaching safepoint: 10119883 ns, At safepoint: 6152 ns, Total: 10126035 ns
[2020-08-13T14:21:37.062+0000][6][gc,start     ] GC(13) Pause Young (Normal) (G1 Evacuation Pause)
[2020-08-13T14:21:37.062+0000][6][gc,task      ] GC(13) Using 2 workers of 2 for evacuation
[2020-08-13T14:21:37.062+0000][6][gc,age       ] GC(13) Desired survivor size 10485760 bytes, new threshold 8 (max threshold 15)
[2020-08-13T14:21:37.271+0000][6][gc,age       ] GC(13) Age table with threshold 8 (max threshold 15)
[2020-08-13T14:21:37.271+0000][6][gc,age       ] GC(13) - age   1:   12113208 bytes,   12113208 total
[2020-08-13T14:21:37.271+0000][6][gc,age       ] GC(13) - age   2:     331616 bytes,   12444824 total
[2020-08-13T14:21:37.271+0000][6][gc,age       ] GC(13) - age   3:     355024 bytes,   12799848 total
[2020-08-13T14:21:37.271+0000][6][gc,age       ] GC(13) - age   4:     416408 bytes,   13216256 total
[2020-08-13T14:21:37.271+0000][6][gc,age       ] GC(13) - age   5:    1655056 bytes,   14871312 total
[2020-08-13T14:21:37.271+0000][6][gc,age       ] GC(13) - age   6:     592320 bytes,   15463632 total
[2020-08-13T14:21:37.271+0000][6][gc,age       ] GC(13) - age   7:    1595416 bytes,   17059048 total
[2020-08-13T14:21:37.271+0000][6][gc,age       ] GC(13) - age   8:    2593888 bytes,   19652936 total
[2020-08-13T14:21:37.271+0000][6][gc,mmu       ] GC(13) MMU target violated: 201.0ms (200.0ms/201.0ms)
[2020-08-13T14:21:37.271+0000][6][gc,phases    ] GC(13)   Pre Evacuate Collection Set: 0.1ms
[2020-08-13T14:21:37.271+0000][6][gc,phases    ] GC(13)   Merge Heap Roots: 0.1ms
[2020-08-13T14:21:37.271+0000][6][gc,phases    ] GC(13)   Evacuate Collection Set: 202.6ms
[2020-08-13T14:21:37.271+0000][6][gc,phases    ] GC(13)   Post Evacuate Collection Set: 6.3ms
[2020-08-13T14:21:37.271+0000][6][gc,phases    ] GC(13)   Other: 0.4ms
[2020-08-13T14:21:37.271+0000][6][gc,heap      ] GC(13) Eden regions: 142->0(133)
[2020-08-13T14:21:37.271+0000][6][gc,heap      ] GC(13) Survivor regions: 11->20(20)
[2020-08-13T14:21:37.271+0000][6][gc,heap      ] GC(13) Old regions: 7->10
[2020-08-13T14:21:37.271+0000][6][gc,heap      ] GC(13) Archive regions: 2->2
[2020-08-13T14:21:37.271+0000][6][gc,heap      ] GC(13) Humongous regions: 1->1
[2020-08-13T14:21:37.271+0000][6][gc,metaspace ] GC(13) Metaspace: 28071K(30768K)->28071K(30768K) NonClass: 24473K(26368K)->24473K(26368K) Class: 3598K(4400K)->3598K(4400K)
[2020-08-13T14:21:37.271+0000][6][gc           ] GC(13) Pause Young (Normal) (G1 Evacuation Pause) 160M->30M(256M) 209.470ms
[2020-08-13T14:21:37.271+0000][6][gc,cpu       ] GC(13) User=0.09s Sys=0.00s Real=0.21s
[2020-08-13T14:21:37.271+0000][6][safepoint    ] Safepoint "G1CollectForAllocation", Time since last: 841773677 ns, Reaching safepoint: 120966 ns, At safepoint: 209554967 ns, Total: 209675933 ns
[2020-08-13T14:21:38.728+0000][6][safepoint    ] Safepoint "Cleanup", Time since last: 1453415650 ns, Reaching safepoint: 3073432 ns, At safepoint: 4489 ns, Total: 3077921 ns
[2020-08-13T14:21:39.745+0000][6][safepoint    ] Safepoint "Cleanup", Time since last: 1001812993 ns, Reaching safepoint: 15129150 ns, At safepoint: 6933 ns, Total: 15136083 ns
[2020-08-13T14:21:40.767+0000][6][safepoint    ] Safepoint "Cleanup", Time since last: 1011910525 ns, Reaching safepoint: 10187210 ns, At safepoint: 7534 ns, Total: 10194744 ns
[2020-08-13T14:21:41.631+0000][6][gc,start     ] GC(14) Pause Young (Normal) (G1 Evacuation Pause)
[2020-08-13T14:21:41.631+0000][6][gc,task      ] GC(14) Using 2 workers of 2 for evacuation
[2020-08-13T14:21:41.631+0000][6][gc,age       ] GC(14) Desired survivor size 10485760 bytes, new threshold 1 (max threshold 15)
[2020-08-13T14:21:41.889+0000][6][gc,age       ] GC(14) Age table with threshold 1 (max threshold 15)
[2020-08-13T14:21:41.889+0000][6][gc,age       ] GC(14) - age   1:   16403280 bytes,   16403280 total
[2020-08-13T14:21:41.889+0000][6][gc,mmu       ] GC(14) MMU target violated: 201.0ms (200.0ms/201.0ms)
[2020-08-13T14:21:41.889+0000][6][gc,phases    ] GC(14)   Pre Evacuate Collection Set: 0.1ms
[2020-08-13T14:21:41.889+0000][6][gc,phases    ] GC(14)   Merge Heap Roots: 0.1ms
[2020-08-13T14:21:41.889+0000][6][gc,phases    ] GC(14)   Evacuate Collection Set: 255.6ms
[2020-08-13T14:21:41.889+0000][6][gc,phases    ] GC(14)   Post Evacuate Collection Set: 1.9ms
[2020-08-13T14:21:41.889+0000][6][gc,phases    ] GC(14)   Other: 0.3ms
[2020-08-13T14:21:41.889+0000][6][gc,heap      ] GC(14) Eden regions: 133->0(118)
[2020-08-13T14:21:41.889+0000][6][gc,heap      ] GC(14) Survivor regions: 20->16(20)
[2020-08-13T14:21:41.889+0000][6][gc,heap      ] GC(14) Old regions: 10->28
[2020-08-13T14:21:41.889+0000][6][gc,heap      ] GC(14) Archive regions: 2->2
[2020-08-13T14:21:41.889+0000][6][gc,heap      ] GC(14) Humongous regions: 1->1
[2020-08-13T14:21:41.889+0000][6][gc,metaspace ] GC(14) Metaspace: 29596K(32688K)->29596K(32688K) NonClass: 25789K(27904K)->25789K(27904K) Class: 3807K(4784K)->3807K(4784K)
[2020-08-13T14:21:41.889+0000][6][gc           ] GC(14) Pause Young (Normal) (G1 Evacuation Pause) 163M->45M(256M) 258.046ms
[2020-08-13T14:21:41.889+0000][6][gc,cpu       ] GC(14) User=0.13s Sys=0.00s Real=0.26s
[2020-08-13T14:21:41.889+0000][6][safepoint    ] Safepoint "G1CollectForAllocation", Time since last: 863784751 ns, Reaching safepoint: 377046 ns, At safepoint: 258136528 ns, Total: 258513574 ns
[2020-08-13T14:21:42.911+0000][6][safepoint    ] Safepoint "Cleanup", Time since last: 1012457858 ns, Reaching safepoint: 9166670 ns, At safepoint: 7644 ns, Total: 9174314 ns
[2020-08-13T14:21:43.169+0000][6][gc,start     ] GC(15) Pause Young (Concurrent Start) (Metadata GC Threshold)
[2020-08-13T14:21:43.169+0000][6][gc,task      ] GC(15) Using 2 workers of 2 for evacuation
[2020-08-13T14:21:43.169+0000][6][gc,age       ] GC(15) Desired survivor size 8912896 bytes, new threshold 1 (max threshold 15)
[2020-08-13T14:21:43.283+0000][6][gc,age       ] GC(15) Age table with threshold 1 (max threshold 15)
[2020-08-13T14:21:43.283+0000][6][gc,age       ] GC(15) - age   1:    1099248 bytes,    1099248 total
[2020-08-13T14:21:43.283+0000][6][gc,phases    ] GC(15)   Pre Evacuate Collection Set: 0.4ms
[2020-08-13T14:21:43.283+0000][6][gc,phases    ] GC(15)   Merge Heap Roots: 0.1ms
[2020-08-13T14:21:43.283+0000][6][gc,phases    ] GC(15)   Evacuate Collection Set: 103.2ms
[2020-08-13T14:21:43.283+0000][6][gc,phases    ] GC(15)   Post Evacuate Collection Set: 10.1ms
[2020-08-13T14:21:43.283+0000][6][gc,phases    ] GC(15)   Other: 0.3ms
[2020-08-13T14:21:43.283+0000][6][gc,heap      ] GC(15) Eden regions: 33->0(120)
[2020-08-13T14:21:43.283+0000][6][gc,heap      ] GC(15) Survivor regions: 16->2(17)
[2020-08-13T14:21:43.283+0000][6][gc,heap      ] GC(15) Old regions: 28->44
[2020-08-13T14:21:43.283+0000][6][gc,heap      ] GC(15) Archive regions: 2->2
[2020-08-13T14:21:43.283+0000][6][gc,heap      ] GC(15) Humongous regions: 1->1
[2020-08-13T14:21:43.283+0000][6][gc,metaspace ] GC(15) Metaspace: 32756K(35920K)->32756K(35920K) NonClass: 28437K(30624K)->28437K(30624K) Class: 4318K(5296K)->4318K(5296K)
[2020-08-13T14:21:43.283+0000][6][gc           ] GC(15) Pause Young (Concurrent Start) (Metadata GC Threshold) 77M->47M(256M) 114.174ms
[2020-08-13T14:21:43.283+0000][6][gc,cpu       ] GC(15) User=0.04s Sys=0.00s Real=0.11s
[2020-08-13T14:21:43.283+0000][6][safepoint    ] Safepoint "CollectForMetadataAllocation", Time since last: 257853439 ns, Reaching safepoint: 95339 ns, At safepoint: 114391635 ns, Total: 114486974 ns
[2020-08-13T14:21:43.283+0000][6][gc           ] GC(16) Concurrent Cycle
[2020-08-13T14:21:43.283+0000][6][gc,marking   ] GC(16) Concurrent Clear Claimed Marks
[2020-08-13T14:21:43.284+0000][6][gc,marking   ] GC(16) Concurrent Clear Claimed Marks 0.324ms
[2020-08-13T14:21:43.284+0000][6][gc,marking   ] GC(16) Concurrent Scan Root Regions
[2020-08-13T14:21:43.427+0000][6][safepoint    ] Safepoint "CollectForMetadataAllocation", Time since last: 143546371 ns, Reaching safepoint: 72396 ns, At safepoint: 156904 ns, Total: 229300 ns
[2020-08-13T14:21:43.429+0000][6][gc,marking   ] GC(16) Concurrent Scan Root Regions 145.322ms
[2020-08-13T14:21:43.429+0000][6][gc,marking   ] GC(16) Concurrent Mark (27.095s)
[2020-08-13T14:21:43.429+0000][6][gc,marking   ] GC(16) Concurrent Mark From Roots
[2020-08-13T14:21:43.429+0000][6][gc,task      ] GC(16) Using 1 workers of 1 for marking
[2020-08-13T14:21:43.539+0000][6][safepoint    ] Safepoint "CollectForMetadataAllocation", Time since last: 111736374 ns, Reaching safepoint: 188843 ns, At safepoint: 133981 ns, Total: 322824 ns
[2020-08-13T14:21:43.614+0000][6][gc,marking   ] GC(16) Concurrent Mark From Roots 184.976ms
[2020-08-13T14:21:43.614+0000][6][gc,marking   ] GC(16) Concurrent Preclean
[2020-08-13T14:21:43.614+0000][6][gc,marking   ] GC(16) Concurrent Preclean 0.157ms
[2020-08-13T14:21:43.614+0000][6][gc,marking   ] GC(16) Concurrent Mark (27.095s, 27.280s) 185.209ms
[2020-08-13T14:21:43.618+0000][6][gc,start     ] GC(16) Pause Remark
[2020-08-13T14:21:43.663+0000][6][gc           ] GC(16) Pause Remark 52M->52M(256M) 45.583ms
[2020-08-13T14:21:43.663+0000][6][gc,cpu       ] GC(16) User=0.01s Sys=0.00s Real=0.04s
[2020-08-13T14:21:43.663+0000][6][safepoint    ] Safepoint "G1Concurrent", Time since last: 75121023 ns, Reaching safepoint: 3609947 ns, At safepoint: 45690251 ns, Total: 49300198 ns
[2020-08-13T14:21:43.669+0000][6][gc,marking   ] GC(16) Concurrent Rebuild Remembered Sets
[2020-08-13T14:21:43.938+0000][6][gc,marking   ] GC(16) Concurrent Rebuild Remembered Sets 269.518ms
[2020-08-13T14:21:43.939+0000][6][gc,start     ] GC(16) Pause Cleanup
[2020-08-13T14:21:43.939+0000][6][gc           ] GC(16) Pause Cleanup 87M->87M(256M) 0.126ms
[2020-08-13T14:21:43.940+0000][6][gc,cpu       ] GC(16) User=0.00s Sys=0.00s Real=0.00s
[2020-08-13T14:21:43.940+0000][6][safepoint    ] Safepoint "G1Concurrent", Time since last: 275095074 ns, Reaching safepoint: 871010 ns, At safepoint: 160149 ns, Total: 1031159 ns
[2020-08-13T14:21:43.958+0000][6][gc,marking   ] GC(16) Concurrent Cleanup for Next Mark
[2020-08-13T14:21:43.958+0000][6][gc,marking   ] GC(16) Concurrent Cleanup for Next Mark 0.687ms
[2020-08-13T14:21:43.958+0000][6][gc           ] GC(16) Concurrent Cycle 675.178ms
[2020-08-13T14:21:44.952+0000][6][safepoint    ] Safepoint "Cleanup", Time since last: 1001155212 ns, Reaching safepoint: 11279674 ns, At safepoint: 11492 ns, Total: 11291166 ns
[2020-08-13T14:21:44.956+0000][6][gc,start     ] GC(17) Pause Young (Concurrent Start) (G1 Evacuation Pause)
[2020-08-13T14:21:44.956+0000][6][gc,task      ] GC(17) Using 2 workers of 2 for evacuation
[2020-08-13T14:21:44.956+0000][6][gc,age       ] GC(17) Desired survivor size 8388608 bytes, new threshold 15 (max threshold 15)
[2020-08-13T14:21:45.040+0000][6][gc,age       ] GC(17) Age table with threshold 15 (max threshold 15)
[2020-08-13T14:21:45.040+0000][6][gc,age       ] GC(17) - age   1:    1972248 bytes,    1972248 total
[2020-08-13T14:21:45.040+0000][6][gc,age       ] GC(17) - age   2:    1042328 bytes,    3014576 total
[2020-08-13T14:21:45.040+0000][6][gc,phases    ] GC(17)   Pre Evacuate Collection Set: 0.4ms
[2020-08-13T14:21:45.040+0000][6][gc,phases    ] GC(17)   Merge Heap Roots: 0.1ms
[2020-08-13T14:21:45.040+0000][6][gc,phases    ] GC(17)   Evacuate Collection Set: 54.6ms
[2020-08-13T14:21:45.040+0000][6][gc,phases    ] GC(17)   Post Evacuate Collection Set: 28.0ms
[2020-08-13T14:21:45.040+0000][6][gc,phases    ] GC(17)   Other: 0.3ms
[2020-08-13T14:21:45.040+0000][6][gc,heap      ] GC(17) Eden regions: 120->0(122)
[2020-08-13T14:21:45.040+0000][6][gc,heap      ] GC(17) Survivor regions: 2->4(16)
[2020-08-13T14:21:45.040+0000][6][gc,heap      ] GC(17) Old regions: 44->44
[2020-08-13T14:21:45.040+0000][6][gc,heap      ] GC(17) Archive regions: 2->2
[2020-08-13T14:21:45.040+0000][6][gc,heap      ] GC(17) Humongous regions: 1->1
[2020-08-13T14:21:45.040+0000][6][gc,metaspace ] GC(17) Metaspace: 34228K(37608K)->34228K(37608K) NonClass: 29740K(32160K)->29740K(32160K) Class: 4488K(5448K)->4488K(5448K)
[2020-08-13T14:21:45.040+0000][6][gc           ] GC(17) Pause Young (Concurrent Start) (G1 Evacuation Pause) 167M->49M(256M) 83.467ms
[2020-08-13T14:21:45.040+0000][6][gc,cpu       ] GC(17) User=0.02s Sys=0.00s Real=0.08s
[2020-08-13T14:21:45.040+0000][6][safepoint    ] Safepoint "G1CollectForAllocation", Time since last: 4385670 ns, Reaching safepoint: 49002 ns, At safepoint: 83572222 ns, Total: 83621224 ns
[2020-08-13T14:21:45.041+0000][6][gc           ] GC(18) Concurrent Cycle
[2020-08-13T14:21:45.041+0000][6][gc,marking   ] GC(18) Concurrent Clear Claimed Marks
[2020-08-13T14:21:45.041+0000][6][gc,marking   ] GC(18) Concurrent Clear Claimed Marks 0.350ms
[2020-08-13T14:21:45.041+0000][6][gc,marking   ] GC(18) Concurrent Scan Root Regions
[2020-08-13T14:21:45.045+0000][6][gc,marking   ] GC(18) Concurrent Scan Root Regions 3.611ms
[2020-08-13T14:21:45.045+0000][6][gc,marking   ] GC(18) Concurrent Mark (28.711s)
[2020-08-13T14:21:45.045+0000][6][gc,marking   ] GC(18) Concurrent Mark From Roots
[2020-08-13T14:21:45.045+0000][6][gc,task      ] GC(18) Using 1 workers of 1 for marking
[2020-08-13T14:21:45.433+0000][6][gc,marking   ] GC(18) Concurrent Mark From Roots 388.116ms
[2020-08-13T14:21:45.433+0000][6][gc,marking   ] GC(18) Concurrent Preclean
[2020-08-13T14:21:45.433+0000][6][gc,marking   ] GC(18) Concurrent Preclean 0.232ms
[2020-08-13T14:21:45.433+0000][6][gc,marking   ] GC(18) Concurrent Mark (28.711s, 29.099s) 388.429ms
[2020-08-13T14:21:45.447+0000][6][gc,start     ] GC(18) Pause Remark
[2020-08-13T14:21:45.499+0000][6][gc           ] GC(18) Pause Remark 54M->54M(256M) 52.028ms
[2020-08-13T14:21:45.499+0000][6][gc,cpu       ] GC(18) User=0.02s Sys=0.00s Real=0.05s
[2020-08-13T14:21:45.499+0000][6][safepoint    ] Safepoint "G1Concurrent", Time since last: 400693778 ns, Reaching safepoint: 5966620 ns, At safepoint: 52155553 ns, Total: 58122173 ns
[2020-08-13T14:21:45.501+0000][6][gc,marking   ] GC(18) Concurrent Rebuild Remembered Sets
[2020-08-13T14:21:45.785+0000][6][gc,marking   ] GC(18) Concurrent Rebuild Remembered Sets 284.098ms
[2020-08-13T14:21:45.805+0000][6][gc,start     ] GC(18) Pause Cleanup
[2020-08-13T14:21:45.814+0000][6][gc           ] GC(18) Pause Cleanup 58M->58M(256M) 8.544ms
[2020-08-13T14:21:45.814+0000][6][gc,cpu       ] GC(18) User=0.00s Sys=0.00s Real=0.01s
[2020-08-13T14:21:45.814+0000][6][safepoint    ] Safepoint "G1Concurrent", Time since last: 291847503 ns, Reaching safepoint: 14465849 ns, At safepoint: 8661575 ns, Total: 23127424 ns
[2020-08-13T14:21:45.817+0000][6][gc,marking   ] GC(18) Concurrent Cleanup for Next Mark
[2020-08-13T14:21:45.818+0000][6][gc,marking   ] GC(18) Concurrent Cleanup for Next Mark 0.630ms
[2020-08-13T14:21:45.818+0000][6][gc           ] GC(18) Concurrent Cycle 776.941ms
[2020-08-13T14:21:47.474+0000][6][safepoint    ] Safepoint "Cleanup", Time since last: 1658501339 ns, Reaching safepoint: 1502071 ns, At safepoint: 3858 ns, Total: 1505929 ns
[2020-08-13T14:21:48.486+0000][6][safepoint    ] Safepoint "Cleanup", Time since last: 1002860854 ns, Reaching safepoint: 9226642 ns, At safepoint: 5299 ns, Total: 9231941 ns
[2020-08-13T14:21:49.654+0000][6][safepoint    ] Safepoint "Cleanup", Time since last: 1167802306 ns, Reaching safepoint: 286457 ns, At safepoint: 2184 ns, Total: 288641 ns
[2020-08-13T14:21:50.062+0000][6][gc,start     ] GC(19) Pause Young (Normal) (G1 Evacuation Pause)
[2020-08-13T14:21:50.062+0000][6][gc,task      ] GC(19) Using 2 workers of 2 for evacuation
[2020-08-13T14:21:50.062+0000][6][gc,age       ] GC(19) Desired survivor size 8388608 bytes, new threshold 15 (max threshold 15)
[2020-08-13T14:21:50.116+0000][6][gc,age       ] GC(19) Age table with threshold 15 (max threshold 15)
[2020-08-13T14:21:50.116+0000][6][gc,age       ] GC(19) - age   1:    4812672 bytes,    4812672 total
[2020-08-13T14:21:50.116+0000][6][gc,age       ] GC(19) - age   2:    1962688 bytes,    6775360 total
[2020-08-13T14:21:50.116+0000][6][gc,age       ] GC(19) - age   3:    1037008 bytes,    7812368 total
[2020-08-13T14:21:50.116+0000][6][gc,phases    ] GC(19)   Pre Evacuate Collection Set: 0.1ms
[2020-08-13T14:21:50.116+0000][6][gc,phases    ] GC(19)   Merge Heap Roots: 0.2ms
[2020-08-13T14:21:50.116+0000][6][gc,phases    ] GC(19)   Evacuate Collection Set: 50.4ms
[2020-08-13T14:21:50.116+0000][6][gc,phases    ] GC(19)   Post Evacuate Collection Set: 3.4ms
[2020-08-13T14:21:50.116+0000][6][gc,phases    ] GC(19)   Other: 0.3ms
[2020-08-13T14:21:50.116+0000][6][gc,heap      ] GC(19) Eden regions: 122->0(119)
[2020-08-13T14:21:50.116+0000][6][gc,heap      ] GC(19) Survivor regions: 4->8(16)
[2020-08-13T14:21:50.116+0000][6][gc,heap      ] GC(19) Old regions: 44->44
[2020-08-13T14:21:50.116+0000][6][gc,heap      ] GC(19) Archive regions: 2->2
[2020-08-13T14:21:50.116+0000][6][gc,heap      ] GC(19) Humongous regions: 1->1
[2020-08-13T14:21:50.116+0000][6][gc,metaspace ] GC(19) Metaspace: 49955K(54760K)->49955K(54760K) NonClass: 43075K(45984K)->43075K(45984K) Class: 6879K(8776K)->6879K(8776K)
[2020-08-13T14:21:50.116+0000][6][gc           ] GC(19) Pause Young (Normal) (G1 Evacuation Pause) 171M->53M(256M) 54.520ms
[2020-08-13T14:21:50.116+0000][6][gc,cpu       ] GC(19) User=0.04s Sys=0.00s Real=0.06s
[2020-08-13T14:21:50.117+0000][6][safepoint    ] Safepoint "G1CollectForAllocation", Time since last: 407806773 ns, Reaching safepoint: 143769 ns, At safepoint: 54603245 ns, Total: 54747014 ns
[2020-08-13T14:21:51.179+0000][6][safepoint    ] Safepoint "Cleanup", Time since last: 1061122346 ns, Reaching safepoint: 1185218 ns, At safepoint: 3557 ns, Total: 1188775 ns
[2020-08-13T14:21:52.556+0000][6][gc,start     ] GC(20) Pause Young (Concurrent Start) (Metadata GC Threshold)
[2020-08-13T14:21:52.556+0000][6][gc,task      ] GC(20) Using 2 workers of 2 for evacuation
[2020-08-13T14:21:52.556+0000][6][gc,age       ] GC(20) Desired survivor size 8388608 bytes, new threshold 15 (max threshold 15)
[2020-08-13T14:21:52.622+0000][6][gc,age       ] GC(20) Age table with threshold 15 (max threshold 15)
[2020-08-13T14:21:52.622+0000][6][gc,age       ] GC(20) - age   1:    2361376 bytes,    2361376 total
[2020-08-13T14:21:52.622+0000][6][gc,age       ] GC(20) - age   2:    4653376 bytes,    7014752 total
[2020-08-13T14:21:52.622+0000][6][gc,age       ] GC(20) - age   3:    1961472 bytes,    8976224 total
[2020-08-13T14:21:52.622+0000][6][gc,age       ] GC(20) - age   4:    1034976 bytes,   10011200 total
[2020-08-13T14:21:52.622+0000][6][gc,phases    ] GC(20)   Pre Evacuate Collection Set: 0.1ms
[2020-08-13T14:21:52.622+0000][6][gc,phases    ] GC(20)   Merge Heap Roots: 0.1ms
[2020-08-13T14:21:52.622+0000][6][gc,phases    ] GC(20)   Evacuate Collection Set: 64.0ms
[2020-08-13T14:21:52.622+0000][6][gc,phases    ] GC(20)   Post Evacuate Collection Set: 2.0ms
[2020-08-13T14:21:52.622+0000][6][gc,phases    ] GC(20)   Other: 0.3ms
[2020-08-13T14:21:52.622+0000][6][gc,heap      ] GC(20) Eden regions: 106->0(119)
[2020-08-13T14:21:52.622+0000][6][gc,heap      ] GC(20) Survivor regions: 8->10(16)
[2020-08-13T14:21:52.622+0000][6][gc,heap      ] GC(20) Old regions: 44->44
[2020-08-13T14:21:52.622+0000][6][gc,heap      ] GC(20) Archive regions: 2->2
[2020-08-13T14:21:52.622+0000][6][gc,heap      ] GC(20) Humongous regions: 1->1
[2020-08-13T14:21:52.622+0000][6][gc,metaspace ] GC(20) Metaspace: 58727K(63960K)->58727K(63960K) NonClass: 50609K(53664K)->50609K(53664K) Class: 8117K(10296K)->8117K(10296K)
[2020-08-13T14:21:52.622+0000][6][gc           ] GC(20) Pause Young (Concurrent Start) (Metadata GC Threshold) 159M->55M(256M) 66.633ms
[2020-08-13T14:21:52.622+0000][6][gc,cpu       ] GC(20) User=0.04s Sys=0.00s Real=0.07s
[2020-08-13T14:21:52.622+0000][6][safepoint    ] Safepoint "CollectForMetadataAllocation", Time since last: 1374343110 ns, Reaching safepoint: 2318420 ns, At safepoint: 66822688 ns, Total: 69141108 ns
[2020-08-13T14:21:52.622+0000][6][gc           ] GC(21) Concurrent Cycle
[2020-08-13T14:21:52.622+0000][6][gc,marking   ] GC(21) Concurrent Clear Claimed Marks
[2020-08-13T14:21:52.623+0000][6][gc,marking   ] GC(21) Concurrent Clear Claimed Marks 0.753ms
[2020-08-13T14:21:52.623+0000][6][gc,marking   ] GC(21) Concurrent Scan Root Regions
[2020-08-13T14:21:52.710+0000][6][gc,marking   ] GC(21) Concurrent Scan Root Regions 86.725ms
[2020-08-13T14:21:52.710+0000][6][gc,marking   ] GC(21) Concurrent Mark (36.376s)
[2020-08-13T14:21:52.710+0000][6][gc,marking   ] GC(21) Concurrent Mark From Roots
[2020-08-13T14:21:52.710+0000][6][gc,task      ] GC(21) Using 1 workers of 1 for marking
[2020-08-13T14:21:52.808+0000][6][safepoint    ] Safepoint "CollectForMetadataAllocation", Time since last: 182296250 ns, Reaching safepoint: 3178249 ns, At safepoint: 129593 ns, Total: 3307842 ns
[2020-08-13T14:21:53.164+0000][6][gc,marking   ] GC(21) Concurrent Mark From Roots 453.815ms
[2020-08-13T14:21:53.164+0000][6][gc,marking   ] GC(21) Concurrent Preclean
[2020-08-13T14:21:53.164+0000][6][gc,marking   ] GC(21) Concurrent Preclean 0.218ms
[2020-08-13T14:21:53.164+0000][6][gc,marking   ] GC(21) Concurrent Mark (36.376s, 36.830s) 454.119ms
[2020-08-13T14:21:53.169+0000][6][gc,start     ] GC(21) Pause Remark
[2020-08-13T14:21:53.198+0000][6][gc           ] GC(21) Pause Remark 64M->64M(256M) 29.176ms
[2020-08-13T14:21:53.198+0000][6][gc,cpu       ] GC(21) User=0.01s Sys=0.00s Real=0.03s
[2020-08-13T14:21:53.198+0000][6][safepoint    ] Safepoint "G1Concurrent", Time since last: 356136128 ns, Reaching safepoint: 5042219 ns, At safepoint: 29283647 ns, Total: 34325866 ns
[2020-08-13T14:21:53.198+0000][6][gc,marking   ] GC(21) Concurrent Rebuild Remembered Sets
[2020-08-13T14:21:53.459+0000][6][gc,marking   ] GC(21) Concurrent Rebuild Remembered Sets 260.302ms
[2020-08-13T14:21:53.487+0000][6][gc,start     ] GC(21) Pause Cleanup
[2020-08-13T14:21:53.488+0000][6][gc           ] GC(21) Pause Cleanup 68M->68M(256M) 0.227ms
[2020-08-13T14:21:53.488+0000][6][gc,cpu       ] GC(21) User=0.00s Sys=0.00s Real=0.00s
[2020-08-13T14:21:53.488+0000][6][safepoint    ] Safepoint "G1Concurrent", Time since last: 260426826 ns, Reaching safepoint: 28560815 ns, At safepoint: 294311 ns, Total: 28855126 ns
[2020-08-13T14:21:53.488+0000][6][gc,marking   ] GC(21) Concurrent Cleanup for Next Mark
[2020-08-13T14:21:53.502+0000][6][gc,marking   ] GC(21) Concurrent Cleanup for Next Mark 13.941ms
[2020-08-13T14:21:53.502+0000][6][gc           ] GC(21) Concurrent Cycle 879.388ms
[2020-08-13T14:21:54.478+0000][6][safepoint    ] Safepoint "BulkRevokeBias", Time since last: 982497284 ns, Reaching safepoint: 7661572 ns, At safepoint: 157304 ns, Total: 7818876 ns
[2020-08-13T14:21:55.679+0000][6][safepoint    ] Safepoint "Cleanup", Time since last: 1199439730 ns, Reaching safepoint: 1667242 ns, At safepoint: 2374 ns, Total: 1669616 ns
[2020-08-13T14:21:55.684+0000][6][safepoint    ] Safepoint "BulkRevokeBias", Time since last: 5123501 ns, Reaching safepoint: 62136 ns, At safepoint: 128480 ns, Total: 190616 ns
[2020-08-13T14:21:55.691+0000][6][safepoint    ] Safepoint "BulkRevokeBias", Time since last: 6734317 ns, Reaching safepoint: 53500 ns, At safepoint: 106900 ns, Total: 160400 ns
[2020-08-13T14:21:56.444+0000][6][safepoint    ] Safepoint "BulkRevokeBias", Time since last: 752818578 ns, Reaching safepoint: 162984 ns, At safepoint: 180409 ns, Total: 343393 ns
[2020-08-13T14:21:57.490+0000][6][safepoint    ] Safepoint "Cleanup", Time since last: 1045421607 ns, Reaching safepoint: 146204 ns, At safepoint: 2775 ns, Total: 148979 ns
[2020-08-13T14:21:59.449+0000][6][safepoint    ] Safepoint "Cleanup", Time since last: 1959213448 ns, Reaching safepoint: 90068 ns, At safepoint: 2064 ns, Total: 92132 ns
[2020-08-13T14:22:01.361+0000][6][safepoint    ] Safepoint "Cleanup", Time since last: 1911881922 ns, Reaching safepoint: 132027 ns, At safepoint: 2625 ns, Total: 134652 ns
[2020-08-13T14:22:03.356+0000][6][safepoint    ] Safepoint "Cleanup", Time since last: 1994419533 ns, Reaching safepoint: 179746 ns, At safepoint: 5320 ns, Total: 185066 ns
[2020-08-13T14:22:04.359+0000][6][safepoint    ] Safepoint "Cleanup", Time since last: 1002431877 ns, Reaching safepoint: 275306 ns, At safepoint: 68588 ns, Total: 343894 ns
[2020-08-13T14:22:05.360+0000][6][safepoint    ] Safepoint "Cleanup", Time since last: 1001429410 ns, Reaching safepoint: 142347 ns, At safepoint: 2003 ns, Total: 144350 ns
[2020-08-13T14:22:07.357+0000][6][safepoint    ] Safepoint "Cleanup", Time since last: 1996320051 ns, Reaching safepoint: 290074 ns, At safepoint: 2675 ns, Total: 292749 ns
[2020-08-13T14:22:08.361+0000][6][safepoint    ] Safepoint "Cleanup", Time since last: 1003994110 ns, Reaching safepoint: 61095 ns, At safepoint: 63789 ns, Total: 124884 ns
[2020-08-13T14:22:08.363+0000][6][safepoint    ] Safepoint "BulkRevokeBias", Time since last: 1198575 ns, Reaching safepoint: 32409 ns, At safepoint: 312166 ns, Total: 344575 ns
[2020-08-13T14:22:09.364+0000][6][safepoint    ] Safepoint "Cleanup", Time since last: 1000621718 ns, Reaching safepoint: 335418 ns, At safepoint: 5250 ns, Total: 340668 ns
[2020-08-13T14:22:10.364+0000][6][safepoint    ] Safepoint "Cleanup", Time since last: 1000125570 ns, Reaching safepoint: 73377 ns, At safepoint: 2776 ns, Total: 76153 ns
[2020-08-13T14:22:12.363+0000][6][safepoint    ] Safepoint "Cleanup", Time since last: 1998746361 ns, Reaching safepoint: 210624 ns, At safepoint: 4649 ns, Total: 215273 ns
[2020-08-13T14:22:13.366+0000][6][safepoint    ] Safepoint "Cleanup", Time since last: 1002890626 ns, Reaching safepoint: 81833 ns, At safepoint: 2765 ns, Total: 84598 ns
[2020-08-13T14:22:14.366+0000][6][safepoint    ] Safepoint "Cleanup", Time since last: 1000110191 ns, Reaching safepoint: 88496 ns, At safepoint: 2615 ns, Total: 91111 ns
[2020-08-13T14:22:16.364+0000][6][safepoint    ] Safepoint "Cleanup", Time since last: 1997880622 ns, Reaching safepoint: 238306 ns, At safepoint: 7584 ns, Total: 245890 ns
[2020-08-13T14:22:17.353+0000][6][safepoint    ] Safepoint "BulkRevokeBias", Time since last: 989000444 ns, Reaching safepoint: 190827 ns, At safepoint: 259215 ns, Total: 450042 ns
[2020-08-13T14:22:17.368+0000][6][safepoint    ] Safepoint "BulkRevokeBias", Time since last: 8513598 ns, Reaching safepoint: 5877642 ns, At safepoint: 269976 ns, Total: 6147618 ns
[2020-08-13T14:22:17.473+0000][6][gc,heap,exit ] Heap
[2020-08-13T14:22:17.473+0000][6][gc,heap,exit ]  garbage-first heap   total 262144K, used 147268K [0x00000000f0000000, 0x0000000100000000)
[2020-08-13T14:22:17.473+0000][6][gc,heap,exit ]   region size 1024K, 99 young (101376K), 10 survivors (10240K)
[2020-08-13T14:22:17.473+0000][6][gc,heap,exit ]  Metaspace       used 68329K, capacity 73934K, committed 74200K, reserved 1112064K
[2020-08-13T14:22:17.473+0000][6][gc,heap,exit ]   class space    used 9388K, capacity 11736K, committed 11832K, reserved 1048576K
