[2020-08-13T13:10:23.017+0000][6][gc,heap] Heap region size: 1M
[2020-08-13T13:10:23.018+0000][6][gc,heap,coops] Heap address: 0x00000000f0000000, size: 256 MB, Compressed Oops mode: 32-bit
[2020-08-13T13:10:23.239+0000][6][gc           ] Using G1
[2020-08-13T13:10:23.239+0000][6][gc,cds       ] Mark closed archive regions in map: [0x00000000fff00000, 0x00000000fff7eff8]
[2020-08-13T13:10:23.239+0000][6][gc,cds       ] Mark open archive regions in map: [0x00000000ffe00000, 0x00000000ffe51ff8]
[2020-08-13T13:10:23.291+0000][6][gc           ] Periodic GC disabled
[2020-08-13T13:10:24.258+0000][6][gc,start     ] GC(0) Pause Young (Normal) (G1 Evacuation Pause)
[2020-08-13T13:10:24.258+0000][6][gc,task      ] GC(0) Using 2 workers of 2 for evacuation
[2020-08-13T13:10:24.258+0000][6][gc,age       ] GC(0) Desired survivor size 1048576 bytes, new threshold 15 (max threshold 15)
[2020-08-13T13:10:24.297+0000][6][gc,age       ] GC(0) Age table with threshold 15 (max threshold 15)
[2020-08-13T13:10:24.297+0000][6][gc,age       ] GC(0) - age   1:    2048232 bytes,    2048232 total
[2020-08-13T13:10:24.297+0000][6][gc,phases    ] GC(0)   Pre Evacuate Collection Set: 0.1ms
[2020-08-13T13:10:24.297+0000][6][gc,phases    ] GC(0)   Merge Heap Roots: 0.0ms
[2020-08-13T13:10:24.297+0000][6][gc,phases    ] GC(0)   Evacuate Collection Set: 38.7ms
[2020-08-13T13:10:24.297+0000][6][gc,phases    ] GC(0)   Post Evacuate Collection Set: 0.5ms
[2020-08-13T13:10:24.297+0000][6][gc,phases    ] GC(0)   Other: 0.4ms
[2020-08-13T13:10:24.297+0000][6][gc,heap      ] GC(0) Eden regions: 12->0(10)
[2020-08-13T13:10:24.297+0000][6][gc,heap      ] GC(0) Survivor regions: 0->2(2)
[2020-08-13T13:10:24.297+0000][6][gc,heap      ] GC(0) Old regions: 0->0
[2020-08-13T13:10:24.297+0000][6][gc,heap      ] GC(0) Archive regions: 2->2
[2020-08-13T13:10:24.297+0000][6][gc,heap      ] GC(0) Humongous regions: 1->1
[2020-08-13T13:10:24.297+0000][6][gc,metaspace ] GC(0) Metaspace: 2557K(5760K)->2557K(5760K) NonClass: 2281K(5120K)->2281K(5120K) Class: 275K(640K)->275K(640K)
[2020-08-13T13:10:24.298+0000][6][gc           ] GC(0) Pause Young (Normal) (G1 Evacuation Pause) 13M->3M(256M) 39.670ms
[2020-08-13T13:10:24.298+0000][6][gc,cpu       ] GC(0) User=0.01s Sys=0.00s Real=0.04s
[2020-08-13T13:10:24.298+0000][6][safepoint    ] Safepoint "G1CollectForAllocation", Time since last: 977834925 ns, Reaching safepoint: 152535 ns, At safepoint: 39745971 ns, Total: 39898506 ns
[2020-08-13T13:10:25.290+0000][6][gc,start     ] GC(1) Pause Young (Normal) (G1 Evacuation Pause)
[2020-08-13T13:10:25.290+0000][6][gc,task      ] GC(1) Using 2 workers of 2 for evacuation
[2020-08-13T13:10:25.290+0000][6][gc,age       ] GC(1) Desired survivor size 1048576 bytes, new threshold 1 (max threshold 15)
[2020-08-13T13:10:25.328+0000][6][gc,age       ] GC(1) Age table with threshold 1 (max threshold 15)
[2020-08-13T13:10:25.328+0000][6][gc,age       ] GC(1) - age   1:     569112 bytes,     569112 total
[2020-08-13T13:10:25.328+0000][6][gc,phases    ] GC(1)   Pre Evacuate Collection Set: 0.1ms
[2020-08-13T13:10:25.328+0000][6][gc,phases    ] GC(1)   Merge Heap Roots: 0.0ms
[2020-08-13T13:10:25.328+0000][6][gc,phases    ] GC(1)   Evacuate Collection Set: 33.6ms
[2020-08-13T13:10:25.328+0000][6][gc,phases    ] GC(1)   Post Evacuate Collection Set: 4.5ms
[2020-08-13T13:10:25.328+0000][6][gc,phases    ] GC(1)   Other: 0.2ms
[2020-08-13T13:10:25.328+0000][6][gc,heap      ] GC(1) Eden regions: 10->0(16)
[2020-08-13T13:10:25.328+0000][6][gc,heap      ] GC(1) Survivor regions: 2->1(2)
[2020-08-13T13:10:25.328+0000][6][gc,heap      ] GC(1) Old regions: 0->2
[2020-08-13T13:10:25.328+0000][6][gc,heap      ] GC(1) Archive regions: 2->2
[2020-08-13T13:10:25.328+0000][6][gc,heap      ] GC(1) Humongous regions: 1->1
[2020-08-13T13:10:25.328+0000][6][gc,metaspace ] GC(1) Metaspace: 5443K(8064K)->5443K(8064K) NonClass: 4843K(7168K)->4843K(7168K) Class: 600K(896K)->600K(896K)
[2020-08-13T13:10:25.328+0000][6][gc           ] GC(1) Pause Young (Normal) (G1 Evacuation Pause) 13M->4M(256M) 38.527ms
[2020-08-13T13:10:25.328+0000][6][gc,cpu       ] GC(1) User=0.00s Sys=0.00s Real=0.04s
[2020-08-13T13:10:25.328+0000][6][safepoint    ] Safepoint "G1CollectForAllocation", Time since last: 992106046 ns, Reaching safepoint: 147165 ns, At safepoint: 38621636 ns, Total: 38768801 ns
[2020-08-13T13:10:26.723+0000][6][safepoint    ] Safepoint "Cleanup", Time since last: 1388192297 ns, Reaching safepoint: 6204243 ns, At safepoint: 7524 ns, Total: 6211767 ns
[2020-08-13T13:10:26.893+0000][6][gc,start     ] GC(2) Pause Young (Normal) (G1 Evacuation Pause)
[2020-08-13T13:10:26.893+0000][6][gc,task      ] GC(2) Using 2 workers of 2 for evacuation
[2020-08-13T13:10:26.893+0000][6][gc,age       ] GC(2) Desired survivor size 1572864 bytes, new threshold 15 (max threshold 15)
[2020-08-13T13:10:26.961+0000][6][gc,age       ] GC(2) Age table with threshold 15 (max threshold 15)
[2020-08-13T13:10:26.961+0000][6][gc,age       ] GC(2) - age   1:    1048272 bytes,    1048272 total
[2020-08-13T13:10:26.961+0000][6][gc,age       ] GC(2) - age   2:     526392 bytes,    1574664 total
[2020-08-13T13:10:26.961+0000][6][gc,phases    ] GC(2)   Pre Evacuate Collection Set: 0.1ms
[2020-08-13T13:10:26.961+0000][6][gc,phases    ] GC(2)   Merge Heap Roots: 0.0ms
[2020-08-13T13:10:26.961+0000][6][gc,phases    ] GC(2)   Evacuate Collection Set: 67.7ms
[2020-08-13T13:10:26.961+0000][6][gc,phases    ] GC(2)   Post Evacuate Collection Set: 0.6ms
[2020-08-13T13:10:26.961+0000][6][gc,phases    ] GC(2)   Other: 0.3ms
[2020-08-13T13:10:26.961+0000][6][gc,heap      ] GC(2) Eden regions: 16->0(38)
[2020-08-13T13:10:26.961+0000][6][gc,heap      ] GC(2) Survivor regions: 1->2(3)
[2020-08-13T13:10:26.961+0000][6][gc,heap      ] GC(2) Old regions: 2->2
[2020-08-13T13:10:26.961+0000][6][gc,heap      ] GC(2) Archive regions: 2->2
[2020-08-13T13:10:26.961+0000][6][gc,heap      ] GC(2) Humongous regions: 1->1
[2020-08-13T13:10:26.961+0000][6][gc,metaspace ] GC(2) Metaspace: 9417K(10880K)->9417K(10880K) NonClass: 8256K(9472K)->8256K(9472K) Class: 1161K(1408K)->1161K(1408K)
[2020-08-13T13:10:26.962+0000][6][gc           ] GC(2) Pause Young (Normal) (G1 Evacuation Pause) 20M->5M(256M) 68.782ms
[2020-08-13T13:10:26.962+0000][6][gc,cpu       ] GC(2) User=0.03s Sys=0.00s Real=0.07s
[2020-08-13T13:10:26.962+0000][6][safepoint    ] Safepoint "G1CollectForAllocation", Time since last: 167784823 ns, Reaching safepoint: 2077198 ns, At safepoint: 68864619 ns, Total: 70941817 ns
[2020-08-13T13:10:28.568+0000][6][safepoint    ] Safepoint "Cleanup", Time since last: 1601063857 ns, Reaching safepoint: 5182910 ns, At safepoint: 8386 ns, Total: 5191296 ns
[2020-08-13T13:10:30.271+0000][6][safepoint    ] Safepoint "Cleanup", Time since last: 1695006103 ns, Reaching safepoint: 8109028 ns, At safepoint: 9948 ns, Total: 8118976 ns
[2020-08-13T13:10:30.315+0000][6][gc,start     ] GC(3) Pause Young (Normal) (G1 Evacuation Pause)
[2020-08-13T13:10:30.315+0000][6][gc,task      ] GC(3) Using 2 workers of 2 for evacuation
[2020-08-13T13:10:30.315+0000][6][gc,age       ] GC(3) Desired survivor size 2621440 bytes, new threshold 15 (max threshold 15)
[2020-08-13T13:10:30.351+0000][6][gc,age       ] GC(3) Age table with threshold 15 (max threshold 15)
[2020-08-13T13:10:30.351+0000][6][gc,age       ] GC(3) - age   1:    2821104 bytes,    2821104 total
[2020-08-13T13:10:30.351+0000][6][gc,age       ] GC(3) - age   2:    1009400 bytes,    3830504 total
[2020-08-13T13:10:30.351+0000][6][gc,age       ] GC(3) - age   3:     523512 bytes,    4354016 total
[2020-08-13T13:10:30.351+0000][6][gc,phases    ] GC(3)   Pre Evacuate Collection Set: 0.1ms
[2020-08-13T13:10:30.351+0000][6][gc,phases    ] GC(3)   Merge Heap Roots: 0.0ms
[2020-08-13T13:10:30.351+0000][6][gc,phases    ] GC(3)   Evacuate Collection Set: 33.4ms
[2020-08-13T13:10:30.351+0000][6][gc,phases    ] GC(3)   Post Evacuate Collection Set: 1.6ms
[2020-08-13T13:10:30.351+0000][6][gc,phases    ] GC(3)   Other: 0.3ms
[2020-08-13T13:10:30.351+0000][6][gc,heap      ] GC(3) Eden regions: 38->0(68)
[2020-08-13T13:10:30.351+0000][6][gc,heap      ] GC(3) Survivor regions: 2->5(5)
[2020-08-13T13:10:30.351+0000][6][gc,heap      ] GC(3) Old regions: 2->2
[2020-08-13T13:10:30.351+0000][6][gc,heap      ] GC(3) Archive regions: 2->2
[2020-08-13T13:10:30.351+0000][6][gc,heap      ] GC(3) Humongous regions: 1->1
[2020-08-13T13:10:30.351+0000][6][gc,metaspace ] GC(3) Metaspace: 14051K(14848K)->14051K(14848K) NonClass: 12356K(12800K)->12356K(12800K) Class: 1694K(2048K)->1694K(2048K)
[2020-08-13T13:10:30.351+0000][6][gc           ] GC(3) Pause Young (Normal) (G1 Evacuation Pause) 43M->8M(256M) 35.526ms
[2020-08-13T13:10:30.351+0000][6][gc,cpu       ] GC(3) User=0.02s Sys=0.00s Real=0.04s
[2020-08-13T13:10:30.351+0000][6][safepoint    ] Safepoint "G1CollectForAllocation", Time since last: 44286078 ns, Reaching safepoint: 70070 ns, At safepoint: 35612253 ns, Total: 35682323 ns
[2020-08-13T13:10:30.367+0000][6][safepoint    ] Safepoint "BulkRevokeBias", Time since last: 12074530 ns, Reaching safepoint: 4187508 ns, At safepoint: 47840 ns, Total: 4235348 ns
[2020-08-13T13:10:31.420+0000][6][gc,start     ] GC(4) Pause Young (Normal) (G1 Evacuation Pause)
[2020-08-13T13:10:31.420+0000][6][gc,task      ] GC(4) Using 2 workers of 2 for evacuation
[2020-08-13T13:10:31.420+0000][6][gc,age       ] GC(4) Desired survivor size 5242880 bytes, new threshold 15 (max threshold 15)
[2020-08-13T13:10:31.461+0000][6][gc,age       ] GC(4) Age table with threshold 15 (max threshold 15)
[2020-08-13T13:10:31.461+0000][6][gc,age       ] GC(4) - age   1:    2636376 bytes,    2636376 total
[2020-08-13T13:10:31.461+0000][6][gc,age       ] GC(4) - age   2:    2791512 bytes,    5427888 total
[2020-08-13T13:10:31.461+0000][6][gc,age       ] GC(4) - age   3:     989016 bytes,    6416904 total
[2020-08-13T13:10:31.461+0000][6][gc,age       ] GC(4) - age   4:     520440 bytes,    6937344 total
[2020-08-13T13:10:31.461+0000][6][gc,phases    ] GC(4)   Pre Evacuate Collection Set: 0.1ms
[2020-08-13T13:10:31.461+0000][6][gc,phases    ] GC(4)   Merge Heap Roots: 0.0ms
[2020-08-13T13:10:31.461+0000][6][gc,phases    ] GC(4)   Evacuate Collection Set: 39.7ms
[2020-08-13T13:10:31.461+0000][6][gc,phases    ] GC(4)   Post Evacuate Collection Set: 1.1ms
[2020-08-13T13:10:31.461+0000][6][gc,phases    ] GC(4)   Other: 0.3ms
[2020-08-13T13:10:31.461+0000][6][gc,heap      ] GC(4) Eden regions: 68->0(80)
[2020-08-13T13:10:31.461+0000][6][gc,heap      ] GC(4) Survivor regions: 5->7(10)
[2020-08-13T13:10:31.461+0000][6][gc,heap      ] GC(4) Old regions: 2->2
[2020-08-13T13:10:31.461+0000][6][gc,heap      ] GC(4) Archive regions: 2->2
[2020-08-13T13:10:31.461+0000][6][gc,heap      ] GC(4) Humongous regions: 2->1
[2020-08-13T13:10:31.461+0000][6][gc,metaspace ] GC(4) Metaspace: 16744K(17792K)->16744K(17792K) NonClass: 14692K(15360K)->14692K(15360K) Class: 2051K(2432K)->2051K(2432K)
[2020-08-13T13:10:31.461+0000][6][gc           ] GC(4) Pause Young (Normal) (G1 Evacuation Pause) 77M->10M(256M) 41.258ms
[2020-08-13T13:10:31.461+0000][6][gc,cpu       ] GC(4) User=0.02s Sys=0.00s Real=0.04s
[2020-08-13T13:10:31.461+0000][6][safepoint    ] Safepoint "G1CollectForAllocation", Time since last: 1049409988 ns, Reaching safepoint: 3239142 ns, At safepoint: 41336387 ns, Total: 44575529 ns
[2020-08-13T13:10:31.642+0000][6][safepoint    ] Safepoint "BulkRevokeBias", Time since last: 180989618 ns, Reaching safepoint: 89598 ns, At safepoint: 67355 ns, Total: 156953 ns
[2020-08-13T13:10:31.643+0000][6][safepoint    ] Safepoint "BulkRevokeBias", Time since last: 74300 ns, Reaching safepoint: 20568 ns, At safepoint: 52959 ns, Total: 73527 ns
[2020-08-13T13:10:32.261+0000][6][gc,start     ] GC(5) Pause Young (Normal) (G1 Evacuation Pause)
[2020-08-13T13:10:32.261+0000][6][gc,task      ] GC(5) Using 2 workers of 2 for evacuation
[2020-08-13T13:10:32.261+0000][6][gc,age       ] GC(5) Desired survivor size 5767168 bytes, new threshold 3 (max threshold 15)
[2020-08-13T13:10:32.295+0000][6][gc,age       ] GC(5) Age table with threshold 3 (max threshold 15)
[2020-08-13T13:10:32.295+0000][6][gc,age       ] GC(5) - age   1:    1807416 bytes,    1807416 total
[2020-08-13T13:10:32.295+0000][6][gc,age       ] GC(5) - age   2:    2603936 bytes,    4411352 total
[2020-08-13T13:10:32.295+0000][6][gc,age       ] GC(5) - age   3:    2791464 bytes,    7202816 total
[2020-08-13T13:10:32.295+0000][6][gc,phases    ] GC(5)   Pre Evacuate Collection Set: 0.1ms
[2020-08-13T13:10:32.295+0000][6][gc,phases    ] GC(5)   Merge Heap Roots: 0.0ms
[2020-08-13T13:10:32.295+0000][6][gc,phases    ] GC(5)   Evacuate Collection Set: 32.3ms
[2020-08-13T13:10:32.295+0000][6][gc,phases    ] GC(5)   Post Evacuate Collection Set: 1.2ms
[2020-08-13T13:10:32.295+0000][6][gc,phases    ] GC(5)   Other: 0.3ms
[2020-08-13T13:10:32.295+0000][6][gc,heap      ] GC(5) Eden regions: 80->0(145)
[2020-08-13T13:10:32.295+0000][6][gc,heap      ] GC(5) Survivor regions: 7->8(11)
[2020-08-13T13:10:32.295+0000][6][gc,heap      ] GC(5) Old regions: 2->4
[2020-08-13T13:10:32.295+0000][6][gc,heap      ] GC(5) Archive regions: 2->2
[2020-08-13T13:10:32.295+0000][6][gc,heap      ] GC(5) Humongous regions: 1->1
[2020-08-13T13:10:32.295+0000][6][gc,metaspace ] GC(5) Metaspace: 17196K(18048K)->17196K(18048K) NonClass: 15077K(15616K)->15077K(15616K) Class: 2118K(2432K)->2118K(2432K)
[2020-08-13T13:10:32.295+0000][6][gc           ] GC(5) Pause Young (Normal) (G1 Evacuation Pause) 90M->12M(256M) 33.983ms
[2020-08-13T13:10:32.295+0000][6][gc,cpu       ] GC(5) User=0.03s Sys=0.00s Real=0.03s
[2020-08-13T13:10:32.295+0000][6][safepoint    ] Safepoint "G1CollectForAllocation", Time since last: 618483369 ns, Reaching safepoint: 130925 ns, At safepoint: 34058595 ns, Total: 34189520 ns
[2020-08-13T13:10:32.997+0000][6][gc,start     ] GC(6) Pause Young (Normal) (G1 Evacuation Pause)
[2020-08-13T13:10:32.998+0000][6][gc,task      ] GC(6) Using 2 workers of 2 for evacuation
[2020-08-13T13:10:32.998+0000][6][gc,age       ] GC(6) Desired survivor size 10485760 bytes, new threshold 15 (max threshold 15)
[2020-08-13T13:10:33.025+0000][6][gc,age       ] GC(6) Age table with threshold 15 (max threshold 15)
[2020-08-13T13:10:33.025+0000][6][gc,age       ] GC(6) - age   1:    1413704 bytes,    1413704 total
[2020-08-13T13:10:33.025+0000][6][gc,age       ] GC(6) - age   2:     439544 bytes,    1853248 total
[2020-08-13T13:10:33.025+0000][6][gc,age       ] GC(6) - age   3:    2602808 bytes,    4456056 total
[2020-08-13T13:10:33.025+0000][6][gc,age       ] GC(6) - age   4:    2791464 bytes,    7247520 total
[2020-08-13T13:10:33.025+0000][6][gc,phases    ] GC(6)   Pre Evacuate Collection Set: 0.1ms
[2020-08-13T13:10:33.025+0000][6][gc,phases    ] GC(6)   Merge Heap Roots: 0.1ms
[2020-08-13T13:10:33.025+0000][6][gc,phases    ] GC(6)   Evacuate Collection Set: 23.2ms
[2020-08-13T13:10:33.025+0000][6][gc,phases    ] GC(6)   Post Evacuate Collection Set: 1.1ms
[2020-08-13T13:10:33.025+0000][6][gc,phases    ] GC(6)   Other: 3.4ms
[2020-08-13T13:10:33.025+0000][6][gc,heap      ] GC(6) Eden regions: 145->0(145)
[2020-08-13T13:10:33.025+0000][6][gc,heap      ] GC(6) Survivor regions: 8->8(20)
[2020-08-13T13:10:33.025+0000][6][gc,heap      ] GC(6) Old regions: 4->4
[2020-08-13T13:10:33.025+0000][6][gc,heap      ] GC(6) Archive regions: 2->2
[2020-08-13T13:10:33.025+0000][6][gc,heap      ] GC(6) Humongous regions: 1->1
[2020-08-13T13:10:33.025+0000][6][gc,metaspace ] GC(6) Metaspace: 17770K(18944K)->17770K(18944K) NonClass: 15586K(16384K)->15586K(16384K) Class: 2183K(2560K)->2183K(2560K)
[2020-08-13T13:10:33.025+0000][6][gc           ] GC(6) Pause Young (Normal) (G1 Evacuation Pause) 157M->12M(256M) 27.898ms
[2020-08-13T13:10:33.025+0000][6][gc,cpu       ] GC(6) User=0.02s Sys=0.00s Real=0.02s
[2020-08-13T13:10:33.025+0000][6][safepoint    ] Safepoint "G1CollectForAllocation", Time since last: 702151145 ns, Reaching safepoint: 109004 ns, At safepoint: 27981612 ns, Total: 28090616 ns
[2020-08-13T13:10:33.038+0000][6][safepoint    ] Safepoint "BulkRevokeBias", Time since last: 9678995 ns, Reaching safepoint: 2611979 ns, At safepoint: 116148 ns, Total: 2728127 ns
[2020-08-13T13:10:33.910+0000][6][gc,start     ] GC(7) Pause Young (Normal) (G1 Evacuation Pause)
[2020-08-13T13:10:33.910+0000][6][gc,task      ] GC(7) Using 2 workers of 2 for evacuation
[2020-08-13T13:10:33.910+0000][6][gc,age       ] GC(7) Desired survivor size 10485760 bytes, new threshold 15 (max threshold 15)
[2020-08-13T13:10:33.975+0000][6][gc,age       ] GC(7) Age table with threshold 15 (max threshold 15)
[2020-08-13T13:10:33.975+0000][6][gc,age       ] GC(7) - age   1:    2937368 bytes,    2937368 total
[2020-08-13T13:10:33.975+0000][6][gc,age       ] GC(7) - age   2:    1392984 bytes,    4330352 total
[2020-08-13T13:10:33.975+0000][6][gc,age       ] GC(7) - age   3:     439544 bytes,    4769896 total
[2020-08-13T13:10:33.975+0000][6][gc,age       ] GC(7) - age   4:    2602432 bytes,    7372328 total
[2020-08-13T13:10:33.975+0000][6][gc,age       ] GC(7) - age   5:    2791464 bytes,   10163792 total
[2020-08-13T13:10:33.975+0000][6][gc,phases    ] GC(7)   Pre Evacuate Collection Set: 0.0ms
[2020-08-13T13:10:33.975+0000][6][gc,phases    ] GC(7)   Merge Heap Roots: 0.0ms
[2020-08-13T13:10:33.975+0000][6][gc,phases    ] GC(7)   Evacuate Collection Set: 63.7ms
[2020-08-13T13:10:33.975+0000][6][gc,phases    ] GC(7)   Post Evacuate Collection Set: 1.2ms
[2020-08-13T13:10:33.975+0000][6][gc,phases    ] GC(7)   Other: 0.3ms
[2020-08-13T13:10:33.975+0000][6][gc,heap      ] GC(7) Eden regions: 145->0(142)
[2020-08-13T13:10:33.975+0000][6][gc,heap      ] GC(7) Survivor regions: 8->11(20)
[2020-08-13T13:10:33.975+0000][6][gc,heap      ] GC(7) Old regions: 4->4
[2020-08-13T13:10:33.975+0000][6][gc,heap      ] GC(7) Archive regions: 2->2
[2020-08-13T13:10:33.975+0000][6][gc,heap      ] GC(7) Humongous regions: 1->1
[2020-08-13T13:10:33.975+0000][6][gc,metaspace ] GC(7) Metaspace: 18294K(19456K)->18294K(19456K) NonClass: 16033K(16896K)->16033K(16896K) Class: 2260K(2560K)->2260K(2560K)
[2020-08-13T13:10:33.975+0000][6][gc           ] GC(7) Pause Young (Normal) (G1 Evacuation Pause) 157M->15M(256M) 65.439ms
[2020-08-13T13:10:33.975+0000][6][gc,cpu       ] GC(7) User=0.04s Sys=0.00s Real=0.06s
[2020-08-13T13:10:33.975+0000][6][safepoint    ] Safepoint "G1CollectForAllocation", Time since last: 871946661 ns, Reaching safepoint: 138809 ns, At safepoint: 65520361 ns, Total: 65659170 ns
[2020-08-13T13:10:34.826+0000][6][gc,start     ] GC(8) Pause Young (Normal) (G1 Evacuation Pause)
[2020-08-13T13:10:34.826+0000][6][gc,task      ] GC(8) Using 2 workers of 2 for evacuation
[2020-08-13T13:10:34.826+0000][6][gc,age       ] GC(8) Desired survivor size 10485760 bytes, new threshold 15 (max threshold 15)
[2020-08-13T13:10:34.863+0000][6][gc,age       ] GC(8) Age table with threshold 15 (max threshold 15)
[2020-08-13T13:10:34.863+0000][6][gc,age       ] GC(8) - age   1:     884168 bytes,     884168 total
[2020-08-13T13:10:34.863+0000][6][gc,age       ] GC(8) - age   2:    2913480 bytes,    3797648 total
[2020-08-13T13:10:34.863+0000][6][gc,age       ] GC(8) - age   3:    1392088 bytes,    5189736 total
[2020-08-13T13:10:34.863+0000][6][gc,age       ] GC(8) - age   4:     439448 bytes,    5629184 total
[2020-08-13T13:10:34.863+0000][6][gc,age       ] GC(8) - age   5:    2598512 bytes,    8227696 total
[2020-08-13T13:10:34.863+0000][6][gc,age       ] GC(8) - age   6:    2791256 bytes,   11018952 total
[2020-08-13T13:10:34.863+0000][6][gc,phases    ] GC(8)   Pre Evacuate Collection Set: 0.1ms
[2020-08-13T13:10:34.863+0000][6][gc,phases    ] GC(8)   Merge Heap Roots: 0.1ms
[2020-08-13T13:10:34.863+0000][6][gc,phases    ] GC(8)   Evacuate Collection Set: 35.5ms
[2020-08-13T13:10:34.863+0000][6][gc,phases    ] GC(8)   Post Evacuate Collection Set: 1.2ms
[2020-08-13T13:10:34.863+0000][6][gc,phases    ] GC(8)   Other: 0.3ms
[2020-08-13T13:10:34.863+0000][6][gc,heap      ] GC(8) Eden regions: 142->0(142)
[2020-08-13T13:10:34.863+0000][6][gc,heap      ] GC(8) Survivor regions: 11->11(20)
[2020-08-13T13:10:34.863+0000][6][gc,heap      ] GC(8) Old regions: 4->4
[2020-08-13T13:10:34.863+0000][6][gc,heap      ] GC(8) Archive regions: 2->2
[2020-08-13T13:10:34.863+0000][6][gc,heap      ] GC(8) Humongous regions: 1->1
[2020-08-13T13:10:34.863+0000][6][gc,metaspace ] GC(8) Metaspace: 18647K(20224K)->18647K(20224K) NonClass: 16320K(17408K)->16320K(17408K) Class: 2326K(2816K)->2326K(2816K)
[2020-08-13T13:10:34.863+0000][6][gc           ] GC(8) Pause Young (Normal) (G1 Evacuation Pause) 157M->16M(256M) 37.127ms
[2020-08-13T13:10:34.863+0000][6][gc,cpu       ] GC(8) User=0.02s Sys=0.00s Real=0.03s
[2020-08-13T13:10:34.863+0000][6][safepoint    ] Safepoint "G1CollectForAllocation", Time since last: 850546217 ns, Reaching safepoint: 106319 ns, At safepoint: 37209272 ns, Total: 37315591 ns
[2020-08-13T13:10:34.896+0000][6][safepoint    ] Safepoint "BulkRevokeBias", Time since last: 32487285 ns, Reaching safepoint: 79559 ns, At safepoint: 85240 ns, Total: 164799 ns
[2020-08-13T13:10:34.896+0000][6][safepoint    ] Safepoint "BulkRevokeBias", Time since last: 87853 ns, Reaching safepoint: 23494 ns, At safepoint: 55535 ns, Total: 79029 ns
[2020-08-13T13:10:35.688+0000][6][gc,start     ] GC(9) Pause Young (Normal) (G1 Evacuation Pause)
[2020-08-13T13:10:35.688+0000][6][gc,task      ] GC(9) Using 2 workers of 2 for evacuation
[2020-08-13T13:10:35.688+0000][6][gc,age       ] GC(9) Desired survivor size 10485760 bytes, new threshold 6 (max threshold 15)
[2020-08-13T13:10:35.730+0000][6][gc,age       ] GC(9) Age table with threshold 6 (max threshold 15)
[2020-08-13T13:10:35.730+0000][6][gc,age       ] GC(9) - age   1:    3286784 bytes,    3286784 total
[2020-08-13T13:10:35.730+0000][6][gc,age       ] GC(9) - age   2:     653504 bytes,    3940288 total
[2020-08-13T13:10:35.730+0000][6][gc,age       ] GC(9) - age   3:    2913168 bytes,    6853456 total
[2020-08-13T13:10:35.730+0000][6][gc,age       ] GC(9) - age   4:    1392088 bytes,    8245544 total
[2020-08-13T13:10:35.730+0000][6][gc,age       ] GC(9) - age   5:     439112 bytes,    8684656 total
[2020-08-13T13:10:35.730+0000][6][gc,age       ] GC(9) - age   6:    2598320 bytes,   11282976 total
[2020-08-13T13:10:35.730+0000][6][gc,phases    ] GC(9)   Pre Evacuate Collection Set: 0.1ms
[2020-08-13T13:10:35.730+0000][6][gc,phases    ] GC(9)   Merge Heap Roots: 0.0ms
[2020-08-13T13:10:35.730+0000][6][gc,phases    ] GC(9)   Evacuate Collection Set: 40.1ms
[2020-08-13T13:10:35.730+0000][6][gc,phases    ] GC(9)   Post Evacuate Collection Set: 1.3ms
[2020-08-13T13:10:35.730+0000][6][gc,phases    ] GC(9)   Other: 0.3ms
[2020-08-13T13:10:35.730+0000][6][gc,heap      ] GC(9) Eden regions: 142->0(141)
[2020-08-13T13:10:35.730+0000][6][gc,heap      ] GC(9) Survivor regions: 11->12(20)
[2020-08-13T13:10:35.730+0000][6][gc,heap      ] GC(9) Old regions: 4->7
[2020-08-13T13:10:35.730+0000][6][gc,heap      ] GC(9) Archive regions: 2->2
[2020-08-13T13:10:35.730+0000][6][gc,heap      ] GC(9) Humongous regions: 1->1
[2020-08-13T13:10:35.730+0000][6][gc,metaspace ] GC(9) Metaspace: 19653K(21120K)->19653K(21120K) NonClass: 17228K(18176K)->17228K(18176K) Class: 2424K(2944K)->2424K(2944K)
[2020-08-13T13:10:35.730+0000][6][gc           ] GC(9) Pause Young (Normal) (G1 Evacuation Pause) 158M->19M(256M) 41.961ms
[2020-08-13T13:10:35.730+0000][6][gc,cpu       ] GC(9) User=0.03s Sys=0.00s Real=0.04s
[2020-08-13T13:10:35.730+0000][6][safepoint    ] Safepoint "G1CollectForAllocation", Time since last: 792051355 ns, Reaching safepoint: 102252 ns, At safepoint: 42043270 ns, Total: 42145522 ns
[2020-08-13T13:10:36.254+0000][6][gc,start     ] GC(10) Pause Young (Normal) (G1 Evacuation Pause)
[2020-08-13T13:10:36.254+0000][6][gc,task      ] GC(10) Using 2 workers of 2 for evacuation
[2020-08-13T13:10:36.254+0000][6][gc,age       ] GC(10) Desired survivor size 10485760 bytes, new threshold 6 (max threshold 15)
[2020-08-13T13:10:36.269+0000][6][gc,age       ] GC(10) Age table with threshold 6 (max threshold 15)
[2020-08-13T13:10:36.269+0000][6][gc,age       ] GC(10) - age   1:    1087168 bytes,    1087168 total
[2020-08-13T13:10:36.269+0000][6][gc,age       ] GC(10) - age   2:    1502344 bytes,    2589512 total
[2020-08-13T13:10:36.269+0000][6][gc,age       ] GC(10) - age   3:     653504 bytes,    3243016 total
[2020-08-13T13:10:36.269+0000][6][gc,age       ] GC(10) - age   4:    2913168 bytes,    6156184 total
[2020-08-13T13:10:36.269+0000][6][gc,age       ] GC(10) - age   5:    1391048 bytes,    7547232 total
[2020-08-13T13:10:36.269+0000][6][gc,age       ] GC(10) - age   6:     439112 bytes,    7986344 total
[2020-08-13T13:10:36.269+0000][6][gc,phases    ] GC(10)   Pre Evacuate Collection Set: 0.1ms
[2020-08-13T13:10:36.269+0000][6][gc,phases    ] GC(10)   Merge Heap Roots: 0.1ms
[2020-08-13T13:10:36.269+0000][6][gc,phases    ] GC(10)   Evacuate Collection Set: 13.8ms
[2020-08-13T13:10:36.269+0000][6][gc,phases    ] GC(10)   Post Evacuate Collection Set: 0.9ms
[2020-08-13T13:10:36.269+0000][6][gc,phases    ] GC(10)   Other: 0.3ms
[2020-08-13T13:10:36.269+0000][6][gc,heap      ] GC(10) Eden regions: 141->0(145)
[2020-08-13T13:10:36.270+0000][6][gc,heap      ] GC(10) Survivor regions: 12->8(20)
[2020-08-13T13:10:36.270+0000][6][gc,heap      ] GC(10) Old regions: 7->9
[2020-08-13T13:10:36.270+0000][6][gc,heap      ] GC(10) Archive regions: 2->2
[2020-08-13T13:10:36.270+0000][6][gc,heap      ] GC(10) Humongous regions: 1->1
[2020-08-13T13:10:36.270+0000][6][gc,metaspace ] GC(10) Metaspace: 19819K(21296K)->19819K(21296K) NonClass: 17373K(18352K)->17373K(18352K) Class: 2446K(2944K)->2446K(2944K)
[2020-08-13T13:10:36.270+0000][6][gc           ] GC(10) Pause Young (Normal) (G1 Evacuation Pause) 160M->18M(256M) 15.171ms
[2020-08-13T13:10:36.270+0000][6][gc,cpu       ] GC(10) User=0.02s Sys=0.00s Real=0.02s
[2020-08-13T13:10:36.270+0000][6][safepoint    ] Safepoint "G1CollectForAllocation", Time since last: 523952250 ns, Reaching safepoint: 87494 ns, At safepoint: 15245725 ns, Total: 15333219 ns
[2020-08-13T13:10:36.353+0000][6][gc,start     ] GC(11) Pause Young (Concurrent Start) (Metadata GC Threshold)
[2020-08-13T13:10:36.353+0000][6][gc,task      ] GC(11) Using 2 workers of 2 for evacuation
[2020-08-13T13:10:36.353+0000][6][gc,age       ] GC(11) Desired survivor size 10485760 bytes, new threshold 15 (max threshold 15)
[2020-08-13T13:10:36.385+0000][6][gc,age       ] GC(11) Age table with threshold 15 (max threshold 15)
[2020-08-13T13:10:36.385+0000][6][gc,age       ] GC(11) - age   1:      85504 bytes,      85504 total
[2020-08-13T13:10:36.385+0000][6][gc,age       ] GC(11) - age   2:     572024 bytes,     657528 total
[2020-08-13T13:10:36.385+0000][6][gc,age       ] GC(11) - age   3:    1502344 bytes,    2159872 total
[2020-08-13T13:10:36.385+0000][6][gc,age       ] GC(11) - age   4:     653504 bytes,    2813376 total
[2020-08-13T13:10:36.385+0000][6][gc,age       ] GC(11) - age   5:    2913168 bytes,    5726544 total
[2020-08-13T13:10:36.385+0000][6][gc,age       ] GC(11) - age   6:    1391048 bytes,    7117592 total
[2020-08-13T13:10:36.385+0000][6][gc,age       ] GC(11) - age   7:     439112 bytes,    7556704 total
[2020-08-13T13:10:36.385+0000][6][gc,phases    ] GC(11)   Pre Evacuate Collection Set: 0.2ms
[2020-08-13T13:10:36.385+0000][6][gc,phases    ] GC(11)   Merge Heap Roots: 0.0ms
[2020-08-13T13:10:36.385+0000][6][gc,phases    ] GC(11)   Evacuate Collection Set: 25.1ms
[2020-08-13T13:10:36.385+0000][6][gc,phases    ] GC(11)   Post Evacuate Collection Set: 5.6ms
[2020-08-13T13:10:36.385+0000][6][gc,phases    ] GC(11)   Other: 0.4ms
[2020-08-13T13:10:36.385+0000][6][gc,heap      ] GC(11) Eden regions: 24->0(145)
[2020-08-13T13:10:36.385+0000][6][gc,heap      ] GC(11) Survivor regions: 8->8(20)
[2020-08-13T13:10:36.385+0000][6][gc,heap      ] GC(11) Old regions: 9->9
[2020-08-13T13:10:36.385+0000][6][gc,heap      ] GC(11) Archive regions: 2->2
[2020-08-13T13:10:36.385+0000][6][gc,heap      ] GC(11) Humongous regions: 1->1
[2020-08-13T13:10:36.385+0000][6][gc,metaspace ] GC(11) Metaspace: 19821K(21296K)->19821K(21296K) NonClass: 17374K(18352K)->17374K(18352K) Class: 2446K(2944K)->2446K(2944K)
[2020-08-13T13:10:36.385+0000][6][gc           ] GC(11) Pause Young (Concurrent Start) (Metadata GC Threshold) 42M->18M(256M) 31.410ms
[2020-08-13T13:10:36.385+0000][6][gc,cpu       ] GC(11) User=0.01s Sys=0.00s Real=0.03s
[2020-08-13T13:10:36.385+0000][6][safepoint    ] Safepoint "CollectForMetadataAllocation", Time since last: 83661814 ns, Reaching safepoint: 69811 ns, At safepoint: 31605334 ns, Total: 31675145 ns
[2020-08-13T13:10:36.385+0000][6][gc           ] GC(12) Concurrent Cycle
[2020-08-13T13:10:36.385+0000][6][gc,marking   ] GC(12) Concurrent Clear Claimed Marks
[2020-08-13T13:10:36.385+0000][6][gc,marking   ] GC(12) Concurrent Clear Claimed Marks 0.127ms
[2020-08-13T13:10:36.385+0000][6][gc,marking   ] GC(12) Concurrent Scan Root Regions
[2020-08-13T13:10:36.388+0000][6][gc,marking   ] GC(12) Concurrent Scan Root Regions 3.155ms
[2020-08-13T13:10:36.388+0000][6][gc,marking   ] GC(12) Concurrent Mark (13.380s)
[2020-08-13T13:10:36.388+0000][6][gc,marking   ] GC(12) Concurrent Mark From Roots
[2020-08-13T13:10:36.388+0000][6][gc,task      ] GC(12) Using 1 workers of 1 for marking
[2020-08-13T13:10:36.462+0000][6][gc,marking   ] GC(12) Concurrent Mark From Roots 73.408ms
[2020-08-13T13:10:36.462+0000][6][gc,marking   ] GC(12) Concurrent Preclean
[2020-08-13T13:10:36.462+0000][6][gc,marking   ] GC(12) Concurrent Preclean 0.079ms
[2020-08-13T13:10:36.462+0000][6][gc,marking   ] GC(12) Concurrent Mark (13.380s, 13.453s) 73.567ms
[2020-08-13T13:10:36.485+0000][6][gc,start     ] GC(12) Pause Remark
[2020-08-13T13:10:36.525+0000][6][gc           ] GC(12) Pause Remark 39M->39M(256M) 40.064ms
[2020-08-13T13:10:36.525+0000][6][gc,cpu       ] GC(12) User=0.01s Sys=0.00s Real=0.04s
[2020-08-13T13:10:36.525+0000][6][safepoint    ] Safepoint "G1Concurrent", Time since last: 81708760 ns, Reaching safepoint: 18110756 ns, At safepoint: 40185242 ns, Total: 58295998 ns
[2020-08-13T13:10:36.528+0000][6][gc,marking   ] GC(12) Concurrent Rebuild Remembered Sets
[2020-08-13T13:10:36.542+0000][6][gc,marking   ] GC(12) Concurrent Rebuild Remembered Sets 14.769ms
[2020-08-13T13:10:36.553+0000][6][gc,start     ] GC(12) Pause Cleanup
[2020-08-13T13:10:36.553+0000][6][gc           ] GC(12) Pause Cleanup 44M->44M(256M) 0.150ms
[2020-08-13T13:10:36.553+0000][6][gc,cpu       ] GC(12) User=0.00s Sys=0.00s Real=0.00s
[2020-08-13T13:10:36.553+0000][6][safepoint    ] Safepoint "G1Concurrent", Time since last: 26774172 ns, Reaching safepoint: 864257 ns, At safepoint: 184977 ns, Total: 1049234 ns
[2020-08-13T13:10:36.556+0000][6][gc,marking   ] GC(12) Concurrent Cleanup for Next Mark
[2020-08-13T13:10:36.556+0000][6][gc,marking   ] GC(12) Concurrent Cleanup for Next Mark 0.616ms
[2020-08-13T13:10:36.556+0000][6][gc           ] GC(12) Concurrent Cycle 171.146ms
[2020-08-13T13:10:37.244+0000][6][gc,start     ] GC(13) Pause Young (Normal) (G1 Evacuation Pause)
[2020-08-13T13:10:37.244+0000][6][gc,task      ] GC(13) Using 2 workers of 2 for evacuation
[2020-08-13T13:10:37.244+0000][6][gc,age       ] GC(13) Desired survivor size 10485760 bytes, new threshold 15 (max threshold 15)
[2020-08-13T13:10:37.305+0000][6][gc,age       ] GC(13) Age table with threshold 15 (max threshold 15)
[2020-08-13T13:10:37.305+0000][6][gc,age       ] GC(13) - age   1:     753432 bytes,     753432 total
[2020-08-13T13:10:37.305+0000][6][gc,age       ] GC(13) - age   2:      44096 bytes,     797528 total
[2020-08-13T13:10:37.305+0000][6][gc,age       ] GC(13) - age   3:     571912 bytes,    1369440 total
[2020-08-13T13:10:37.305+0000][6][gc,age       ] GC(13) - age   4:    1502184 bytes,    2871624 total
[2020-08-13T13:10:37.305+0000][6][gc,age       ] GC(13) - age   5:     653480 bytes,    3525104 total
[2020-08-13T13:10:37.305+0000][6][gc,age       ] GC(13) - age   6:    2913144 bytes,    6438248 total
[2020-08-13T13:10:37.305+0000][6][gc,age       ] GC(13) - age   7:    1391048 bytes,    7829296 total
[2020-08-13T13:10:37.305+0000][6][gc,age       ] GC(13) - age   8:     439112 bytes,    8268408 total
[2020-08-13T13:10:37.305+0000][6][gc,phases    ] GC(13)   Pre Evacuate Collection Set: 0.1ms
[2020-08-13T13:10:37.305+0000][6][gc,phases    ] GC(13)   Merge Heap Roots: 10.1ms
[2020-08-13T13:10:37.305+0000][6][gc,phases    ] GC(13)   Evacuate Collection Set: 44.8ms
[2020-08-13T13:10:37.305+0000][6][gc,phases    ] GC(13)   Post Evacuate Collection Set: 5.7ms
[2020-08-13T13:10:37.305+0000][6][gc,phases    ] GC(13)   Other: 0.3ms
[2020-08-13T13:10:37.305+0000][6][gc,heap      ] GC(13) Eden regions: 145->0(144)
[2020-08-13T13:10:37.305+0000][6][gc,heap      ] GC(13) Survivor regions: 8->9(20)
[2020-08-13T13:10:37.305+0000][6][gc,heap      ] GC(13) Old regions: 9->9
[2020-08-13T13:10:37.305+0000][6][gc,heap      ] GC(13) Archive regions: 2->2
[2020-08-13T13:10:37.305+0000][6][gc,heap      ] GC(13) Humongous regions: 1->1
[2020-08-13T13:10:37.305+0000][6][gc,metaspace ] GC(13) Metaspace: 20154K(21808K)->20154K(21808K) NonClass: 17637K(18864K)->17637K(18864K) Class: 2516K(2944K)->2516K(2944K)
[2020-08-13T13:10:37.306+0000][6][gc           ] GC(13) Pause Young (Normal) (G1 Evacuation Pause) 163M->19M(256M) 61.138ms
[2020-08-13T13:10:37.306+0000][6][gc,cpu       ] GC(13) User=0.02s Sys=0.00s Real=0.06s
[2020-08-13T13:10:37.306+0000][6][safepoint    ] Safepoint "G1CollectForAllocation", Time since last: 691483689 ns, Reaching safepoint: 105497 ns, At safepoint: 61222246 ns, Total: 61327743 ns
[2020-08-13T13:10:39.070+0000][6][safepoint    ] Safepoint "Cleanup", Time since last: 1764009212 ns, Reaching safepoint: 720198 ns, At safepoint: 2985 ns, Total: 723183 ns
[2020-08-13T13:10:39.364+0000][6][gc,start     ] GC(14) Pause Young (Normal) (G1 Evacuation Pause)
[2020-08-13T13:10:39.364+0000][6][gc,task      ] GC(14) Using 2 workers of 2 for evacuation
[2020-08-13T13:10:39.364+0000][6][gc,age       ] GC(14) Desired survivor size 10485760 bytes, new threshold 15 (max threshold 15)
[2020-08-13T13:10:39.400+0000][6][gc,age       ] GC(14) Age table with threshold 15 (max threshold 15)
[2020-08-13T13:10:39.400+0000][6][gc,age       ] GC(14) - age   1:    1994016 bytes,    1994016 total
[2020-08-13T13:10:39.400+0000][6][gc,age       ] GC(14) - age   2:     534944 bytes,    2528960 total
[2020-08-13T13:10:39.400+0000][6][gc,age       ] GC(14) - age   3:      44096 bytes,    2573056 total
[2020-08-13T13:10:39.400+0000][6][gc,age       ] GC(14) - age   4:     571880 bytes,    3144936 total
[2020-08-13T13:10:39.400+0000][6][gc,age       ] GC(14) - age   5:    1501704 bytes,    4646640 total
[2020-08-13T13:10:39.400+0000][6][gc,age       ] GC(14) - age   6:     645568 bytes,    5292208 total
[2020-08-13T13:10:39.400+0000][6][gc,age       ] GC(14) - age   7:    2909448 bytes,    8201656 total
[2020-08-13T13:10:39.400+0000][6][gc,age       ] GC(14) - age   8:    1386416 bytes,    9588072 total
[2020-08-13T13:10:39.400+0000][6][gc,age       ] GC(14) - age   9:     438376 bytes,   10026448 total
[2020-08-13T13:10:39.400+0000][6][gc,phases    ] GC(14)   Pre Evacuate Collection Set: 0.0ms
[2020-08-13T13:10:39.400+0000][6][gc,phases    ] GC(14)   Merge Heap Roots: 0.1ms
[2020-08-13T13:10:39.400+0000][6][gc,phases    ] GC(14)   Evacuate Collection Set: 27.9ms
[2020-08-13T13:10:39.400+0000][6][gc,phases    ] GC(14)   Post Evacuate Collection Set: 7.6ms
[2020-08-13T13:10:39.400+0000][6][gc,phases    ] GC(14)   Other: 0.3ms
[2020-08-13T13:10:39.400+0000][6][gc,heap      ] GC(14) Eden regions: 144->0(143)
[2020-08-13T13:10:39.400+0000][6][gc,heap      ] GC(14) Survivor regions: 9->10(20)
[2020-08-13T13:10:39.400+0000][6][gc,heap      ] GC(14) Old regions: 9->9
[2020-08-13T13:10:39.400+0000][6][gc,heap      ] GC(14) Archive regions: 2->2
[2020-08-13T13:10:39.400+0000][6][gc,heap      ] GC(14) Humongous regions: 1->1
[2020-08-13T13:10:39.400+0000][6][gc,metaspace ] GC(14) Metaspace: 25825K(28208K)->25825K(28208K) NonClass: 22581K(24240K)->22581K(24240K) Class: 3243K(3968K)->3243K(3968K)
[2020-08-13T13:10:39.400+0000][6][gc           ] GC(14) Pause Young (Normal) (G1 Evacuation Pause) 163M->20M(256M) 36.031ms
[2020-08-13T13:10:39.400+0000][6][gc,cpu       ] GC(14) User=0.04s Sys=0.00s Real=0.04s
[2020-08-13T13:10:39.400+0000][6][safepoint    ] Safepoint "G1CollectForAllocation", Time since last: 293840624 ns, Reaching safepoint: 98776 ns, At safepoint: 36106548 ns, Total: 36205324 ns
[2020-08-13T13:10:41.065+0000][6][safepoint    ] Safepoint "Cleanup", Time since last: 1664317615 ns, Reaching safepoint: 632123 ns, At safepoint: 3006 ns, Total: 635129 ns
[2020-08-13T13:10:42.083+0000][6][safepoint    ] Safepoint "Cleanup", Time since last: 1017358499 ns, Reaching safepoint: 242465 ns, At safepoint: 3947 ns, Total: 246412 ns
[2020-08-13T13:10:43.093+0000][6][safepoint    ] Safepoint "Cleanup", Time since last: 1001727182 ns, Reaching safepoint: 8151397 ns, At safepoint: 4779 ns, Total: 8156176 ns
[2020-08-13T13:10:43.875+0000][6][safepoint    ] Safepoint "BulkRevokeBias", Time since last: 775257204 ns, Reaching safepoint: 6742089 ns, At safepoint: 122208 ns, Total: 6864297 ns
[2020-08-13T13:10:45.273+0000][6][safepoint    ] Safepoint "Cleanup", Time since last: 1379804022 ns, Reaching safepoint: 18097704 ns, At safepoint: 5440 ns, Total: 18103144 ns
[2020-08-13T13:10:45.670+0000][6][gc,start     ] GC(15) Pause Young (Normal) (G1 Evacuation Pause)
[2020-08-13T13:10:45.670+0000][6][gc,task      ] GC(15) Using 2 workers of 2 for evacuation
[2020-08-13T13:10:45.670+0000][6][gc,age       ] GC(15) Desired survivor size 10485760 bytes, new threshold 15 (max threshold 15)
[2020-08-13T13:10:45.873+0000][6][gc,age       ] GC(15) Age table with threshold 15 (max threshold 15)
[2020-08-13T13:10:45.873+0000][6][gc,age       ] GC(15) - age   1:   10895512 bytes,   10895512 total
[2020-08-13T13:10:45.873+0000][6][gc,age       ] GC(15) - age   2:    1932544 bytes,   12828056 total
[2020-08-13T13:10:45.873+0000][6][gc,age       ] GC(15) - age   3:     532376 bytes,   13360432 total
[2020-08-13T13:10:45.873+0000][6][gc,age       ] GC(15) - age   4:      44096 bytes,   13404528 total
[2020-08-13T13:10:45.873+0000][6][gc,age       ] GC(15) - age   5:     571816 bytes,   13976344 total
[2020-08-13T13:10:45.873+0000][6][gc,age       ] GC(15) - age   6:    1500368 bytes,   15476712 total
[2020-08-13T13:10:45.873+0000][6][gc,age       ] GC(15) - age   7:     644648 bytes,   16121360 total
[2020-08-13T13:10:45.873+0000][6][gc,age       ] GC(15) - age   8:    2904568 bytes,   19025928 total
[2020-08-13T13:10:45.873+0000][6][gc,age       ] GC(15) - age   9:    1385952 bytes,   20411880 total
[2020-08-13T13:10:45.873+0000][6][gc,age       ] GC(15) - age  10:     438200 bytes,   20850080 total
[2020-08-13T13:10:45.873+0000][6][gc,mmu       ] GC(15) MMU target violated: 201.0ms (200.0ms/201.0ms)
[2020-08-13T13:10:45.873+0000][6][gc,phases    ] GC(15)   Pre Evacuate Collection Set: 0.1ms
[2020-08-13T13:10:45.873+0000][6][gc,phases    ] GC(15)   Merge Heap Roots: 0.1ms
[2020-08-13T13:10:45.873+0000][6][gc,phases    ] GC(15)   Evacuate Collection Set: 200.7ms
[2020-08-13T13:10:45.873+0000][6][gc,phases    ] GC(15)   Post Evacuate Collection Set: 2.3ms
[2020-08-13T13:10:45.873+0000][6][gc,phases    ] GC(15)   Other: 0.4ms
[2020-08-13T13:10:45.873+0000][6][gc,heap      ] GC(15) Eden regions: 143->0(129)
[2020-08-13T13:10:45.873+0000][6][gc,heap      ] GC(15) Survivor regions: 10->20(20)
[2020-08-13T13:10:45.873+0000][6][gc,heap      ] GC(15) Old regions: 9->17
[2020-08-13T13:10:45.873+0000][6][gc,heap      ] GC(15) Archive regions: 2->2
[2020-08-13T13:10:45.873+0000][6][gc,heap      ] GC(15) Humongous regions: 1->1
[2020-08-13T13:10:45.873+0000][6][gc,metaspace ] GC(15) Metaspace: 29128K(31792K)->29128K(31792K) NonClass: 25426K(27312K)->25426K(27312K) Class: 3701K(4480K)->3701K(4480K)
[2020-08-13T13:10:45.873+0000][6][gc           ] GC(15) Pause Young (Normal) (G1 Evacuation Pause) 163M->38M(256M) 203.579ms
[2020-08-13T13:10:45.873+0000][6][gc,cpu       ] GC(15) User=0.12s Sys=0.00s Real=0.20s
[2020-08-13T13:10:45.873+0000][6][safepoint    ] Safepoint "G1CollectForAllocation", Time since last: 396815582 ns, Reaching safepoint: 79609 ns, At safepoint: 203666459 ns, Total: 203746068 ns
[2020-08-13T13:10:46.907+0000][6][safepoint    ] Safepoint "Cleanup", Time since last: 1021480986 ns, Reaching safepoint: 11898039 ns, At safepoint: 6001 ns, Total: 11904040 ns
[2020-08-13T13:10:47.915+0000][6][safepoint    ] Safepoint "Cleanup", Time since last: 1000864729 ns, Reaching safepoint: 7384301 ns, At safepoint: 9488 ns, Total: 7393789 ns
[2020-08-13T13:10:48.541+0000][6][gc,start     ] GC(16) Pause Young (Concurrent Start) (Metadata GC Threshold)
[2020-08-13T13:10:48.541+0000][6][gc,task      ] GC(16) Using 2 workers of 2 for evacuation
[2020-08-13T13:10:48.541+0000][6][gc,age       ] GC(16) Desired survivor size 9961472 bytes, new threshold 1 (max threshold 15)
[2020-08-13T13:10:48.739+0000][6][gc,age       ] GC(16) Age table with threshold 1 (max threshold 15)
[2020-08-13T13:10:48.739+0000][6][gc,age       ] GC(16) - age   1:    7967560 bytes,    7967560 total
[2020-08-13T13:10:48.739+0000][6][gc,phases    ] GC(16)   Pre Evacuate Collection Set: 0.4ms
[2020-08-13T13:10:48.739+0000][6][gc,phases    ] GC(16)   Merge Heap Roots: 0.3ms
[2020-08-13T13:10:48.739+0000][6][gc,phases    ] GC(16)   Evacuate Collection Set: 195.1ms
[2020-08-13T13:10:48.739+0000][6][gc,phases    ] GC(16)   Post Evacuate Collection Set: 2.3ms
[2020-08-13T13:10:48.739+0000][6][gc,phases    ] GC(16)   Other: 0.3ms
[2020-08-13T13:10:48.739+0000][6][gc,heap      ] GC(16) Eden regions: 88->0(122)
[2020-08-13T13:10:48.739+0000][6][gc,heap      ] GC(16) Survivor regions: 20->8(19)
[2020-08-13T13:10:48.739+0000][6][gc,heap      ] GC(16) Old regions: 17->37
[2020-08-13T13:10:48.739+0000][6][gc,heap      ] GC(16) Archive regions: 2->2
[2020-08-13T13:10:48.739+0000][6][gc,heap      ] GC(16) Humongous regions: 1->1
[2020-08-13T13:10:48.739+0000][6][gc,metaspace ] GC(16) Metaspace: 32575K(35888K)->32575K(35888K) NonClass: 28292K(30640K)->28292K(30640K) Class: 4282K(5248K)->4282K(5248K)
[2020-08-13T13:10:48.739+0000][6][gc           ] GC(16) Pause Young (Concurrent Start) (Metadata GC Threshold) 126M->46M(256M) 198.480ms
[2020-08-13T13:10:48.739+0000][6][gc,cpu       ] GC(16) User=0.09s Sys=0.00s Real=0.20s
[2020-08-13T13:10:48.739+0000][6][safepoint    ] Safepoint "CollectForMetadataAllocation", Time since last: 625659845 ns, Reaching safepoint: 92353 ns, At safepoint: 198652955 ns, Total: 198745308 ns
[2020-08-13T13:10:48.742+0000][6][gc           ] GC(17) Concurrent Cycle
[2020-08-13T13:10:48.742+0000][6][gc,marking   ] GC(17) Concurrent Clear Claimed Marks
[2020-08-13T13:10:48.742+0000][6][gc,marking   ] GC(17) Concurrent Clear Claimed Marks 0.300ms
[2020-08-13T13:10:48.742+0000][6][gc,marking   ] GC(17) Concurrent Scan Root Regions
[2020-08-13T13:10:48.845+0000][6][gc,marking   ] GC(17) Concurrent Scan Root Regions 102.674ms
[2020-08-13T13:10:48.845+0000][6][gc,marking   ] GC(17) Concurrent Mark (25.836s)
[2020-08-13T13:10:48.845+0000][6][gc,marking   ] GC(17) Concurrent Mark From Roots
[2020-08-13T13:10:48.845+0000][6][gc,task      ] GC(17) Using 1 workers of 1 for marking
[2020-08-13T13:10:48.965+0000][6][gc,marking   ] GC(17) Concurrent Mark From Roots 120.396ms
[2020-08-13T13:10:48.965+0000][6][gc,marking   ] GC(17) Concurrent Preclean
[2020-08-13T13:10:48.965+0000][6][gc,marking   ] GC(17) Concurrent Preclean 0.105ms
[2020-08-13T13:10:48.965+0000][6][gc,marking   ] GC(17) Concurrent Mark (25.836s, 25.956s) 120.594ms
[2020-08-13T13:10:48.976+0000][6][gc,start     ] GC(17) Pause Remark
[2020-08-13T13:10:49.046+0000][6][gc           ] GC(17) Pause Remark 53M->53M(256M) 70.140ms
[2020-08-13T13:10:49.046+0000][6][gc,cpu       ] GC(17) User=0.02s Sys=0.00s Real=0.07s
[2020-08-13T13:10:49.046+0000][6][safepoint    ] Safepoint "G1Concurrent", Time since last: 225903860 ns, Reaching safepoint: 10364629 ns, At safepoint: 70345073 ns, Total: 80709702 ns
[2020-08-13T13:10:49.046+0000][6][gc,marking   ] GC(17) Concurrent Rebuild Remembered Sets
[2020-08-13T13:10:49.127+0000][6][gc,marking   ] GC(17) Concurrent Rebuild Remembered Sets 80.463ms
[2020-08-13T13:10:49.144+0000][6][gc,start     ] GC(17) Pause Cleanup
[2020-08-13T13:10:49.145+0000][6][gc           ] GC(17) Pause Cleanup 54M->54M(256M) 0.182ms
[2020-08-13T13:10:49.145+0000][6][gc,cpu       ] GC(17) User=0.00s Sys=0.00s Real=0.00s
[2020-08-13T13:10:49.145+0000][6][safepoint    ] Safepoint "G1Concurrent", Time since last: 80600749 ns, Reaching safepoint: 17715297 ns, At safepoint: 224380 ns, Total: 17939677 ns
[2020-08-13T13:10:49.145+0000][6][gc,marking   ] GC(17) Concurrent Cleanup for Next Mark
[2020-08-13T13:10:49.145+0000][6][gc,marking   ] GC(17) Concurrent Cleanup for Next Mark 0.625ms
[2020-08-13T13:10:49.145+0000][6][gc           ] GC(17) Concurrent Cycle 403.666ms
[2020-08-13T13:10:50.147+0000][6][safepoint    ] Safepoint "Cleanup", Time since last: 1001064072 ns, Reaching safepoint: 1124805 ns, At safepoint: 4669 ns, Total: 1129474 ns
[2020-08-13T13:10:50.334+0000][6][gc,start     ] GC(18) Pause Young (Normal) (G1 Evacuation Pause)
[2020-08-13T13:10:50.334+0000][6][gc,task      ] GC(18) Using 2 workers of 2 for evacuation
[2020-08-13T13:10:50.334+0000][6][gc,age       ] GC(18) Desired survivor size 8912896 bytes, new threshold 15 (max threshold 15)
[2020-08-13T13:10:50.411+0000][6][gc,age       ] GC(18) Age table with threshold 15 (max threshold 15)
[2020-08-13T13:10:50.411+0000][6][gc,age       ] GC(18) - age   1:    1475368 bytes,    1475368 total
[2020-08-13T13:10:50.411+0000][6][gc,age       ] GC(18) - age   2:    7934200 bytes,    9409568 total
[2020-08-13T13:10:50.411+0000][6][gc,phases    ] GC(18)   Pre Evacuate Collection Set: 0.1ms
[2020-08-13T13:10:50.411+0000][6][gc,phases    ] GC(18)   Merge Heap Roots: 0.1ms
[2020-08-13T13:10:50.411+0000][6][gc,phases    ] GC(18)   Evacuate Collection Set: 75.7ms
[2020-08-13T13:10:50.411+0000][6][gc,phases    ] GC(18)   Post Evacuate Collection Set: 1.2ms
[2020-08-13T13:10:50.411+0000][6][gc,phases    ] GC(18)   Other: 0.3ms
[2020-08-13T13:10:50.411+0000][6][gc,heap      ] GC(18) Eden regions: 122->0(123)
[2020-08-13T13:10:50.411+0000][6][gc,heap      ] GC(18) Survivor regions: 8->10(17)
[2020-08-13T13:10:50.411+0000][6][gc,heap      ] GC(18) Old regions: 37->37
[2020-08-13T13:10:50.411+0000][6][gc,heap      ] GC(18) Archive regions: 2->2
[2020-08-13T13:10:50.411+0000][6][gc,heap      ] GC(18) Humongous regions: 1->1
[2020-08-13T13:10:50.411+0000][6][gc,metaspace ] GC(18) Metaspace: 34923K(38320K)->34923K(38320K) NonClass: 30376K(32688K)->30376K(32688K) Class: 4546K(5632K)->4546K(5632K)
[2020-08-13T13:10:50.411+0000][6][gc           ] GC(18) Pause Young (Normal) (G1 Evacuation Pause) 168M->48M(256M) 77.384ms
[2020-08-13T13:10:50.411+0000][6][gc,cpu       ] GC(18) User=0.05s Sys=0.00s Real=0.08s
[2020-08-13T13:10:50.411+0000][6][safepoint    ] Safepoint "G1CollectForAllocation", Time since last: 182759789 ns, Reaching safepoint: 4189942 ns, At safepoint: 77482703 ns, Total: 81672645 ns
[2020-08-13T13:10:51.426+0000][6][safepoint    ] Safepoint "Cleanup", Time since last: 1001430277 ns, Reaching safepoint: 13240101 ns, At safepoint: 6222 ns, Total: 13246323 ns
[2020-08-13T13:10:52.655+0000][6][safepoint    ] Safepoint "Cleanup", Time since last: 1222477237 ns, Reaching safepoint: 6301895 ns, At safepoint: 7604 ns, Total: 6309499 ns
[2020-08-13T13:10:53.662+0000][6][safepoint    ] Safepoint "Cleanup", Time since last: 1003022818 ns, Reaching safepoint: 4069587 ns, At safepoint: 6833 ns, Total: 4076420 ns
[2020-08-13T13:10:54.672+0000][6][safepoint    ] Safepoint "Cleanup", Time since last: 1007856525 ns, Reaching safepoint: 2191101 ns, At safepoint: 4529 ns, Total: 2195630 ns
[2020-08-13T13:10:55.748+0000][6][safepoint    ] Safepoint "Cleanup", Time since last: 1075812898 ns, Reaching safepoint: 217387 ns, At safepoint: 2495 ns, Total: 219882 ns
[2020-08-13T13:10:56.754+0000][6][safepoint    ] Safepoint "Cleanup", Time since last: 1000769490 ns, Reaching safepoint: 5291685 ns, At safepoint: 4148 ns, Total: 5295833 ns
[2020-08-13T13:10:56.887+0000][6][gc,start     ] GC(19) Pause Young (Normal) (G1 Evacuation Pause)
[2020-08-13T13:10:56.887+0000][6][gc,task      ] GC(19) Using 2 workers of 2 for evacuation
[2020-08-13T13:10:56.887+0000][6][gc,age       ] GC(19) Desired survivor size 8912896 bytes, new threshold 2 (max threshold 15)
[2020-08-13T13:10:57.010+0000][6][gc,age       ] GC(19) Age table with threshold 2 (max threshold 15)
[2020-08-13T13:10:57.010+0000][6][gc,age       ] GC(19) - age   1:    5871880 bytes,    5871880 total
[2020-08-13T13:10:57.010+0000][6][gc,age       ] GC(19) - age   2:    1422384 bytes,    7294264 total
[2020-08-13T13:10:57.010+0000][6][gc,phases    ] GC(19)   Pre Evacuate Collection Set: 0.1ms
[2020-08-13T13:10:57.010+0000][6][gc,phases    ] GC(19)   Merge Heap Roots: 0.2ms
[2020-08-13T13:10:57.010+0000][6][gc,phases    ] GC(19)   Evacuate Collection Set: 119.6ms
[2020-08-13T13:10:57.010+0000][6][gc,phases    ] GC(19)   Post Evacuate Collection Set: 3.4ms
[2020-08-13T13:10:57.010+0000][6][gc,phases    ] GC(19)   Other: 0.3ms
[2020-08-13T13:10:57.010+0000][6][gc,heap      ] GC(19) Eden regions: 123->0(117)
[2020-08-13T13:10:57.010+0000][6][gc,heap      ] GC(19) Survivor regions: 10->8(17)
[2020-08-13T13:10:57.010+0000][6][gc,heap      ] GC(19) Old regions: 37->45
[2020-08-13T13:10:57.010+0000][6][gc,heap      ] GC(19) Archive regions: 2->2
[2020-08-13T13:10:57.010+0000][6][gc,heap      ] GC(19) Humongous regions: 1->1
[2020-08-13T13:10:57.010+0000][6][gc,metaspace ] GC(19) Metaspace: 49721K(54576K)->49721K(54576K) NonClass: 42971K(46000K)->42971K(46000K) Class: 6750K(8576K)->6750K(8576K)
[2020-08-13T13:10:57.010+0000][6][gc           ] GC(19) Pause Young (Normal) (G1 Evacuation Pause) 171M->54M(256M) 123.676ms
[2020-08-13T13:10:57.010+0000][6][gc,cpu       ] GC(19) User=0.04s Sys=0.00s Real=0.12s
[2020-08-13T13:10:57.010+0000][6][safepoint    ] Safepoint "G1CollectForAllocation", Time since last: 132713236 ns, Reaching safepoint: 89267 ns, At safepoint: 123771761 ns, Total: 123861028 ns
[2020-08-13T13:10:58.090+0000][6][safepoint    ] Safepoint "Cleanup", Time since last: 1063281604 ns, Reaching safepoint: 16019694 ns, At safepoint: 7634 ns, Total: 16027328 ns
[2020-08-13T13:10:59.691+0000][6][safepoint    ] Safepoint "Cleanup", Time since last: 1584038122 ns, Reaching safepoint: 16920069 ns, At safepoint: 5220 ns, Total: 16925289 ns
[2020-08-13T13:11:00.137+0000][6][safepoint    ] Safepoint "BulkRevokeBias", Time since last: 445395188 ns, Reaching safepoint: 372918 ns, At safepoint: 198041 ns, Total: 570959 ns
[2020-08-13T13:11:00.179+0000][6][gc,start     ] GC(20) Pause Young (Concurrent Start) (Metadata GC Threshold)
[2020-08-13T13:11:00.179+0000][6][gc,task      ] GC(20) Using 2 workers of 2 for evacuation
[2020-08-13T13:11:00.179+0000][6][gc,age       ] GC(20) Desired survivor size 8388608 bytes, new threshold 15 (max threshold 15)
[2020-08-13T13:11:00.235+0000][6][gc,age       ] GC(20) Age table with threshold 15 (max threshold 15)
[2020-08-13T13:11:00.235+0000][6][gc,age       ] GC(20) - age   1:    3285840 bytes,    3285840 total
[2020-08-13T13:11:00.235+0000][6][gc,age       ] GC(20) - age   2:    5728264 bytes,    9014104 total
[2020-08-13T13:11:00.235+0000][6][gc,age       ] GC(20) - age   3:    1421600 bytes,   10435704 total
[2020-08-13T13:11:00.235+0000][6][gc,phases    ] GC(20)   Pre Evacuate Collection Set: 0.7ms
[2020-08-13T13:11:00.235+0000][6][gc,phases    ] GC(20)   Merge Heap Roots: 0.1ms
[2020-08-13T13:11:00.235+0000][6][gc,phases    ] GC(20)   Evacuate Collection Set: 52.5ms
[2020-08-13T13:11:00.235+0000][6][gc,phases    ] GC(20)   Post Evacuate Collection Set: 1.7ms
[2020-08-13T13:11:00.235+0000][6][gc,phases    ] GC(20)   Other: 0.3ms
[2020-08-13T13:11:00.235+0000][6][gc,heap      ] GC(20) Eden regions: 72->0(116)
[2020-08-13T13:11:00.235+0000][6][gc,heap      ] GC(20) Survivor regions: 8->11(16)
[2020-08-13T13:11:00.235+0000][6][gc,heap      ] GC(20) Old regions: 45->45
[2020-08-13T13:11:00.235+0000][6][gc,heap      ] GC(20) Archive regions: 2->2
[2020-08-13T13:11:00.235+0000][6][gc,heap      ] GC(20) Humongous regions: 1->1
[2020-08-13T13:11:00.235+0000][6][gc,metaspace ] GC(20) Metaspace: 54858K(59952K)->54858K(59952K) NonClass: 47412K(50608K)->47412K(50608K) Class: 7445K(9344K)->7445K(9344K)
[2020-08-13T13:11:00.235+0000][6][gc           ] GC(20) Pause Young (Concurrent Start) (Metadata GC Threshold) 125M->57M(256M) 55.497ms
[2020-08-13T13:11:00.235+0000][6][gc,cpu       ] GC(20) User=0.06s Sys=0.00s Real=0.05s
[2020-08-13T13:11:00.235+0000][6][safepoint    ] Safepoint "CollectForMetadataAllocation", Time since last: 42509865 ns, Reaching safepoint: 87363 ns, At safepoint: 55690955 ns, Total: 55778318 ns
[2020-08-13T13:11:00.235+0000][6][gc           ] GC(21) Concurrent Cycle
[2020-08-13T13:11:00.235+0000][6][gc,marking   ] GC(21) Concurrent Clear Claimed Marks
[2020-08-13T13:11:00.236+0000][6][gc,marking   ] GC(21) Concurrent Clear Claimed Marks 0.695ms
[2020-08-13T13:11:00.236+0000][6][gc,marking   ] GC(21) Concurrent Scan Root Regions
[2020-08-13T13:11:00.313+0000][6][safepoint    ] Safepoint "BulkRevokeBias", Time since last: 77759322 ns, Reaching safepoint: 85349 ns, At safepoint: 109796 ns, Total: 195145 ns
[2020-08-13T13:11:00.354+0000][6][gc,marking   ] GC(21) Concurrent Scan Root Regions 118.200ms
[2020-08-13T13:11:00.354+0000][6][gc,marking   ] GC(21) Concurrent Mark (37.345s)
[2020-08-13T13:11:00.354+0000][6][gc,marking   ] GC(21) Concurrent Mark From Roots
[2020-08-13T13:11:00.354+0000][6][gc,task      ] GC(21) Using 1 workers of 1 for marking
[2020-08-13T13:11:00.417+0000][6][safepoint    ] Safepoint "BulkRevokeBias", Time since last: 84954407 ns, Reaching safepoint: 19003839 ns, At safepoint: 166011 ns, Total: 19169850 ns
[2020-08-13T13:11:00.544+0000][6][safepoint    ] Safepoint "CollectForMetadataAllocation", Time since last: 119934950 ns, Reaching safepoint: 6741437 ns, At safepoint: 150933 ns, Total: 6892370 ns
[2020-08-13T13:11:00.705+0000][6][safepoint    ] Safepoint "CollectForMetadataAllocation", Time since last: 151639290 ns, Reaching safepoint: 9057913 ns, At safepoint: 119615 ns, Total: 9177528 ns
[2020-08-13T13:11:00.831+0000][6][gc,marking   ] GC(21) Concurrent Mark From Roots 476.583ms
[2020-08-13T13:11:00.831+0000][6][gc,marking   ] GC(21) Concurrent Preclean
[2020-08-13T13:11:00.831+0000][6][gc,marking   ] GC(21) Concurrent Preclean 0.184ms
[2020-08-13T13:11:00.831+0000][6][gc,marking   ] GC(21) Concurrent Mark (37.345s, 37.822s) 476.869ms
[2020-08-13T13:11:00.837+0000][6][gc,start     ] GC(21) Pause Remark
[2020-08-13T13:11:00.907+0000][6][gc           ] GC(21) Pause Remark 69M->69M(256M) 70.079ms
[2020-08-13T13:11:00.907+0000][6][gc,cpu       ] GC(21) User=0.03s Sys=0.00s Real=0.07s
[2020-08-13T13:11:00.907+0000][6][safepoint    ] Safepoint "G1Concurrent", Time since last: 126962834 ns, Reaching safepoint: 4937721 ns, At safepoint: 70198099 ns, Total: 75135820 ns
[2020-08-13T13:11:00.912+0000][6][gc,marking   ] GC(21) Concurrent Rebuild Remembered Sets
[2020-08-13T13:11:01.167+0000][6][gc,marking   ] GC(21) Concurrent Rebuild Remembered Sets 255.516ms
[2020-08-13T13:11:01.181+0000][6][gc,start     ] GC(21) Pause Cleanup
[2020-08-13T13:11:01.182+0000][6][gc           ] GC(21) Pause Cleanup 83M->83M(256M) 0.237ms
[2020-08-13T13:11:01.182+0000][6][gc,cpu       ] GC(21) User=0.00s Sys=0.00s Real=0.00s
[2020-08-13T13:11:01.182+0000][6][safepoint    ] Safepoint "G1Concurrent", Time since last: 270643017 ns, Reaching safepoint: 3765067 ns, At safepoint: 285214 ns, Total: 4050281 ns
[2020-08-13T13:11:01.198+0000][6][gc,marking   ] GC(21) Concurrent Cleanup for Next Mark
[2020-08-13T13:11:01.200+0000][6][gc,marking   ] GC(21) Concurrent Cleanup for Next Mark 1.819ms
[2020-08-13T13:11:01.200+0000][6][gc           ] GC(21) Concurrent Cycle 964.513ms
[2020-08-13T13:11:03.197+0000][6][safepoint    ] Safepoint "Cleanup", Time since last: 1980352056 ns, Reaching safepoint: 35289711 ns, At safepoint: 15469 ns, Total: 35305180 ns
[2020-08-13T13:11:03.461+0000][6][gc,start     ] GC(22) Pause Young (Concurrent Start) (G1 Evacuation Pause)
[2020-08-13T13:11:03.461+0000][6][gc,task      ] GC(22) Using 2 workers of 2 for evacuation
[2020-08-13T13:11:03.461+0000][6][gc,age       ] GC(22) Desired survivor size 8388608 bytes, new threshold 2 (max threshold 15)
[2020-08-13T13:11:03.524+0000][6][gc,age       ] GC(22) Age table with threshold 2 (max threshold 15)
[2020-08-13T13:11:03.524+0000][6][gc,age       ] GC(22) - age   1:    1750000 bytes,    1750000 total
[2020-08-13T13:11:03.524+0000][6][gc,age       ] GC(22) - age   2:    3179944 bytes,    4929944 total
[2020-08-13T13:11:03.524+0000][6][gc,phases    ] GC(22)   Pre Evacuate Collection Set: 0.9ms
[2020-08-13T13:11:03.524+0000][6][gc,phases    ] GC(22)   Merge Heap Roots: 0.2ms
[2020-08-13T13:11:03.524+0000][6][gc,phases    ] GC(22)   Evacuate Collection Set: 55.7ms
[2020-08-13T13:11:03.524+0000][6][gc,phases    ] GC(22)   Post Evacuate Collection Set: 6.2ms
[2020-08-13T13:11:03.524+0000][6][gc,phases    ] GC(22)   Other: 0.3ms
[2020-08-13T13:11:03.524+0000][6][gc,heap      ] GC(22) Eden regions: 116->0(117)
[2020-08-13T13:11:03.524+0000][6][gc,heap      ] GC(22) Survivor regions: 11->5(16)
[2020-08-13T13:11:03.524+0000][6][gc,heap      ] GC(22) Old regions: 45->52
[2020-08-13T13:11:03.524+0000][6][gc,heap      ] GC(22) Archive regions: 2->2
[2020-08-13T13:11:03.524+0000][6][gc,heap      ] GC(22) Humongous regions: 1->1
[2020-08-13T13:11:03.524+0000][6][gc,metaspace ] GC(22) Metaspace: 62216K(67936K)->62216K(67936K) NonClass: 53626K(57108K)->53626K(57108K) Class: 8589K(10828K)->8589K(10828K)
[2020-08-13T13:11:03.524+0000][6][gc           ] GC(22) Pause Young (Concurrent Start) (G1 Evacuation Pause) 173M->58M(256M) 63.348ms
[2020-08-13T13:11:03.524+0000][6][gc,cpu       ] GC(22) User=0.05s Sys=0.00s Real=0.06s
[2020-08-13T13:11:03.524+0000][6][safepoint    ] Safepoint "G1CollectForAllocation", Time since last: 263460143 ns, Reaching safepoint: 96781 ns, At safepoint: 63442725 ns, Total: 63539506 ns
[2020-08-13T13:11:03.530+0000][6][gc           ] GC(23) Concurrent Cycle
[2020-08-13T13:11:03.530+0000][6][gc,marking   ] GC(23) Concurrent Clear Claimed Marks
[2020-08-13T13:11:03.531+0000][6][gc,marking   ] GC(23) Concurrent Clear Claimed Marks 0.835ms
[2020-08-13T13:11:03.531+0000][6][gc,marking   ] GC(23) Concurrent Scan Root Regions
[2020-08-13T13:11:03.613+0000][6][gc,marking   ] GC(23) Concurrent Scan Root Regions 81.510ms
[2020-08-13T13:11:03.613+0000][6][gc,marking   ] GC(23) Concurrent Mark (40.604s)
[2020-08-13T13:11:03.613+0000][6][gc,marking   ] GC(23) Concurrent Mark From Roots
[2020-08-13T13:11:03.613+0000][6][gc,task      ] GC(23) Using 1 workers of 1 for marking
[2020-08-13T13:11:04.082+0000][6][gc,marking   ] GC(23) Concurrent Mark From Roots 468.917ms
[2020-08-13T13:11:04.082+0000][6][gc,marking   ] GC(23) Concurrent Preclean
[2020-08-13T13:11:04.082+0000][6][gc,marking   ] GC(23) Concurrent Preclean 0.188ms
[2020-08-13T13:11:04.082+0000][6][gc,marking   ] GC(23) Concurrent Mark (40.604s, 41.073s) 469.195ms
[2020-08-13T13:11:04.102+0000][6][gc,start     ] GC(23) Pause Remark
[2020-08-13T13:11:04.136+0000][6][gc           ] GC(23) Pause Remark 71M->71M(256M) 33.804ms
[2020-08-13T13:11:04.136+0000][6][gc,cpu       ] GC(23) User=0.02s Sys=0.00s Real=0.04s
[2020-08-13T13:11:04.136+0000][6][safepoint    ] Safepoint "G1Concurrent", Time since last: 562440048 ns, Reaching safepoint: 15824148 ns, At safepoint: 33920498 ns, Total: 49744646 ns
[2020-08-13T13:11:04.137+0000][6][gc,marking   ] GC(23) Concurrent Rebuild Remembered Sets
[2020-08-13T13:11:04.515+0000][6][gc,marking   ] GC(23) Concurrent Rebuild Remembered Sets 377.925ms
[2020-08-13T13:11:04.535+0000][6][gc,start     ] GC(23) Pause Cleanup
[2020-08-13T13:11:04.535+0000][6][gc           ] GC(23) Pause Cleanup 79M->79M(256M) 0.239ms
[2020-08-13T13:11:04.535+0000][6][gc,cpu       ] GC(23) User=0.00s Sys=0.00s Real=0.00s
[2020-08-13T13:11:04.535+0000][6][safepoint    ] Safepoint "G1Concurrent", Time since last: 380270354 ns, Reaching safepoint: 18117801 ns, At safepoint: 288149 ns, Total: 18405950 ns
[2020-08-13T13:11:04.551+0000][6][gc,marking   ] GC(23) Concurrent Cleanup for Next Mark
[2020-08-13T13:11:04.559+0000][6][gc,marking   ] GC(23) Concurrent Cleanup for Next Mark 7.949ms
[2020-08-13T13:11:04.559+0000][6][gc           ] GC(23) Concurrent Cycle 1028.505ms
[2020-08-13T13:11:05.935+0000][6][safepoint    ] Safepoint "Cleanup", Time since last: 1399579426 ns, Reaching safepoint: 318786 ns, At safepoint: 2565 ns, Total: 321351 ns
[2020-08-13T13:11:07.200+0000][6][safepoint    ] Safepoint "Cleanup", Time since last: 1231670003 ns, Reaching safepoint: 33012970 ns, At safepoint: 16721 ns, Total: 33029691 ns
[2020-08-13T13:11:07.889+0000][6][gc,start     ] GC(24) Pause Young (Normal) (G1 Evacuation Pause)
[2020-08-13T13:11:07.889+0000][6][gc,task      ] GC(24) Using 2 workers of 2 for evacuation
[2020-08-13T13:11:07.889+0000][6][gc,age       ] GC(24) Desired survivor size 8388608 bytes, new threshold 15 (max threshold 15)
[2020-08-13T13:11:07.949+0000][6][gc,age       ] GC(24) Age table with threshold 15 (max threshold 15)
[2020-08-13T13:11:07.949+0000][6][gc,age       ] GC(24) - age   1:    4614288 bytes,    4614288 total
[2020-08-13T13:11:07.949+0000][6][gc,age       ] GC(24) - age   2:    1669752 bytes,    6284040 total
[2020-08-13T13:11:07.949+0000][6][gc,age       ] GC(24) - age   3:    3115008 bytes,    9399048 total
[2020-08-13T13:11:07.949+0000][6][gc,phases    ] GC(24)   Pre Evacuate Collection Set: 0.1ms
[2020-08-13T13:11:07.949+0000][6][gc,phases    ] GC(24)   Merge Heap Roots: 0.2ms
[2020-08-13T13:11:07.949+0000][6][gc,phases    ] GC(24)   Evacuate Collection Set: 48.5ms
[2020-08-13T13:11:07.949+0000][6][gc,phases    ] GC(24)   Post Evacuate Collection Set: 10.4ms
[2020-08-13T13:11:07.949+0000][6][gc,phases    ] GC(24)   Other: 0.3ms
[2020-08-13T13:11:07.949+0000][6][gc,heap      ] GC(24) Eden regions: 117->0(113)
[2020-08-13T13:11:07.949+0000][6][gc,heap      ] GC(24) Survivor regions: 5->10(16)
[2020-08-13T13:11:07.949+0000][6][gc,heap      ] GC(24) Old regions: 52->52
[2020-08-13T13:11:07.949+0000][6][gc,heap      ] GC(24) Archive regions: 2->2
[2020-08-13T13:11:07.949+0000][6][gc,heap      ] GC(24) Humongous regions: 1->1
[2020-08-13T13:11:07.949+0000][6][gc,metaspace ] GC(24) Metaspace: 72405K(78688K)->72405K(78688K) NonClass: 62420K(66068K)->62420K(66068K) Class: 9985K(12620K)->9985K(12620K)
[2020-08-13T13:11:07.949+0000][6][gc           ] GC(24) Pause Young (Normal) (G1 Evacuation Pause) 175M->62M(256M) 59.584ms
[2020-08-13T13:11:07.949+0000][6][gc,cpu       ] GC(24) User=0.04s Sys=0.00s Real=0.06s
[2020-08-13T13:11:07.949+0000][6][safepoint    ] Safepoint "G1CollectForAllocation", Time since last: 685529732 ns, Reaching safepoint: 4137525 ns, At safepoint: 59685021 ns, Total: 63822546 ns
[2020-08-13T13:11:09.098+0000][6][safepoint    ] Safepoint "Cleanup", Time since last: 1123346205 ns, Reaching safepoint: 25314230 ns, At safepoint: 19818 ns, Total: 25334048 ns
[2020-08-13T13:11:09.726+0000][6][safepoint    ] Safepoint "BulkRevokeBias", Time since last: 625017763 ns, Reaching safepoint: 2942427 ns, At safepoint: 207840 ns, Total: 3150267 ns
[2020-08-13T13:11:10.645+0000][6][safepoint    ] Safepoint "BulkRevokeBias", Time since last: 910533167 ns, Reaching safepoint: 8256824 ns, At safepoint: 268001 ns, Total: 8524825 ns
[2020-08-13T13:11:12.630+0000][6][safepoint    ] Safepoint "Cleanup", Time since last: 1985048376 ns, Reaching safepoint: 100318 ns, At safepoint: 3046 ns, Total: 103364 ns
[2020-08-13T13:11:13.635+0000][6][safepoint    ] Safepoint "Cleanup", Time since last: 1005001441 ns, Reaching safepoint: 123351 ns, At safepoint: 2855 ns, Total: 126206 ns
[2020-08-13T13:11:14.636+0000][6][safepoint    ] Safepoint "Cleanup", Time since last: 1000397395 ns, Reaching safepoint: 103653 ns, At safepoint: 7604 ns, Total: 111257 ns
[2020-08-13T13:11:15.636+0000][6][safepoint    ] Safepoint "Cleanup", Time since last: 1000322554 ns, Reaching safepoint: 232886 ns, At safepoint: 7163 ns, Total: 240049 ns
[2020-08-13T13:11:16.637+0000][6][safepoint    ] Safepoint "Cleanup", Time since last: 1000156524 ns, Reaching safepoint: 225502 ns, At safepoint: 8897 ns, Total: 234399 ns
[2020-08-13T13:11:17.639+0000][6][safepoint    ] Safepoint "Cleanup", Time since last: 1002450518 ns, Reaching safepoint: 199623 ns, At safepoint: 5360 ns, Total: 204983 ns
[2020-08-13T13:11:18.641+0000][6][safepoint    ] Safepoint "BulkRevokeBias", Time since last: 1001470242 ns, Reaching safepoint: 112912 ns, At safepoint: 430815 ns, Total: 543727 ns
[2020-08-13T13:11:18.642+0000][6][safepoint    ] Safepoint "BulkRevokeBias", Time since last: 476653 ns, Reaching safepoint: 31098 ns, At safepoint: 174737 ns, Total: 205835 ns
[2020-08-13T13:11:18.644+0000][6][safepoint    ] Safepoint "BulkRevokeBias", Time since last: 2174500 ns, Reaching safepoint: 51567 ns, At safepoint: 185066 ns, Total: 236633 ns
[2020-08-13T13:11:18.645+0000][6][safepoint    ] Safepoint "BulkRevokeBias", Time since last: 616303 ns, Reaching safepoint: 32531 ns, At safepoint: 233638 ns, Total: 266169 ns
[2020-08-13T13:11:20.640+0000][6][safepoint    ] Safepoint "Cleanup", Time since last: 1994949528 ns, Reaching safepoint: 115316 ns, At safepoint: 9749 ns, Total: 125065 ns
[2020-08-13T13:11:21.642+0000][6][safepoint    ] Safepoint "Cleanup", Time since last: 1001057769 ns, Reaching safepoint: 125686 ns, At safepoint: 3026 ns, Total: 128712 ns
[2020-08-13T13:11:22.642+0000][6][safepoint    ] Safepoint "Cleanup", Time since last: 1000322864 ns, Reaching safepoint: 102663 ns, At safepoint: 2364 ns, Total: 105027 ns
[2020-08-13T13:11:23.649+0000][6][safepoint    ] Safepoint "Cleanup", Time since last: 1006633687 ns, Reaching safepoint: 260607 ns, At safepoint: 4328 ns, Total: 264935 ns
[2020-08-13T13:11:25.642+0000][6][safepoint    ] Safepoint "Cleanup", Time since last: 1993352840 ns, Reaching safepoint: 168456 ns, At safepoint: 4168 ns, Total: 172624 ns
[2020-08-13T13:11:27.643+0000][6][safepoint    ] Safepoint "Cleanup", Time since last: 2000289493 ns, Reaching safepoint: 158647 ns, At safepoint: 7373 ns, Total: 166020 ns
[2020-08-13T13:11:28.643+0000][6][safepoint    ] Safepoint "BulkRevokeBias", Time since last: 999404948 ns, Reaching safepoint: 180597 ns, At safepoint: 277500 ns, Total: 458097 ns
[2020-08-13T13:11:28.643+0000][6][safepoint    ] Safepoint "BulkRevokeBias", Time since last: 360194 ns, Reaching safepoint: 122991 ns, At safepoint: 147095 ns, Total: 270086 ns
[2020-08-13T13:11:28.644+0000][6][safepoint    ] Safepoint "BulkRevokeBias", Time since last: 706372 ns, Reaching safepoint: 155671 ns, At safepoint: 207489 ns, Total: 363160 ns
[2020-08-13T13:11:28.645+0000][6][safepoint    ] Safepoint "BulkRevokeBias", Time since last: 546443 ns, Reaching safepoint: 40075 ns, At safepoint: 331971 ns, Total: 372046 ns
[2020-08-13T13:11:30.211+0000][6][safepoint    ] Safepoint "Cleanup", Time since last: 1565227056 ns, Reaching safepoint: 137667 ns, At safepoint: 2815 ns, Total: 140482 ns
[2020-08-13T13:11:32.211+0000][6][safepoint    ] Safepoint "Cleanup", Time since last: 2000211778 ns, Reaching safepoint: 116518 ns, At safepoint: 2965 ns, Total: 119483 ns
[2020-08-13T13:11:34.212+0000][6][safepoint    ] Safepoint "Cleanup", Time since last: 2000202871 ns, Reaching safepoint: 268773 ns, At safepoint: 3387 ns, Total: 272160 ns
[2020-08-13T13:11:36.212+0000][6][safepoint    ] Safepoint "Cleanup", Time since last: 2000172964 ns, Reaching safepoint: 170159 ns, At safepoint: 2856 ns, Total: 173015 ns
[2020-08-13T13:11:37.212+0000][6][safepoint    ] Safepoint "Cleanup", Time since last: 1000137999 ns, Reaching safepoint: 100567 ns, At safepoint: 3066 ns, Total: 103633 ns
[2020-08-13T13:11:39.212+0000][6][safepoint    ] Safepoint "Cleanup", Time since last: 2000213882 ns, Reaching safepoint: 143148 ns, At safepoint: 2995 ns, Total: 146143 ns
[2020-08-13T13:11:40.213+0000][6][safepoint    ] Safepoint "Cleanup", Time since last: 1000145063 ns, Reaching safepoint: 168725 ns, At safepoint: 3036 ns, Total: 171761 ns
[2020-08-13T13:11:42.213+0000][6][safepoint    ] Safepoint "Cleanup", Time since last: 2000205335 ns, Reaching safepoint: 159488 ns, At safepoint: 3467 ns, Total: 162955 ns
[2020-08-13T13:11:44.214+0000][6][safepoint    ] Safepoint "Cleanup", Time since last: 2000212889 ns, Reaching safepoint: 171301 ns, At safepoint: 2876 ns, Total: 174177 ns
[2020-08-13T13:11:46.214+0000][6][safepoint    ] Safepoint "Cleanup", Time since last: 2000214212 ns, Reaching safepoint: 109514 ns, At safepoint: 2745 ns, Total: 112259 ns
[2020-08-13T13:11:47.214+0000][6][safepoint    ] Safepoint "Cleanup", Time since last: 1000130846 ns, Reaching safepoint: 211976 ns, At safepoint: 3367 ns, Total: 215343 ns
[2020-08-13T13:11:48.215+0000][6][safepoint    ] Safepoint "Cleanup", Time since last: 1000144220 ns, Reaching safepoint: 141575 ns, At safepoint: 2805 ns, Total: 144380 ns
[2020-08-13T13:11:49.215+0000][6][safepoint    ] Safepoint "Cleanup", Time since last: 1000136025 ns, Reaching safepoint: 235982 ns, At safepoint: 3356 ns, Total: 239338 ns
[2020-08-13T13:11:50.215+0000][6][safepoint    ] Safepoint "Cleanup", Time since last: 1000167975 ns, Reaching safepoint: 128611 ns, At safepoint: 3357 ns, Total: 131968 ns
[2020-08-13T13:11:51.215+0000][6][safepoint    ] Safepoint "Cleanup", Time since last: 1000151133 ns, Reaching safepoint: 108523 ns, At safepoint: 3787 ns, Total: 112310 ns
[2020-08-13T13:11:52.216+0000][6][safepoint    ] Safepoint "Cleanup", Time since last: 1000147346 ns, Reaching safepoint: 96742 ns, At safepoint: 2665 ns, Total: 99407 ns
[2020-08-13T13:11:53.216+0000][6][safepoint    ] Safepoint "Cleanup", Time since last: 1000119693 ns, Reaching safepoint: 159740 ns, At safepoint: 3286 ns, Total: 163026 ns
[2020-08-13T13:11:54.216+0000][6][safepoint    ] Safepoint "Cleanup", Time since last: 1000142847 ns, Reaching safepoint: 126497 ns, At safepoint: 3056 ns, Total: 129553 ns
[2020-08-13T13:11:55.217+0000][6][safepoint    ] Safepoint "Cleanup", Time since last: 1000213370 ns, Reaching safepoint: 114694 ns, At safepoint: 3196 ns, Total: 117890 ns
[2020-08-13T13:11:56.217+0000][6][safepoint    ] Safepoint "Cleanup", Time since last: 1000153899 ns, Reaching safepoint: 126366 ns, At safepoint: 2835 ns, Total: 129201 ns
[2020-08-13T13:11:57.217+0000][6][safepoint    ] Safepoint "Cleanup", Time since last: 1000146365 ns, Reaching safepoint: 164878 ns, At safepoint: 2976 ns, Total: 167854 ns
[2020-08-13T13:11:58.217+0000][6][safepoint    ] Safepoint "Cleanup", Time since last: 1000145703 ns, Reaching safepoint: 159187 ns, At safepoint: 2996 ns, Total: 162183 ns
[2020-08-13T13:11:59.218+0000][6][safepoint    ] Safepoint "Cleanup", Time since last: 1000141556 ns, Reaching safepoint: 120476 ns, At safepoint: 3356 ns, Total: 123832 ns
[2020-08-13T13:12:00.218+0000][6][safepoint    ] Safepoint "Cleanup", Time since last: 1000145742 ns, Reaching safepoint: 131817 ns, At safepoint: 2945 ns, Total: 134762 ns
[2020-08-13T13:12:01.687+0000][6][safepoint    ] Safepoint "Cleanup", Time since last: 1467937450 ns, Reaching safepoint: 510956 ns, At safepoint: 57888 ns, Total: 568844 ns
[2020-08-13T13:12:02.687+0000][6][safepoint    ] Safepoint "Cleanup", Time since last: 1000396774 ns, Reaching safepoint: 208050 ns, At safepoint: 3847 ns, Total: 211897 ns
[2020-08-13T13:12:03.687+0000][6][safepoint    ] Safepoint "Cleanup", Time since last: 1000135283 ns, Reaching safepoint: 176681 ns, At safepoint: 8827 ns, Total: 185508 ns
[2020-08-13T13:12:04.689+0000][6][safepoint    ] Safepoint "Cleanup", Time since last: 1000960867 ns, Reaching safepoint: 229149 ns, At safepoint: 61786 ns, Total: 290935 ns
[2020-08-13T13:12:05.689+0000][6][safepoint    ] Safepoint "Cleanup", Time since last: 1000431398 ns, Reaching safepoint: 113311 ns, At safepoint: 8627 ns, Total: 121938 ns
[2020-08-13T13:12:06.690+0000][6][safepoint    ] Safepoint "Cleanup", Time since last: 1000901086 ns, Reaching safepoint: 90109 ns, At safepoint: 3547 ns, Total: 93656 ns
[2020-08-13T13:12:07.692+0000][6][safepoint    ] Safepoint "Cleanup", Time since last: 1001696706 ns, Reaching safepoint: 122249 ns, At safepoint: 2765 ns, Total: 125014 ns
[2020-08-13T13:12:08.692+0000][6][safepoint    ] Safepoint "Cleanup", Time since last: 1000181700 ns, Reaching safepoint: 196659 ns, At safepoint: 7664 ns, Total: 204323 ns
[2020-08-13T13:12:09.693+0000][6][safepoint    ] Safepoint "Cleanup", Time since last: 1000146624 ns, Reaching safepoint: 176571 ns, At safepoint: 6693 ns, Total: 183264 ns
[2020-08-13T13:12:10.693+0000][6][safepoint    ] Safepoint "Cleanup", Time since last: 1000152024 ns, Reaching safepoint: 178374 ns, At safepoint: 60043 ns, Total: 238417 ns
[2020-08-13T13:12:11.696+0000][6][safepoint    ] Safepoint "Cleanup", Time since last: 1002107254 ns, Reaching safepoint: 203502 ns, At safepoint: 6522 ns, Total: 210024 ns
[2020-08-13T13:12:12.696+0000][6][safepoint    ] Safepoint "Cleanup", Time since last: 1000336449 ns, Reaching safepoint: 230843 ns, At safepoint: 6963 ns, Total: 237806 ns
[2020-08-13T13:12:13.697+0000][6][safepoint    ] Safepoint "Cleanup", Time since last: 1000463908 ns, Reaching safepoint: 190767 ns, At safepoint: 65342 ns, Total: 256109 ns
[2020-08-13T13:12:14.697+0000][6][safepoint    ] Safepoint "Cleanup", Time since last: 1000154270 ns, Reaching safepoint: 82885 ns, At safepoint: 2665 ns, Total: 85550 ns
[2020-08-13T13:12:15.698+0000][6][safepoint    ] Safepoint "Cleanup", Time since last: 1000134142 ns, Reaching safepoint: 356577 ns, At safepoint: 3046 ns, Total: 359623 ns
[2020-08-13T13:12:16.698+0000][6][safepoint    ] Safepoint "Cleanup", Time since last: 1000131847 ns, Reaching safepoint: 119544 ns, At safepoint: 2795 ns, Total: 122339 ns
[2020-08-13T13:12:17.698+0000][6][safepoint    ] Safepoint "Cleanup", Time since last: 1000138479 ns, Reaching safepoint: 104496 ns, At safepoint: 2454 ns, Total: 106950 ns
[2020-08-13T13:12:18.698+0000][6][safepoint    ] Safepoint "Cleanup", Time since last: 1000136877 ns, Reaching safepoint: 164247 ns, At safepoint: 93175 ns, Total: 257422 ns
[2020-08-13T13:12:19.704+0000][6][safepoint    ] Safepoint "Cleanup", Time since last: 1004792209 ns, Reaching safepoint: 353562 ns, At safepoint: 6242 ns, Total: 359804 ns
[2020-08-13T13:12:20.704+0000][6][safepoint    ] Safepoint "Cleanup", Time since last: 1000213420 ns, Reaching safepoint: 201268 ns, At safepoint: 53791 ns, Total: 255059 ns
[2020-08-13T13:12:21.704+0000][6][safepoint    ] Safepoint "Cleanup", Time since last: 1000225562 ns, Reaching safepoint: 187430 ns, At safepoint: 5110 ns, Total: 192540 ns
[2020-08-13T13:12:22.706+0000][6][safepoint    ] Safepoint "Cleanup", Time since last: 1000845914 ns, Reaching safepoint: 168505 ns, At safepoint: 63549 ns, Total: 232054 ns
[2020-08-13T13:12:23.707+0000][6][safepoint    ] Safepoint "Cleanup", Time since last: 1001075834 ns, Reaching safepoint: 268652 ns, At safepoint: 4659 ns, Total: 273311 ns
[2020-08-13T13:12:24.707+0000][6][safepoint    ] Safepoint "Cleanup", Time since last: 1000128331 ns, Reaching safepoint: 152165 ns, At safepoint: 3507 ns, Total: 155672 ns
[2020-08-13T13:12:25.708+0000][6][safepoint    ] Safepoint "Cleanup", Time since last: 1000156063 ns, Reaching safepoint: 189484 ns, At safepoint: 3787 ns, Total: 193271 ns
[2020-08-13T13:12:26.713+0000][6][safepoint    ] Safepoint "Cleanup", Time since last: 1004858955 ns, Reaching safepoint: 232906 ns, At safepoint: 10018 ns, Total: 242924 ns
[2020-08-13T13:12:27.713+0000][6][safepoint    ] Safepoint "Cleanup", Time since last: 1000155894 ns, Reaching safepoint: 92954 ns, At safepoint: 8797 ns, Total: 101751 ns
[2020-08-13T13:12:28.714+0000][6][safepoint    ] Safepoint "Cleanup", Time since last: 1000832097 ns, Reaching safepoint: 138920 ns, At safepoint: 3647 ns, Total: 142567 ns
[2020-08-13T13:12:29.714+0000][6][safepoint    ] Safepoint "Cleanup", Time since last: 1000107091 ns, Reaching safepoint: 110186 ns, At safepoint: 7203 ns, Total: 117389 ns
[2020-08-13T13:12:30.714+0000][6][safepoint    ] Safepoint "Cleanup", Time since last: 1000127900 ns, Reaching safepoint: 116549 ns, At safepoint: 4288 ns, Total: 120837 ns
[2020-08-13T13:12:31.715+0000][6][safepoint    ] Safepoint "Cleanup", Time since last: 1000144460 ns, Reaching safepoint: 232645 ns, At safepoint: 3968 ns, Total: 236613 ns
[2020-08-13T13:12:32.715+0000][6][safepoint    ] Safepoint "Cleanup", Time since last: 1000164408 ns, Reaching safepoint: 174077 ns, At safepoint: 5830 ns, Total: 179907 ns
[2020-08-13T13:12:33.715+0000][6][safepoint    ] Safepoint "Cleanup", Time since last: 1000202930 ns, Reaching safepoint: 153548 ns, At safepoint: 60714 ns, Total: 214262 ns
[2020-08-13T13:12:34.716+0000][6][safepoint    ] Safepoint "Cleanup", Time since last: 1000137397 ns, Reaching safepoint: 114434 ns, At safepoint: 3016 ns, Total: 117450 ns
[2020-08-13T13:12:36.716+0000][6][safepoint    ] Safepoint "Cleanup", Time since last: 2000200236 ns, Reaching safepoint: 184695 ns, At safepoint: 3737 ns, Total: 188432 ns
[2020-08-13T13:12:37.716+0000][6][safepoint    ] Safepoint "Cleanup", Time since last: 1000135524 ns, Reaching safepoint: 212048 ns, At safepoint: 2895 ns, Total: 214943 ns
[2020-08-13T13:12:38.720+0000][6][safepoint    ] Safepoint "Cleanup", Time since last: 1002972063 ns, Reaching safepoint: 170699 ns, At safepoint: 3106 ns, Total: 173805 ns
[2020-08-13T13:12:39.720+0000][6][safepoint    ] Safepoint "Cleanup", Time since last: 1000157806 ns, Reaching safepoint: 129573 ns, At safepoint: 2986 ns, Total: 132559 ns
[2020-08-13T13:12:44.732+0000][6][safepoint    ] Safepoint "Cleanup", Time since last: 5011416720 ns, Reaching safepoint: 120967 ns, At safepoint: 69319 ns, Total: 190286 ns
[2020-08-13T13:12:45.732+0000][6][safepoint    ] Safepoint "Cleanup", Time since last: 1000400600 ns, Reaching safepoint: 204534 ns, At safepoint: 60854 ns, Total: 265388 ns
[2020-08-13T13:12:46.733+0000][6][safepoint    ] Safepoint "Cleanup", Time since last: 1000271298 ns, Reaching safepoint: 280906 ns, At safepoint: 8325 ns, Total: 289231 ns
[2020-08-13T13:12:47.733+0000][6][safepoint    ] Safepoint "Cleanup", Time since last: 1000456846 ns, Reaching safepoint: 91031 ns, At safepoint: 63579 ns, Total: 154610 ns
[2020-08-13T13:12:48.734+0000][6][safepoint    ] Safepoint "Cleanup", Time since last: 1000156954 ns, Reaching safepoint: 232285 ns, At safepoint: 6542 ns, Total: 238827 ns
[2020-08-13T13:12:49.734+0000][6][safepoint    ] Safepoint "Cleanup", Time since last: 1000145333 ns, Reaching safepoint: 167122 ns, At safepoint: 3036 ns, Total: 170158 ns
[2020-08-13T13:12:50.734+0000][6][safepoint    ] Safepoint "Cleanup", Time since last: 1000148198 ns, Reaching safepoint: 219390 ns, At safepoint: 3337 ns, Total: 222727 ns
[2020-08-13T13:12:51.735+0000][6][safepoint    ] Safepoint "Cleanup", Time since last: 1000133189 ns, Reaching safepoint: 165328 ns, At safepoint: 2946 ns, Total: 168274 ns
[2020-08-13T13:12:52.735+0000][6][safepoint    ] Safepoint "Cleanup", Time since last: 1000142259 ns, Reaching safepoint: 133901 ns, At safepoint: 3086 ns, Total: 136987 ns
[2020-08-13T13:12:58.736+0000][6][safepoint    ] Safepoint "Cleanup", Time since last: 6000525751 ns, Reaching safepoint: 179966 ns, At safepoint: 3096 ns, Total: 183062 ns
[2020-08-13T13:12:59.736+0000][6][safepoint    ] Safepoint "Cleanup", Time since last: 1000167165 ns, Reaching safepoint: 119364 ns, At safepoint: 3497 ns, Total: 122861 ns
[2020-08-13T13:13:00.736+0000][6][safepoint    ] Safepoint "Cleanup", Time since last: 1000172534 ns, Reaching safepoint: 198212 ns, At safepoint: 3447 ns, Total: 201659 ns
[2020-08-13T13:13:08.737+0000][6][safepoint    ] Safepoint "Cleanup", Time since last: 8000662442 ns, Reaching safepoint: 182130 ns, At safepoint: 2956 ns, Total: 185086 ns
[2020-08-13T13:13:08.754+0000][6][gc,start     ] GC(25) Pause Young (Normal) (G1 Evacuation Pause)
[2020-08-13T13:13:08.754+0000][6][gc,task      ] GC(25) Using 2 workers of 2 for evacuation
[2020-08-13T13:13:08.754+0000][6][gc,age       ] GC(25) Desired survivor size 8388608 bytes, new threshold 3 (max threshold 15)
[2020-08-13T13:13:08.798+0000][6][gc,age       ] GC(25) Age table with threshold 3 (max threshold 15)
[2020-08-13T13:13:08.798+0000][6][gc,age       ] GC(25) - age   1:    1207992 bytes,    1207992 total
[2020-08-13T13:13:08.798+0000][6][gc,age       ] GC(25) - age   2:    4528168 bytes,    5736160 total
[2020-08-13T13:13:08.798+0000][6][gc,age       ] GC(25) - age   3:    1664592 bytes,    7400752 total
[2020-08-13T13:13:08.798+0000][6][gc,phases    ] GC(25)   Pre Evacuate Collection Set: 0.1ms
[2020-08-13T13:13:08.798+0000][6][gc,phases    ] GC(25)   Merge Heap Roots: 0.2ms
[2020-08-13T13:13:08.798+0000][6][gc,phases    ] GC(25)   Evacuate Collection Set: 41.1ms
[2020-08-13T13:13:08.798+0000][6][gc,phases    ] GC(25)   Post Evacuate Collection Set: 2.0ms
[2020-08-13T13:13:08.798+0000][6][gc,phases    ] GC(25)   Other: 0.3ms
[2020-08-13T13:13:08.798+0000][6][gc,heap      ] GC(25) Eden regions: 113->0(114)
[2020-08-13T13:13:08.798+0000][6][gc,heap      ] GC(25) Survivor regions: 10->8(16)
[2020-08-13T13:13:08.798+0000][6][gc,heap      ] GC(25) Old regions: 52->55
[2020-08-13T13:13:08.798+0000][6][gc,heap      ] GC(25) Archive regions: 2->2
[2020-08-13T13:13:08.798+0000][6][gc,heap      ] GC(25) Humongous regions: 1->1
[2020-08-13T13:13:08.798+0000][6][gc,metaspace ] GC(25) Metaspace: 78424K(84832K)->78424K(84832K) NonClass: 67748K(71444K)->67748K(71444K) Class: 10676K(13388K)->10676K(13388K)
[2020-08-13T13:13:08.798+0000][6][gc           ] GC(25) Pause Young (Normal) (G1 Evacuation Pause) 175M->63M(256M) 43.758ms
[2020-08-13T13:13:08.798+0000][6][gc,cpu       ] GC(25) User=0.04s Sys=0.00s Real=0.05s
[2020-08-13T13:13:08.798+0000][6][safepoint    ] Safepoint "G1CollectForAllocation", Time since last: 16887318 ns, Reaching safepoint: 156974 ns, At safepoint: 43855184 ns, Total: 44012158 ns
[2020-08-13T13:13:10.798+0000][6][safepoint    ] Safepoint "Cleanup", Time since last: 2000175273 ns, Reaching safepoint: 129371 ns, At safepoint: 3657 ns, Total: 133028 ns
[2020-08-13T13:13:11.805+0000][6][safepoint    ] Safepoint "Cleanup", Time since last: 1006402828 ns, Reaching safepoint: 104466 ns, At safepoint: 3306 ns, Total: 107772 ns
[2020-08-13T13:13:15.805+0000][6][safepoint    ] Safepoint "Cleanup", Time since last: 4000318708 ns, Reaching safepoint: 189454 ns, At safepoint: 6522 ns, Total: 195976 ns
[2020-08-13T13:13:18.808+0000][6][safepoint    ] Safepoint "Cleanup", Time since last: 3002463591 ns, Reaching safepoint: 190757 ns, At safepoint: 8877 ns, Total: 199634 ns
[2020-08-13T13:13:19.808+0000][6][safepoint    ] Safepoint "Cleanup", Time since last: 1000129575 ns, Reaching safepoint: 117399 ns, At safepoint: 36278 ns, Total: 153677 ns
[2020-08-13T13:13:20.809+0000][6][safepoint    ] Safepoint "Cleanup", Time since last: 1000133532 ns, Reaching safepoint: 179016 ns, At safepoint: 2645 ns, Total: 181661 ns
[2020-08-13T13:13:21.809+0000][6][safepoint    ] Safepoint "Cleanup", Time since last: 1000128664 ns, Reaching safepoint: 165790 ns, At safepoint: 3086 ns, Total: 168876 ns
[2020-08-13T13:13:22.809+0000][6][safepoint    ] Safepoint "Cleanup", Time since last: 1000122742 ns, Reaching safepoint: 121287 ns, At safepoint: 2805 ns, Total: 124092 ns
[2020-08-13T13:13:23.810+0000][6][safepoint    ] Safepoint "Cleanup", Time since last: 1000135646 ns, Reaching safepoint: 167354 ns, At safepoint: 3226 ns, Total: 170580 ns
[2020-08-13T13:13:24.810+0000][6][safepoint    ] Safepoint "Cleanup", Time since last: 1000183787 ns, Reaching safepoint: 157585 ns, At safepoint: 3346 ns, Total: 160931 ns
[2020-08-13T13:13:25.810+0000][6][safepoint    ] Safepoint "Cleanup", Time since last: 1000134574 ns, Reaching safepoint: 137707 ns, At safepoint: 2956 ns, Total: 140663 ns
[2020-08-13T13:13:27.811+0000][6][safepoint    ] Safepoint "Cleanup", Time since last: 2000198898 ns, Reaching safepoint: 141655 ns, At safepoint: 3657 ns, Total: 145312 ns
[2020-08-13T13:13:29.811+0000][6][safepoint    ] Safepoint "Cleanup", Time since last: 2000222923 ns, Reaching safepoint: 140092 ns, At safepoint: 3116 ns, Total: 143208 ns
[2020-08-13T13:13:30.811+0000][6][safepoint    ] Safepoint "Cleanup", Time since last: 1000136799 ns, Reaching safepoint: 120826 ns, At safepoint: 2985 ns, Total: 123811 ns
[2020-08-13T13:13:31.812+0000][6][safepoint    ] Safepoint "Cleanup", Time since last: 1000146277 ns, Reaching safepoint: 194935 ns, At safepoint: 3587 ns, Total: 198522 ns
[2020-08-13T13:13:32.812+0000][6][safepoint    ] Safepoint "Cleanup", Time since last: 1000169831 ns, Reaching safepoint: 234027 ns, At safepoint: 3237 ns, Total: 237264 ns
[2020-08-13T13:13:37.829+0000][6][safepoint    ] Safepoint "Cleanup", Time since last: 5016887054 ns, Reaching safepoint: 269424 ns, At safepoint: 4348 ns, Total: 273772 ns
[2020-08-13T13:13:40.830+0000][6][safepoint    ] Safepoint "Cleanup", Time since last: 3000681384 ns, Reaching safepoint: 144791 ns, At safepoint: 3406 ns, Total: 148197 ns
[2020-08-13T13:13:41.830+0000][6][safepoint    ] Safepoint "Cleanup", Time since last: 1000143743 ns, Reaching safepoint: 129942 ns, At safepoint: 2926 ns, Total: 132868 ns
[2020-08-13T13:13:42.830+0000][6][safepoint    ] Safepoint "Cleanup", Time since last: 1000124325 ns, Reaching safepoint: 134121 ns, At safepoint: 3297 ns, Total: 137418 ns
[2020-08-13T13:13:44.831+0000][6][safepoint    ] Safepoint "Cleanup", Time since last: 2000243902 ns, Reaching safepoint: 135735 ns, At safepoint: 3116 ns, Total: 138851 ns
[2020-08-13T13:13:45.831+0000][6][safepoint    ] Safepoint "Cleanup", Time since last: 1000135615 ns, Reaching safepoint: 197931 ns, At safepoint: 3447 ns, Total: 201378 ns
[2020-08-13T13:13:54.845+0000][6][safepoint    ] Safepoint "Cleanup", Time since last: 9013548815 ns, Reaching safepoint: 400149 ns, At safepoint: 8736 ns, Total: 408885 ns
[2020-08-13T13:13:57.849+0000][6][safepoint    ] Safepoint "Cleanup", Time since last: 3003507845 ns, Reaching safepoint: 133480 ns, At safepoint: 2955 ns, Total: 136435 ns
[2020-08-13T13:14:01.850+0000][6][safepoint    ] Safepoint "Cleanup", Time since last: 4000494257 ns, Reaching safepoint: 230110 ns, At safepoint: 65423 ns, Total: 295533 ns
[2020-08-13T13:14:02.850+0000][6][safepoint    ] Safepoint "Cleanup", Time since last: 1000150254 ns, Reaching safepoint: 230793 ns, At safepoint: 6382 ns, Total: 237175 ns
[2020-08-13T13:14:03.854+0000][6][safepoint    ] Safepoint "Cleanup", Time since last: 1004234638 ns, Reaching safepoint: 146083 ns, At safepoint: 2594 ns, Total: 148677 ns
[2020-08-13T13:14:04.855+0000][6][safepoint    ] Safepoint "Cleanup", Time since last: 1000130828 ns, Reaching safepoint: 123812 ns, At safepoint: 15389 ns, Total: 139201 ns
[2020-08-13T13:14:08.858+0000][6][safepoint    ] Safepoint "Cleanup", Time since last: 4003017859 ns, Reaching safepoint: 251522 ns, At safepoint: 3526 ns, Total: 255048 ns
[2020-08-13T13:14:12.863+0000][6][safepoint    ] Safepoint "Cleanup", Time since last: 4005360654 ns, Reaching safepoint: 192211 ns, At safepoint: 9097 ns, Total: 201308 ns
[2020-08-13T13:14:14.864+0000][6][safepoint    ] Safepoint "Cleanup", Time since last: 2000212685 ns, Reaching safepoint: 114755 ns, At safepoint: 2915 ns, Total: 117670 ns
[2020-08-13T13:14:22.868+0000][6][safepoint    ] Safepoint "Cleanup", Time since last: 8004036657 ns, Reaching safepoint: 193493 ns, At safepoint: 2725 ns, Total: 196218 ns
[2020-08-13T13:14:23.873+0000][6][safepoint    ] Safepoint "Cleanup", Time since last: 1003647029 ns, Reaching safepoint: 1492203 ns, At safepoint: 4879 ns, Total: 1497082 ns
[2020-08-13T13:14:24.873+0000][6][safepoint    ] Safepoint "Cleanup", Time since last: 1000086294 ns, Reaching safepoint: 216466 ns, At safepoint: 3125 ns, Total: 219591 ns
[2020-08-13T13:14:25.874+0000][6][safepoint    ] Safepoint "Cleanup", Time since last: 1000155234 ns, Reaching safepoint: 129653 ns, At safepoint: 2885 ns, Total: 132538 ns
[2020-08-13T13:14:26.874+0000][6][safepoint    ] Safepoint "Cleanup", Time since last: 1000138312 ns, Reaching safepoint: 117600 ns, At safepoint: 2845 ns, Total: 120445 ns
[2020-08-13T13:14:27.874+0000][6][safepoint    ] Safepoint "Cleanup", Time since last: 1000134866 ns, Reaching safepoint: 194473 ns, At safepoint: 3447 ns, Total: 197920 ns
[2020-08-13T13:14:28.875+0000][6][safepoint    ] Safepoint "Cleanup", Time since last: 1000153209 ns, Reaching safepoint: 199463 ns, At safepoint: 3196 ns, Total: 202659 ns
[2020-08-13T13:14:29.875+0000][6][safepoint    ] Safepoint "Cleanup", Time since last: 1000129124 ns, Reaching safepoint: 231874 ns, At safepoint: 2986 ns, Total: 234860 ns
[2020-08-13T13:14:30.875+0000][6][safepoint    ] Safepoint "Cleanup", Time since last: 1000136418 ns, Reaching safepoint: 121056 ns, At safepoint: 2825 ns, Total: 123881 ns
[2020-08-13T13:14:31.876+0000][6][safepoint    ] Safepoint "Cleanup", Time since last: 1000139074 ns, Reaching safepoint: 126326 ns, At safepoint: 3005 ns, Total: 129331 ns
[2020-08-13T13:14:32.876+0000][6][safepoint    ] Safepoint "Cleanup", Time since last: 1000149223 ns, Reaching safepoint: 272580 ns, At safepoint: 2976 ns, Total: 275556 ns
[2020-08-13T13:14:33.876+0000][6][safepoint    ] Safepoint "Cleanup", Time since last: 1000155173 ns, Reaching safepoint: 148137 ns, At safepoint: 3346 ns, Total: 151483 ns
[2020-08-13T13:14:34.877+0000][6][safepoint    ] Safepoint "Cleanup", Time since last: 1000131540 ns, Reaching safepoint: 125945 ns, At safepoint: 2916 ns, Total: 128861 ns
[2020-08-13T13:14:35.877+0000][6][safepoint    ] Safepoint "Cleanup", Time since last: 1000177004 ns, Reaching safepoint: 147266 ns, At safepoint: 3095 ns, Total: 150361 ns
[2020-08-13T13:14:36.887+0000][6][safepoint    ] Safepoint "Cleanup", Time since last: 1009503211 ns, Reaching safepoint: 711822 ns, At safepoint: 7694 ns, Total: 719516 ns
[2020-08-13T13:14:37.887+0000][6][safepoint    ] Safepoint "Cleanup", Time since last: 1000143612 ns, Reaching safepoint: 120726 ns, At safepoint: 3607 ns, Total: 124333 ns
[2020-08-13T13:14:38.888+0000][6][safepoint    ] Safepoint "Cleanup", Time since last: 1000396154 ns, Reaching safepoint: 457116 ns, At safepoint: 3406 ns, Total: 460522 ns
[2020-08-13T13:14:39.889+0000][6][safepoint    ] Safepoint "Cleanup", Time since last: 1000144223 ns, Reaching safepoint: 183053 ns, At safepoint: 3405 ns, Total: 186458 ns
[2020-08-13T13:14:40.889+0000][6][safepoint    ] Safepoint "Cleanup", Time since last: 1000146378 ns, Reaching safepoint: 123501 ns, At safepoint: 3266 ns, Total: 126767 ns
[2020-08-13T13:14:41.890+0000][6][safepoint    ] Safepoint "Cleanup", Time since last: 1001411715 ns, Reaching safepoint: 104786 ns, At safepoint: 10821 ns, Total: 115607 ns
[2020-08-13T13:14:42.891+0000][6][safepoint    ] Safepoint "Cleanup", Time since last: 1000147508 ns, Reaching safepoint: 130034 ns, At safepoint: 6382 ns, Total: 136416 ns
[2020-08-13T13:14:43.891+0000][6][safepoint    ] Safepoint "Cleanup", Time since last: 1000178125 ns, Reaching safepoint: 136276 ns, At safepoint: 3647 ns, Total: 139923 ns
[2020-08-13T13:14:44.891+0000][6][safepoint    ] Safepoint "Cleanup", Time since last: 1000146297 ns, Reaching safepoint: 242304 ns, At safepoint: 3316 ns, Total: 245620 ns
[2020-08-13T13:14:45.892+0000][6][safepoint    ] Safepoint "Cleanup", Time since last: 1000144573 ns, Reaching safepoint: 133180 ns, At safepoint: 3356 ns, Total: 136536 ns
[2020-08-13T13:14:46.897+0000][6][safepoint    ] Safepoint "Cleanup", Time since last: 1004934469 ns, Reaching safepoint: 268914 ns, At safepoint: 5410 ns, Total: 274324 ns
[2020-08-13T13:14:47.897+0000][6][safepoint    ] Safepoint "Cleanup", Time since last: 1000136437 ns, Reaching safepoint: 236643 ns, At safepoint: 5481 ns, Total: 242124 ns
[2020-08-13T13:14:48.898+0000][6][safepoint    ] Safepoint "Cleanup", Time since last: 1000141988 ns, Reaching safepoint: 186509 ns, At safepoint: 7303 ns, Total: 193812 ns
[2020-08-13T13:14:49.898+0000][6][safepoint    ] Safepoint "Cleanup", Time since last: 1000146997 ns, Reaching safepoint: 198442 ns, At safepoint: 3206 ns, Total: 201648 ns
[2020-08-13T13:14:50.898+0000][6][safepoint    ] Safepoint "Cleanup", Time since last: 1000146065 ns, Reaching safepoint: 134983 ns, At safepoint: 3056 ns, Total: 138039 ns
[2020-08-13T13:14:51.901+0000][6][safepoint    ] Safepoint "Cleanup", Time since last: 1002837143 ns, Reaching safepoint: 189184 ns, At safepoint: 8045 ns, Total: 197229 ns
[2020-08-13T13:14:52.902+0000][6][safepoint    ] Safepoint "Cleanup", Time since last: 1000204525 ns, Reaching safepoint: 99025 ns, At safepoint: 6673 ns, Total: 105698 ns
[2020-08-13T13:14:53.903+0000][6][safepoint    ] Safepoint "Cleanup", Time since last: 1001078111 ns, Reaching safepoint: 288300 ns, At safepoint: 3196 ns, Total: 291496 ns
[2020-08-13T13:14:54.903+0000][6][safepoint    ] Safepoint "Cleanup", Time since last: 1000142349 ns, Reaching safepoint: 193903 ns, At safepoint: 3717 ns, Total: 197620 ns
[2020-08-13T13:14:55.904+0000][6][safepoint    ] Safepoint "Cleanup", Time since last: 1000160253 ns, Reaching safepoint: 112360 ns, At safepoint: 3176 ns, Total: 115536 ns
[2020-08-13T13:14:56.908+0000][6][safepoint    ] Safepoint "Cleanup", Time since last: 1004257091 ns, Reaching safepoint: 128179 ns, At safepoint: 4589 ns, Total: 132768 ns
[2020-08-13T13:14:57.908+0000][6][safepoint    ] Safepoint "Cleanup", Time since last: 1000131449 ns, Reaching safepoint: 88697 ns, At safepoint: 2464 ns, Total: 91161 ns
[2020-08-13T13:14:58.909+0000][6][safepoint    ] Safepoint "Cleanup", Time since last: 1000146456 ns, Reaching safepoint: 219601 ns, At safepoint: 43111 ns, Total: 262712 ns
[2020-08-13T13:14:59.909+0000][6][safepoint    ] Safepoint "Cleanup", Time since last: 1000201400 ns, Reaching safepoint: 132378 ns, At safepoint: 2815 ns, Total: 135193 ns
[2020-08-13T13:15:00.909+0000][6][safepoint    ] Safepoint "Cleanup", Time since last: 1000148962 ns, Reaching safepoint: 104276 ns, At safepoint: 3607 ns, Total: 107883 ns
[2020-08-13T13:15:03.910+0000][6][safepoint    ] Safepoint "Cleanup", Time since last: 3000322618 ns, Reaching safepoint: 140033 ns, At safepoint: 63158 ns, Total: 203191 ns
[2020-08-13T13:15:06.917+0000][6][safepoint    ] Safepoint "Cleanup", Time since last: 3006616027 ns, Reaching safepoint: 449653 ns, At safepoint: 7464 ns, Total: 457117 ns
[2020-08-13T13:15:07.917+0000][6][safepoint    ] Safepoint "Cleanup", Time since last: 1000144954 ns, Reaching safepoint: 119304 ns, At safepoint: 2875 ns, Total: 122179 ns
[2020-08-13T13:15:08.919+0000][6][safepoint    ] Safepoint "Cleanup", Time since last: 1001672335 ns, Reaching safepoint: 264245 ns, At safepoint: 3627 ns, Total: 267872 ns
[2020-08-13T13:15:09.919+0000][6][safepoint    ] Safepoint "Cleanup", Time since last: 1000141589 ns, Reaching safepoint: 124123 ns, At safepoint: 2855 ns, Total: 126978 ns
[2020-08-13T13:15:10.919+0000][6][safepoint    ] Safepoint "Cleanup", Time since last: 1000145026 ns, Reaching safepoint: 109355 ns, At safepoint: 2886 ns, Total: 112241 ns
[2020-08-13T13:15:11.929+0000][6][safepoint    ] Safepoint "Cleanup", Time since last: 1009434543 ns, Reaching safepoint: 175868 ns, At safepoint: 61796 ns, Total: 237664 ns
[2020-08-13T13:15:12.929+0000][6][safepoint    ] Safepoint "Cleanup", Time since last: 1000142401 ns, Reaching safepoint: 102994 ns, At safepoint: 58730 ns, Total: 161724 ns
[2020-08-13T13:15:13.930+0000][6][safepoint    ] Safepoint "Cleanup", Time since last: 1000155135 ns, Reaching safepoint: 194243 ns, At safepoint: 5009 ns, Total: 199252 ns
[2020-08-13T13:15:14.930+0000][6][safepoint    ] Safepoint "Cleanup", Time since last: 1000128526 ns, Reaching safepoint: 104857 ns, At safepoint: 3216 ns, Total: 108073 ns
[2020-08-13T13:15:15.930+0000][6][safepoint    ] Safepoint "Cleanup", Time since last: 1000135017 ns, Reaching safepoint: 205354 ns, At safepoint: 2996 ns, Total: 208350 ns
[2020-08-13T13:15:16.933+0000][6][safepoint    ] Safepoint "Cleanup", Time since last: 1002221584 ns, Reaching safepoint: 233767 ns, At safepoint: 5150 ns, Total: 238917 ns
[2020-08-13T13:15:17.933+0000][6][safepoint    ] Safepoint "Cleanup", Time since last: 1000187505 ns, Reaching safepoint: 215493 ns, At safepoint: 5310 ns, Total: 220803 ns
[2020-08-13T13:15:18.934+0000][6][safepoint    ] Safepoint "Cleanup", Time since last: 1000160806 ns, Reaching safepoint: 206828 ns, At safepoint: 3586 ns, Total: 210414 ns
[2020-08-13T13:15:19.934+0000][6][safepoint    ] Safepoint "Cleanup", Time since last: 1000123706 ns, Reaching safepoint: 114575 ns, At safepoint: 3216 ns, Total: 117791 ns
[2020-08-13T13:15:20.934+0000][6][safepoint    ] Safepoint "Cleanup", Time since last: 1000156617 ns, Reaching safepoint: 185057 ns, At safepoint: 3006 ns, Total: 188063 ns
[2020-08-13T13:15:21.937+0000][6][safepoint    ] Safepoint "Cleanup", Time since last: 1002860899 ns, Reaching safepoint: 177533 ns, At safepoint: 7274 ns, Total: 184807 ns
[2020-08-13T13:15:22.938+0000][6][safepoint    ] Safepoint "Cleanup", Time since last: 1000163941 ns, Reaching safepoint: 105096 ns, At safepoint: 3386 ns, Total: 108482 ns
[2020-08-13T13:15:23.941+0000][6][safepoint    ] Safepoint "Cleanup", Time since last: 1003274375 ns, Reaching safepoint: 119894 ns, At safepoint: 3567 ns, Total: 123461 ns
[2020-08-13T13:15:24.942+0000][6][safepoint    ] Safepoint "Cleanup", Time since last: 1000239653 ns, Reaching safepoint: 221845 ns, At safepoint: 138149 ns, Total: 359994 ns
[2020-08-13T13:15:25.944+0000][6][safepoint    ] Safepoint "Cleanup", Time since last: 1002220941 ns, Reaching safepoint: 98435 ns, At safepoint: 2425 ns, Total: 100860 ns
[2020-08-13T13:15:26.945+0000][6][safepoint    ] Safepoint "Cleanup", Time since last: 1000623742 ns, Reaching safepoint: 90851 ns, At safepoint: 4127 ns, Total: 94978 ns
[2020-08-13T13:15:27.945+0000][6][safepoint    ] Safepoint "Cleanup", Time since last: 1000340181 ns, Reaching safepoint: 122108 ns, At safepoint: 69501 ns, Total: 191609 ns
[2020-08-13T13:15:28.946+0000][6][safepoint    ] Safepoint "Cleanup", Time since last: 1000640994 ns, Reaching safepoint: 114696 ns, At safepoint: 5350 ns, Total: 120046 ns
[2020-08-13T13:15:29.948+0000][6][safepoint    ] Safepoint "Cleanup", Time since last: 1001968318 ns, Reaching safepoint: 132399 ns, At safepoint: 2665 ns, Total: 135064 ns
[2020-08-13T13:15:30.946+0000][6][safepoint    ] Safepoint "BulkRevokeBias", Time since last: 997826976 ns, Reaching safepoint: 158007 ns, At safepoint: 319948 ns, Total: 477955 ns
[2020-08-13T13:15:31.947+0000][6][safepoint    ] Safepoint "Cleanup", Time since last: 1000451731 ns, Reaching safepoint: 148268 ns, At safepoint: 3747 ns, Total: 152015 ns
[2020-08-13T13:15:32.947+0000][6][safepoint    ] Safepoint "Cleanup", Time since last: 1000302600 ns, Reaching safepoint: 227245 ns, At safepoint: 4569 ns, Total: 231814 ns
[2020-08-13T13:15:33.948+0000][6][safepoint    ] Safepoint "Cleanup", Time since last: 1000739719 ns, Reaching safepoint: 134272 ns, At safepoint: 5380 ns, Total: 139652 ns
[2020-08-13T13:15:34.949+0000][6][safepoint    ] Safepoint "Cleanup", Time since last: 1000128005 ns, Reaching safepoint: 198371 ns, At safepoint: 7834 ns, Total: 206205 ns
[2020-08-13T13:15:35.949+0000][6][safepoint    ] Safepoint "Cleanup", Time since last: 1000164422 ns, Reaching safepoint: 289341 ns, At safepoint: 67337 ns, Total: 356678 ns
[2020-08-13T13:15:36.950+0000][6][safepoint    ] Safepoint "Cleanup", Time since last: 1000160886 ns, Reaching safepoint: 212498 ns, At safepoint: 8195 ns, Total: 220693 ns
[2020-08-13T13:15:37.950+0000][6][safepoint    ] Safepoint "Cleanup", Time since last: 1000166076 ns, Reaching safepoint: 186649 ns, At safepoint: 66815 ns, Total: 253464 ns
[2020-08-13T13:15:38.951+0000][6][safepoint    ] Safepoint "Cleanup", Time since last: 1000667423 ns, Reaching safepoint: 253706 ns, At safepoint: 3807 ns, Total: 257513 ns
[2020-08-13T13:15:39.951+0000][6][safepoint    ] Safepoint "Cleanup", Time since last: 1000128446 ns, Reaching safepoint: 117209 ns, At safepoint: 2986 ns, Total: 120195 ns
[2020-08-13T13:15:40.951+0000][6][safepoint    ] Safepoint "Cleanup", Time since last: 1000141280 ns, Reaching safepoint: 149168 ns, At safepoint: 3216 ns, Total: 152384 ns
[2020-08-13T13:15:41.952+0000][6][safepoint    ] Safepoint "Cleanup", Time since last: 1000152280 ns, Reaching safepoint: 124353 ns, At safepoint: 2896 ns, Total: 127249 ns
[2020-08-13T13:15:42.952+0000][6][safepoint    ] Safepoint "Cleanup", Time since last: 1000169351 ns, Reaching safepoint: 121948 ns, At safepoint: 3226 ns, Total: 125174 ns
[2020-08-13T13:15:43.952+0000][6][safepoint    ] Safepoint "Cleanup", Time since last: 1000155697 ns, Reaching safepoint: 121727 ns, At safepoint: 3377 ns, Total: 125104 ns
[2020-08-13T13:15:44.953+0000][6][safepoint    ] Safepoint "Cleanup", Time since last: 1000148923 ns, Reaching safepoint: 112239 ns, At safepoint: 3387 ns, Total: 115626 ns
[2020-08-13T13:15:45.953+0000][6][safepoint    ] Safepoint "Cleanup", Time since last: 1000153642 ns, Reaching safepoint: 158757 ns, At safepoint: 67366 ns, Total: 226123 ns
[2020-08-13T13:15:46.961+0000][6][safepoint    ] Safepoint "Cleanup", Time since last: 1008271828 ns, Reaching safepoint: 167944 ns, At safepoint: 9257 ns, Total: 177201 ns
[2020-08-13T13:15:47.962+0000][6][safepoint    ] Safepoint "Cleanup", Time since last: 1000123466 ns, Reaching safepoint: 86131 ns, At safepoint: 3206 ns, Total: 89337 ns
[2020-08-13T13:15:48.963+0000][6][safepoint    ] Safepoint "Cleanup", Time since last: 1001071230 ns, Reaching safepoint: 170078 ns, At safepoint: 54943 ns, Total: 225021 ns
[2020-08-13T13:15:49.963+0000][6][safepoint    ] Safepoint "Cleanup", Time since last: 1000134226 ns, Reaching safepoint: 104506 ns, At safepoint: 2915 ns, Total: 107421 ns
[2020-08-13T13:15:50.963+0000][6][safepoint    ] Safepoint "Cleanup", Time since last: 1000172107 ns, Reaching safepoint: 128229 ns, At safepoint: 3036 ns, Total: 131265 ns
[2020-08-13T13:15:51.964+0000][6][safepoint    ] Safepoint "Cleanup", Time since last: 1000146600 ns, Reaching safepoint: 136655 ns, At safepoint: 3326 ns, Total: 139981 ns
[2020-08-13T13:15:52.964+0000][6][safepoint    ] Safepoint "Cleanup", Time since last: 1000141830 ns, Reaching safepoint: 118593 ns, At safepoint: 3516 ns, Total: 122109 ns
[2020-08-13T13:15:53.965+0000][6][safepoint    ] Safepoint "Cleanup", Time since last: 1000647376 ns, Reaching safepoint: 280405 ns, At safepoint: 3637 ns, Total: 284042 ns
[2020-08-13T13:15:54.965+0000][6][safepoint    ] Safepoint "Cleanup", Time since last: 1000140308 ns, Reaching safepoint: 148437 ns, At safepoint: 3637 ns, Total: 152074 ns
[2020-08-13T13:15:55.966+0000][6][safepoint    ] Safepoint "Cleanup", Time since last: 1000149405 ns, Reaching safepoint: 142547 ns, At safepoint: 3146 ns, Total: 145693 ns
[2020-08-13T13:15:56.973+0000][6][safepoint    ] Safepoint "Cleanup", Time since last: 1006910138 ns, Reaching safepoint: 220182 ns, At safepoint: 3777 ns, Total: 223959 ns
[2020-08-13T13:15:57.973+0000][6][safepoint    ] Safepoint "Cleanup", Time since last: 1000166877 ns, Reaching safepoint: 139211 ns, At safepoint: 43452 ns, Total: 182663 ns
[2020-08-13T13:15:58.977+0000][6][safepoint    ] Safepoint "Cleanup", Time since last: 1003692325 ns, Reaching safepoint: 111730 ns, At safepoint: 4949 ns, Total: 116679 ns
[2020-08-13T13:15:59.977+0000][6][safepoint    ] Safepoint "Cleanup", Time since last: 1000229755 ns, Reaching safepoint: 111969 ns, At safepoint: 2665 ns, Total: 114634 ns
[2020-08-13T13:16:01.978+0000][6][safepoint    ] Safepoint "Cleanup", Time since last: 2000317623 ns, Reaching safepoint: 224480 ns, At safepoint: 6573 ns, Total: 231053 ns
[2020-08-13T13:16:02.978+0000][6][safepoint    ] Safepoint "Cleanup", Time since last: 1000126561 ns, Reaching safepoint: 78928 ns, At safepoint: 2755 ns, Total: 81683 ns
[2020-08-13T13:16:03.980+0000][6][safepoint    ] Safepoint "Cleanup", Time since last: 1002041336 ns, Reaching safepoint: 177573 ns, At safepoint: 3797 ns, Total: 181370 ns
[2020-08-13T13:16:04.981+0000][6][safepoint    ] Safepoint "Cleanup", Time since last: 1000289156 ns, Reaching safepoint: 243676 ns, At safepoint: 64351 ns, Total: 308027 ns
[2020-08-13T13:16:05.981+0000][6][safepoint    ] Safepoint "Cleanup", Time since last: 1000212922 ns, Reaching safepoint: 179105 ns, At safepoint: 3116 ns, Total: 182221 ns
[2020-08-13T13:16:06.983+0000][6][safepoint    ] Safepoint "Cleanup", Time since last: 1002170428 ns, Reaching safepoint: 124333 ns, At safepoint: 2715 ns, Total: 127048 ns
[2020-08-13T13:16:07.984+0000][6][safepoint    ] Safepoint "Cleanup", Time since last: 1000138504 ns, Reaching safepoint: 87584 ns, At safepoint: 3216 ns, Total: 90800 ns
[2020-08-13T13:16:08.992+0000][6][safepoint    ] Safepoint "Cleanup", Time since last: 1008021538 ns, Reaching safepoint: 425257 ns, At safepoint: 5400 ns, Total: 430657 ns
[2020-08-13T13:16:09.992+0000][6][safepoint    ] Safepoint "Cleanup", Time since last: 1000127304 ns, Reaching safepoint: 83876 ns, At safepoint: 3366 ns, Total: 87242 ns
[2020-08-13T13:16:11.988+0000][6][safepoint    ] Safepoint "Cleanup", Time since last: 1995417533 ns, Reaching safepoint: 334256 ns, At safepoint: 6081 ns, Total: 340337 ns
[2020-08-13T13:16:12.988+0000][6][safepoint    ] Safepoint "Cleanup", Time since last: 1000138414 ns, Reaching safepoint: 72695 ns, At safepoint: 3216 ns, Total: 75911 ns
[2020-08-13T13:16:13.989+0000][6][safepoint    ] Safepoint "Cleanup", Time since last: 1000145178 ns, Reaching safepoint: 114473 ns, At safepoint: 41468 ns, Total: 155941 ns
[2020-08-13T13:16:14.989+0000][6][safepoint    ] Safepoint "Cleanup", Time since last: 1000120199 ns, Reaching safepoint: 115015 ns, At safepoint: 3026 ns, Total: 118041 ns
[2020-08-13T13:16:15.989+0000][6][safepoint    ] Safepoint "Cleanup", Time since last: 1000140629 ns, Reaching safepoint: 113121 ns, At safepoint: 3186 ns, Total: 116307 ns
[2020-08-13T13:16:16.992+0000][6][safepoint    ] Safepoint "Cleanup", Time since last: 1002247080 ns, Reaching safepoint: 263063 ns, At safepoint: 4247 ns, Total: 267310 ns
[2020-08-13T13:16:17.992+0000][6][safepoint    ] Safepoint "Cleanup", Time since last: 1000146540 ns, Reaching safepoint: 425035 ns, At safepoint: 3998 ns, Total: 429033 ns
[2020-08-13T13:16:18.993+0000][6][safepoint    ] Safepoint "Cleanup", Time since last: 1000143233 ns, Reaching safepoint: 203231 ns, At safepoint: 6862 ns, Total: 210093 ns
[2020-08-13T13:16:18.995+0000][6][gc,start     ] GC(26) Pause Young (Normal) (G1 Evacuation Pause)
[2020-08-13T13:16:18.995+0000][6][gc,task      ] GC(26) Using 2 workers of 2 for evacuation
[2020-08-13T13:16:18.995+0000][6][gc,age       ] GC(26) Desired survivor size 8388608 bytes, new threshold 15 (max threshold 15)
[2020-08-13T13:16:19.011+0000][6][gc,age       ] GC(26) Age table with threshold 15 (max threshold 15)
[2020-08-13T13:16:19.011+0000][6][gc,age       ] GC(26) - age   1:      52216 bytes,      52216 total
[2020-08-13T13:16:19.011+0000][6][gc,age       ] GC(26) - age   2:    1159120 bytes,    1211336 total
[2020-08-13T13:16:19.011+0000][6][gc,age       ] GC(26) - age   3:    4528168 bytes,    5739504 total
[2020-08-13T13:16:19.011+0000][6][gc,age       ] GC(26) - age   4:    1664592 bytes,    7404096 total
[2020-08-13T13:16:19.011+0000][6][gc,phases    ] GC(26)   Pre Evacuate Collection Set: 0.0ms
[2020-08-13T13:16:19.011+0000][6][gc,phases    ] GC(26)   Merge Heap Roots: 0.1ms
[2020-08-13T13:16:19.011+0000][6][gc,phases    ] GC(26)   Evacuate Collection Set: 15.2ms
[2020-08-13T13:16:19.011+0000][6][gc,phases    ] GC(26)   Post Evacuate Collection Set: 1.3ms
[2020-08-13T13:16:19.012+0000][6][gc,phases    ] GC(26)   Other: 0.3ms
[2020-08-13T13:16:19.012+0000][6][gc,heap      ] GC(26) Eden regions: 114->0(116)
[2020-08-13T13:16:19.012+0000][6][gc,heap      ] GC(26) Survivor regions: 8->8(16)
[2020-08-13T13:16:19.012+0000][6][gc,heap      ] GC(26) Old regions: 55->55
[2020-08-13T13:16:19.012+0000][6][gc,heap      ] GC(26) Archive regions: 2->2
[2020-08-13T13:16:19.012+0000][6][gc,heap      ] GC(26) Humongous regions: 1->1
[2020-08-13T13:16:19.012+0000][6][gc,metaspace ] GC(26) Metaspace: 78914K(85344K)->78914K(85344K) NonClass: 68238K(71956K)->68238K(71956K) Class: 10676K(13388K)->10676K(13388K)
[2020-08-13T13:16:19.012+0000][6][gc           ] GC(26) Pause Young (Normal) (G1 Evacuation Pause) 177M->64M(256M) 16.982ms
[2020-08-13T13:16:19.012+0000][6][gc,cpu       ] GC(26) User=0.02s Sys=0.00s Real=0.02s
[2020-08-13T13:16:19.012+0000][6][safepoint    ] Safepoint "G1CollectForAllocation", Time since last: 1999644 ns, Reaching safepoint: 35626 ns, At safepoint: 17090068 ns, Total: 17125694 ns
[2020-08-13T13:16:20.012+0000][6][safepoint    ] Safepoint "Cleanup", Time since last: 1000085306 ns, Reaching safepoint: 130774 ns, At safepoint: 3246 ns, Total: 134020 ns
[2020-08-13T13:16:21.012+0000][6][safepoint    ] Safepoint "Cleanup", Time since last: 1000151548 ns, Reaching safepoint: 118683 ns, At safepoint: 3065 ns, Total: 121748 ns
[2020-08-13T13:16:22.016+0000][6][safepoint    ] Safepoint "Cleanup", Time since last: 1003800819 ns, Reaching safepoint: 208441 ns, At safepoint: 5029 ns, Total: 213470 ns
[2020-08-13T13:16:23.017+0000][6][safepoint    ] Safepoint "Cleanup", Time since last: 1000330714 ns, Reaching safepoint: 227196 ns, At safepoint: 4017 ns, Total: 231213 ns
[2020-08-13T13:16:24.018+0000][6][safepoint    ] Safepoint "Cleanup", Time since last: 1000917823 ns, Reaching safepoint: 810878 ns, At safepoint: 5841 ns, Total: 816719 ns
[2020-08-13T13:16:25.019+0000][6][safepoint    ] Safepoint "Cleanup", Time since last: 1000135908 ns, Reaching safepoint: 115175 ns, At safepoint: 3176 ns, Total: 118351 ns
[2020-08-13T13:16:26.019+0000][6][safepoint    ] Safepoint "Cleanup", Time since last: 1000147411 ns, Reaching safepoint: 132447 ns, At safepoint: 3226 ns, Total: 135673 ns
[2020-08-13T13:16:27.022+0000][6][safepoint    ] Safepoint "Cleanup", Time since last: 1002521816 ns, Reaching safepoint: 240961 ns, At safepoint: 44062 ns, Total: 285023 ns
[2020-08-13T13:16:28.022+0000][6][safepoint    ] Safepoint "Cleanup", Time since last: 1000148463 ns, Reaching safepoint: 134161 ns, At safepoint: 3597 ns, Total: 137758 ns
[2020-08-13T13:16:29.022+0000][6][safepoint    ] Safepoint "Cleanup", Time since last: 1000143563 ns, Reaching safepoint: 106489 ns, At safepoint: 5771 ns, Total: 112260 ns
[2020-08-13T13:16:30.023+0000][6][safepoint    ] Safepoint "Cleanup", Time since last: 1000131231 ns, Reaching safepoint: 114324 ns, At safepoint: 3116 ns, Total: 117440 ns
[2020-08-13T13:16:31.023+0000][6][safepoint    ] Safepoint "Cleanup", Time since last: 1000156969 ns, Reaching safepoint: 225052 ns, At safepoint: 3336 ns, Total: 228388 ns
[2020-08-13T13:16:32.025+0000][6][safepoint    ] Safepoint "Cleanup", Time since last: 1001679518 ns, Reaching safepoint: 212017 ns, At safepoint: 61705 ns, Total: 273722 ns
[2020-08-13T13:16:33.025+0000][6][safepoint    ] Safepoint "Cleanup", Time since last: 1000411635 ns, Reaching safepoint: 127769 ns, At safepoint: 4629 ns, Total: 132398 ns
[2020-08-13T13:16:34.028+0000][6][safepoint    ] Safepoint "Cleanup", Time since last: 1001957639 ns, Reaching safepoint: 241702 ns, At safepoint: 8076 ns, Total: 249778 ns
[2020-08-13T13:16:35.028+0000][6][safepoint    ] Safepoint "Cleanup", Time since last: 1000122253 ns, Reaching safepoint: 141915 ns, At safepoint: 3046 ns, Total: 144961 ns
[2020-08-13T13:16:36.028+0000][6][safepoint    ] Safepoint "Cleanup", Time since last: 1000154004 ns, Reaching safepoint: 196207 ns, At safepoint: 60243 ns, Total: 256450 ns
[2020-08-13T13:16:37.031+0000][6][safepoint    ] Safepoint "Cleanup", Time since last: 1002170218 ns, Reaching safepoint: 425415 ns, At safepoint: 79580 ns, Total: 504995 ns
[2020-08-13T13:16:38.031+0000][6][safepoint    ] Safepoint "Cleanup", Time since last: 1000144736 ns, Reaching safepoint: 73308 ns, At safepoint: 6021 ns, Total: 79329 ns
[2020-08-13T13:16:39.032+0000][6][safepoint    ] Safepoint "Cleanup", Time since last: 1000146689 ns, Reaching safepoint: 232546 ns, At safepoint: 3366 ns, Total: 235912 ns
[2020-08-13T13:16:40.032+0000][6][safepoint    ] Safepoint "Cleanup", Time since last: 1000145718 ns, Reaching safepoint: 108894 ns, At safepoint: 2985 ns, Total: 111879 ns
[2020-08-13T13:16:41.032+0000][6][safepoint    ] Safepoint "Cleanup", Time since last: 1000151938 ns, Reaching safepoint: 101821 ns, At safepoint: 3086 ns, Total: 104907 ns
[2020-08-13T13:16:42.037+0000][6][safepoint    ] Safepoint "Cleanup", Time since last: 1003945638 ns, Reaching safepoint: 318196 ns, At safepoint: 120526 ns, Total: 438722 ns
[2020-08-13T13:16:43.037+0000][6][safepoint    ] Safepoint "Cleanup", Time since last: 1000111503 ns, Reaching safepoint: 396563 ns, At safepoint: 58159 ns, Total: 454722 ns
[2020-08-13T13:16:44.037+0000][6][safepoint    ] Safepoint "Cleanup", Time since last: 1000150977 ns, Reaching safepoint: 191207 ns, At safepoint: 8897 ns, Total: 200104 ns
[2020-08-13T13:16:45.038+0000][6][safepoint    ] Safepoint "Cleanup", Time since last: 1000150246 ns, Reaching safepoint: 171180 ns, At safepoint: 2875 ns, Total: 174055 ns
[2020-08-13T13:16:46.038+0000][6][safepoint    ] Safepoint "Cleanup", Time since last: 1000155727 ns, Reaching safepoint: 173746 ns, At safepoint: 4128 ns, Total: 177874 ns
[2020-08-13T13:16:47.040+0000][6][safepoint    ] Safepoint "Cleanup", Time since last: 1001874304 ns, Reaching safepoint: 210534 ns, At safepoint: 4869 ns, Total: 215403 ns
[2020-08-13T13:16:48.041+0000][6][safepoint    ] Safepoint "Cleanup", Time since last: 1000224014 ns, Reaching safepoint: 259045 ns, At safepoint: 7665 ns, Total: 266710 ns
[2020-08-13T13:16:49.041+0000][6][safepoint    ] Safepoint "Cleanup", Time since last: 1000148081 ns, Reaching safepoint: 239568 ns, At safepoint: 6453 ns, Total: 246021 ns
[2020-08-13T13:16:50.041+0000][6][safepoint    ] Safepoint "Cleanup", Time since last: 1000134105 ns, Reaching safepoint: 134501 ns, At safepoint: 3737 ns, Total: 138238 ns
[2020-08-13T13:16:51.042+0000][6][safepoint    ] Safepoint "Cleanup", Time since last: 1000175293 ns, Reaching safepoint: 128641 ns, At safepoint: 2896 ns, Total: 131537 ns
[2020-08-13T13:16:52.042+0000][6][safepoint    ] Safepoint "Cleanup", Time since last: 1000159233 ns, Reaching safepoint: 104967 ns, At safepoint: 3246 ns, Total: 108213 ns
[2020-08-13T13:16:53.042+0000][6][safepoint    ] Safepoint "Cleanup", Time since last: 1000134728 ns, Reaching safepoint: 106298 ns, At safepoint: 2946 ns, Total: 109244 ns
[2020-08-13T13:16:54.043+0000][6][safepoint    ] Safepoint "Cleanup", Time since last: 1000461860 ns, Reaching safepoint: 319147 ns, At safepoint: 3567 ns, Total: 322714 ns
[2020-08-13T13:16:55.043+0000][6][safepoint    ] Safepoint "Cleanup", Time since last: 1000135568 ns, Reaching safepoint: 143829 ns, At safepoint: 3427 ns, Total: 147256 ns
[2020-08-13T13:16:56.044+0000][6][safepoint    ] Safepoint "Cleanup", Time since last: 1000142260 ns, Reaching safepoint: 325450 ns, At safepoint: 59341 ns, Total: 384791 ns
[2020-08-13T13:16:57.050+0000][6][safepoint    ] Safepoint "Cleanup", Time since last: 1006042425 ns, Reaching safepoint: 213189 ns, At safepoint: 17903 ns, Total: 231092 ns
[2020-08-13T13:16:58.051+0000][6][safepoint    ] Safepoint "Cleanup", Time since last: 1000165706 ns, Reaching safepoint: 246601 ns, At safepoint: 67958 ns, Total: 314559 ns
[2020-08-13T13:16:59.051+0000][6][safepoint    ] Safepoint "Cleanup", Time since last: 1000143664 ns, Reaching safepoint: 129542 ns, At safepoint: 5470 ns, Total: 135012 ns
[2020-08-13T13:17:00.051+0000][6][safepoint    ] Safepoint "Cleanup", Time since last: 1000147641 ns, Reaching safepoint: 100878 ns, At safepoint: 2876 ns, Total: 103754 ns
[2020-08-13T13:17:01.051+0000][6][safepoint    ] Safepoint "Cleanup", Time since last: 1000139025 ns, Reaching safepoint: 105037 ns, At safepoint: 3016 ns, Total: 108053 ns
[2020-08-13T13:17:02.054+0000][6][safepoint    ] Safepoint "Cleanup", Time since last: 1002289300 ns, Reaching safepoint: 139361 ns, At safepoint: 4078 ns, Total: 143439 ns
[2020-08-13T13:17:03.055+0000][6][safepoint    ] Safepoint "Cleanup", Time since last: 1001655252 ns, Reaching safepoint: 103915 ns, At safepoint: 2896 ns, Total: 106811 ns
[2020-08-13T13:17:04.056+0000][6][safepoint    ] Safepoint "Cleanup", Time since last: 1000181173 ns, Reaching safepoint: 200535 ns, At safepoint: 4108 ns, Total: 204643 ns
[2020-08-13T13:17:05.056+0000][6][safepoint    ] Safepoint "Cleanup", Time since last: 1000287843 ns, Reaching safepoint: 87754 ns, At safepoint: 8797 ns, Total: 96551 ns
[2020-08-13T13:17:06.057+0000][6][safepoint    ] Safepoint "Cleanup", Time since last: 1000486604 ns, Reaching safepoint: 143118 ns, At safepoint: 3967 ns, Total: 147085 ns
[2020-08-13T13:17:07.058+0000][6][safepoint    ] Safepoint "Cleanup", Time since last: 1000471187 ns, Reaching safepoint: 479869 ns, At safepoint: 60983 ns, Total: 540852 ns
[2020-08-13T13:17:08.058+0000][6][safepoint    ] Safepoint "Cleanup", Time since last: 1000136531 ns, Reaching safepoint: 144560 ns, At safepoint: 73608 ns, Total: 218168 ns
[2020-08-13T13:17:09.060+0000][6][safepoint    ] Safepoint "Cleanup", Time since last: 1000368454 ns, Reaching safepoint: 1136978 ns, At safepoint: 3717 ns, Total: 1140695 ns
[2020-08-13T13:17:10.060+0000][6][safepoint    ] Safepoint "Cleanup", Time since last: 1000139546 ns, Reaching safepoint: 104755 ns, At safepoint: 3336 ns, Total: 108091 ns
[2020-08-13T13:17:11.060+0000][6][safepoint    ] Safepoint "Cleanup", Time since last: 1000145167 ns, Reaching safepoint: 101058 ns, At safepoint: 3076 ns, Total: 104134 ns
[2020-08-13T13:17:17.064+0000][6][safepoint    ] Safepoint "Cleanup", Time since last: 6003875161 ns, Reaching safepoint: 195235 ns, At safepoint: 3226 ns, Total: 198461 ns
[2020-08-13T13:17:21.071+0000][6][safepoint    ] Safepoint "Cleanup", Time since last: 4005993918 ns, Reaching safepoint: 104666 ns, At safepoint: 108492 ns, Total: 213158 ns
[2020-08-13T13:17:22.071+0000][6][safepoint    ] Safepoint "Cleanup", Time since last: 1000209958 ns, Reaching safepoint: 199715 ns, At safepoint: 3967 ns, Total: 203682 ns
[2020-08-13T13:17:23.071+0000][6][safepoint    ] Safepoint "Cleanup", Time since last: 1000168990 ns, Reaching safepoint: 239829 ns, At safepoint: 103965 ns, Total: 343794 ns
[2020-08-13T13:17:30.074+0000][6][safepoint    ] Safepoint "Cleanup", Time since last: 7002606291 ns, Reaching safepoint: 175088 ns, At safepoint: 2865 ns, Total: 177953 ns
[2020-08-13T13:17:33.075+0000][6][safepoint    ] Safepoint "Cleanup", Time since last: 3000296741 ns, Reaching safepoint: 211265 ns, At safepoint: 3346 ns, Total: 214611 ns
[2020-08-13T13:17:35.075+0000][6][safepoint    ] Safepoint "Cleanup", Time since last: 2000230621 ns, Reaching safepoint: 125163 ns, At safepoint: 2866 ns, Total: 128029 ns
[2020-08-13T13:17:36.075+0000][6][safepoint    ] Safepoint "Cleanup", Time since last: 1000150049 ns, Reaching safepoint: 121277 ns, At safepoint: 3487 ns, Total: 124764 ns
[2020-08-13T13:17:37.083+0000][6][safepoint    ] Safepoint "Cleanup", Time since last: 1007793105 ns, Reaching safepoint: 288260 ns, At safepoint: 5941 ns, Total: 294201 ns
[2020-08-13T13:17:38.084+0000][6][safepoint    ] Safepoint "Cleanup", Time since last: 1000146093 ns, Reaching safepoint: 112450 ns, At safepoint: 3256 ns, Total: 115706 ns
[2020-08-13T13:17:39.085+0000][6][safepoint    ] Safepoint "Cleanup", Time since last: 1000878002 ns, Reaching safepoint: 199384 ns, At safepoint: 3445 ns, Total: 202829 ns
[2020-08-13T13:17:40.085+0000][6][safepoint    ] Safepoint "Cleanup", Time since last: 1000127138 ns, Reaching safepoint: 211205 ns, At safepoint: 2815 ns, Total: 214020 ns
[2020-08-13T13:17:41.085+0000][6][safepoint    ] Safepoint "Cleanup", Time since last: 1000142516 ns, Reaching safepoint: 104004 ns, At safepoint: 3136 ns, Total: 107140 ns
[2020-08-13T13:17:42.089+0000][6][safepoint    ] Safepoint "Cleanup", Time since last: 1002940102 ns, Reaching safepoint: 154048 ns, At safepoint: 3546 ns, Total: 157594 ns
[2020-08-13T13:17:43.089+0000][6][safepoint    ] Safepoint "Cleanup", Time since last: 1000350557 ns, Reaching safepoint: 252111 ns, At safepoint: 5390 ns, Total: 257501 ns
[2020-08-13T13:17:44.089+0000][6][safepoint    ] Safepoint "Cleanup", Time since last: 1000155750 ns, Reaching safepoint: 180689 ns, At safepoint: 3146 ns, Total: 183835 ns
[2020-08-13T13:17:45.090+0000][6][safepoint    ] Safepoint "Cleanup", Time since last: 1000135282 ns, Reaching safepoint: 114264 ns, At safepoint: 3116 ns, Total: 117380 ns
[2020-08-13T13:17:46.090+0000][6][safepoint    ] Safepoint "Cleanup", Time since last: 1000140672 ns, Reaching safepoint: 111950 ns, At safepoint: 3155 ns, Total: 115105 ns
[2020-08-13T13:17:47.093+0000][6][safepoint    ] Safepoint "Cleanup", Time since last: 1002608842 ns, Reaching safepoint: 370344 ns, At safepoint: 7844 ns, Total: 378188 ns
[2020-08-13T13:17:48.093+0000][6][safepoint    ] Safepoint "Cleanup", Time since last: 1000136695 ns, Reaching safepoint: 82304 ns, At safepoint: 2635 ns, Total: 84939 ns
[2020-08-13T13:17:49.093+0000][6][safepoint    ] Safepoint "Cleanup", Time since last: 1000142375 ns, Reaching safepoint: 158697 ns, At safepoint: 4178 ns, Total: 162875 ns
[2020-08-13T13:17:50.094+0000][6][safepoint    ] Safepoint "Cleanup", Time since last: 1000143407 ns, Reaching safepoint: 124674 ns, At safepoint: 3406 ns, Total: 128080 ns
[2020-08-13T13:17:51.094+0000][6][safepoint    ] Safepoint "Cleanup", Time since last: 1000163755 ns, Reaching safepoint: 103164 ns, At safepoint: 3396 ns, Total: 106560 ns
[2020-08-13T13:17:51.096+0000][6][safepoint    ] Safepoint "BulkRevokeBias", Time since last: 1906819 ns, Reaching safepoint: 164458 ns, At safepoint: 328815 ns, Total: 493273 ns
[2020-08-13T13:17:52.097+0000][6][safepoint    ] Safepoint "Cleanup", Time since last: 1000101398 ns, Reaching safepoint: 87795 ns, At safepoint: 3046 ns, Total: 90841 ns
[2020-08-13T13:17:53.097+0000][6][safepoint    ] Safepoint "Cleanup", Time since last: 1000122067 ns, Reaching safepoint: 118612 ns, At safepoint: 3246 ns, Total: 121858 ns
[2020-08-13T13:17:54.098+0000][6][safepoint    ] Safepoint "Cleanup", Time since last: 1000766844 ns, Reaching safepoint: 322924 ns, At safepoint: 3116 ns, Total: 326040 ns
[2020-08-13T13:17:55.098+0000][6][safepoint    ] Safepoint "Cleanup", Time since last: 1000141343 ns, Reaching safepoint: 101030 ns, At safepoint: 3045 ns, Total: 104075 ns
[2020-08-13T13:17:56.099+0000][6][safepoint    ] Safepoint "Cleanup", Time since last: 1000195325 ns, Reaching safepoint: 161523 ns, At safepoint: 3196 ns, Total: 164719 ns
[2020-08-13T13:17:57.103+0000][6][safepoint    ] Safepoint "Cleanup", Time since last: 1003917591 ns, Reaching safepoint: 479527 ns, At safepoint: 66405 ns, Total: 545932 ns
[2020-08-13T13:17:58.103+0000][6][safepoint    ] Safepoint "Cleanup", Time since last: 1000249706 ns, Reaching safepoint: 197560 ns, At safepoint: 2886 ns, Total: 200446 ns
[2020-08-13T13:17:59.104+0000][6][safepoint    ] Safepoint "Cleanup", Time since last: 1000146212 ns, Reaching safepoint: 200074 ns, At safepoint: 59031 ns, Total: 259105 ns
[2020-08-13T13:18:00.104+0000][6][safepoint    ] Safepoint "Cleanup", Time since last: 1000117619 ns, Reaching safepoint: 133750 ns, At safepoint: 3627 ns, Total: 137377 ns
[2020-08-13T13:18:01.104+0000][6][safepoint    ] Safepoint "Cleanup", Time since last: 1000139731 ns, Reaching safepoint: 106318 ns, At safepoint: 3136 ns, Total: 109454 ns
[2020-08-13T13:18:02.107+0000][6][safepoint    ] Safepoint "Cleanup", Time since last: 1002037422 ns, Reaching safepoint: 240440 ns, At safepoint: 4969 ns, Total: 245409 ns
[2020-08-13T13:18:03.108+0000][6][safepoint    ] Safepoint "Cleanup", Time since last: 1000595535 ns, Reaching safepoint: 227145 ns, At safepoint: 65052 ns, Total: 292197 ns
[2020-08-13T13:18:04.108+0000][6][safepoint    ] Safepoint "Cleanup", Time since last: 1000162452 ns, Reaching safepoint: 188312 ns, At safepoint: 65923 ns, Total: 254235 ns
[2020-08-13T13:18:05.108+0000][6][safepoint    ] Safepoint "Cleanup", Time since last: 1000130734 ns, Reaching safepoint: 99677 ns, At safepoint: 2896 ns, Total: 102573 ns
[2020-08-13T13:18:06.108+0000][6][safepoint    ] Safepoint "Cleanup", Time since last: 1000145731 ns, Reaching safepoint: 110396 ns, At safepoint: 3116 ns, Total: 113512 ns
[2020-08-13T13:18:07.111+0000][6][safepoint    ] Safepoint "Cleanup", Time since last: 1002233160 ns, Reaching safepoint: 220082 ns, At safepoint: 5370 ns, Total: 225452 ns
[2020-08-13T13:18:08.112+0000][6][safepoint    ] Safepoint "Cleanup", Time since last: 1000544969 ns, Reaching safepoint: 500296 ns, At safepoint: 68709 ns, Total: 569005 ns
[2020-08-13T13:18:10.113+0000][6][safepoint    ] Safepoint "Cleanup", Time since last: 2000659472 ns, Reaching safepoint: 172974 ns, At safepoint: 2975 ns, Total: 175949 ns
[2020-08-13T13:18:25.031+0000][6][safepoint    ] Safepoint "Cleanup", Time since last: 14918054038 ns, Reaching safepoint: 412392 ns, At safepoint: 6452 ns, Total: 418844 ns
[2020-08-13T13:18:25.484+0000][6][safepoint    ] Safepoint "BulkRevokeBias", Time since last: 452250894 ns, Reaching safepoint: 594162 ns, At safepoint: 162585 ns, Total: 756747 ns
[2020-08-13T13:18:25.486+0000][6][safepoint    ] Safepoint "BulkRevokeBias", Time since last: 1941063 ns, Reaching safepoint: 55062 ns, At safepoint: 102322 ns, Total: 157384 ns
[2020-08-13T13:18:25.512+0000][6][gc,heap,exit ] Heap
[2020-08-13T13:18:25.512+0000][6][gc,heap,exit ]  garbage-first heap   total 262144K, used 145917K [0x00000000f0000000, 0x0000000100000000)
[2020-08-13T13:18:25.512+0000][6][gc,heap,exit ]   region size 1024K, 87 young (89088K), 8 survivors (8192K)
[2020-08-13T13:18:25.512+0000][6][gc,heap,exit ]  Metaspace       used 79154K, capacity 85485K, committed 85600K, reserved 1122304K
[2020-08-13T13:18:25.512+0000][6][gc,heap,exit ]   class space    used 10706K, capacity 13366K, committed 13388K, reserved 1048576K
