[2020-08-13T13:36:58.683+0000][6][gc,heap] Heap region size: 1M
[2020-08-13T13:36:58.683+0000][6][gc,heap,coops] Heap address: 0x00000000f0000000, size: 256 MB, Compressed Oops mode: 32-bit
[2020-08-13T13:36:58.799+0000][6][gc           ] Using G1
[2020-08-13T13:36:58.799+0000][6][gc,cds       ] Mark closed archive regions in map: [0x00000000fff00000, 0x00000000fff7eff8]
[2020-08-13T13:36:58.799+0000][6][gc,cds       ] Mark open archive regions in map: [0x00000000ffe00000, 0x00000000ffe51ff8]
[2020-08-13T13:36:58.835+0000][6][gc           ] Periodic GC disabled
[2020-08-13T13:36:59.473+0000][6][gc,start     ] GC(0) Pause Young (Normal) (G1 Evacuation Pause)
[2020-08-13T13:36:59.474+0000][6][gc,task      ] GC(0) Using 2 workers of 2 for evacuation
[2020-08-13T13:36:59.474+0000][6][gc,age       ] GC(0) Desired survivor size 1048576 bytes, new threshold 15 (max threshold 15)
[2020-08-13T13:36:59.479+0000][6][gc,age       ] GC(0) Age table with threshold 15 (max threshold 15)
[2020-08-13T13:36:59.479+0000][6][gc,age       ] GC(0) - age   1:    2045088 bytes,    2045088 total
[2020-08-13T13:36:59.479+0000][6][gc,phases    ] GC(0)   Pre Evacuate Collection Set: 0.0ms
[2020-08-13T13:36:59.479+0000][6][gc,phases    ] GC(0)   Merge Heap Roots: 0.0ms
[2020-08-13T13:36:59.479+0000][6][gc,phases    ] GC(0)   Evacuate Collection Set: 5.1ms
[2020-08-13T13:36:59.479+0000][6][gc,phases    ] GC(0)   Post Evacuate Collection Set: 0.3ms
[2020-08-13T13:36:59.479+0000][6][gc,phases    ] GC(0)   Other: 0.4ms
[2020-08-13T13:36:59.479+0000][6][gc,heap      ] GC(0) Eden regions: 12->0(10)
[2020-08-13T13:36:59.479+0000][6][gc,heap      ] GC(0) Survivor regions: 0->2(2)
[2020-08-13T13:36:59.479+0000][6][gc,heap      ] GC(0) Old regions: 0->0
[2020-08-13T13:36:59.479+0000][6][gc,heap      ] GC(0) Archive regions: 2->2
[2020-08-13T13:36:59.479+0000][6][gc,heap      ] GC(0) Humongous regions: 1->1
[2020-08-13T13:36:59.479+0000][6][gc,metaspace ] GC(0) Metaspace: 2540K(5760K)->2540K(5760K) NonClass: 2263K(5120K)->2263K(5120K) Class: 276K(640K)->276K(640K)
[2020-08-13T13:36:59.479+0000][6][gc           ] GC(0) Pause Young (Normal) (G1 Evacuation Pause) 13M->3M(256M) 5.894ms
[2020-08-13T13:36:59.479+0000][6][gc,cpu       ] GC(0) User=0.01s Sys=0.00s Real=0.01s
[2020-08-13T13:36:59.479+0000][6][safepoint    ] Safepoint "G1CollectForAllocation", Time since last: 649396184 ns, Reaching safepoint: 150232 ns, At safepoint: 5963653 ns, Total: 6113885 ns
[2020-08-13T13:37:00.299+0000][6][gc,start     ] GC(1) Pause Young (Normal) (G1 Evacuation Pause)
[2020-08-13T13:37:00.299+0000][6][gc,task      ] GC(1) Using 2 workers of 2 for evacuation
[2020-08-13T13:37:00.299+0000][6][gc,age       ] GC(1) Desired survivor size 1048576 bytes, new threshold 1 (max threshold 15)
[2020-08-13T13:37:00.344+0000][6][gc,age       ] GC(1) Age table with threshold 1 (max threshold 15)
[2020-08-13T13:37:00.344+0000][6][gc,age       ] GC(1) - age   1:     563384 bytes,     563384 total
[2020-08-13T13:37:00.344+0000][6][gc,phases    ] GC(1)   Pre Evacuate Collection Set: 0.1ms
[2020-08-13T13:37:00.344+0000][6][gc,phases    ] GC(1)   Merge Heap Roots: 0.0ms
[2020-08-13T13:37:00.344+0000][6][gc,phases    ] GC(1)   Evacuate Collection Set: 28.7ms
[2020-08-13T13:37:00.344+0000][6][gc,phases    ] GC(1)   Post Evacuate Collection Set: 16.1ms
[2020-08-13T13:37:00.344+0000][6][gc,phases    ] GC(1)   Other: 0.2ms
[2020-08-13T13:37:00.344+0000][6][gc,heap      ] GC(1) Eden regions: 10->0(16)
[2020-08-13T13:37:00.344+0000][6][gc,heap      ] GC(1) Survivor regions: 2->1(2)
[2020-08-13T13:37:00.344+0000][6][gc,heap      ] GC(1) Old regions: 0->2
[2020-08-13T13:37:00.344+0000][6][gc,heap      ] GC(1) Archive regions: 2->2
[2020-08-13T13:37:00.344+0000][6][gc,heap      ] GC(1) Humongous regions: 1->1
[2020-08-13T13:37:00.344+0000][6][gc,metaspace ] GC(1) Metaspace: 5447K(8320K)->5447K(8320K) NonClass: 4848K(7424K)->4848K(7424K) Class: 599K(896K)->599K(896K)
[2020-08-13T13:37:00.344+0000][6][gc           ] GC(1) Pause Young (Normal) (G1 Evacuation Pause) 13M->4M(256M) 45.222ms
[2020-08-13T13:37:00.344+0000][6][gc,cpu       ] GC(1) User=0.01s Sys=0.00s Real=0.04s
[2020-08-13T13:37:00.344+0000][6][safepoint    ] Safepoint "G1CollectForAllocation", Time since last: 819259397 ns, Reaching safepoint: 152465 ns, At safepoint: 45317013 ns, Total: 45469478 ns
[2020-08-13T13:37:01.545+0000][6][gc,start     ] GC(2) Pause Young (Normal) (G1 Evacuation Pause)
[2020-08-13T13:37:01.545+0000][6][gc,task      ] GC(2) Using 2 workers of 2 for evacuation
[2020-08-13T13:37:01.545+0000][6][gc,age       ] GC(2) Desired survivor size 1572864 bytes, new threshold 15 (max threshold 15)
[2020-08-13T13:37:01.628+0000][6][gc,age       ] GC(2) Age table with threshold 15 (max threshold 15)
[2020-08-13T13:37:01.628+0000][6][gc,age       ] GC(2) - age   1:     980976 bytes,     980976 total
[2020-08-13T13:37:01.628+0000][6][gc,age       ] GC(2) - age   2:     517816 bytes,    1498792 total
[2020-08-13T13:37:01.628+0000][6][gc,phases    ] GC(2)   Pre Evacuate Collection Set: 0.0ms
[2020-08-13T13:37:01.628+0000][6][gc,phases    ] GC(2)   Merge Heap Roots: 0.0ms
[2020-08-13T13:37:01.628+0000][6][gc,phases    ] GC(2)   Evacuate Collection Set: 73.5ms
[2020-08-13T13:37:01.628+0000][6][gc,phases    ] GC(2)   Post Evacuate Collection Set: 8.9ms
[2020-08-13T13:37:01.628+0000][6][gc,phases    ] GC(2)   Other: 0.3ms
[2020-08-13T13:37:01.628+0000][6][gc,heap      ] GC(2) Eden regions: 16->0(50)
[2020-08-13T13:37:01.628+0000][6][gc,heap      ] GC(2) Survivor regions: 1->2(3)
[2020-08-13T13:37:01.628+0000][6][gc,heap      ] GC(2) Old regions: 2->2
[2020-08-13T13:37:01.628+0000][6][gc,heap      ] GC(2) Archive regions: 2->2
[2020-08-13T13:37:01.628+0000][6][gc,heap      ] GC(2) Humongous regions: 1->1
[2020-08-13T13:37:01.628+0000][6][gc,metaspace ] GC(2) Metaspace: 9362K(10880K)->9362K(10880K) NonClass: 8207K(9472K)->8207K(9472K) Class: 1155K(1408K)->1155K(1408K)
[2020-08-13T13:37:01.628+0000][6][gc           ] GC(2) Pause Young (Normal) (G1 Evacuation Pause) 20M->5M(256M) 82.887ms
[2020-08-13T13:37:01.628+0000][6][gc,cpu       ] GC(2) User=0.05s Sys=0.00s Real=0.09s
[2020-08-13T13:37:01.628+0000][6][safepoint    ] Safepoint "G1CollectForAllocation", Time since last: 1200621515 ns, Reaching safepoint: 200166 ns, At safepoint: 82970220 ns, Total: 83170386 ns
[2020-08-13T13:37:03.105+0000][6][safepoint    ] Safepoint "Cleanup", Time since last: 1474283957 ns, Reaching safepoint: 2662803 ns, At safepoint: 6052 ns, Total: 2668855 ns
[2020-08-13T13:37:04.904+0000][6][safepoint    ] Safepoint "Cleanup", Time since last: 1792838975 ns, Reaching safepoint: 6333615 ns, At safepoint: 6452 ns, Total: 6340067 ns
[2020-08-13T13:37:05.256+0000][6][gc,start     ] GC(3) Pause Young (Normal) (G1 Evacuation Pause)
[2020-08-13T13:37:05.257+0000][6][gc,task      ] GC(3) Using 2 workers of 2 for evacuation
[2020-08-13T13:37:05.257+0000][6][gc,age       ] GC(3) Desired survivor size 3670016 bytes, new threshold 15 (max threshold 15)
[2020-08-13T13:37:05.355+0000][6][gc,age       ] GC(3) Age table with threshold 15 (max threshold 15)
[2020-08-13T13:37:05.356+0000][6][gc,age       ] GC(3) - age   1:    4317760 bytes,    4317760 total
[2020-08-13T13:37:05.356+0000][6][gc,age       ] GC(3) - age   2:     941888 bytes,    5259648 total
[2020-08-13T13:37:05.356+0000][6][gc,age       ] GC(3) - age   3:     515016 bytes,    5774664 total
[2020-08-13T13:37:05.356+0000][6][gc,phases    ] GC(3)   Pre Evacuate Collection Set: 7.1ms
[2020-08-13T13:37:05.356+0000][6][gc,phases    ] GC(3)   Merge Heap Roots: 0.1ms
[2020-08-13T13:37:05.356+0000][6][gc,phases    ] GC(3)   Evacuate Collection Set: 72.9ms
[2020-08-13T13:37:05.356+0000][6][gc,phases    ] GC(3)   Post Evacuate Collection Set: 18.8ms
[2020-08-13T13:37:05.356+0000][6][gc,phases    ] GC(3)   Other: 0.3ms
[2020-08-13T13:37:05.356+0000][6][gc,heap      ] GC(3) Eden regions: 50->0(62)
[2020-08-13T13:37:05.356+0000][6][gc,heap      ] GC(3) Survivor regions: 2->6(7)
[2020-08-13T13:37:05.356+0000][6][gc,heap      ] GC(3) Old regions: 2->2
[2020-08-13T13:37:05.356+0000][6][gc,heap      ] GC(3) Archive regions: 2->2
[2020-08-13T13:37:05.356+0000][6][gc,heap      ] GC(3) Humongous regions: 1->1
[2020-08-13T13:37:05.356+0000][6][gc,metaspace ] GC(3) Metaspace: 14021K(14720K)->14021K(14720K) NonClass: 12328K(12800K)->12328K(12800K) Class: 1693K(1920K)->1693K(1920K)
[2020-08-13T13:37:05.356+0000][6][gc           ] GC(3) Pause Young (Normal) (G1 Evacuation Pause) 55M->9M(256M) 99.266ms
[2020-08-13T13:37:05.356+0000][6][gc,cpu       ] GC(3) User=0.03s Sys=0.00s Real=0.10s
[2020-08-13T13:37:05.356+0000][6][safepoint    ] Safepoint "G1CollectForAllocation", Time since last: 352353611 ns, Reaching safepoint: 123382 ns, At safepoint: 99348806 ns, Total: 99472188 ns
[2020-08-13T13:37:05.368+0000][6][safepoint    ] Safepoint "BulkRevokeBias", Time since last: 7919975 ns, Reaching safepoint: 3984168 ns, At safepoint: 91440 ns, Total: 4075608 ns
[2020-08-13T13:37:06.513+0000][6][safepoint    ] Safepoint "Cleanup", Time since last: 1141837578 ns, Reaching safepoint: 3076206 ns, At safepoint: 5120 ns, Total: 3081326 ns
[2020-08-13T13:37:06.721+0000][6][gc,start     ] GC(4) Pause Young (Normal) (G1 Evacuation Pause)
[2020-08-13T13:37:06.721+0000][6][gc,task      ] GC(4) Using 2 workers of 2 for evacuation
[2020-08-13T13:37:06.721+0000][6][gc,age       ] GC(4) Desired survivor size 4718592 bytes, new threshold 2 (max threshold 15)
[2020-08-13T13:37:06.808+0000][6][gc,age       ] GC(4) Age table with threshold 2 (max threshold 15)
[2020-08-13T13:37:06.808+0000][6][gc,age       ] GC(4) - age   1:    3240440 bytes,    3240440 total
[2020-08-13T13:37:06.808+0000][6][gc,age       ] GC(4) - age   2:    2941392 bytes,    6181832 total
[2020-08-13T13:37:06.808+0000][6][gc,phases    ] GC(4)   Pre Evacuate Collection Set: 0.1ms
[2020-08-13T13:37:06.808+0000][6][gc,phases    ] GC(4)   Merge Heap Roots: 0.0ms
[2020-08-13T13:37:06.808+0000][6][gc,phases    ] GC(4)   Evacuate Collection Set: 85.4ms
[2020-08-13T13:37:06.808+0000][6][gc,phases    ] GC(4)   Post Evacuate Collection Set: 1.2ms
[2020-08-13T13:37:06.808+0000][6][gc,phases    ] GC(4)   Other: 0.3ms
[2020-08-13T13:37:06.808+0000][6][gc,heap      ] GC(4) Eden regions: 62->0(146)
[2020-08-13T13:37:06.808+0000][6][gc,heap      ] GC(4) Survivor regions: 6->7(9)
[2020-08-13T13:37:06.808+0000][6][gc,heap      ] GC(4) Old regions: 2->4
[2020-08-13T13:37:06.808+0000][6][gc,heap      ] GC(4) Archive regions: 2->2
[2020-08-13T13:37:06.808+0000][6][gc,heap      ] GC(4) Humongous regions: 2->1
[2020-08-13T13:37:06.808+0000][6][gc,metaspace ] GC(4) Metaspace: 16952K(17792K)->16952K(17792K) NonClass: 14845K(15360K)->14845K(15360K) Class: 2107K(2432K)->2107K(2432K)
[2020-08-13T13:37:06.808+0000][6][gc           ] GC(4) Pause Young (Normal) (G1 Evacuation Pause) 72M->11M(256M) 87.054ms
[2020-08-13T13:37:06.808+0000][6][gc,cpu       ] GC(4) User=0.01s Sys=0.00s Real=0.09s
[2020-08-13T13:37:06.808+0000][6][safepoint    ] Safepoint "G1CollectForAllocation", Time since last: 208245537 ns, Reaching safepoint: 93534 ns, At safepoint: 87131170 ns, Total: 87224704 ns
[2020-08-13T13:37:06.976+0000][6][safepoint    ] Safepoint "BulkRevokeBias", Time since last: 163464686 ns, Reaching safepoint: 4069687 ns, At safepoint: 89347 ns, Total: 4159034 ns
[2020-08-13T13:37:06.989+0000][6][safepoint    ] Safepoint "BulkRevokeBias", Time since last: 12827521 ns, Reaching safepoint: 63018 ns, At safepoint: 54631 ns, Total: 117649 ns
[2020-08-13T13:37:07.867+0000][6][gc,start     ] GC(5) Pause Young (Normal) (G1 Evacuation Pause)
[2020-08-13T13:37:07.867+0000][6][gc,task      ] GC(5) Using 2 workers of 2 for evacuation
[2020-08-13T13:37:07.867+0000][6][gc,age       ] GC(5) Desired survivor size 10485760 bytes, new threshold 15 (max threshold 15)
[2020-08-13T13:37:07.959+0000][6][gc,age       ] GC(5) Age table with threshold 15 (max threshold 15)
[2020-08-13T13:37:07.959+0000][6][gc,age       ] GC(5) - age   1:     775880 bytes,     775880 total
[2020-08-13T13:37:07.959+0000][6][gc,age       ] GC(5) - age   2:    2630976 bytes,    3406856 total
[2020-08-13T13:37:07.959+0000][6][gc,age       ] GC(5) - age   3:    2941344 bytes,    6348200 total
[2020-08-13T13:37:07.959+0000][6][gc,phases    ] GC(5)   Pre Evacuate Collection Set: 0.1ms
[2020-08-13T13:37:07.959+0000][6][gc,phases    ] GC(5)   Merge Heap Roots: 0.1ms
[2020-08-13T13:37:07.959+0000][6][gc,phases    ] GC(5)   Evacuate Collection Set: 70.5ms
[2020-08-13T13:37:07.959+0000][6][gc,phases    ] GC(5)   Post Evacuate Collection Set: 21.1ms
[2020-08-13T13:37:07.959+0000][6][gc,phases    ] GC(5)   Other: 0.3ms
[2020-08-13T13:37:07.959+0000][6][gc,heap      ] GC(5) Eden regions: 146->0(146)
[2020-08-13T13:37:07.959+0000][6][gc,heap      ] GC(5) Survivor regions: 7->7(20)
[2020-08-13T13:37:07.959+0000][6][gc,heap      ] GC(5) Old regions: 4->4
[2020-08-13T13:37:07.959+0000][6][gc,heap      ] GC(5) Archive regions: 2->2
[2020-08-13T13:37:07.959+0000][6][gc,heap      ] GC(5) Humongous regions: 1->1
[2020-08-13T13:37:07.959+0000][6][gc,metaspace ] GC(5) Metaspace: 17147K(18048K)->17147K(18048K) NonClass: 15023K(15616K)->15023K(15616K) Class: 2123K(2432K)->2123K(2432K)
[2020-08-13T13:37:07.959+0000][6][gc           ] GC(5) Pause Young (Normal) (G1 Evacuation Pause) 157M->12M(256M) 92.082ms
[2020-08-13T13:37:07.959+0000][6][gc,cpu       ] GC(5) User=0.01s Sys=0.00s Real=0.09s
[2020-08-13T13:37:07.959+0000][6][safepoint    ] Safepoint "G1CollectForAllocation", Time since last: 877896883 ns, Reaching safepoint: 215824 ns, At safepoint: 92164981 ns, Total: 92380805 ns
[2020-08-13T13:37:07.980+0000][6][safepoint    ] Safepoint "BulkRevokeBias", Time since last: 12663032 ns, Reaching safepoint: 7938911 ns, At safepoint: 156091 ns, Total: 8095002 ns
[2020-08-13T13:37:09.412+0000][6][gc,start     ] GC(6) Pause Young (Normal) (G1 Evacuation Pause)
[2020-08-13T13:37:09.412+0000][6][gc,task      ] GC(6) Using 2 workers of 2 for evacuation
[2020-08-13T13:37:09.412+0000][6][gc,age       ] GC(6) Desired survivor size 10485760 bytes, new threshold 15 (max threshold 15)
[2020-08-13T13:37:09.552+0000][6][gc,age       ] GC(6) Age table with threshold 15 (max threshold 15)
[2020-08-13T13:37:09.552+0000][6][gc,age       ] GC(6) - age   1:    2421048 bytes,    2421048 total
[2020-08-13T13:37:09.552+0000][6][gc,age       ] GC(6) - age   2:     754808 bytes,    3175856 total
[2020-08-13T13:37:09.552+0000][6][gc,age       ] GC(6) - age   3:    2629408 bytes,    5805264 total
[2020-08-13T13:37:09.552+0000][6][gc,age       ] GC(6) - age   4:    2941264 bytes,    8746528 total
[2020-08-13T13:37:09.552+0000][6][gc,phases    ] GC(6)   Pre Evacuate Collection Set: 6.8ms
[2020-08-13T13:37:09.552+0000][6][gc,phases    ] GC(6)   Merge Heap Roots: 13.0ms
[2020-08-13T13:37:09.552+0000][6][gc,phases    ] GC(6)   Evacuate Collection Set: 91.0ms
[2020-08-13T13:37:09.552+0000][6][gc,phases    ] GC(6)   Post Evacuate Collection Set: 29.2ms
[2020-08-13T13:37:09.552+0000][6][gc,phases    ] GC(6)   Other: 0.3ms
[2020-08-13T13:37:09.552+0000][6][gc,heap      ] GC(6) Eden regions: 146->0(144)
[2020-08-13T13:37:09.552+0000][6][gc,heap      ] GC(6) Survivor regions: 7->9(20)
[2020-08-13T13:37:09.552+0000][6][gc,heap      ] GC(6) Old regions: 4->4
[2020-08-13T13:37:09.552+0000][6][gc,heap      ] GC(6) Archive regions: 2->2
[2020-08-13T13:37:09.552+0000][6][gc,heap      ] GC(6) Humongous regions: 1->1
[2020-08-13T13:37:09.552+0000][6][gc,metaspace ] GC(6) Metaspace: 17766K(18944K)->17766K(18944K) NonClass: 15560K(16384K)->15560K(16384K) Class: 2206K(2560K)->2206K(2560K)
[2020-08-13T13:37:09.552+0000][6][gc           ] GC(6) Pause Young (Normal) (G1 Evacuation Pause) 158M->14M(256M) 140.416ms
[2020-08-13T13:37:09.552+0000][6][gc,cpu       ] GC(6) User=0.06s Sys=0.00s Real=0.14s
[2020-08-13T13:37:09.552+0000][6][safepoint    ] Safepoint "G1CollectForAllocation", Time since last: 1417790234 ns, Reaching safepoint: 14057122 ns, At safepoint: 140510211 ns, Total: 154567333 ns
[2020-08-13T13:37:10.875+0000][6][gc,start     ] GC(7) Pause Young (Normal) (G1 Evacuation Pause)
[2020-08-13T13:37:10.876+0000][6][gc,task      ] GC(7) Using 2 workers of 2 for evacuation
[2020-08-13T13:37:10.876+0000][6][gc,age       ] GC(7) Desired survivor size 10485760 bytes, new threshold 15 (max threshold 15)
[2020-08-13T13:37:10.990+0000][6][gc,age       ] GC(7) Age table with threshold 15 (max threshold 15)
[2020-08-13T13:37:10.990+0000][6][gc,age       ] GC(7) - age   1:    2114912 bytes,    2114912 total
[2020-08-13T13:37:10.990+0000][6][gc,age       ] GC(7) - age   2:    2398080 bytes,    4512992 total
[2020-08-13T13:37:10.990+0000][6][gc,age       ] GC(7) - age   3:     754760 bytes,    5267752 total
[2020-08-13T13:37:10.990+0000][6][gc,age       ] GC(7) - age   4:    2625176 bytes,    7892928 total
[2020-08-13T13:37:10.990+0000][6][gc,age       ] GC(7) - age   5:    2941264 bytes,   10834192 total
[2020-08-13T13:37:10.990+0000][6][gc,phases    ] GC(7)   Pre Evacuate Collection Set: 4.1ms
[2020-08-13T13:37:10.990+0000][6][gc,phases    ] GC(7)   Merge Heap Roots: 0.1ms
[2020-08-13T13:37:10.990+0000][6][gc,phases    ] GC(7)   Evacuate Collection Set: 102.9ms
[2020-08-13T13:37:10.990+0000][6][gc,phases    ] GC(7)   Post Evacuate Collection Set: 7.3ms
[2020-08-13T13:37:10.990+0000][6][gc,phases    ] GC(7)   Other: 0.3ms
[2020-08-13T13:37:10.990+0000][6][gc,heap      ] GC(7) Eden regions: 144->0(141)
[2020-08-13T13:37:10.990+0000][6][gc,heap      ] GC(7) Survivor regions: 9->12(20)
[2020-08-13T13:37:10.990+0000][6][gc,heap      ] GC(7) Old regions: 4->4
[2020-08-13T13:37:10.990+0000][6][gc,heap      ] GC(7) Archive regions: 2->2
[2020-08-13T13:37:10.990+0000][6][gc,heap      ] GC(7) Humongous regions: 1->1
[2020-08-13T13:37:10.990+0000][6][gc,metaspace ] GC(7) Metaspace: 18245K(19584K)->18245K(19584K) NonClass: 15948K(16896K)->15948K(16896K) Class: 2297K(2688K)->2297K(2688K)
[2020-08-13T13:37:10.990+0000][6][gc           ] GC(7) Pause Young (Normal) (G1 Evacuation Pause) 158M->16M(256M) 114.767ms
[2020-08-13T13:37:10.990+0000][6][gc,cpu       ] GC(7) User=0.05s Sys=0.00s Real=0.12s
[2020-08-13T13:37:10.990+0000][6][safepoint    ] Safepoint "G1CollectForAllocation", Time since last: 1323204532 ns, Reaching safepoint: 83637 ns, At safepoint: 114838680 ns, Total: 114922317 ns
[2020-08-13T13:37:11.317+0000][6][safepoint    ] Safepoint "BulkRevokeBias", Time since last: 326830820 ns, Reaching safepoint: 89336 ns, At safepoint: 110567 ns, Total: 199903 ns
[2020-08-13T13:37:11.318+0000][6][safepoint    ] Safepoint "BulkRevokeBias", Time since last: 817630 ns, Reaching safepoint: 23845 ns, At safepoint: 62988 ns, Total: 86833 ns
[2020-08-13T13:37:12.336+0000][6][safepoint    ] Safepoint "Cleanup", Time since last: 1000511739 ns, Reaching safepoint: 17691523 ns, At safepoint: 5220 ns, Total: 17696743 ns
[2020-08-13T13:37:12.392+0000][6][gc,start     ] GC(8) Pause Young (Normal) (G1 Evacuation Pause)
[2020-08-13T13:37:12.392+0000][6][gc,task      ] GC(8) Using 2 workers of 2 for evacuation
[2020-08-13T13:37:12.392+0000][6][gc,age       ] GC(8) Desired survivor size 10485760 bytes, new threshold 5 (max threshold 15)
[2020-08-13T13:37:12.444+0000][6][gc,age       ] GC(8) Age table with threshold 5 (max threshold 15)
[2020-08-13T13:37:12.444+0000][6][gc,age       ] GC(8) - age   1:    1285824 bytes,    1285824 total
[2020-08-13T13:37:12.444+0000][6][gc,age       ] GC(8) - age   2:    1612536 bytes,    2898360 total
[2020-08-13T13:37:12.444+0000][6][gc,age       ] GC(8) - age   3:    2397768 bytes,    5296128 total
[2020-08-13T13:37:12.444+0000][6][gc,age       ] GC(8) - age   4:     754424 bytes,    6050552 total
[2020-08-13T13:37:12.444+0000][6][gc,age       ] GC(8) - age   5:    2624888 bytes,    8675440 total
[2020-08-13T13:37:12.444+0000][6][gc,phases    ] GC(8)   Pre Evacuate Collection Set: 0.0ms
[2020-08-13T13:37:12.444+0000][6][gc,phases    ] GC(8)   Merge Heap Roots: 0.1ms
[2020-08-13T13:37:12.444+0000][6][gc,phases    ] GC(8)   Evacuate Collection Set: 51.3ms
[2020-08-13T13:37:12.444+0000][6][gc,phases    ] GC(8)   Post Evacuate Collection Set: 1.0ms
[2020-08-13T13:37:12.445+0000][6][gc,phases    ] GC(8)   Other: 0.3ms
[2020-08-13T13:37:12.445+0000][6][gc,heap      ] GC(8) Eden regions: 141->0(144)
[2020-08-13T13:37:12.445+0000][6][gc,heap      ] GC(8) Survivor regions: 12->9(20)
[2020-08-13T13:37:12.445+0000][6][gc,heap      ] GC(8) Old regions: 4->7
[2020-08-13T13:37:12.445+0000][6][gc,heap      ] GC(8) Archive regions: 2->2
[2020-08-13T13:37:12.445+0000][6][gc,heap      ] GC(8) Humongous regions: 1->1
[2020-08-13T13:37:12.445+0000][6][gc,metaspace ] GC(8) Metaspace: 19332K(20736K)->19332K(20736K) NonClass: 16937K(17920K)->16937K(17920K) Class: 2394K(2816K)->2394K(2816K)
[2020-08-13T13:37:12.445+0000][6][gc           ] GC(8) Pause Young (Normal) (G1 Evacuation Pause) 157M->17M(256M) 52.739ms
[2020-08-13T13:37:12.445+0000][6][gc,cpu       ] GC(8) User=0.02s Sys=0.00s Real=0.05s
[2020-08-13T13:37:12.445+0000][6][safepoint    ] Safepoint "G1CollectForAllocation", Time since last: 55316690 ns, Reaching safepoint: 73577 ns, At safepoint: 52840756 ns, Total: 52914333 ns
[2020-08-13T13:37:13.362+0000][6][gc,start     ] GC(9) Pause Young (Normal) (G1 Evacuation Pause)
[2020-08-13T13:37:13.362+0000][6][gc,task      ] GC(9) Using 2 workers of 2 for evacuation
[2020-08-13T13:37:13.362+0000][6][gc,age       ] GC(9) Desired survivor size 10485760 bytes, new threshold 15 (max threshold 15)
[2020-08-13T13:37:13.388+0000][6][gc,age       ] GC(9) Age table with threshold 15 (max threshold 15)
[2020-08-13T13:37:13.388+0000][6][gc,age       ] GC(9) - age   1:    1398744 bytes,    1398744 total
[2020-08-13T13:37:13.388+0000][6][gc,age       ] GC(9) - age   2:     998056 bytes,    2396800 total
[2020-08-13T13:37:13.388+0000][6][gc,age       ] GC(9) - age   3:    1611832 bytes,    4008632 total
[2020-08-13T13:37:13.388+0000][6][gc,age       ] GC(9) - age   4:    2396728 bytes,    6405360 total
[2020-08-13T13:37:13.388+0000][6][gc,age       ] GC(9) - age   5:     754424 bytes,    7159784 total
[2020-08-13T13:37:13.388+0000][6][gc,age       ] GC(9) - age   6:    2624888 bytes,    9784672 total
[2020-08-13T13:37:13.388+0000][6][gc,phases    ] GC(9)   Pre Evacuate Collection Set: 0.0ms
[2020-08-13T13:37:13.388+0000][6][gc,phases    ] GC(9)   Merge Heap Roots: 0.1ms
[2020-08-13T13:37:13.388+0000][6][gc,phases    ] GC(9)   Evacuate Collection Set: 24.7ms
[2020-08-13T13:37:13.388+0000][6][gc,phases    ] GC(9)   Post Evacuate Collection Set: 1.2ms
[2020-08-13T13:37:13.388+0000][6][gc,phases    ] GC(9)   Other: 0.3ms
[2020-08-13T13:37:13.388+0000][6][gc,heap      ] GC(9) Eden regions: 144->0(143)
[2020-08-13T13:37:13.388+0000][6][gc,heap      ] GC(9) Survivor regions: 9->10(20)
[2020-08-13T13:37:13.388+0000][6][gc,heap      ] GC(9) Old regions: 7->7
[2020-08-13T13:37:13.388+0000][6][gc,heap      ] GC(9) Archive regions: 2->2
[2020-08-13T13:37:13.388+0000][6][gc,heap      ] GC(9) Humongous regions: 1->1
[2020-08-13T13:37:13.388+0000][6][gc,metaspace ] GC(9) Metaspace: 19536K(20992K)->19536K(20992K) NonClass: 17111K(18176K)->17111K(18176K) Class: 2424K(2816K)->2424K(2816K)
[2020-08-13T13:37:13.388+0000][6][gc           ] GC(9) Pause Young (Normal) (G1 Evacuation Pause) 161M->18M(256M) 26.285ms
[2020-08-13T13:37:13.388+0000][6][gc,cpu       ] GC(9) User=0.01s Sys=0.00s Real=0.03s
[2020-08-13T13:37:13.388+0000][6][safepoint    ] Safepoint "G1CollectForAllocation", Time since last: 916985558 ns, Reaching safepoint: 94205 ns, At safepoint: 26367975 ns, Total: 26462180 ns
[2020-08-13T13:37:14.072+0000][6][gc,start     ] GC(10) Pause Young (Normal) (G1 Evacuation Pause)
[2020-08-13T13:37:14.072+0000][6][gc,task      ] GC(10) Using 2 workers of 2 for evacuation
[2020-08-13T13:37:14.073+0000][6][gc,age       ] GC(10) Desired survivor size 10485760 bytes, new threshold 15 (max threshold 15)
[2020-08-13T13:37:14.149+0000][6][gc,age       ] GC(10) Age table with threshold 15 (max threshold 15)
[2020-08-13T13:37:14.149+0000][6][gc,age       ] GC(10) - age   1:    1021608 bytes,    1021608 total
[2020-08-13T13:37:14.149+0000][6][gc,age       ] GC(10) - age   2:    1375544 bytes,    2397152 total
[2020-08-13T13:37:14.149+0000][6][gc,age       ] GC(10) - age   3:     997792 bytes,    3394944 total
[2020-08-13T13:37:14.149+0000][6][gc,age       ] GC(10) - age   4:    1611784 bytes,    5006728 total
[2020-08-13T13:37:14.149+0000][6][gc,age       ] GC(10) - age   5:    2396728 bytes,    7403456 total
[2020-08-13T13:37:14.149+0000][6][gc,age       ] GC(10) - age   6:     754424 bytes,    8157880 total
[2020-08-13T13:37:14.149+0000][6][gc,age       ] GC(10) - age   7:    2624888 bytes,   10782768 total
[2020-08-13T13:37:14.149+0000][6][gc,phases    ] GC(10)   Pre Evacuate Collection Set: 0.0ms
[2020-08-13T13:37:14.149+0000][6][gc,phases    ] GC(10)   Merge Heap Roots: 0.1ms
[2020-08-13T13:37:14.149+0000][6][gc,phases    ] GC(10)   Evacuate Collection Set: 75.0ms
[2020-08-13T13:37:14.149+0000][6][gc,phases    ] GC(10)   Post Evacuate Collection Set: 1.1ms
[2020-08-13T13:37:14.149+0000][6][gc,phases    ] GC(10)   Other: 0.3ms
[2020-08-13T13:37:14.149+0000][6][gc,heap      ] GC(10) Eden regions: 143->0(142)
[2020-08-13T13:37:14.149+0000][6][gc,heap      ] GC(10) Survivor regions: 10->11(20)
[2020-08-13T13:37:14.149+0000][6][gc,heap      ] GC(10) Old regions: 7->7
[2020-08-13T13:37:14.149+0000][6][gc,heap      ] GC(10) Archive regions: 2->2
[2020-08-13T13:37:14.149+0000][6][gc,heap      ] GC(10) Humongous regions: 1->1
[2020-08-13T13:37:14.149+0000][6][gc,metaspace ] GC(10) Metaspace: 19729K(21296K)->19729K(21296K) NonClass: 17267K(18432K)->17267K(18432K) Class: 2462K(2864K)->2462K(2864K)
[2020-08-13T13:37:14.149+0000][6][gc           ] GC(10) Pause Young (Normal) (G1 Evacuation Pause) 161M->19M(256M) 76.617ms
[2020-08-13T13:37:14.149+0000][6][gc,cpu       ] GC(10) User=0.04s Sys=0.00s Real=0.08s
[2020-08-13T13:37:14.149+0000][6][safepoint    ] Safepoint "G1CollectForAllocation", Time since last: 684205288 ns, Reaching safepoint: 90690 ns, At safepoint: 76693592 ns, Total: 76784282 ns
[2020-08-13T13:37:14.244+0000][6][gc,start     ] GC(11) Pause Young (Concurrent Start) (Metadata GC Threshold)
[2020-08-13T13:37:14.244+0000][6][gc,task      ] GC(11) Using 2 workers of 2 for evacuation
[2020-08-13T13:37:14.244+0000][6][gc,age       ] GC(11) Desired survivor size 10485760 bytes, new threshold 7 (max threshold 15)
[2020-08-13T13:37:14.271+0000][6][gc,age       ] GC(11) Age table with threshold 7 (max threshold 15)
[2020-08-13T13:37:14.271+0000][6][gc,age       ] GC(11) - age   1:      58000 bytes,      58000 total
[2020-08-13T13:37:14.271+0000][6][gc,age       ] GC(11) - age   2:     430728 bytes,     488728 total
[2020-08-13T13:37:14.271+0000][6][gc,age       ] GC(11) - age   3:    1375544 bytes,    1864272 total
[2020-08-13T13:37:14.271+0000][6][gc,age       ] GC(11) - age   4:     997792 bytes,    2862064 total
[2020-08-13T13:37:14.271+0000][6][gc,age       ] GC(11) - age   5:    1611784 bytes,    4473848 total
[2020-08-13T13:37:14.271+0000][6][gc,age       ] GC(11) - age   6:    2396728 bytes,    6870576 total
[2020-08-13T13:37:14.271+0000][6][gc,age       ] GC(11) - age   7:     754424 bytes,    7625000 total
[2020-08-13T13:37:14.271+0000][6][gc,phases    ] GC(11)   Pre Evacuate Collection Set: 0.2ms
[2020-08-13T13:37:14.271+0000][6][gc,phases    ] GC(11)   Merge Heap Roots: 0.0ms
[2020-08-13T13:37:14.271+0000][6][gc,phases    ] GC(11)   Evacuate Collection Set: 25.5ms
[2020-08-13T13:37:14.271+0000][6][gc,phases    ] GC(11)   Post Evacuate Collection Set: 0.9ms
[2020-08-13T13:37:14.271+0000][6][gc,phases    ] GC(11)   Other: 0.3ms
[2020-08-13T13:37:14.271+0000][6][gc,heap      ] GC(11) Eden regions: 23->0(145)
[2020-08-13T13:37:14.271+0000][6][gc,heap      ] GC(11) Survivor regions: 11->8(20)
[2020-08-13T13:37:14.271+0000][6][gc,heap      ] GC(11) Old regions: 7->9
[2020-08-13T13:37:14.271+0000][6][gc,heap      ] GC(11) Archive regions: 2->2
[2020-08-13T13:37:14.271+0000][6][gc,heap      ] GC(11) Humongous regions: 1->1
[2020-08-13T13:37:14.271+0000][6][gc,metaspace ] GC(11) Metaspace: 19749K(21296K)->19749K(21296K) NonClass: 17284K(18432K)->17284K(18432K) Class: 2464K(2864K)->2464K(2864K)
[2020-08-13T13:37:14.271+0000][6][gc           ] GC(11) Pause Young (Concurrent Start) (Metadata GC Threshold) 41M->18M(256M) 26.982ms
[2020-08-13T13:37:14.271+0000][6][gc,cpu       ] GC(11) User=0.02s Sys=0.00s Real=0.03s
[2020-08-13T13:37:14.271+0000][6][safepoint    ] Safepoint "CollectForMetadataAllocation", Time since last: 94688685 ns, Reaching safepoint: 79188 ns, At safepoint: 27182709 ns, Total: 27261897 ns
[2020-08-13T13:37:14.276+0000][6][gc           ] GC(12) Concurrent Cycle
[2020-08-13T13:37:14.276+0000][6][gc,marking   ] GC(12) Concurrent Clear Claimed Marks
[2020-08-13T13:37:14.276+0000][6][gc,marking   ] GC(12) Concurrent Clear Claimed Marks 0.136ms
[2020-08-13T13:37:14.276+0000][6][gc,marking   ] GC(12) Concurrent Scan Root Regions
[2020-08-13T13:37:14.285+0000][6][gc,marking   ] GC(12) Concurrent Scan Root Regions 8.601ms
[2020-08-13T13:37:14.285+0000][6][gc,marking   ] GC(12) Concurrent Mark (15.609s)
[2020-08-13T13:37:14.285+0000][6][gc,marking   ] GC(12) Concurrent Mark From Roots
[2020-08-13T13:37:14.285+0000][6][gc,task      ] GC(12) Using 1 workers of 1 for marking
[2020-08-13T13:37:14.407+0000][6][gc,marking   ] GC(12) Concurrent Mark From Roots 122.252ms
[2020-08-13T13:37:14.407+0000][6][gc,marking   ] GC(12) Concurrent Preclean
[2020-08-13T13:37:14.407+0000][6][gc,marking   ] GC(12) Concurrent Preclean 0.069ms
[2020-08-13T13:37:14.407+0000][6][gc,marking   ] GC(12) Concurrent Mark (15.609s, 15.731s) 122.399ms
[2020-08-13T13:37:14.413+0000][6][gc,start     ] GC(12) Pause Remark
[2020-08-13T13:37:14.460+0000][6][gc           ] GC(12) Pause Remark 36M->36M(256M) 46.997ms
[2020-08-13T13:37:14.460+0000][6][gc,cpu       ] GC(12) User=0.02s Sys=0.00s Real=0.05s
[2020-08-13T13:37:14.460+0000][6][safepoint    ] Safepoint "G1Concurrent", Time since last: 136182912 ns, Reaching safepoint: 5526384 ns, At safepoint: 47100200 ns, Total: 52626584 ns
[2020-08-13T13:37:14.460+0000][6][gc,marking   ] GC(12) Concurrent Rebuild Remembered Sets
[2020-08-13T13:37:14.476+0000][6][gc,marking   ] GC(12) Concurrent Rebuild Remembered Sets 16.524ms
[2020-08-13T13:37:14.485+0000][6][gc,start     ] GC(12) Pause Cleanup
[2020-08-13T13:37:14.486+0000][6][gc           ] GC(12) Pause Cleanup 38M->38M(256M) 0.159ms
[2020-08-13T13:37:14.486+0000][6][gc,cpu       ] GC(12) User=0.00s Sys=0.00s Real=0.01s
[2020-08-13T13:37:14.486+0000][6][safepoint    ] Safepoint "G1Concurrent", Time since last: 16646188 ns, Reaching safepoint: 8935656 ns, At safepoint: 222847 ns, Total: 9158503 ns
[2020-08-13T13:37:14.486+0000][6][gc,marking   ] GC(12) Concurrent Cleanup for Next Mark
[2020-08-13T13:37:14.486+0000][6][gc,marking   ] GC(12) Concurrent Cleanup for Next Mark 0.668ms
[2020-08-13T13:37:14.486+0000][6][gc           ] GC(12) Concurrent Cycle 210.439ms
[2020-08-13T13:37:15.408+0000][6][gc,start     ] GC(13) Pause Young (Normal) (G1 Evacuation Pause)
[2020-08-13T13:37:15.408+0000][6][gc,task      ] GC(13) Using 2 workers of 2 for evacuation
[2020-08-13T13:37:15.408+0000][6][gc,age       ] GC(13) Desired survivor size 10485760 bytes, new threshold 15 (max threshold 15)
[2020-08-13T13:37:15.447+0000][6][gc,age       ] GC(13) Age table with threshold 15 (max threshold 15)
[2020-08-13T13:37:15.447+0000][6][gc,age       ] GC(13) - age   1:    1694088 bytes,    1694088 total
[2020-08-13T13:37:15.447+0000][6][gc,age       ] GC(13) - age   2:      40056 bytes,    1734144 total
[2020-08-13T13:37:15.447+0000][6][gc,age       ] GC(13) - age   3:     430472 bytes,    2164616 total
[2020-08-13T13:37:15.447+0000][6][gc,age       ] GC(13) - age   4:    1375544 bytes,    3540160 total
[2020-08-13T13:37:15.447+0000][6][gc,age       ] GC(13) - age   5:     997792 bytes,    4537952 total
[2020-08-13T13:37:15.447+0000][6][gc,age       ] GC(13) - age   6:    1611784 bytes,    6149736 total
[2020-08-13T13:37:15.447+0000][6][gc,age       ] GC(13) - age   7:    2396728 bytes,    8546464 total
[2020-08-13T13:37:15.447+0000][6][gc,age       ] GC(13) - age   8:     754424 bytes,    9300888 total
[2020-08-13T13:37:15.447+0000][6][gc,phases    ] GC(13)   Pre Evacuate Collection Set: 0.1ms
[2020-08-13T13:37:15.447+0000][6][gc,phases    ] GC(13)   Merge Heap Roots: 0.1ms
[2020-08-13T13:37:15.447+0000][6][gc,phases    ] GC(13)   Evacuate Collection Set: 31.6ms
[2020-08-13T13:37:15.447+0000][6][gc,phases    ] GC(13)   Post Evacuate Collection Set: 7.0ms
[2020-08-13T13:37:15.447+0000][6][gc,phases    ] GC(13)   Other: 0.3ms
[2020-08-13T13:37:15.447+0000][6][gc,heap      ] GC(13) Eden regions: 145->0(143)
[2020-08-13T13:37:15.447+0000][6][gc,heap      ] GC(13) Survivor regions: 8->10(20)
[2020-08-13T13:37:15.447+0000][6][gc,heap      ] GC(13) Old regions: 9->9
[2020-08-13T13:37:15.447+0000][6][gc,heap      ] GC(13) Archive regions: 2->2
[2020-08-13T13:37:15.447+0000][6][gc,heap      ] GC(13) Humongous regions: 1->1
[2020-08-13T13:37:15.447+0000][6][gc,metaspace ] GC(13) Metaspace: 19937K(21808K)->19937K(21808K) NonClass: 17431K(18944K)->17431K(18944K) Class: 2506K(2864K)->2506K(2864K)
[2020-08-13T13:37:15.447+0000][6][gc           ] GC(13) Pause Young (Normal) (G1 Evacuation Pause) 163M->20M(256M) 39.134ms
[2020-08-13T13:37:15.447+0000][6][gc,cpu       ] GC(13) User=0.02s Sys=0.00s Real=0.04s
[2020-08-13T13:37:15.447+0000][6][safepoint    ] Safepoint "G1CollectForAllocation", Time since last: 922195659 ns, Reaching safepoint: 91942 ns, At safepoint: 39209511 ns, Total: 39301453 ns
[2020-08-13T13:37:17.374+0000][6][safepoint    ] Safepoint "Cleanup", Time since last: 1902519009 ns, Reaching safepoint: 24609803 ns, At safepoint: 10059 ns, Total: 24619862 ns
[2020-08-13T13:37:19.178+0000][6][safepoint    ] Safepoint "Cleanup", Time since last: 1801905736 ns, Reaching safepoint: 2183858 ns, At safepoint: 6262 ns, Total: 2190120 ns
[2020-08-13T13:37:20.189+0000][6][safepoint    ] Safepoint "Cleanup", Time since last: 1001870361 ns, Reaching safepoint: 8513466 ns, At safepoint: 8265 ns, Total: 8521731 ns
[2020-08-13T13:37:21.194+0000][6][safepoint    ] Safepoint "Cleanup", Time since last: 1000932866 ns, Reaching safepoint: 4247320 ns, At safepoint: 6953 ns, Total: 4254273 ns
[2020-08-13T13:37:21.311+0000][6][gc,start     ] GC(14) Pause Young (Normal) (G1 Evacuation Pause)
[2020-08-13T13:37:21.311+0000][6][gc,task      ] GC(14) Using 2 workers of 2 for evacuation
[2020-08-13T13:37:21.311+0000][6][gc,age       ] GC(14) Desired survivor size 10485760 bytes, new threshold 15 (max threshold 15)
[2020-08-13T13:37:21.434+0000][6][gc,age       ] GC(14) Age table with threshold 15 (max threshold 15)
[2020-08-13T13:37:21.434+0000][6][gc,age       ] GC(14) - age   1:   12983176 bytes,   12983176 total
[2020-08-13T13:37:21.434+0000][6][gc,age       ] GC(14) - age   2:     331880 bytes,   13315056 total
[2020-08-13T13:37:21.434+0000][6][gc,age       ] GC(14) - age   3:      39992 bytes,   13355048 total
[2020-08-13T13:37:21.434+0000][6][gc,age       ] GC(14) - age   4:     427552 bytes,   13782600 total
[2020-08-13T13:37:21.434+0000][6][gc,age       ] GC(14) - age   5:    1375048 bytes,   15157648 total
[2020-08-13T13:37:21.434+0000][6][gc,age       ] GC(14) - age   6:     993824 bytes,   16151472 total
[2020-08-13T13:37:21.434+0000][6][gc,age       ] GC(14) - age   7:    1602064 bytes,   17753536 total
[2020-08-13T13:37:21.434+0000][6][gc,age       ] GC(14) - age   8:    2388144 bytes,   20141680 total
[2020-08-13T13:37:21.434+0000][6][gc,age       ] GC(14) - age   9:     753528 bytes,   20895208 total
[2020-08-13T13:37:21.434+0000][6][gc,phases    ] GC(14)   Pre Evacuate Collection Set: 0.1ms
[2020-08-13T13:37:21.434+0000][6][gc,phases    ] GC(14)   Merge Heap Roots: 0.1ms
[2020-08-13T13:37:21.434+0000][6][gc,phases    ] GC(14)   Evacuate Collection Set: 120.6ms
[2020-08-13T13:37:21.434+0000][6][gc,phases    ] GC(14)   Post Evacuate Collection Set: 2.3ms
[2020-08-13T13:37:21.434+0000][6][gc,phases    ] GC(14)   Other: 0.3ms
[2020-08-13T13:37:21.434+0000][6][gc,heap      ] GC(14) Eden regions: 143->0(133)
[2020-08-13T13:37:21.434+0000][6][gc,heap      ] GC(14) Survivor regions: 10->20(20)
[2020-08-13T13:37:21.434+0000][6][gc,heap      ] GC(14) Old regions: 9->10
[2020-08-13T13:37:21.434+0000][6][gc,heap      ] GC(14) Archive regions: 2->2
[2020-08-13T13:37:21.434+0000][6][gc,heap      ] GC(14) Humongous regions: 1->1
[2020-08-13T13:37:21.434+0000][6][gc,metaspace ] GC(14) Metaspace: 28131K(30768K)->28131K(30768K) NonClass: 24523K(26368K)->24523K(26368K) Class: 3608K(4400K)->3608K(4400K)
[2020-08-13T13:37:21.434+0000][6][gc           ] GC(14) Pause Young (Normal) (G1 Evacuation Pause) 163M->31M(256M) 123.466ms
[2020-08-13T13:37:21.434+0000][6][gc,cpu       ] GC(14) User=0.06s Sys=0.00s Real=0.12s
[2020-08-13T13:37:21.434+0000][6][safepoint    ] Safepoint "G1CollectForAllocation", Time since last: 116754076 ns, Reaching safepoint: 75030 ns, At safepoint: 123570104 ns, Total: 123645134 ns
[2020-08-13T13:37:22.687+0000][6][safepoint    ] Safepoint "Cleanup", Time since last: 1246315735 ns, Reaching safepoint: 6097202 ns, At safepoint: 7013 ns, Total: 6104215 ns
[2020-08-13T13:37:24.722+0000][6][safepoint    ] Safepoint "Cleanup", Time since last: 2034855142 ns, Reaching safepoint: 170418 ns, At safepoint: 2796 ns, Total: 173214 ns
[2020-08-13T13:37:25.745+0000][6][safepoint    ] Safepoint "Cleanup", Time since last: 1002829847 ns, Reaching safepoint: 20196052 ns, At safepoint: 8576 ns, Total: 20204628 ns
[2020-08-13T13:37:25.920+0000][6][gc,start     ] GC(15) Pause Young (Normal) (G1 Evacuation Pause)
[2020-08-13T13:37:25.920+0000][6][gc,task      ] GC(15) Using 2 workers of 2 for evacuation
[2020-08-13T13:37:25.920+0000][6][gc,age       ] GC(15) Desired survivor size 10485760 bytes, new threshold 1 (max threshold 15)
[2020-08-13T13:37:26.214+0000][6][gc,age       ] GC(15) Age table with threshold 1 (max threshold 15)
[2020-08-13T13:37:26.214+0000][6][gc,age       ] GC(15) - age   1:   15328344 bytes,   15328344 total
[2020-08-13T13:37:26.214+0000][6][gc,mmu       ] GC(15) MMU target violated: 201.0ms (200.0ms/201.0ms)
[2020-08-13T13:37:26.214+0000][6][gc,phases    ] GC(15)   Pre Evacuate Collection Set: 0.1ms
[2020-08-13T13:37:26.214+0000][6][gc,phases    ] GC(15)   Merge Heap Roots: 0.1ms
[2020-08-13T13:37:26.214+0000][6][gc,phases    ] GC(15)   Evacuate Collection Set: 291.8ms
[2020-08-13T13:37:26.214+0000][6][gc,phases    ] GC(15)   Post Evacuate Collection Set: 2.1ms
[2020-08-13T13:37:26.214+0000][6][gc,phases    ] GC(15)   Other: 0.3ms
[2020-08-13T13:37:26.214+0000][6][gc,heap      ] GC(15) Eden regions: 133->0(118)
[2020-08-13T13:37:26.214+0000][6][gc,heap      ] GC(15) Survivor regions: 20->15(20)
[2020-08-13T13:37:26.214+0000][6][gc,heap      ] GC(15) Old regions: 10->29
[2020-08-13T13:37:26.214+0000][6][gc,heap      ] GC(15) Archive regions: 2->2
[2020-08-13T13:37:26.214+0000][6][gc,heap      ] GC(15) Humongous regions: 1->1
[2020-08-13T13:37:26.214+0000][6][gc,metaspace ] GC(15) Metaspace: 29849K(32944K)->29849K(32944K) NonClass: 25978K(28160K)->25978K(28160K) Class: 3870K(4784K)->3870K(4784K)
[2020-08-13T13:37:26.214+0000][6][gc           ] GC(15) Pause Young (Normal) (G1 Evacuation Pause) 164M->45M(256M) 294.414ms
[2020-08-13T13:37:26.214+0000][6][gc,cpu       ] GC(15) User=0.15s Sys=0.00s Real=0.29s
[2020-08-13T13:37:26.214+0000][6][safepoint    ] Safepoint "G1CollectForAllocation", Time since last: 174828467 ns, Reaching safepoint: 120967 ns, At safepoint: 294509411 ns, Total: 294630378 ns
[2020-08-13T13:37:27.219+0000][6][safepoint    ] Safepoint "Cleanup", Time since last: 1001332434 ns, Reaching safepoint: 3113368 ns, At safepoint: 5811 ns, Total: 3119179 ns
[2020-08-13T13:37:27.482+0000][6][gc,start     ] GC(16) Pause Young (Concurrent Start) (Metadata GC Threshold)
[2020-08-13T13:37:27.482+0000][6][gc,task      ] GC(16) Using 2 workers of 2 for evacuation
[2020-08-13T13:37:27.482+0000][6][gc,age       ] GC(16) Desired survivor size 8912896 bytes, new threshold 1 (max threshold 15)
[2020-08-13T13:37:27.592+0000][6][gc,age       ] GC(16) Age table with threshold 1 (max threshold 15)
[2020-08-13T13:37:27.592+0000][6][gc,age       ] GC(16) - age   1:    1030880 bytes,    1030880 total
[2020-08-13T13:37:27.592+0000][6][gc,phases    ] GC(16)   Pre Evacuate Collection Set: 9.3ms
[2020-08-13T13:37:27.592+0000][6][gc,phases    ] GC(16)   Merge Heap Roots: 0.1ms
[2020-08-13T13:37:27.592+0000][6][gc,phases    ] GC(16)   Evacuate Collection Set: 94.8ms
[2020-08-13T13:37:27.592+0000][6][gc,phases    ] GC(16)   Post Evacuate Collection Set: 4.9ms
[2020-08-13T13:37:27.592+0000][6][gc,phases    ] GC(16)   Other: 0.3ms
[2020-08-13T13:37:27.592+0000][6][gc,heap      ] GC(16) Eden regions: 28->0(121)
[2020-08-13T13:37:27.592+0000][6][gc,heap      ] GC(16) Survivor regions: 15->2(17)
[2020-08-13T13:37:27.592+0000][6][gc,heap      ] GC(16) Old regions: 29->44
[2020-08-13T13:37:27.592+0000][6][gc,heap      ] GC(16) Archive regions: 2->2
[2020-08-13T13:37:27.592+0000][6][gc,heap      ] GC(16) Humongous regions: 1->1
[2020-08-13T13:37:27.592+0000][6][gc,metaspace ] GC(16) Metaspace: 32794K(35920K)->32794K(35920K) NonClass: 28471K(30624K)->28471K(30624K) Class: 4323K(5296K)->4323K(5296K)
[2020-08-13T13:37:27.592+0000][6][gc           ] GC(16) Pause Young (Concurrent Start) (Metadata GC Threshold) 73M->47M(256M) 109.525ms
[2020-08-13T13:37:27.592+0000][6][gc,cpu       ] GC(16) User=0.05s Sys=0.00s Real=0.11s
[2020-08-13T13:37:27.592+0000][6][safepoint    ] Safepoint "CollectForMetadataAllocation", Time since last: 263517992 ns, Reaching safepoint: 75331 ns, At safepoint: 109728545 ns, Total: 109803876 ns
[2020-08-13T13:37:27.592+0000][6][gc           ] GC(17) Concurrent Cycle
[2020-08-13T13:37:27.592+0000][6][gc,marking   ] GC(17) Concurrent Clear Claimed Marks
[2020-08-13T13:37:27.592+0000][6][gc,marking   ] GC(17) Concurrent Clear Claimed Marks 0.314ms
[2020-08-13T13:37:27.592+0000][6][gc,marking   ] GC(17) Concurrent Scan Root Regions
[2020-08-13T13:37:27.708+0000][6][gc,marking   ] GC(17) Concurrent Scan Root Regions 115.453ms
[2020-08-13T13:37:27.708+0000][6][gc,marking   ] GC(17) Concurrent Mark (29.032s)
[2020-08-13T13:37:27.708+0000][6][gc,marking   ] GC(17) Concurrent Mark From Roots
[2020-08-13T13:37:27.708+0000][6][gc,task      ] GC(17) Using 1 workers of 1 for marking
[2020-08-13T13:37:27.769+0000][6][safepoint    ] Safepoint "CollectForMetadataAllocation", Time since last: 168720545 ns, Reaching safepoint: 7932688 ns, At safepoint: 123402 ns, Total: 8056090 ns
[2020-08-13T13:37:27.895+0000][6][safepoint    ] Safepoint "CollectForMetadataAllocation", Time since last: 103844902 ns, Reaching safepoint: 22033591 ns, At safepoint: 131868 ns, Total: 22165459 ns
[2020-08-13T13:37:27.964+0000][6][gc,marking   ] GC(17) Concurrent Mark From Roots 255.737ms
[2020-08-13T13:37:27.964+0000][6][gc,marking   ] GC(17) Concurrent Preclean
[2020-08-13T13:37:27.964+0000][6][gc,marking   ] GC(17) Concurrent Preclean 0.195ms
[2020-08-13T13:37:27.964+0000][6][gc,marking   ] GC(17) Concurrent Mark (29.032s, 29.288s) 256.020ms
[2020-08-13T13:37:27.967+0000][6][gc,start     ] GC(17) Pause Remark
[2020-08-13T13:37:28.010+0000][6][gc           ] GC(17) Pause Remark 52M->52M(256M) 42.935ms
[2020-08-13T13:37:28.010+0000][6][gc,cpu       ] GC(17) User=0.01s Sys=0.00s Real=0.04s
[2020-08-13T13:37:28.010+0000][6][safepoint    ] Safepoint "G1Concurrent", Time since last: 71842080 ns, Reaching safepoint: 80501 ns, At safepoint: 43047655 ns, Total: 43128156 ns
[2020-08-13T13:37:28.012+0000][6][gc,marking   ] GC(17) Concurrent Rebuild Remembered Sets
[2020-08-13T13:37:28.232+0000][6][gc,marking   ] GC(17) Concurrent Rebuild Remembered Sets 219.997ms
[2020-08-13T13:37:28.243+0000][6][gc,start     ] GC(17) Pause Cleanup
[2020-08-13T13:37:28.244+0000][6][gc           ] GC(17) Pause Cleanup 58M->58M(256M) 0.206ms
[2020-08-13T13:37:28.244+0000][6][gc,cpu       ] GC(17) User=0.00s Sys=0.00s Real=0.00s
[2020-08-13T13:37:28.244+0000][6][safepoint    ] Safepoint "G1Concurrent", Time since last: 229807044 ns, Reaching safepoint: 3837503 ns, At safepoint: 249106 ns, Total: 4086609 ns
[2020-08-13T13:37:28.244+0000][6][gc,marking   ] GC(17) Concurrent Cleanup for Next Mark
[2020-08-13T13:37:28.244+0000][6][gc,marking   ] GC(17) Concurrent Cleanup for Next Mark 0.592ms
[2020-08-13T13:37:28.244+0000][6][gc           ] GC(17) Concurrent Cycle 652.256ms
[2020-08-13T13:37:29.133+0000][6][gc,start     ] GC(18) Pause Young (Concurrent Start) (G1 Evacuation Pause)
[2020-08-13T13:37:29.133+0000][6][gc,task      ] GC(18) Using 2 workers of 2 for evacuation
[2020-08-13T13:37:29.133+0000][6][gc,age       ] GC(18) Desired survivor size 8388608 bytes, new threshold 15 (max threshold 15)
[2020-08-13T13:37:29.189+0000][6][gc,age       ] GC(18) Age table with threshold 15 (max threshold 15)
[2020-08-13T13:37:29.190+0000][6][gc,age       ] GC(18) - age   1:    2134960 bytes,    2134960 total
[2020-08-13T13:37:29.190+0000][6][gc,age       ] GC(18) - age   2:     977656 bytes,    3112616 total
[2020-08-13T13:37:29.190+0000][6][gc,phases    ] GC(18)   Pre Evacuate Collection Set: 0.4ms
[2020-08-13T13:37:29.190+0000][6][gc,phases    ] GC(18)   Merge Heap Roots: 0.1ms
[2020-08-13T13:37:29.190+0000][6][gc,phases    ] GC(18)   Evacuate Collection Set: 54.7ms
[2020-08-13T13:37:29.190+0000][6][gc,phases    ] GC(18)   Post Evacuate Collection Set: 1.1ms
[2020-08-13T13:37:29.190+0000][6][gc,phases    ] GC(18)   Other: 0.3ms
[2020-08-13T13:37:29.190+0000][6][gc,heap      ] GC(18) Eden regions: 121->0(122)
[2020-08-13T13:37:29.190+0000][6][gc,heap      ] GC(18) Survivor regions: 2->4(16)
[2020-08-13T13:37:29.190+0000][6][gc,heap      ] GC(18) Old regions: 44->44
[2020-08-13T13:37:29.190+0000][6][gc,heap      ] GC(18) Archive regions: 2->2
[2020-08-13T13:37:29.190+0000][6][gc,heap      ] GC(18) Humongous regions: 1->1
[2020-08-13T13:37:29.190+0000][6][gc,metaspace ] GC(18) Metaspace: 34415K(37736K)->34415K(37736K) NonClass: 29891K(32160K)->29891K(32160K) Class: 4524K(5576K)->4524K(5576K)
[2020-08-13T13:37:29.190+0000][6][gc           ] GC(18) Pause Young (Concurrent Start) (G1 Evacuation Pause) 168M->49M(256M) 56.761ms
[2020-08-13T13:37:29.190+0000][6][gc,cpu       ] GC(18) User=0.01s Sys=0.00s Real=0.06s
[2020-08-13T13:37:29.190+0000][6][safepoint    ] Safepoint "G1CollectForAllocation", Time since last: 888945753 ns, Reaching safepoint: 240330 ns, At safepoint: 56851162 ns, Total: 57091492 ns
[2020-08-13T13:37:29.190+0000][6][gc           ] GC(19) Concurrent Cycle
[2020-08-13T13:37:29.190+0000][6][gc,marking   ] GC(19) Concurrent Clear Claimed Marks
[2020-08-13T13:37:29.190+0000][6][gc,marking   ] GC(19) Concurrent Clear Claimed Marks 0.329ms
[2020-08-13T13:37:29.190+0000][6][gc,marking   ] GC(19) Concurrent Scan Root Regions
[2020-08-13T13:37:29.194+0000][6][gc,marking   ] GC(19) Concurrent Scan Root Regions 4.108ms
[2020-08-13T13:37:29.194+0000][6][gc,marking   ] GC(19) Concurrent Mark (30.519s)
[2020-08-13T13:37:29.194+0000][6][gc,marking   ] GC(19) Concurrent Mark From Roots
[2020-08-13T13:37:29.194+0000][6][gc,task      ] GC(19) Using 1 workers of 1 for marking
[2020-08-13T13:37:29.617+0000][6][gc,marking   ] GC(19) Concurrent Mark From Roots 423.008ms
[2020-08-13T13:37:29.617+0000][6][gc,marking   ] GC(19) Concurrent Preclean
[2020-08-13T13:37:29.618+0000][6][gc,marking   ] GC(19) Concurrent Preclean 0.182ms
[2020-08-13T13:37:29.618+0000][6][gc,marking   ] GC(19) Concurrent Mark (30.519s, 30.942s) 423.274ms
[2020-08-13T13:37:29.633+0000][6][gc,start     ] GC(19) Pause Remark
[2020-08-13T13:37:29.661+0000][6][gc           ] GC(19) Pause Remark 55M->55M(256M) 28.231ms
[2020-08-13T13:37:29.661+0000][6][gc,cpu       ] GC(19) User=0.01s Sys=0.00s Real=0.03s
[2020-08-13T13:37:29.661+0000][6][safepoint    ] Safepoint "G1Concurrent", Time since last: 427835265 ns, Reaching safepoint: 15158323 ns, At safepoint: 28342941 ns, Total: 43501264 ns
[2020-08-13T13:37:29.661+0000][6][gc,marking   ] GC(19) Concurrent Rebuild Remembered Sets
[2020-08-13T13:37:29.870+0000][6][gc,marking   ] GC(19) Concurrent Rebuild Remembered Sets 208.388ms
[2020-08-13T13:37:29.875+0000][6][gc,start     ] GC(19) Pause Cleanup
[2020-08-13T13:37:29.875+0000][6][gc           ] GC(19) Pause Cleanup 62M->62M(256M) 0.203ms
[2020-08-13T13:37:29.875+0000][6][gc,cpu       ] GC(19) User=0.00s Sys=0.00s Real=0.00s
[2020-08-13T13:37:29.875+0000][6][safepoint    ] Safepoint "G1Concurrent", Time since last: 208498018 ns, Reaching safepoint: 5623536 ns, At safepoint: 250539 ns, Total: 5874075 ns
[2020-08-13T13:37:29.875+0000][6][gc,marking   ] GC(19) Concurrent Cleanup for Next Mark
[2020-08-13T13:37:29.881+0000][6][gc,marking   ] GC(19) Concurrent Cleanup for Next Mark 5.756ms
[2020-08-13T13:37:29.881+0000][6][gc           ] GC(19) Concurrent Cycle 691.526ms
[2020-08-13T13:37:31.384+0000][6][safepoint    ] Safepoint "Cleanup", Time since last: 1505186509 ns, Reaching safepoint: 2977182 ns, At safepoint: 10810 ns, Total: 2987992 ns
[2020-08-13T13:37:32.394+0000][6][safepoint    ] Safepoint "Cleanup", Time since last: 1005991936 ns, Reaching safepoint: 4092020 ns, At safepoint: 7023 ns, Total: 4099043 ns
[2020-08-13T13:37:33.640+0000][6][gc,start     ] GC(20) Pause Young (Normal) (G1 Evacuation Pause)
[2020-08-13T13:37:33.640+0000][6][gc,task      ] GC(20) Using 2 workers of 2 for evacuation
[2020-08-13T13:37:33.640+0000][6][gc,age       ] GC(20) Desired survivor size 8388608 bytes, new threshold 15 (max threshold 15)
[2020-08-13T13:37:33.741+0000][6][gc,age       ] GC(20) Age table with threshold 15 (max threshold 15)
[2020-08-13T13:37:33.741+0000][6][gc,age       ] GC(20) - age   1:    4678344 bytes,    4678344 total
[2020-08-13T13:37:33.741+0000][6][gc,age       ] GC(20) - age   2:    2113776 bytes,    6792120 total
[2020-08-13T13:37:33.741+0000][6][gc,age       ] GC(20) - age   3:     972464 bytes,    7764584 total
[2020-08-13T13:37:33.741+0000][6][gc,phases    ] GC(20)   Pre Evacuate Collection Set: 0.1ms
[2020-08-13T13:37:33.741+0000][6][gc,phases    ] GC(20)   Merge Heap Roots: 0.2ms
[2020-08-13T13:37:33.741+0000][6][gc,phases    ] GC(20)   Evacuate Collection Set: 66.3ms
[2020-08-13T13:37:33.741+0000][6][gc,phases    ] GC(20)   Post Evacuate Collection Set: 33.9ms
[2020-08-13T13:37:33.741+0000][6][gc,phases    ] GC(20)   Other: 0.3ms
[2020-08-13T13:37:33.741+0000][6][gc,heap      ] GC(20) Eden regions: 122->0(119)
[2020-08-13T13:37:33.741+0000][6][gc,heap      ] GC(20) Survivor regions: 4->8(16)
[2020-08-13T13:37:33.741+0000][6][gc,heap      ] GC(20) Old regions: 44->44
[2020-08-13T13:37:33.741+0000][6][gc,heap      ] GC(20) Archive regions: 2->2
[2020-08-13T13:37:33.741+0000][6][gc,heap      ] GC(20) Humongous regions: 1->1
[2020-08-13T13:37:33.741+0000][6][gc,metaspace ] GC(20) Metaspace: 50054K(55016K)->50054K(55016K) NonClass: 43152K(46240K)->43152K(46240K) Class: 6902K(8776K)->6902K(8776K)
[2020-08-13T13:37:33.741+0000][6][gc           ] GC(20) Pause Young (Normal) (G1 Evacuation Pause) 171M->53M(256M) 100.949ms
[2020-08-13T13:37:33.741+0000][6][gc,cpu       ] GC(20) User=0.04s Sys=0.00s Real=0.10s
[2020-08-13T13:37:33.741+0000][6][safepoint    ] Safepoint "G1CollectForAllocation", Time since last: 1245903883 ns, Reaching safepoint: 226044 ns, At safepoint: 101044932 ns, Total: 101270976 ns
[2020-08-13T13:37:34.777+0000][6][safepoint    ] Safepoint "Cleanup", Time since last: 1033960536 ns, Reaching safepoint: 2301287 ns, At safepoint: 5420 ns, Total: 2306707 ns
[2020-08-13T13:37:35.924+0000][6][gc,start     ] GC(21) Pause Young (Concurrent Start) (Metadata GC Threshold)
[2020-08-13T13:37:35.924+0000][6][gc,task      ] GC(21) Using 2 workers of 2 for evacuation
[2020-08-13T13:37:35.924+0000][6][gc,age       ] GC(21) Desired survivor size 8388608 bytes, new threshold 15 (max threshold 15)
[2020-08-13T13:37:36.049+0000][6][gc,age       ] GC(21) Age table with threshold 15 (max threshold 15)
[2020-08-13T13:37:36.049+0000][6][gc,age       ] GC(21) - age   1:    2682328 bytes,    2682328 total
[2020-08-13T13:37:36.049+0000][6][gc,age       ] GC(21) - age   2:    4524856 bytes,    7207184 total
[2020-08-13T13:37:36.049+0000][6][gc,age       ] GC(21) - age   3:    2112336 bytes,    9319520 total
[2020-08-13T13:37:36.049+0000][6][gc,age       ] GC(21) - age   4:     970976 bytes,   10290496 total
[2020-08-13T13:37:36.049+0000][6][gc,phases    ] GC(21)   Pre Evacuate Collection Set: 0.6ms
[2020-08-13T13:37:36.049+0000][6][gc,phases    ] GC(21)   Merge Heap Roots: 0.1ms
[2020-08-13T13:37:36.049+0000][6][gc,phases    ] GC(21)   Evacuate Collection Set: 116.1ms
[2020-08-13T13:37:36.049+0000][6][gc,phases    ] GC(21)   Post Evacuate Collection Set: 7.5ms
[2020-08-13T13:37:36.049+0000][6][gc,phases    ] GC(21)   Other: 0.3ms
[2020-08-13T13:37:36.049+0000][6][gc,heap      ] GC(21) Eden regions: 111->0(118)
[2020-08-13T13:37:36.049+0000][6][gc,heap      ] GC(21) Survivor regions: 8->11(16)
[2020-08-13T13:37:36.049+0000][6][gc,heap      ] GC(21) Old regions: 44->44
[2020-08-13T13:37:36.049+0000][6][gc,heap      ] GC(21) Archive regions: 2->2
[2020-08-13T13:37:36.049+0000][6][gc,heap      ] GC(21) Humongous regions: 1->1
[2020-08-13T13:37:36.049+0000][6][gc,metaspace ] GC(21) Metaspace: 59275K(64488K)->59275K(64488K) NonClass: 51088K(54176K)->51088K(54176K) Class: 8187K(10312K)->8187K(10312K)
[2020-08-13T13:37:36.049+0000][6][gc           ] GC(21) Pause Young (Concurrent Start) (Metadata GC Threshold) 163M->56M(256M) 124.741ms
[2020-08-13T13:37:36.049+0000][6][gc,cpu       ] GC(21) User=0.04s Sys=0.00s Real=0.13s
[2020-08-13T13:37:36.049+0000][6][safepoint    ] Safepoint "CollectForMetadataAllocation", Time since last: 1143460635 ns, Reaching safepoint: 3461008 ns, At safepoint: 124975194 ns, Total: 128436202 ns
[2020-08-13T13:37:36.049+0000][6][gc           ] GC(22) Concurrent Cycle
[2020-08-13T13:37:36.049+0000][6][gc,marking   ] GC(22) Concurrent Clear Claimed Marks
[2020-08-13T13:37:36.050+0000][6][gc,marking   ] GC(22) Concurrent Clear Claimed Marks 0.986ms
[2020-08-13T13:37:36.050+0000][6][gc,marking   ] GC(22) Concurrent Scan Root Regions
[2020-08-13T13:37:36.151+0000][6][gc,marking   ] GC(22) Concurrent Scan Root Regions 101.323ms
[2020-08-13T13:37:36.152+0000][6][gc,marking   ] GC(22) Concurrent Mark (37.476s)
[2020-08-13T13:37:36.152+0000][6][gc,marking   ] GC(22) Concurrent Mark From Roots
[2020-08-13T13:37:36.152+0000][6][gc,task      ] GC(22) Using 1 workers of 1 for marking
[2020-08-13T13:37:36.417+0000][6][safepoint    ] Safepoint "CollectForMetadataAllocation", Time since last: 357176689 ns, Reaching safepoint: 10538135 ns, At safepoint: 112801 ns, Total: 10650936 ns
[2020-08-13T13:37:36.609+0000][6][gc,marking   ] GC(22) Concurrent Mark From Roots 457.485ms
[2020-08-13T13:37:36.609+0000][6][gc,marking   ] GC(22) Concurrent Preclean
[2020-08-13T13:37:36.609+0000][6][gc,marking   ] GC(22) Concurrent Preclean 0.256ms
[2020-08-13T13:37:36.609+0000][6][gc,marking   ] GC(22) Concurrent Mark (37.476s, 37.934s) 457.837ms
[2020-08-13T13:37:36.611+0000][6][gc,start     ] GC(22) Pause Remark
[2020-08-13T13:37:36.637+0000][6][gc           ] GC(22) Pause Remark 65M->65M(256M) 26.015ms
[2020-08-13T13:37:36.637+0000][6][gc,cpu       ] GC(22) User=0.01s Sys=0.00s Real=0.03s
[2020-08-13T13:37:36.637+0000][6][safepoint    ] Safepoint "G1Concurrent", Time since last: 192488944 ns, Reaching safepoint: 1535764 ns, At safepoint: 26118067 ns, Total: 27653831 ns
[2020-08-13T13:37:36.637+0000][6][gc,marking   ] GC(22) Concurrent Rebuild Remembered Sets
[2020-08-13T13:37:36.947+0000][6][gc,marking   ] GC(22) Concurrent Rebuild Remembered Sets 309.571ms
[2020-08-13T13:37:36.955+0000][6][gc,start     ] GC(22) Pause Cleanup
[2020-08-13T13:37:36.956+0000][6][gc           ] GC(22) Pause Cleanup 71M->71M(256M) 0.209ms
[2020-08-13T13:37:36.956+0000][6][gc,cpu       ] GC(22) User=0.00s Sys=0.00s Real=0.01s
[2020-08-13T13:37:36.956+0000][6][safepoint    ] Safepoint "G1Concurrent", Time since last: 309694424 ns, Reaching safepoint: 8664808 ns, At safepoint: 260207 ns, Total: 8925015 ns
[2020-08-13T13:37:36.956+0000][6][gc,marking   ] GC(22) Concurrent Cleanup for Next Mark
[2020-08-13T13:37:36.964+0000][6][gc,marking   ] GC(22) Concurrent Cleanup for Next Mark 8.274ms
[2020-08-13T13:37:36.964+0000][6][gc           ] GC(22) Concurrent Cycle 914.915ms
[2020-08-13T13:37:37.686+0000][6][safepoint    ] Safepoint "BulkRevokeBias", Time since last: 713756431 ns, Reaching safepoint: 16274752 ns, At safepoint: 144972 ns, Total: 16419724 ns
[2020-08-13T13:37:38.488+0000][6][safepoint    ] Safepoint "BulkRevokeBias", Time since last: 796941062 ns, Reaching safepoint: 5090759 ns, At safepoint: 153617 ns, Total: 5244376 ns
[2020-08-13T13:37:38.654+0000][6][safepoint    ] Safepoint "BulkRevokeBias", Time since last: 158679901 ns, Reaching safepoint: 6980607 ns, At safepoint: 126957 ns, Total: 7107564 ns
[2020-08-13T13:37:39.674+0000][6][safepoint    ] Safepoint "Cleanup", Time since last: 1020039590 ns, Reaching safepoint: 472184 ns, At safepoint: 2975 ns, Total: 475159 ns
[2020-08-13T13:37:39.770+0000][6][safepoint    ] Safepoint "BulkRevokeBias", Time since last: 85439022 ns, Reaching safepoint: 9854936 ns, At safepoint: 261339 ns, Total: 10116275 ns
[2020-08-13T13:37:40.008+0000][6][safepoint    ] Safepoint "BulkRevokeBias", Time since last: 234783528 ns, Reaching safepoint: 2969789 ns, At safepoint: 345156 ns, Total: 3314945 ns
[2020-08-13T13:37:41.644+0000][6][safepoint    ] Safepoint "Cleanup", Time since last: 1635591787 ns, Reaching safepoint: 140492 ns, At safepoint: 3487 ns, Total: 143979 ns
[2020-08-13T13:37:41.649+0000][6][safepoint    ] Safepoint "BulkRevokeBias", Time since last: 5237252 ns, Reaching safepoint: 130776 ns, At safepoint: 215142 ns, Total: 345918 ns
[2020-08-13T13:37:42.651+0000][6][safepoint    ] Safepoint "Cleanup", Time since last: 1001403938 ns, Reaching safepoint: 615252 ns, At safepoint: 9748 ns, Total: 625000 ns
[2020-08-13T13:37:43.650+0000][6][safepoint    ] Safepoint "BulkRevokeBias", Time since last: 998510932 ns, Reaching safepoint: 87294 ns, At safepoint: 165730 ns, Total: 253024 ns
[2020-08-13T13:37:44.650+0000][6][safepoint    ] Safepoint "Cleanup", Time since last: 1000111569 ns, Reaching safepoint: 91502 ns, At safepoint: 2514 ns, Total: 94016 ns
[2020-08-13T13:37:45.648+0000][6][safepoint    ] Safepoint "BulkRevokeBias", Time since last: 996935494 ns, Reaching safepoint: 232065 ns, At safepoint: 203922 ns, Total: 435987 ns
[2020-08-13T13:37:45.650+0000][6][safepoint    ] Safepoint "BulkRevokeBias", Time since last: 1659746 ns, Reaching safepoint: 133430 ns, At safepoint: 225091 ns, Total: 358521 ns
[2020-08-13T13:37:45.652+0000][6][safepoint    ] Safepoint "BulkRevokeBias", Time since last: 1716043 ns, Reaching safepoint: 184845 ns, At safepoint: 331300 ns, Total: 516145 ns
[2020-08-13T13:37:46.657+0000][6][safepoint    ] Safepoint "Cleanup", Time since last: 1005258944 ns, Reaching safepoint: 209913 ns, At safepoint: 5540 ns, Total: 215453 ns
[2020-08-13T13:37:48.649+0000][6][safepoint    ] Safepoint "Cleanup", Time since last: 1991496615 ns, Reaching safepoint: 91432 ns, At safepoint: 10359 ns, Total: 101791 ns
[2020-08-13T13:37:48.651+0000][6][safepoint    ] Safepoint "BulkRevokeBias", Time since last: 1839764 ns, Reaching safepoint: 125494 ns, At safepoint: 268132 ns, Total: 393626 ns
[2020-08-13T13:37:49.652+0000][6][safepoint    ] Safepoint "Cleanup", Time since last: 1000675795 ns, Reaching safepoint: 233036 ns, At safepoint: 8626 ns, Total: 241662 ns
[2020-08-13T13:37:50.652+0000][6][safepoint    ] Safepoint "Cleanup", Time since last: 1000209693 ns, Reaching safepoint: 102232 ns, At safepoint: 4899 ns, Total: 107131 ns
[2020-08-13T13:37:51.653+0000][6][safepoint    ] Safepoint "Cleanup", Time since last: 1000578213 ns, Reaching safepoint: 284202 ns, At safepoint: 103453 ns, Total: 387655 ns
[2020-08-13T13:37:51.656+0000][6][safepoint    ] Safepoint "BulkRevokeBias", Time since last: 2217421 ns, Reaching safepoint: 49322 ns, At safepoint: 423142 ns, Total: 472464 ns
[2020-08-13T13:37:52.652+0000][6][safepoint    ] Safepoint "BulkRevokeBias", Time since last: 995012635 ns, Reaching safepoint: 126727 ns, At safepoint: 252574 ns, Total: 379301 ns
[2020-08-13T13:37:52.652+0000][6][safepoint    ] Safepoint "BulkRevokeBias", Time since last: 484877 ns, Reaching safepoint: 119444 ns, At safepoint: 270646 ns, Total: 390090 ns
[2020-08-13T13:37:53.653+0000][6][safepoint    ] Safepoint "Cleanup", Time since last: 1000297408 ns, Reaching safepoint: 486300 ns, At safepoint: 7153 ns, Total: 493453 ns
[2020-08-13T13:37:54.654+0000][6][safepoint    ] Safepoint "Cleanup", Time since last: 1001045257 ns, Reaching safepoint: 205254 ns, At safepoint: 6893 ns, Total: 212147 ns
[2020-08-13T13:37:55.655+0000][6][safepoint    ] Safepoint "Cleanup", Time since last: 1000843318 ns, Reaching safepoint: 158898 ns, At safepoint: 10039 ns, Total: 168937 ns
[2020-08-13T13:37:57.651+0000][6][safepoint    ] Safepoint "Cleanup", Time since last: 1994966179 ns, Reaching safepoint: 276798 ns, At safepoint: 48681 ns, Total: 325479 ns
[2020-08-13T13:37:58.651+0000][6][safepoint    ] Safepoint "Cleanup", Time since last: 1000150701 ns, Reaching safepoint: 236102 ns, At safepoint: 3336 ns, Total: 239438 ns
[2020-08-13T13:37:59.651+0000][6][safepoint    ] Safepoint "Cleanup", Time since last: 1000169118 ns, Reaching safepoint: 168035 ns, At safepoint: 3336 ns, Total: 171371 ns
[2020-08-13T13:38:00.652+0000][6][safepoint    ] Safepoint "Cleanup", Time since last: 1000809686 ns, Reaching safepoint: 175538 ns, At safepoint: 7625 ns, Total: 183163 ns
[2020-08-13T13:38:01.654+0000][6][safepoint    ] Safepoint "Cleanup", Time since last: 1001610264 ns, Reaching safepoint: 253153 ns, At safepoint: 6863 ns, Total: 260016 ns
[2020-08-13T13:38:02.655+0000][6][safepoint    ] Safepoint "Cleanup", Time since last: 1000355735 ns, Reaching safepoint: 178124 ns, At safepoint: 9538 ns, Total: 187662 ns
[2020-08-13T13:38:03.656+0000][6][safepoint    ] Safepoint "Cleanup", Time since last: 1000436276 ns, Reaching safepoint: 203722 ns, At safepoint: 323366 ns, Total: 527088 ns
[2020-08-13T13:38:04.897+0000][6][safepoint    ] Safepoint "Cleanup", Time since last: 1241476024 ns, Reaching safepoint: 133319 ns, At safepoint: 3025 ns, Total: 136344 ns
[2020-08-13T13:38:05.898+0000][6][safepoint    ] Safepoint "Cleanup", Time since last: 1000161282 ns, Reaching safepoint: 166652 ns, At safepoint: 3567 ns, Total: 170219 ns
[2020-08-13T13:38:06.898+0000][6][safepoint    ] Safepoint "Cleanup", Time since last: 1000141314 ns, Reaching safepoint: 232145 ns, At safepoint: 2966 ns, Total: 235111 ns
[2020-08-13T13:38:07.899+0000][6][safepoint    ] Safepoint "Cleanup", Time since last: 1000224370 ns, Reaching safepoint: 122720 ns, At safepoint: 3687 ns, Total: 126407 ns
[2020-08-13T13:38:08.899+0000][6][safepoint    ] Safepoint "Cleanup", Time since last: 1000156824 ns, Reaching safepoint: 169677 ns, At safepoint: 3737 ns, Total: 173414 ns
[2020-08-13T13:38:09.899+0000][6][safepoint    ] Safepoint "Cleanup", Time since last: 1000156834 ns, Reaching safepoint: 178995 ns, At safepoint: 3496 ns, Total: 182491 ns
[2020-08-13T13:38:10.899+0000][6][safepoint    ] Safepoint "Cleanup", Time since last: 1000148338 ns, Reaching safepoint: 139731 ns, At safepoint: 3567 ns, Total: 143298 ns
[2020-08-13T13:38:11.900+0000][6][safepoint    ] Safepoint "Cleanup", Time since last: 1000158838 ns, Reaching safepoint: 208600 ns, At safepoint: 3597 ns, Total: 212197 ns
[2020-08-13T13:38:12.696+0000][6][safepoint    ] Safepoint "BulkRevokeBias", Time since last: 795732681 ns, Reaching safepoint: 131125 ns, At safepoint: 133501 ns, Total: 264626 ns
[2020-08-13T13:38:12.697+0000][6][safepoint    ] Safepoint "BulkRevokeBias", Time since last: 518931 ns, Reaching safepoint: 28773 ns, At safepoint: 115938 ns, Total: 144711 ns
[2020-08-13T13:38:12.736+0000][6][gc,heap,exit ] Heap
[2020-08-13T13:38:12.736+0000][6][gc,heap,exit ]  garbage-first heap   total 262144K, used 158020K [0x00000000f0000000, 0x0000000100000000)
[2020-08-13T13:38:12.736+0000][6][gc,heap,exit ]   region size 1024K, 111 young (113664K), 11 survivors (11264K)
[2020-08-13T13:38:12.736+0000][6][gc,heap,exit ]  Metaspace       used 69310K, capacity 74972K, committed 75120K, reserved 1112064K
[2020-08-13T13:38:12.736+0000][6][gc,heap,exit ]   class space    used 9484K, capacity 11844K, committed 11848K, reserved 1048576K
