[2020-08-13T14:11:39.704+0000][6][gc,heap] Heap region size: 1M
[2020-08-13T14:11:39.704+0000][6][gc,heap,coops] Heap address: 0x00000000f0000000, size: 256 MB, Compressed Oops mode: 32-bit
[2020-08-13T14:11:39.978+0000][6][gc           ] Using G1
[2020-08-13T14:11:39.978+0000][6][gc,cds       ] Mark closed archive regions in map: [0x00000000fff00000, 0x00000000fff7eff8]
[2020-08-13T14:11:39.978+0000][6][gc,cds       ] Mark open archive regions in map: [0x00000000ffe00000, 0x00000000ffe51ff8]
[2020-08-13T14:11:40.022+0000][6][gc           ] Periodic GC disabled
[2020-08-13T14:11:41.148+0000][6][gc,start     ] GC(0) Pause Young (Normal) (G1 Evacuation Pause)
[2020-08-13T14:11:41.150+0000][6][gc,task      ] GC(0) Using 2 workers of 2 for evacuation
[2020-08-13T14:11:41.150+0000][6][gc,age       ] GC(0) Desired survivor size 1048576 bytes, new threshold 15 (max threshold 15)
[2020-08-13T14:11:41.220+0000][6][gc,age       ] GC(0) Age table with threshold 15 (max threshold 15)
[2020-08-13T14:11:41.220+0000][6][gc,age       ] GC(0) - age   1:    2045088 bytes,    2045088 total
[2020-08-13T14:11:41.220+0000][6][gc,phases    ] GC(0)   Pre Evacuate Collection Set: 0.1ms
[2020-08-13T14:11:41.220+0000][6][gc,phases    ] GC(0)   Merge Heap Roots: 0.0ms
[2020-08-13T14:11:41.220+0000][6][gc,phases    ] GC(0)   Evacuate Collection Set: 53.8ms
[2020-08-13T14:11:41.220+0000][6][gc,phases    ] GC(0)   Post Evacuate Collection Set: 16.1ms
[2020-08-13T14:11:41.220+0000][6][gc,phases    ] GC(0)   Other: 2.2ms
[2020-08-13T14:11:41.220+0000][6][gc,heap      ] GC(0) Eden regions: 12->0(10)
[2020-08-13T14:11:41.220+0000][6][gc,heap      ] GC(0) Survivor regions: 0->2(2)
[2020-08-13T14:11:41.220+0000][6][gc,heap      ] GC(0) Old regions: 0->0
[2020-08-13T14:11:41.220+0000][6][gc,heap      ] GC(0) Archive regions: 2->2
[2020-08-13T14:11:41.220+0000][6][gc,heap      ] GC(0) Humongous regions: 1->1
[2020-08-13T14:11:41.220+0000][6][gc,metaspace ] GC(0) Metaspace: 2547K(5760K)->2547K(5760K) NonClass: 2270K(5120K)->2270K(5120K) Class: 276K(640K)->276K(640K)
[2020-08-13T14:11:41.220+0000][6][gc           ] GC(0) Pause Young (Normal) (G1 Evacuation Pause) 13M->3M(256M) 72.237ms
[2020-08-13T14:11:41.220+0000][6][gc,cpu       ] GC(0) User=0.01s Sys=0.00s Real=0.07s
[2020-08-13T14:11:41.220+0000][6][safepoint    ] Safepoint "G1CollectForAllocation", Time since last: 1129729919 ns, Reaching safepoint: 12412442 ns, At safepoint: 72335739 ns, Total: 84748181 ns
[2020-08-13T14:11:42.119+0000][6][gc,start     ] GC(1) Pause Young (Normal) (G1 Evacuation Pause)
[2020-08-13T14:11:42.119+0000][6][gc,task      ] GC(1) Using 2 workers of 2 for evacuation
[2020-08-13T14:11:42.119+0000][6][gc,age       ] GC(1) Desired survivor size 1048576 bytes, new threshold 1 (max threshold 15)
[2020-08-13T14:11:42.135+0000][6][gc,age       ] GC(1) Age table with threshold 1 (max threshold 15)
[2020-08-13T14:11:42.135+0000][6][gc,age       ] GC(1) - age   1:     563992 bytes,     563992 total
[2020-08-13T14:11:42.135+0000][6][gc,phases    ] GC(1)   Pre Evacuate Collection Set: 0.1ms
[2020-08-13T14:11:42.135+0000][6][gc,phases    ] GC(1)   Merge Heap Roots: 0.0ms
[2020-08-13T14:11:42.135+0000][6][gc,phases    ] GC(1)   Evacuate Collection Set: 15.9ms
[2020-08-13T14:11:42.135+0000][6][gc,phases    ] GC(1)   Post Evacuate Collection Set: 0.4ms
[2020-08-13T14:11:42.135+0000][6][gc,phases    ] GC(1)   Other: 0.2ms
[2020-08-13T14:11:42.135+0000][6][gc,heap      ] GC(1) Eden regions: 10->0(16)
[2020-08-13T14:11:42.135+0000][6][gc,heap      ] GC(1) Survivor regions: 2->1(2)
[2020-08-13T14:11:42.135+0000][6][gc,heap      ] GC(1) Old regions: 0->2
[2020-08-13T14:11:42.135+0000][6][gc,heap      ] GC(1) Archive regions: 2->2
[2020-08-13T14:11:42.135+0000][6][gc,heap      ] GC(1) Humongous regions: 1->1
[2020-08-13T14:11:42.135+0000][6][gc,metaspace ] GC(1) Metaspace: 5470K(8320K)->5470K(8320K) NonClass: 4869K(7424K)->4869K(7424K) Class: 600K(896K)->600K(896K)
[2020-08-13T14:11:42.136+0000][6][gc           ] GC(1) Pause Young (Normal) (G1 Evacuation Pause) 13M->4M(256M) 16.707ms
[2020-08-13T14:11:42.136+0000][6][gc,cpu       ] GC(1) User=0.00s Sys=0.00s Real=0.01s
[2020-08-13T14:11:42.136+0000][6][safepoint    ] Safepoint "G1CollectForAllocation", Time since last: 893626290 ns, Reaching safepoint: 5146313 ns, At safepoint: 16802999 ns, Total: 21949312 ns
[2020-08-13T14:11:43.462+0000][6][gc,start     ] GC(2) Pause Young (Normal) (G1 Evacuation Pause)
[2020-08-13T14:11:43.462+0000][6][gc,task      ] GC(2) Using 2 workers of 2 for evacuation
[2020-08-13T14:11:43.462+0000][6][gc,age       ] GC(2) Desired survivor size 1572864 bytes, new threshold 15 (max threshold 15)
[2020-08-13T14:11:43.481+0000][6][gc,age       ] GC(2) Age table with threshold 15 (max threshold 15)
[2020-08-13T14:11:43.481+0000][6][gc,age       ] GC(2) - age   1:     993696 bytes,     993696 total
[2020-08-13T14:11:43.481+0000][6][gc,age       ] GC(2) - age   2:     520288 bytes,    1513984 total
[2020-08-13T14:11:43.481+0000][6][gc,phases    ] GC(2)   Pre Evacuate Collection Set: 0.1ms
[2020-08-13T14:11:43.481+0000][6][gc,phases    ] GC(2)   Merge Heap Roots: 0.0ms
[2020-08-13T14:11:43.481+0000][6][gc,phases    ] GC(2)   Evacuate Collection Set: 18.6ms
[2020-08-13T14:11:43.481+0000][6][gc,phases    ] GC(2)   Post Evacuate Collection Set: 0.6ms
[2020-08-13T14:11:43.481+0000][6][gc,phases    ] GC(2)   Other: 0.2ms
[2020-08-13T14:11:43.481+0000][6][gc,heap      ] GC(2) Eden regions: 16->0(53)
[2020-08-13T14:11:43.481+0000][6][gc,heap      ] GC(2) Survivor regions: 1->2(3)
[2020-08-13T14:11:43.481+0000][6][gc,heap      ] GC(2) Old regions: 2->2
[2020-08-13T14:11:43.481+0000][6][gc,heap      ] GC(2) Archive regions: 2->2
[2020-08-13T14:11:43.481+0000][6][gc,heap      ] GC(2) Humongous regions: 1->1
[2020-08-13T14:11:43.481+0000][6][gc,metaspace ] GC(2) Metaspace: 9367K(10624K)->9367K(10624K) NonClass: 8210K(9216K)->8210K(9216K) Class: 1157K(1408K)->1157K(1408K)
[2020-08-13T14:11:43.481+0000][6][gc           ] GC(2) Pause Young (Normal) (G1 Evacuation Pause) 20M->5M(256M) 19.601ms
[2020-08-13T14:11:43.481+0000][6][gc,cpu       ] GC(2) User=0.02s Sys=0.00s Real=0.02s
[2020-08-13T14:11:43.482+0000][6][safepoint    ] Safepoint "G1CollectForAllocation", Time since last: 1326073952 ns, Reaching safepoint: 193933 ns, At safepoint: 19674134 ns, Total: 19868067 ns
[2020-08-13T14:11:44.787+0000][6][safepoint    ] Safepoint "Cleanup", Time since last: 1305111867 ns, Reaching safepoint: 169788 ns, At safepoint: 3767 ns, Total: 173555 ns
[2020-08-13T14:11:46.460+0000][6][safepoint    ] Safepoint "Cleanup", Time since last: 1669962500 ns, Reaching safepoint: 3223754 ns, At safepoint: 7815 ns, Total: 3231569 ns
[2020-08-13T14:11:46.879+0000][6][gc,start     ] GC(3) Pause Young (Normal) (G1 Evacuation Pause)
[2020-08-13T14:11:46.879+0000][6][gc,task      ] GC(3) Using 2 workers of 2 for evacuation
[2020-08-13T14:11:46.879+0000][6][gc,age       ] GC(3) Desired survivor size 3670016 bytes, new threshold 15 (max threshold 15)
[2020-08-13T14:11:46.916+0000][6][gc,age       ] GC(3) Age table with threshold 15 (max threshold 15)
[2020-08-13T14:11:46.916+0000][6][gc,age       ] GC(3) - age   1:    4459032 bytes,    4459032 total
[2020-08-13T14:11:46.916+0000][6][gc,age       ] GC(3) - age   2:     954272 bytes,    5413304 total
[2020-08-13T14:11:46.916+0000][6][gc,age       ] GC(3) - age   3:     517488 bytes,    5930792 total
[2020-08-13T14:11:46.916+0000][6][gc,phases    ] GC(3)   Pre Evacuate Collection Set: 0.1ms
[2020-08-13T14:11:46.916+0000][6][gc,phases    ] GC(3)   Merge Heap Roots: 0.0ms
[2020-08-13T14:11:46.916+0000][6][gc,phases    ] GC(3)   Evacuate Collection Set: 32.9ms
[2020-08-13T14:11:46.916+0000][6][gc,phases    ] GC(3)   Post Evacuate Collection Set: 3.8ms
[2020-08-13T14:11:46.916+0000][6][gc,phases    ] GC(3)   Other: 0.3ms
[2020-08-13T14:11:46.916+0000][6][gc,heap      ] GC(3) Eden regions: 53->0(70)
[2020-08-13T14:11:46.916+0000][6][gc,heap      ] GC(3) Survivor regions: 2->6(7)
[2020-08-13T14:11:46.916+0000][6][gc,heap      ] GC(3) Old regions: 2->2
[2020-08-13T14:11:46.916+0000][6][gc,heap      ] GC(3) Archive regions: 2->2
[2020-08-13T14:11:46.916+0000][6][gc,heap      ] GC(3) Humongous regions: 1->1
[2020-08-13T14:11:46.916+0000][6][gc,metaspace ] GC(3) Metaspace: 14086K(14720K)->14086K(14720K) NonClass: 12388K(12800K)->12388K(12800K) Class: 1698K(1920K)->1698K(1920K)
[2020-08-13T14:11:46.916+0000][6][gc           ] GC(3) Pause Young (Normal) (G1 Evacuation Pause) 58M->9M(256M) 37.153ms
[2020-08-13T14:11:46.916+0000][6][gc,cpu       ] GC(3) User=0.02s Sys=0.00s Real=0.04s
[2020-08-13T14:11:46.916+0000][6][safepoint    ] Safepoint "G1CollectForAllocation", Time since last: 418599674 ns, Reaching safepoint: 143377 ns, At safepoint: 37237066 ns, Total: 37380443 ns
[2020-08-13T14:11:46.920+0000][6][safepoint    ] Safepoint "BulkRevokeBias", Time since last: 4035514 ns, Reaching safepoint: 166551 ns, At safepoint: 47349 ns, Total: 213900 ns
[2020-08-13T14:11:47.992+0000][6][safepoint    ] Safepoint "Cleanup", Time since last: 1064426763 ns, Reaching safepoint: 7351880 ns, At safepoint: 7644 ns, Total: 7359524 ns
[2020-08-13T14:11:48.227+0000][6][gc,start     ] GC(4) Pause Young (Normal) (G1 Evacuation Pause)
[2020-08-13T14:11:48.227+0000][6][gc,task      ] GC(4) Using 2 workers of 2 for evacuation
[2020-08-13T14:11:48.227+0000][6][gc,age       ] GC(4) Desired survivor size 5242880 bytes, new threshold 2 (max threshold 15)
[2020-08-13T14:11:48.297+0000][6][gc,age       ] GC(4) Age table with threshold 2 (max threshold 15)
[2020-08-13T14:11:48.298+0000][6][gc,age       ] GC(4) - age   1:    3437576 bytes,    3437576 total
[2020-08-13T14:11:48.298+0000][6][gc,age       ] GC(4) - age   2:    2936400 bytes,    6373976 total
[2020-08-13T14:11:48.298+0000][6][gc,phases    ] GC(4)   Pre Evacuate Collection Set: 0.1ms
[2020-08-13T14:11:48.298+0000][6][gc,phases    ] GC(4)   Merge Heap Roots: 0.0ms
[2020-08-13T14:11:48.298+0000][6][gc,phases    ] GC(4)   Evacuate Collection Set: 68.5ms
[2020-08-13T14:11:48.298+0000][6][gc,phases    ] GC(4)   Post Evacuate Collection Set: 1.9ms
[2020-08-13T14:11:48.298+0000][6][gc,phases    ] GC(4)   Other: 0.2ms
[2020-08-13T14:11:48.298+0000][6][gc,heap      ] GC(4) Eden regions: 70->0(146)
[2020-08-13T14:11:48.298+0000][6][gc,heap      ] GC(4) Survivor regions: 6->7(10)
[2020-08-13T14:11:48.298+0000][6][gc,heap      ] GC(4) Old regions: 2->4
[2020-08-13T14:11:48.298+0000][6][gc,heap      ] GC(4) Archive regions: 2->2
[2020-08-13T14:11:48.298+0000][6][gc,heap      ] GC(4) Humongous regions: 2->1
[2020-08-13T14:11:48.298+0000][6][gc,metaspace ] GC(4) Metaspace: 17023K(17792K)->17023K(17792K) NonClass: 14909K(15360K)->14909K(15360K) Class: 2114K(2432K)->2114K(2432K)
[2020-08-13T14:11:48.298+0000][6][gc           ] GC(4) Pause Young (Normal) (G1 Evacuation Pause) 80M->11M(256M) 70.757ms
[2020-08-13T14:11:48.298+0000][6][gc,cpu       ] GC(4) User=0.01s Sys=0.00s Real=0.07s
[2020-08-13T14:11:48.298+0000][6][safepoint    ] Safepoint "G1CollectForAllocation", Time since last: 234792937 ns, Reaching safepoint: 106058 ns, At safepoint: 70837005 ns, Total: 70943063 ns
[2020-08-13T14:11:48.311+0000][6][safepoint    ] Safepoint "BulkRevokeBias", Time since last: 13136106 ns, Reaching safepoint: 45205 ns, At safepoint: 55003 ns, Total: 100208 ns
[2020-08-13T14:11:48.311+0000][6][safepoint    ] Safepoint "BulkRevokeBias", Time since last: 57707 ns, Reaching safepoint: 19046 ns, At safepoint: 57137 ns, Total: 76183 ns
[2020-08-13T14:11:49.364+0000][6][gc,start     ] GC(5) Pause Young (Normal) (G1 Evacuation Pause)
[2020-08-13T14:11:49.364+0000][6][gc,task      ] GC(5) Using 2 workers of 2 for evacuation
[2020-08-13T14:11:49.364+0000][6][gc,age       ] GC(5) Desired survivor size 10485760 bytes, new threshold 15 (max threshold 15)
[2020-08-13T14:11:49.445+0000][6][gc,age       ] GC(5) Age table with threshold 15 (max threshold 15)
[2020-08-13T14:11:49.445+0000][6][gc,age       ] GC(5) - age   1:    1666760 bytes,    1666760 total
[2020-08-13T14:11:49.445+0000][6][gc,age       ] GC(5) - age   2:    2630016 bytes,    4296776 total
[2020-08-13T14:11:49.445+0000][6][gc,age       ] GC(5) - age   3:    2936352 bytes,    7233128 total
[2020-08-13T14:11:49.445+0000][6][gc,phases    ] GC(5)   Pre Evacuate Collection Set: 4.8ms
[2020-08-13T14:11:49.445+0000][6][gc,phases    ] GC(5)   Merge Heap Roots: 4.0ms
[2020-08-13T14:11:49.445+0000][6][gc,phases    ] GC(5)   Evacuate Collection Set: 51.0ms
[2020-08-13T14:11:49.445+0000][6][gc,phases    ] GC(5)   Post Evacuate Collection Set: 21.0ms
[2020-08-13T14:11:49.445+0000][6][gc,phases    ] GC(5)   Other: 0.4ms
[2020-08-13T14:11:49.445+0000][6][gc,heap      ] GC(5) Eden regions: 146->0(145)
[2020-08-13T14:11:49.445+0000][6][gc,heap      ] GC(5) Survivor regions: 7->8(20)
[2020-08-13T14:11:49.445+0000][6][gc,heap      ] GC(5) Old regions: 4->4
[2020-08-13T14:11:49.445+0000][6][gc,heap      ] GC(5) Archive regions: 2->2
[2020-08-13T14:11:49.445+0000][6][gc,heap      ] GC(5) Humongous regions: 1->1
[2020-08-13T14:11:49.445+0000][6][gc,metaspace ] GC(5) Metaspace: 17370K(18432K)->17370K(18432K) NonClass: 15212K(15872K)->15212K(15872K) Class: 2158K(2560K)->2158K(2560K)
[2020-08-13T14:11:49.445+0000][6][gc           ] GC(5) Pause Young (Normal) (G1 Evacuation Pause) 157M->12M(256M) 81.227ms
[2020-08-13T14:11:49.445+0000][6][gc,cpu       ] GC(5) User=0.01s Sys=0.00s Real=0.08s
[2020-08-13T14:11:49.445+0000][6][safepoint    ] Safepoint "G1CollectForAllocation", Time since last: 1044520875 ns, Reaching safepoint: 8016184 ns, At safepoint: 81321137 ns, Total: 89337321 ns
[2020-08-13T14:11:49.465+0000][6][safepoint    ] Safepoint "BulkRevokeBias", Time since last: 7719518 ns, Reaching safepoint: 11956510 ns, At safepoint: 106739 ns, Total: 12063249 ns
[2020-08-13T14:11:50.607+0000][6][gc,start     ] GC(6) Pause Young (Normal) (G1 Evacuation Pause)
[2020-08-13T14:11:50.607+0000][6][gc,task      ] GC(6) Using 2 workers of 2 for evacuation
[2020-08-13T14:11:50.607+0000][6][gc,age       ] GC(6) Desired survivor size 10485760 bytes, new threshold 15 (max threshold 15)
[2020-08-13T14:11:50.720+0000][6][gc,age       ] GC(6) Age table with threshold 15 (max threshold 15)
[2020-08-13T14:11:50.720+0000][6][gc,age       ] GC(6) - age   1:    2809312 bytes,    2809312 total
[2020-08-13T14:11:50.720+0000][6][gc,age       ] GC(6) - age   2:    1493728 bytes,    4303040 total
[2020-08-13T14:11:50.720+0000][6][gc,age       ] GC(6) - age   3:    2629752 bytes,    6932792 total
[2020-08-13T14:11:50.720+0000][6][gc,age       ] GC(6) - age   4:    2936272 bytes,    9869064 total
[2020-08-13T14:11:50.720+0000][6][gc,phases    ] GC(6)   Pre Evacuate Collection Set: 7.0ms
[2020-08-13T14:11:50.720+0000][6][gc,phases    ] GC(6)   Merge Heap Roots: 13.9ms
[2020-08-13T14:11:50.720+0000][6][gc,phases    ] GC(6)   Evacuate Collection Set: 88.3ms
[2020-08-13T14:11:50.720+0000][6][gc,phases    ] GC(6)   Post Evacuate Collection Set: 4.1ms
[2020-08-13T14:11:50.720+0000][6][gc,phases    ] GC(6)   Other: 0.4ms
[2020-08-13T14:11:50.720+0000][6][gc,heap      ] GC(6) Eden regions: 145->0(143)
[2020-08-13T14:11:50.720+0000][6][gc,heap      ] GC(6) Survivor regions: 8->10(20)
[2020-08-13T14:11:50.720+0000][6][gc,heap      ] GC(6) Old regions: 4->4
[2020-08-13T14:11:50.720+0000][6][gc,heap      ] GC(6) Archive regions: 2->2
[2020-08-13T14:11:50.720+0000][6][gc,heap      ] GC(6) Humongous regions: 1->1
[2020-08-13T14:11:50.720+0000][6][gc,metaspace ] GC(6) Metaspace: 17916K(18944K)->17916K(18944K) NonClass: 15691K(16384K)->15691K(16384K) Class: 2225K(2560K)->2225K(2560K)
[2020-08-13T14:11:50.720+0000][6][gc           ] GC(6) Pause Young (Normal) (G1 Evacuation Pause) 157M->14M(256M) 113.752ms
[2020-08-13T14:11:50.720+0000][6][gc,cpu       ] GC(6) User=0.05s Sys=0.00s Real=0.11s
[2020-08-13T14:11:50.720+0000][6][safepoint    ] Safepoint "G1CollectForAllocation", Time since last: 1131430051 ns, Reaching safepoint: 10349361 ns, At safepoint: 113866702 ns, Total: 124216063 ns
[2020-08-13T14:11:51.544+0000][6][gc,start     ] GC(7) Pause Young (Normal) (G1 Evacuation Pause)
[2020-08-13T14:11:51.544+0000][6][gc,task      ] GC(7) Using 2 workers of 2 for evacuation
[2020-08-13T14:11:51.544+0000][6][gc,age       ] GC(7) Desired survivor size 10485760 bytes, new threshold 15 (max threshold 15)
[2020-08-13T14:11:51.565+0000][6][gc,age       ] GC(7) Age table with threshold 15 (max threshold 15)
[2020-08-13T14:11:51.565+0000][6][gc,age       ] GC(7) - age   1:    1497888 bytes,    1497888 total
[2020-08-13T14:11:51.565+0000][6][gc,age       ] GC(7) - age   2:    2070448 bytes,    3568336 total
[2020-08-13T14:11:51.565+0000][6][gc,age       ] GC(7) - age   3:    1492856 bytes,    5061192 total
[2020-08-13T14:11:51.565+0000][6][gc,age       ] GC(7) - age   4:    2625520 bytes,    7686712 total
[2020-08-13T14:11:51.565+0000][6][gc,age       ] GC(7) - age   5:    2936272 bytes,   10622984 total
[2020-08-13T14:11:51.565+0000][6][gc,phases    ] GC(7)   Pre Evacuate Collection Set: 0.0ms
[2020-08-13T14:11:51.565+0000][6][gc,phases    ] GC(7)   Merge Heap Roots: 0.1ms
[2020-08-13T14:11:51.565+0000][6][gc,phases    ] GC(7)   Evacuate Collection Set: 16.2ms
[2020-08-13T14:11:51.565+0000][6][gc,phases    ] GC(7)   Post Evacuate Collection Set: 4.3ms
[2020-08-13T14:11:51.565+0000][6][gc,phases    ] GC(7)   Other: 0.3ms
[2020-08-13T14:11:51.565+0000][6][gc,heap      ] GC(7) Eden regions: 143->0(142)
[2020-08-13T14:11:51.565+0000][6][gc,heap      ] GC(7) Survivor regions: 10->11(20)
[2020-08-13T14:11:51.565+0000][6][gc,heap      ] GC(7) Old regions: 4->4
[2020-08-13T14:11:51.565+0000][6][gc,heap      ] GC(7) Archive regions: 2->2
[2020-08-13T14:11:51.565+0000][6][gc,heap      ] GC(7) Humongous regions: 1->1
[2020-08-13T14:11:51.565+0000][6][gc,metaspace ] GC(7) Metaspace: 18320K(19584K)->18320K(19584K) NonClass: 16016K(16896K)->16016K(16896K) Class: 2303K(2688K)->2303K(2688K)
[2020-08-13T14:11:51.565+0000][6][gc           ] GC(7) Pause Young (Normal) (G1 Evacuation Pause) 157M->16M(256M) 21.066ms
[2020-08-13T14:11:51.565+0000][6][gc,cpu       ] GC(7) User=0.02s Sys=0.00s Real=0.02s
[2020-08-13T14:11:51.565+0000][6][safepoint    ] Safepoint "G1CollectForAllocation", Time since last: 820506964 ns, Reaching safepoint: 2834034 ns, At safepoint: 21152601 ns, Total: 23986635 ns
[2020-08-13T14:11:51.742+0000][6][safepoint    ] Safepoint "BulkRevokeBias", Time since last: 165736765 ns, Reaching safepoint: 11096850 ns, At safepoint: 109295 ns, Total: 11206145 ns
[2020-08-13T14:11:51.748+0000][6][safepoint    ] Safepoint "BulkRevokeBias", Time since last: 5865247 ns, Reaching safepoint: 43542 ns, At safepoint: 55885 ns, Total: 99427 ns
[2020-08-13T14:11:52.404+0000][6][gc,start     ] GC(8) Pause Young (Normal) (G1 Evacuation Pause)
[2020-08-13T14:11:52.404+0000][6][gc,task      ] GC(8) Using 2 workers of 2 for evacuation
[2020-08-13T14:11:52.404+0000][6][gc,age       ] GC(8) Desired survivor size 10485760 bytes, new threshold 5 (max threshold 15)
[2020-08-13T14:11:52.455+0000][6][gc,age       ] GC(8) Age table with threshold 5 (max threshold 15)
[2020-08-13T14:11:52.455+0000][6][gc,age       ] GC(8) - age   1:    1401680 bytes,    1401680 total
[2020-08-13T14:11:52.455+0000][6][gc,age       ] GC(8) - age   2:    1201312 bytes,    2602992 total
[2020-08-13T14:11:52.455+0000][6][gc,age       ] GC(8) - age   3:    2070136 bytes,    4673128 total
[2020-08-13T14:11:52.455+0000][6][gc,age       ] GC(8) - age   4:    1492520 bytes,    6165648 total
[2020-08-13T14:11:52.455+0000][6][gc,age       ] GC(8) - age   5:    2625232 bytes,    8790880 total
[2020-08-13T14:11:52.455+0000][6][gc,phases    ] GC(8)   Pre Evacuate Collection Set: 0.0ms
[2020-08-13T14:11:52.455+0000][6][gc,phases    ] GC(8)   Merge Heap Roots: 0.1ms
[2020-08-13T14:11:52.455+0000][6][gc,phases    ] GC(8)   Evacuate Collection Set: 41.8ms
[2020-08-13T14:11:52.455+0000][6][gc,phases    ] GC(8)   Post Evacuate Collection Set: 9.0ms
[2020-08-13T14:11:52.455+0000][6][gc,phases    ] GC(8)   Other: 0.3ms
[2020-08-13T14:11:52.455+0000][6][gc,heap      ] GC(8) Eden regions: 142->0(144)
[2020-08-13T14:11:52.455+0000][6][gc,heap      ] GC(8) Survivor regions: 11->9(20)
[2020-08-13T14:11:52.455+0000][6][gc,heap      ] GC(8) Old regions: 4->7
[2020-08-13T14:11:52.455+0000][6][gc,heap      ] GC(8) Archive regions: 2->2
[2020-08-13T14:11:52.455+0000][6][gc,heap      ] GC(8) Humongous regions: 1->1
[2020-08-13T14:11:52.455+0000][6][gc,metaspace ] GC(8) Metaspace: 19402K(20992K)->19402K(20992K) NonClass: 17002K(18176K)->17002K(18176K) Class: 2400K(2816K)->2400K(2816K)
[2020-08-13T14:11:52.455+0000][6][gc           ] GC(8) Pause Young (Normal) (G1 Evacuation Pause) 158M->16M(256M) 51.299ms
[2020-08-13T14:11:52.455+0000][6][gc,cpu       ] GC(8) User=0.02s Sys=0.00s Real=0.05s
[2020-08-13T14:11:52.455+0000][6][safepoint    ] Safepoint "G1CollectForAllocation", Time since last: 654838075 ns, Reaching safepoint: 942514 ns, At safepoint: 51396869 ns, Total: 52339383 ns
[2020-08-13T14:11:53.329+0000][6][gc,start     ] GC(9) Pause Young (Normal) (G1 Evacuation Pause)
[2020-08-13T14:11:53.329+0000][6][gc,task      ] GC(9) Using 2 workers of 2 for evacuation
[2020-08-13T14:11:53.329+0000][6][gc,age       ] GC(9) Desired survivor size 10485760 bytes, new threshold 15 (max threshold 15)
[2020-08-13T14:11:53.391+0000][6][gc,age       ] GC(9) Age table with threshold 15 (max threshold 15)
[2020-08-13T14:11:53.391+0000][6][gc,age       ] GC(9) - age   1:    2305096 bytes,    2305096 total
[2020-08-13T14:11:53.391+0000][6][gc,age       ] GC(9) - age   2:     997880 bytes,    3302976 total
[2020-08-13T14:11:53.391+0000][6][gc,age       ] GC(9) - age   3:    1200992 bytes,    4503968 total
[2020-08-13T14:11:53.391+0000][6][gc,age       ] GC(9) - age   4:    2070136 bytes,    6574104 total
[2020-08-13T14:11:53.391+0000][6][gc,age       ] GC(9) - age   5:    1491480 bytes,    8065584 total
[2020-08-13T14:11:53.391+0000][6][gc,age       ] GC(9) - age   6:    2625232 bytes,   10690816 total
[2020-08-13T14:11:53.391+0000][6][gc,phases    ] GC(9)   Pre Evacuate Collection Set: 0.0ms
[2020-08-13T14:11:53.391+0000][6][gc,phases    ] GC(9)   Merge Heap Roots: 0.0ms
[2020-08-13T14:11:53.391+0000][6][gc,phases    ] GC(9)   Evacuate Collection Set: 57.1ms
[2020-08-13T14:11:53.391+0000][6][gc,phases    ] GC(9)   Post Evacuate Collection Set: 4.9ms
[2020-08-13T14:11:53.391+0000][6][gc,phases    ] GC(9)   Other: 0.3ms
[2020-08-13T14:11:53.391+0000][6][gc,heap      ] GC(9) Eden regions: 144->0(142)
[2020-08-13T14:11:53.391+0000][6][gc,heap      ] GC(9) Survivor regions: 9->11(20)
[2020-08-13T14:11:53.391+0000][6][gc,heap      ] GC(9) Old regions: 7->7
[2020-08-13T14:11:53.391+0000][6][gc,heap      ] GC(9) Archive regions: 2->2
[2020-08-13T14:11:53.391+0000][6][gc,heap      ] GC(9) Humongous regions: 1->1
[2020-08-13T14:11:53.391+0000][6][gc,metaspace ] GC(9) Metaspace: 19604K(21248K)->19604K(21248K) NonClass: 17173K(18432K)->17173K(18432K) Class: 2431K(2816K)->2431K(2816K)
[2020-08-13T14:11:53.391+0000][6][gc           ] GC(9) Pause Young (Normal) (G1 Evacuation Pause) 160M->18M(256M) 62.361ms
[2020-08-13T14:11:53.391+0000][6][gc,cpu       ] GC(9) User=0.04s Sys=0.00s Real=0.06s
[2020-08-13T14:11:53.391+0000][6][safepoint    ] Safepoint "G1CollectForAllocation", Time since last: 873674626 ns, Reaching safepoint: 89558 ns, At safepoint: 62438074 ns, Total: 62527632 ns
[2020-08-13T14:11:54.332+0000][6][gc,start     ] GC(10) Pause Young (Normal) (G1 Evacuation Pause)
[2020-08-13T14:11:54.332+0000][6][gc,task      ] GC(10) Using 2 workers of 2 for evacuation
[2020-08-13T14:11:54.332+0000][6][gc,age       ] GC(10) Desired survivor size 10485760 bytes, new threshold 6 (max threshold 15)
[2020-08-13T14:11:54.377+0000][6][gc,age       ] GC(10) Age table with threshold 6 (max threshold 15)
[2020-08-13T14:11:54.377+0000][6][gc,age       ] GC(10) - age   1:     812360 bytes,     812360 total
[2020-08-13T14:11:54.377+0000][6][gc,age       ] GC(10) - age   2:    1383952 bytes,    2196312 total
[2020-08-13T14:11:54.377+0000][6][gc,age       ] GC(10) - age   3:     997616 bytes,    3193928 total
[2020-08-13T14:11:54.377+0000][6][gc,age       ] GC(10) - age   4:    1200944 bytes,    4394872 total
[2020-08-13T14:11:54.377+0000][6][gc,age       ] GC(10) - age   5:    2070136 bytes,    6465008 total
[2020-08-13T14:11:54.377+0000][6][gc,age       ] GC(10) - age   6:    1491480 bytes,    7956488 total
[2020-08-13T14:11:54.377+0000][6][gc,phases    ] GC(10)   Pre Evacuate Collection Set: 0.1ms
[2020-08-13T14:11:54.377+0000][6][gc,phases    ] GC(10)   Merge Heap Roots: 0.0ms
[2020-08-13T14:11:54.377+0000][6][gc,phases    ] GC(10)   Evacuate Collection Set: 44.1ms
[2020-08-13T14:11:54.377+0000][6][gc,phases    ] GC(10)   Post Evacuate Collection Set: 0.9ms
[2020-08-13T14:11:54.377+0000][6][gc,phases    ] GC(10)   Other: 0.3ms
[2020-08-13T14:11:54.377+0000][6][gc,heap      ] GC(10) Eden regions: 142->0(145)
[2020-08-13T14:11:54.377+0000][6][gc,heap      ] GC(10) Survivor regions: 11->8(20)
[2020-08-13T14:11:54.377+0000][6][gc,heap      ] GC(10) Old regions: 7->9
[2020-08-13T14:11:54.377+0000][6][gc,heap      ] GC(10) Archive regions: 2->2
[2020-08-13T14:11:54.377+0000][6][gc,heap      ] GC(10) Humongous regions: 1->1
[2020-08-13T14:11:54.377+0000][6][gc,metaspace ] GC(10) Metaspace: 19795K(21296K)->19795K(21296K) NonClass: 17327K(18432K)->17327K(18432K) Class: 2467K(2864K)->2467K(2864K)
[2020-08-13T14:11:54.377+0000][6][gc           ] GC(10) Pause Young (Normal) (G1 Evacuation Pause) 160M->18M(256M) 45.495ms
[2020-08-13T14:11:54.377+0000][6][gc,cpu       ] GC(10) User=0.01s Sys=0.00s Real=0.05s
[2020-08-13T14:11:54.377+0000][6][safepoint    ] Safepoint "G1CollectForAllocation", Time since last: 939200760 ns, Reaching safepoint: 1334908 ns, At safepoint: 45579821 ns, Total: 46914729 ns
[2020-08-13T14:11:54.437+0000][6][gc,start     ] GC(11) Pause Young (Concurrent Start) (Metadata GC Threshold)
[2020-08-13T14:11:54.437+0000][6][gc,task      ] GC(11) Using 2 workers of 2 for evacuation
[2020-08-13T14:11:54.437+0000][6][gc,age       ] GC(11) Desired survivor size 10485760 bytes, new threshold 15 (max threshold 15)
[2020-08-13T14:11:54.476+0000][6][gc,age       ] GC(11) Age table with threshold 15 (max threshold 15)
[2020-08-13T14:11:54.476+0000][6][gc,age       ] GC(11) - age   1:      69352 bytes,      69352 total
[2020-08-13T14:11:54.476+0000][6][gc,age       ] GC(11) - age   2:     422872 bytes,     492224 total
[2020-08-13T14:11:54.476+0000][6][gc,age       ] GC(11) - age   3:    1383952 bytes,    1876176 total
[2020-08-13T14:11:54.476+0000][6][gc,age       ] GC(11) - age   4:     997616 bytes,    2873792 total
[2020-08-13T14:11:54.476+0000][6][gc,age       ] GC(11) - age   5:    1200944 bytes,    4074736 total
[2020-08-13T14:11:54.476+0000][6][gc,age       ] GC(11) - age   6:    2070136 bytes,    6144872 total
[2020-08-13T14:11:54.476+0000][6][gc,age       ] GC(11) - age   7:    1491480 bytes,    7636352 total
[2020-08-13T14:11:54.476+0000][6][gc,phases    ] GC(11)   Pre Evacuate Collection Set: 0.2ms
[2020-08-13T14:11:54.476+0000][6][gc,phases    ] GC(11)   Merge Heap Roots: 0.0ms
[2020-08-13T14:11:54.476+0000][6][gc,phases    ] GC(11)   Evacuate Collection Set: 37.9ms
[2020-08-13T14:11:54.476+0000][6][gc,phases    ] GC(11)   Post Evacuate Collection Set: 0.7ms
[2020-08-13T14:11:54.476+0000][6][gc,phases    ] GC(11)   Other: 0.3ms
[2020-08-13T14:11:54.476+0000][6][gc,heap      ] GC(11) Eden regions: 11->0(145)
[2020-08-13T14:11:54.476+0000][6][gc,heap      ] GC(11) Survivor regions: 8->8(20)
[2020-08-13T14:11:54.476+0000][6][gc,heap      ] GC(11) Old regions: 9->9
[2020-08-13T14:11:54.476+0000][6][gc,heap      ] GC(11) Archive regions: 2->2
[2020-08-13T14:11:54.476+0000][6][gc,heap      ] GC(11) Humongous regions: 1->1
[2020-08-13T14:11:54.476+0000][6][gc,metaspace ] GC(11) Metaspace: 19796K(21296K)->19796K(21296K) NonClass: 17328K(18432K)->17328K(18432K) Class: 2467K(2864K)->2467K(2864K)
[2020-08-13T14:11:54.476+0000][6][gc           ] GC(11) Pause Young (Concurrent Start) (Metadata GC Threshold) 29M->18M(256M) 39.287ms
[2020-08-13T14:11:54.476+0000][6][gc,cpu       ] GC(11) User=0.01s Sys=0.00s Real=0.04s
[2020-08-13T14:11:54.476+0000][6][safepoint    ] Safepoint "CollectForMetadataAllocation", Time since last: 59353651 ns, Reaching safepoint: 57638 ns, At safepoint: 39482538 ns, Total: 39540176 ns
[2020-08-13T14:11:54.476+0000][6][gc           ] GC(12) Concurrent Cycle
[2020-08-13T14:11:54.476+0000][6][gc,marking   ] GC(12) Concurrent Clear Claimed Marks
[2020-08-13T14:11:54.477+0000][6][gc,marking   ] GC(12) Concurrent Clear Claimed Marks 0.123ms
[2020-08-13T14:11:54.477+0000][6][gc,marking   ] GC(12) Concurrent Scan Root Regions
[2020-08-13T14:11:54.483+0000][6][gc,marking   ] GC(12) Concurrent Scan Root Regions 6.070ms
[2020-08-13T14:11:54.483+0000][6][gc,marking   ] GC(12) Concurrent Mark (14.785s)
[2020-08-13T14:11:54.483+0000][6][gc,marking   ] GC(12) Concurrent Mark From Roots
[2020-08-13T14:11:54.483+0000][6][gc,task      ] GC(12) Using 1 workers of 1 for marking
[2020-08-13T14:11:54.603+0000][6][gc,marking   ] GC(12) Concurrent Mark From Roots 119.865ms
[2020-08-13T14:11:54.603+0000][6][gc,marking   ] GC(12) Concurrent Preclean
[2020-08-13T14:11:54.603+0000][6][gc,marking   ] GC(12) Concurrent Preclean 0.090ms
[2020-08-13T14:11:54.603+0000][6][gc,marking   ] GC(12) Concurrent Mark (14.785s, 14.905s) 120.039ms
[2020-08-13T14:11:54.603+0000][6][gc,start     ] GC(12) Pause Remark
[2020-08-13T14:11:54.631+0000][6][gc           ] GC(12) Pause Remark 27M->27M(256M) 27.706ms
[2020-08-13T14:11:54.631+0000][6][gc,cpu       ] GC(12) User=0.01s Sys=0.00s Real=0.03s
[2020-08-13T14:11:54.631+0000][6][safepoint    ] Safepoint "G1Concurrent", Time since last: 126647694 ns, Reaching safepoint: 67416 ns, At safepoint: 27807978 ns, Total: 27875394 ns
[2020-08-13T14:11:54.631+0000][6][gc,marking   ] GC(12) Concurrent Rebuild Remembered Sets
[2020-08-13T14:11:54.656+0000][6][gc,marking   ] GC(12) Concurrent Rebuild Remembered Sets 24.883ms
[2020-08-13T14:11:54.672+0000][6][gc,start     ] GC(12) Pause Cleanup
[2020-08-13T14:11:54.673+0000][6][gc           ] GC(12) Pause Cleanup 42M->42M(256M) 0.162ms
[2020-08-13T14:11:54.673+0000][6][gc,cpu       ] GC(12) User=0.00s Sys=0.00s Real=0.00s
[2020-08-13T14:11:54.673+0000][6][safepoint    ] Safepoint "G1Concurrent", Time since last: 25009759 ns, Reaching safepoint: 16674410 ns, At safepoint: 244477 ns, Total: 16918887 ns
[2020-08-13T14:11:54.673+0000][6][gc,marking   ] GC(12) Concurrent Cleanup for Next Mark
[2020-08-13T14:11:54.678+0000][6][gc,marking   ] GC(12) Concurrent Cleanup for Next Mark 5.603ms
[2020-08-13T14:11:54.678+0000][6][gc           ] GC(12) Concurrent Cycle 201.876ms
[2020-08-13T14:11:55.526+0000][6][gc,start     ] GC(13) Pause Young (Normal) (G1 Evacuation Pause)
[2020-08-13T14:11:55.526+0000][6][gc,task      ] GC(13) Using 2 workers of 2 for evacuation
[2020-08-13T14:11:55.526+0000][6][gc,age       ] GC(13) Desired survivor size 10485760 bytes, new threshold 15 (max threshold 15)
[2020-08-13T14:11:55.590+0000][6][gc,age       ] GC(13) Age table with threshold 15 (max threshold 15)
[2020-08-13T14:11:55.590+0000][6][gc,age       ] GC(13) - age   1:    1702648 bytes,    1702648 total
[2020-08-13T14:11:55.590+0000][6][gc,age       ] GC(13) - age   2:      36600 bytes,    1739248 total
[2020-08-13T14:11:55.590+0000][6][gc,age       ] GC(13) - age   3:     422504 bytes,    2161752 total
[2020-08-13T14:11:55.590+0000][6][gc,age       ] GC(13) - age   4:    1383952 bytes,    3545704 total
[2020-08-13T14:11:55.590+0000][6][gc,age       ] GC(13) - age   5:     997520 bytes,    4543224 total
[2020-08-13T14:11:55.590+0000][6][gc,age       ] GC(13) - age   6:    1200944 bytes,    5744168 total
[2020-08-13T14:11:55.590+0000][6][gc,age       ] GC(13) - age   7:    2070136 bytes,    7814304 total
[2020-08-13T14:11:55.590+0000][6][gc,age       ] GC(13) - age   8:    1491480 bytes,    9305784 total
[2020-08-13T14:11:55.590+0000][6][gc,phases    ] GC(13)   Pre Evacuate Collection Set: 0.1ms
[2020-08-13T14:11:55.590+0000][6][gc,phases    ] GC(13)   Merge Heap Roots: 0.1ms
[2020-08-13T14:11:55.590+0000][6][gc,phases    ] GC(13)   Evacuate Collection Set: 62.2ms
[2020-08-13T14:11:55.590+0000][6][gc,phases    ] GC(13)   Post Evacuate Collection Set: 0.9ms
[2020-08-13T14:11:55.590+0000][6][gc,phases    ] GC(13)   Other: 0.3ms
[2020-08-13T14:11:55.590+0000][6][gc,heap      ] GC(13) Eden regions: 145->0(143)
[2020-08-13T14:11:55.590+0000][6][gc,heap      ] GC(13) Survivor regions: 8->10(20)
[2020-08-13T14:11:55.590+0000][6][gc,heap      ] GC(13) Old regions: 9->9
[2020-08-13T14:11:55.590+0000][6][gc,heap      ] GC(13) Archive regions: 2->2
[2020-08-13T14:11:55.590+0000][6][gc,heap      ] GC(13) Humongous regions: 1->1
[2020-08-13T14:11:55.590+0000][6][gc,metaspace ] GC(13) Metaspace: 20003K(21552K)->20003K(21552K) NonClass: 17491K(18688K)->17491K(18688K) Class: 2511K(2864K)->2511K(2864K)
[2020-08-13T14:11:55.590+0000][6][gc           ] GC(13) Pause Young (Normal) (G1 Evacuation Pause) 163M->20M(256M) 63.679ms
[2020-08-13T14:11:55.590+0000][6][gc,cpu       ] GC(13) User=0.03s Sys=0.00s Real=0.06s
[2020-08-13T14:11:55.590+0000][6][safepoint    ] Safepoint "G1CollectForAllocation", Time since last: 853422111 ns, Reaching safepoint: 79319 ns, At safepoint: 63753224 ns, Total: 63832543 ns
[2020-08-13T14:11:57.512+0000][6][safepoint    ] Safepoint "Cleanup", Time since last: 1911779133 ns, Reaching safepoint: 10602435 ns, At safepoint: 7464 ns, Total: 10609899 ns
[2020-08-13T14:11:59.273+0000][6][safepoint    ] Safepoint "Cleanup", Time since last: 1747334695 ns, Reaching safepoint: 13711264 ns, At safepoint: 7113 ns, Total: 13718377 ns
[2020-08-13T14:12:00.304+0000][6][safepoint    ] Safepoint "Cleanup", Time since last: 1013726559 ns, Reaching safepoint: 16711899 ns, At safepoint: 6592 ns, Total: 16718491 ns
[2020-08-13T14:12:01.312+0000][6][safepoint    ] Safepoint "Cleanup", Time since last: 1005058836 ns, Reaching safepoint: 3253770 ns, At safepoint: 5099 ns, Total: 3258869 ns
[2020-08-13T14:12:01.471+0000][6][gc,start     ] GC(14) Pause Young (Normal) (G1 Evacuation Pause)
[2020-08-13T14:12:01.471+0000][6][gc,task      ] GC(14) Using 2 workers of 2 for evacuation
[2020-08-13T14:12:01.471+0000][6][gc,age       ] GC(14) Desired survivor size 10485760 bytes, new threshold 15 (max threshold 15)
[2020-08-13T14:12:01.598+0000][6][gc,age       ] GC(14) Age table with threshold 15 (max threshold 15)
[2020-08-13T14:12:01.598+0000][6][gc,age       ] GC(14) - age   1:   12484320 bytes,   12484320 total
[2020-08-13T14:12:01.598+0000][6][gc,age       ] GC(14) - age   2:     338040 bytes,   12822360 total
[2020-08-13T14:12:01.598+0000][6][gc,age       ] GC(14) - age   3:      36600 bytes,   12858960 total
[2020-08-13T14:12:01.598+0000][6][gc,age       ] GC(14) - age   4:     419552 bytes,   13278512 total
[2020-08-13T14:12:01.598+0000][6][gc,age       ] GC(14) - age   5:    1383456 bytes,   14661968 total
[2020-08-13T14:12:01.598+0000][6][gc,age       ] GC(14) - age   6:     993384 bytes,   15655352 total
[2020-08-13T14:12:01.598+0000][6][gc,age       ] GC(14) - age   7:    1194408 bytes,   16849760 total
[2020-08-13T14:12:01.598+0000][6][gc,age       ] GC(14) - age   8:    2059568 bytes,   18909328 total
[2020-08-13T14:12:01.598+0000][6][gc,age       ] GC(14) - age   9:    1489432 bytes,   20398760 total
[2020-08-13T14:12:01.598+0000][6][gc,phases    ] GC(14)   Pre Evacuate Collection Set: 0.1ms
[2020-08-13T14:12:01.598+0000][6][gc,phases    ] GC(14)   Merge Heap Roots: 0.1ms
[2020-08-13T14:12:01.598+0000][6][gc,phases    ] GC(14)   Evacuate Collection Set: 124.7ms
[2020-08-13T14:12:01.598+0000][6][gc,phases    ] GC(14)   Post Evacuate Collection Set: 2.3ms
[2020-08-13T14:12:01.598+0000][6][gc,phases    ] GC(14)   Other: 0.3ms
[2020-08-13T14:12:01.598+0000][6][gc,heap      ] GC(14) Eden regions: 143->0(133)
[2020-08-13T14:12:01.598+0000][6][gc,heap      ] GC(14) Survivor regions: 10->20(20)
[2020-08-13T14:12:01.598+0000][6][gc,heap      ] GC(14) Old regions: 9->10
[2020-08-13T14:12:01.598+0000][6][gc,heap      ] GC(14) Archive regions: 2->2
[2020-08-13T14:12:01.598+0000][6][gc,heap      ] GC(14) Humongous regions: 1->1
[2020-08-13T14:12:01.598+0000][6][gc,metaspace ] GC(14) Metaspace: 28092K(30768K)->28092K(30768K) NonClass: 24489K(26368K)->24489K(26368K) Class: 3603K(4400K)->3603K(4400K)
[2020-08-13T14:12:01.598+0000][6][gc           ] GC(14) Pause Young (Normal) (G1 Evacuation Pause) 163M->30M(256M) 127.586ms
[2020-08-13T14:12:01.598+0000][6][gc,cpu       ] GC(14) User=0.06s Sys=0.00s Real=0.13s
[2020-08-13T14:12:01.598+0000][6][safepoint    ] Safepoint "G1CollectForAllocation", Time since last: 158421654 ns, Reaching safepoint: 95609 ns, At safepoint: 127668855 ns, Total: 127764464 ns
[2020-08-13T14:12:02.704+0000][6][safepoint    ] Safepoint "Cleanup", Time since last: 1102378086 ns, Reaching safepoint: 3093560 ns, At safepoint: 6111 ns, Total: 3099671 ns
[2020-08-13T14:12:03.706+0000][6][safepoint    ] Safepoint "Cleanup", Time since last: 1001886147 ns, Reaching safepoint: 97884 ns, At safepoint: 2985 ns, Total: 100869 ns
[2020-08-13T14:12:04.712+0000][6][safepoint    ] Safepoint "Cleanup", Time since last: 1001869977 ns, Reaching safepoint: 4077982 ns, At safepoint: 3537 ns, Total: 4081519 ns
[2020-08-13T14:12:05.516+0000][6][gc,start     ] GC(15) Pause Young (Normal) (G1 Evacuation Pause)
[2020-08-13T14:12:05.516+0000][6][gc,task      ] GC(15) Using 2 workers of 2 for evacuation
[2020-08-13T14:12:05.516+0000][6][gc,age       ] GC(15) Desired survivor size 10485760 bytes, new threshold 1 (max threshold 15)
[2020-08-13T14:12:05.749+0000][6][gc,age       ] GC(15) Age table with threshold 1 (max threshold 15)
[2020-08-13T14:12:05.749+0000][6][gc,age       ] GC(15) - age   1:   15662768 bytes,   15662768 total
[2020-08-13T14:12:05.749+0000][6][gc,mmu       ] GC(15) MMU target violated: 201.0ms (200.0ms/201.0ms)
[2020-08-13T14:12:05.749+0000][6][gc,phases    ] GC(15)   Pre Evacuate Collection Set: 0.1ms
[2020-08-13T14:12:05.749+0000][6][gc,phases    ] GC(15)   Merge Heap Roots: 0.1ms
[2020-08-13T14:12:05.749+0000][6][gc,phases    ] GC(15)   Evacuate Collection Set: 220.2ms
[2020-08-13T14:12:05.749+0000][6][gc,phases    ] GC(15)   Post Evacuate Collection Set: 12.2ms
[2020-08-13T14:12:05.749+0000][6][gc,phases    ] GC(15)   Other: 0.3ms
[2020-08-13T14:12:05.749+0000][6][gc,heap      ] GC(15) Eden regions: 133->0(117)
[2020-08-13T14:12:05.749+0000][6][gc,heap      ] GC(15) Survivor regions: 20->16(20)
[2020-08-13T14:12:05.749+0000][6][gc,heap      ] GC(15) Old regions: 10->29
[2020-08-13T14:12:05.749+0000][6][gc,heap      ] GC(15) Archive regions: 2->2
[2020-08-13T14:12:05.749+0000][6][gc,heap      ] GC(15) Humongous regions: 1->1
[2020-08-13T14:12:05.749+0000][6][gc,metaspace ] GC(15) Metaspace: 29761K(32688K)->29761K(32688K) NonClass: 25907K(27904K)->25907K(27904K) Class: 3854K(4784K)->3854K(4784K)
[2020-08-13T14:12:05.749+0000][6][gc           ] GC(15) Pause Young (Normal) (G1 Evacuation Pause) 163M->45M(256M) 232.980ms
[2020-08-13T14:12:05.749+0000][6][gc,cpu       ] GC(15) User=0.15s Sys=0.00s Real=0.23s
[2020-08-13T14:12:05.749+0000][6][safepoint    ] Safepoint "G1CollectForAllocation", Time since last: 803951237 ns, Reaching safepoint: 155501 ns, At safepoint: 233067066 ns, Total: 233222567 ns
[2020-08-13T14:12:06.567+0000][6][gc,start     ] GC(16) Pause Young (Concurrent Start) (Metadata GC Threshold)
[2020-08-13T14:12:06.567+0000][6][gc,task      ] GC(16) Using 2 workers of 2 for evacuation
[2020-08-13T14:12:06.567+0000][6][gc,age       ] GC(16) Desired survivor size 8912896 bytes, new threshold 1 (max threshold 15)
[2020-08-13T14:12:06.655+0000][6][gc,age       ] GC(16) Age table with threshold 1 (max threshold 15)
[2020-08-13T14:12:06.655+0000][6][gc,age       ] GC(16) - age   1:    1047848 bytes,    1047848 total
[2020-08-13T14:12:06.655+0000][6][gc,phases    ] GC(16)   Pre Evacuate Collection Set: 0.4ms
[2020-08-13T14:12:06.655+0000][6][gc,phases    ] GC(16)   Merge Heap Roots: 0.1ms
[2020-08-13T14:12:06.655+0000][6][gc,phases    ] GC(16)   Evacuate Collection Set: 84.6ms
[2020-08-13T14:12:06.655+0000][6][gc,phases    ] GC(16)   Post Evacuate Collection Set: 2.7ms
[2020-08-13T14:12:06.655+0000][6][gc,phases    ] GC(16)   Other: 0.3ms
[2020-08-13T14:12:06.655+0000][6][gc,heap      ] GC(16) Eden regions: 29->0(120)
[2020-08-13T14:12:06.655+0000][6][gc,heap      ] GC(16) Survivor regions: 16->2(17)
[2020-08-13T14:12:06.655+0000][6][gc,heap      ] GC(16) Old regions: 29->44
[2020-08-13T14:12:06.655+0000][6][gc,heap      ] GC(16) Archive regions: 2->2
[2020-08-13T14:12:06.655+0000][6][gc,heap      ] GC(16) Humongous regions: 1->1
[2020-08-13T14:12:06.655+0000][6][gc,metaspace ] GC(16) Metaspace: 32784K(35920K)->32784K(35920K) NonClass: 28460K(30624K)->28460K(30624K) Class: 4323K(5296K)->4323K(5296K)
[2020-08-13T14:12:06.655+0000][6][gc           ] GC(16) Pause Young (Concurrent Start) (Metadata GC Threshold) 74M->47M(256M) 88.165ms
[2020-08-13T14:12:06.655+0000][6][gc,cpu       ] GC(16) User=0.03s Sys=0.00s Real=0.08s
[2020-08-13T14:12:06.655+0000][6][safepoint    ] Safepoint "CollectForMetadataAllocation", Time since last: 817745045 ns, Reaching safepoint: 117349 ns, At safepoint: 88374178 ns, Total: 88491527 ns
[2020-08-13T14:12:06.656+0000][6][gc           ] GC(17) Concurrent Cycle
[2020-08-13T14:12:06.656+0000][6][gc,marking   ] GC(17) Concurrent Clear Claimed Marks
[2020-08-13T14:12:06.656+0000][6][gc,marking   ] GC(17) Concurrent Clear Claimed Marks 0.310ms
[2020-08-13T14:12:06.656+0000][6][gc,marking   ] GC(17) Concurrent Scan Root Regions
[2020-08-13T14:12:06.768+0000][6][gc,marking   ] GC(17) Concurrent Scan Root Regions 111.677ms
[2020-08-13T14:12:06.768+0000][6][gc,marking   ] GC(17) Concurrent Mark (27.070s)
[2020-08-13T14:12:06.768+0000][6][gc,marking   ] GC(17) Concurrent Mark From Roots
[2020-08-13T14:12:06.768+0000][6][gc,task      ] GC(17) Using 1 workers of 1 for marking
[2020-08-13T14:12:06.787+0000][6][safepoint    ] Safepoint "CollectForMetadataAllocation", Time since last: 124978690 ns, Reaching safepoint: 6620812 ns, At safepoint: 122599 ns, Total: 6743411 ns
[2020-08-13T14:12:06.863+0000][6][safepoint    ] Safepoint "CollectForMetadataAllocation", Time since last: 68791185 ns, Reaching safepoint: 7388900 ns, At safepoint: 158286 ns, Total: 7547186 ns
[2020-08-13T14:12:06.918+0000][6][gc,marking   ] GC(17) Concurrent Mark From Roots 150.360ms
[2020-08-13T14:12:06.918+0000][6][gc,marking   ] GC(17) Concurrent Preclean
[2020-08-13T14:12:06.918+0000][6][gc,marking   ] GC(17) Concurrent Preclean 0.173ms
[2020-08-13T14:12:06.918+0000][6][gc,marking   ] GC(17) Concurrent Mark (27.070s, 27.221s) 150.613ms
[2020-08-13T14:12:06.922+0000][6][gc,start     ] GC(17) Pause Remark
[2020-08-13T14:12:06.942+0000][6][gc           ] GC(17) Pause Remark 52M->52M(256M) 19.573ms
[2020-08-13T14:12:06.942+0000][6][gc,cpu       ] GC(17) User=0.00s Sys=0.00s Real=0.02s
[2020-08-13T14:12:06.942+0000][6][safepoint    ] Safepoint "G1Concurrent", Time since last: 55191020 ns, Reaching safepoint: 3757573 ns, At safepoint: 19685174 ns, Total: 23442747 ns
[2020-08-13T14:12:06.942+0000][6][gc,marking   ] GC(17) Concurrent Rebuild Remembered Sets
[2020-08-13T14:12:07.251+0000][6][gc,marking   ] GC(17) Concurrent Rebuild Remembered Sets 308.833ms
[2020-08-13T14:12:07.261+0000][6][gc,start     ] GC(17) Pause Cleanup
[2020-08-13T14:12:07.261+0000][6][gc           ] GC(17) Pause Cleanup 93M->93M(256M) 0.187ms
[2020-08-13T14:12:07.261+0000][6][gc,cpu       ] GC(17) User=0.00s Sys=0.00s Real=0.00s
[2020-08-13T14:12:07.261+0000][6][safepoint    ] Safepoint "G1Concurrent", Time since last: 308976995 ns, Reaching safepoint: 9770026 ns, At safepoint: 229911 ns, Total: 9999937 ns
[2020-08-13T14:12:07.261+0000][6][gc,marking   ] GC(17) Concurrent Cleanup for Next Mark
[2020-08-13T14:12:07.269+0000][6][gc,marking   ] GC(17) Concurrent Cleanup for Next Mark 8.206ms
[2020-08-13T14:12:07.269+0000][6][gc           ] GC(17) Concurrent Cycle 613.448ms
[2020-08-13T14:12:08.008+0000][6][gc,start     ] GC(18) Pause Young (Concurrent Start) (G1 Evacuation Pause)
[2020-08-13T14:12:08.008+0000][6][gc,task      ] GC(18) Using 2 workers of 2 for evacuation
[2020-08-13T14:12:08.008+0000][6][gc,age       ] GC(18) Desired survivor size 8388608 bytes, new threshold 15 (max threshold 15)
[2020-08-13T14:12:08.034+0000][6][gc,age       ] GC(18) Age table with threshold 15 (max threshold 15)
[2020-08-13T14:12:08.034+0000][6][gc,age       ] GC(18) - age   1:    1979424 bytes,    1979424 total
[2020-08-13T14:12:08.034+0000][6][gc,age       ] GC(18) - age   2:     993680 bytes,    2973104 total
[2020-08-13T14:12:08.034+0000][6][gc,phases    ] GC(18)   Pre Evacuate Collection Set: 0.4ms
[2020-08-13T14:12:08.034+0000][6][gc,phases    ] GC(18)   Merge Heap Roots: 0.1ms
[2020-08-13T14:12:08.034+0000][6][gc,phases    ] GC(18)   Evacuate Collection Set: 14.6ms
[2020-08-13T14:12:08.034+0000][6][gc,phases    ] GC(18)   Post Evacuate Collection Set: 10.9ms
[2020-08-13T14:12:08.034+0000][6][gc,phases    ] GC(18)   Other: 0.3ms
[2020-08-13T14:12:08.034+0000][6][gc,heap      ] GC(18) Eden regions: 120->0(122)
[2020-08-13T14:12:08.034+0000][6][gc,heap      ] GC(18) Survivor regions: 2->4(16)
[2020-08-13T14:12:08.034+0000][6][gc,heap      ] GC(18) Old regions: 44->44
[2020-08-13T14:12:08.034+0000][6][gc,heap      ] GC(18) Archive regions: 2->2
[2020-08-13T14:12:08.034+0000][6][gc,heap      ] GC(18) Humongous regions: 1->1
[2020-08-13T14:12:08.034+0000][6][gc,metaspace ] GC(18) Metaspace: 34257K(37608K)->34257K(37608K) NonClass: 29762K(32160K)->29762K(32160K) Class: 4494K(5448K)->4494K(5448K)
[2020-08-13T14:12:08.034+0000][6][gc           ] GC(18) Pause Young (Concurrent Start) (G1 Evacuation Pause) 167M->49M(256M) 26.394ms
[2020-08-13T14:12:08.034+0000][6][gc,cpu       ] GC(18) User=0.02s Sys=0.00s Real=0.02s
[2020-08-13T14:12:08.034+0000][6][safepoint    ] Safepoint "G1CollectForAllocation", Time since last: 746580968 ns, Reaching safepoint: 172593 ns, At safepoint: 26477818 ns, Total: 26650411 ns
[2020-08-13T14:12:08.034+0000][6][gc           ] GC(19) Concurrent Cycle
[2020-08-13T14:12:08.034+0000][6][gc,marking   ] GC(19) Concurrent Clear Claimed Marks
[2020-08-13T14:12:08.034+0000][6][gc,marking   ] GC(19) Concurrent Clear Claimed Marks 0.329ms
[2020-08-13T14:12:08.034+0000][6][gc,marking   ] GC(19) Concurrent Scan Root Regions
[2020-08-13T14:12:08.056+0000][6][gc,marking   ] GC(19) Concurrent Scan Root Regions 21.221ms
[2020-08-13T14:12:08.056+0000][6][gc,marking   ] GC(19) Concurrent Mark (28.358s)
[2020-08-13T14:12:08.056+0000][6][gc,marking   ] GC(19) Concurrent Mark From Roots
[2020-08-13T14:12:08.056+0000][6][gc,task      ] GC(19) Using 1 workers of 1 for marking
[2020-08-13T14:12:08.652+0000][6][gc,marking   ] GC(19) Concurrent Mark From Roots 595.952ms
[2020-08-13T14:12:08.652+0000][6][gc,marking   ] GC(19) Concurrent Preclean
[2020-08-13T14:12:08.652+0000][6][gc,marking   ] GC(19) Concurrent Preclean 0.188ms
[2020-08-13T14:12:08.652+0000][6][gc,marking   ] GC(19) Concurrent Mark (28.358s, 28.954s) 596.226ms
[2020-08-13T14:12:08.656+0000][6][gc,start     ] GC(19) Pause Remark
[2020-08-13T14:12:08.702+0000][6][gc           ] GC(19) Pause Remark 58M->58M(256M) 45.958ms
[2020-08-13T14:12:08.702+0000][6][gc,cpu       ] GC(19) User=0.02s Sys=0.00s Real=0.04s
[2020-08-13T14:12:08.702+0000][6][safepoint    ] Safepoint "G1Concurrent", Time since last: 617931779 ns, Reaching safepoint: 3906502 ns, At safepoint: 46069817 ns, Total: 49976319 ns
[2020-08-13T14:12:08.702+0000][6][gc,marking   ] GC(19) Concurrent Rebuild Remembered Sets
[2020-08-13T14:12:09.041+0000][6][gc,marking   ] GC(19) Concurrent Rebuild Remembered Sets 338.601ms
[2020-08-13T14:12:09.052+0000][6][gc,start     ] GC(19) Pause Cleanup
[2020-08-13T14:12:09.052+0000][6][gc           ] GC(19) Pause Cleanup 65M->65M(256M) 0.206ms
[2020-08-13T14:12:09.052+0000][6][gc,cpu       ] GC(19) User=0.00s Sys=0.00s Real=0.00s
[2020-08-13T14:12:09.052+0000][6][safepoint    ] Safepoint "G1Concurrent", Time since last: 338748839 ns, Reaching safepoint: 11559495 ns, At safepoint: 255077 ns, Total: 11814572 ns
[2020-08-13T14:12:09.053+0000][6][gc,marking   ] GC(19) Concurrent Cleanup for Next Mark
[2020-08-13T14:12:09.071+0000][6][gc,marking   ] GC(19) Concurrent Cleanup for Next Mark 17.982ms
[2020-08-13T14:12:09.071+0000][6][gc           ] GC(19) Concurrent Cycle 1036.523ms
[2020-08-13T14:12:10.595+0000][6][safepoint    ] Safepoint "Cleanup", Time since last: 1542171778 ns, Reaching safepoint: 139721 ns, At safepoint: 2034 ns, Total: 141755 ns
[2020-08-13T14:12:11.613+0000][6][safepoint    ] Safepoint "Cleanup", Time since last: 1006850369 ns, Reaching safepoint: 11116186 ns, At safepoint: 5770 ns, Total: 11121956 ns
[2020-08-13T14:12:12.927+0000][6][safepoint    ] Safepoint "Cleanup", Time since last: 1313594756 ns, Reaching safepoint: 290894 ns, At safepoint: 2605 ns, Total: 293499 ns
[2020-08-13T14:12:13.370+0000][6][gc,start     ] GC(20) Pause Young (Normal) (G1 Evacuation Pause)
[2020-08-13T14:12:13.370+0000][6][gc,task      ] GC(20) Using 2 workers of 2 for evacuation
[2020-08-13T14:12:13.370+0000][6][gc,age       ] GC(20) Desired survivor size 8388608 bytes, new threshold 15 (max threshold 15)
[2020-08-13T14:12:13.416+0000][6][gc,age       ] GC(20) Age table with threshold 15 (max threshold 15)
[2020-08-13T14:12:13.416+0000][6][gc,age       ] GC(20) - age   1:    4809272 bytes,    4809272 total
[2020-08-13T14:12:13.416+0000][6][gc,age       ] GC(20) - age   2:    1968288 bytes,    6777560 total
[2020-08-13T14:12:13.416+0000][6][gc,age       ] GC(20) - age   3:     988640 bytes,    7766200 total
[2020-08-13T14:12:13.416+0000][6][gc,phases    ] GC(20)   Pre Evacuate Collection Set: 0.0ms
[2020-08-13T14:12:13.416+0000][6][gc,phases    ] GC(20)   Merge Heap Roots: 0.2ms
[2020-08-13T14:12:13.416+0000][6][gc,phases    ] GC(20)   Evacuate Collection Set: 26.5ms
[2020-08-13T14:12:13.416+0000][6][gc,phases    ] GC(20)   Post Evacuate Collection Set: 19.3ms
[2020-08-13T14:12:13.416+0000][6][gc,phases    ] GC(20)   Other: 0.3ms
[2020-08-13T14:12:13.416+0000][6][gc,heap      ] GC(20) Eden regions: 122->0(119)
[2020-08-13T14:12:13.416+0000][6][gc,heap      ] GC(20) Survivor regions: 4->8(16)
[2020-08-13T14:12:13.416+0000][6][gc,heap      ] GC(20) Old regions: 44->44
[2020-08-13T14:12:13.416+0000][6][gc,heap      ] GC(20) Archive regions: 2->2
[2020-08-13T14:12:13.416+0000][6][gc,heap      ] GC(20) Humongous regions: 1->1
[2020-08-13T14:12:13.416+0000][6][gc,metaspace ] GC(20) Metaspace: 49961K(55016K)->49961K(55016K) NonClass: 43073K(46240K)->43073K(46240K) Class: 6887K(8776K)->6887K(8776K)
[2020-08-13T14:12:13.416+0000][6][gc           ] GC(20) Pause Young (Normal) (G1 Evacuation Pause) 171M->53M(256M) 46.418ms
[2020-08-13T14:12:13.416+0000][6][gc,cpu       ] GC(20) User=0.03s Sys=0.00s Real=0.05s
[2020-08-13T14:12:13.416+0000][6][safepoint    ] Safepoint "G1CollectForAllocation", Time since last: 442968303 ns, Reaching safepoint: 133511 ns, At safepoint: 46502828 ns, Total: 46636339 ns
[2020-08-13T14:12:14.451+0000][6][safepoint    ] Safepoint "Cleanup", Time since last: 1023918584 ns, Reaching safepoint: 10584801 ns, At safepoint: 6823 ns, Total: 10591624 ns
[2020-08-13T14:12:15.862+0000][6][gc,start     ] GC(21) Pause Young (Concurrent Start) (Metadata GC Threshold)
[2020-08-13T14:12:15.862+0000][6][gc,task      ] GC(21) Using 2 workers of 2 for evacuation
[2020-08-13T14:12:15.862+0000][6][gc,age       ] GC(21) Desired survivor size 8388608 bytes, new threshold 15 (max threshold 15)
[2020-08-13T14:12:15.964+0000][6][gc,age       ] GC(21) Age table with threshold 15 (max threshold 15)
[2020-08-13T14:12:15.964+0000][6][gc,age       ] GC(21) - age   1:    2822432 bytes,    2822432 total
[2020-08-13T14:12:15.964+0000][6][gc,age       ] GC(21) - age   2:    4653880 bytes,    7476312 total
[2020-08-13T14:12:15.964+0000][6][gc,age       ] GC(21) - age   3:    1966792 bytes,    9443104 total
[2020-08-13T14:12:15.964+0000][6][gc,age       ] GC(21) - age   4:     986608 bytes,   10429712 total
[2020-08-13T14:12:15.964+0000][6][gc,phases    ] GC(21)   Pre Evacuate Collection Set: 0.2ms
[2020-08-13T14:12:15.964+0000][6][gc,phases    ] GC(21)   Merge Heap Roots: 0.1ms
[2020-08-13T14:12:15.964+0000][6][gc,phases    ] GC(21)   Evacuate Collection Set: 98.9ms
[2020-08-13T14:12:15.964+0000][6][gc,phases    ] GC(21)   Post Evacuate Collection Set: 2.2ms
[2020-08-13T14:12:15.964+0000][6][gc,phases    ] GC(21)   Other: 0.4ms
[2020-08-13T14:12:15.964+0000][6][gc,heap      ] GC(21) Eden regions: 114->0(118)
[2020-08-13T14:12:15.964+0000][6][gc,heap      ] GC(21) Survivor regions: 8->11(16)
[2020-08-13T14:12:15.964+0000][6][gc,heap      ] GC(21) Old regions: 44->44
[2020-08-13T14:12:15.964+0000][6][gc,heap      ] GC(21) Archive regions: 2->2
[2020-08-13T14:12:15.964+0000][6][gc,heap      ] GC(21) Humongous regions: 1->1
[2020-08-13T14:12:15.964+0000][6][gc,metaspace ] GC(21) Metaspace: 59363K(64488K)->59363K(64488K) NonClass: 51163K(54176K)->51163K(54176K) Class: 8199K(10312K)->8199K(10312K)
[2020-08-13T14:12:15.964+0000][6][gc           ] GC(21) Pause Young (Concurrent Start) (Metadata GC Threshold) 166M->56M(256M) 101.971ms
[2020-08-13T14:12:15.964+0000][6][gc,cpu       ] GC(21) User=0.04s Sys=0.00s Real=0.10s
[2020-08-13T14:12:15.964+0000][6][safepoint    ] Safepoint "CollectForMetadataAllocation", Time since last: 1408845584 ns, Reaching safepoint: 2266462 ns, At safepoint: 102158968 ns, Total: 104425430 ns
[2020-08-13T14:12:15.968+0000][6][gc           ] GC(22) Concurrent Cycle
[2020-08-13T14:12:15.968+0000][6][gc,marking   ] GC(22) Concurrent Clear Claimed Marks
[2020-08-13T14:12:15.968+0000][6][gc,marking   ] GC(22) Concurrent Clear Claimed Marks 0.793ms
[2020-08-13T14:12:15.968+0000][6][gc,marking   ] GC(22) Concurrent Scan Root Regions
[2020-08-13T14:12:15.994+0000][6][gc,marking   ] GC(22) Concurrent Scan Root Regions 25.751ms
[2020-08-13T14:12:15.994+0000][6][gc,marking   ] GC(22) Concurrent Mark (36.297s)
[2020-08-13T14:12:15.994+0000][6][gc,marking   ] GC(22) Concurrent Mark From Roots
[2020-08-13T14:12:15.994+0000][6][gc,task      ] GC(22) Using 1 workers of 1 for marking
[2020-08-13T14:12:16.104+0000][6][gc,marking   ] GC(22) Concurrent Mark From Roots 109.976ms
[2020-08-13T14:12:16.104+0000][6][gc,marking   ] GC(22) Concurrent Preclean
[2020-08-13T14:12:16.104+0000][6][gc,marking   ] GC(22) Concurrent Preclean 0.195ms
[2020-08-13T14:12:16.104+0000][6][gc,marking   ] GC(22) Concurrent Mark (36.297s, 36.407s) 110.258ms
[2020-08-13T14:12:16.105+0000][6][gc,start     ] GC(22) Pause Remark
[2020-08-13T14:12:16.113+0000][6][gc           ] GC(22) Pause Remark 59M->59M(256M) 7.314ms
[2020-08-13T14:12:16.114+0000][6][gc,cpu       ] GC(22) User=0.01s Sys=0.00s Real=0.01s
[2020-08-13T14:12:16.114+0000][6][safepoint    ] Safepoint "G1Concurrent", Time since last: 140462000 ns, Reaching safepoint: 713595 ns, At safepoint: 8586362 ns, Total: 9299957 ns
[2020-08-13T14:12:16.114+0000][6][gc,marking   ] GC(22) Concurrent Rebuild Remembered Sets
[2020-08-13T14:12:16.394+0000][6][gc,marking   ] GC(22) Concurrent Rebuild Remembered Sets 279.672ms
[2020-08-13T14:12:16.395+0000][6][gc,start     ] GC(22) Pause Cleanup
[2020-08-13T14:12:16.395+0000][6][gc           ] GC(22) Pause Cleanup 69M->69M(256M) 0.138ms
[2020-08-13T14:12:16.395+0000][6][gc,cpu       ] GC(22) User=0.01s Sys=0.00s Real=0.00s
[2020-08-13T14:12:16.395+0000][6][safepoint    ] Safepoint "G1Concurrent", Time since last: 279783544 ns, Reaching safepoint: 1701374 ns, At safepoint: 175289 ns, Total: 1876663 ns
[2020-08-13T14:12:16.395+0000][6][gc,marking   ] GC(22) Concurrent Cleanup for Next Mark
[2020-08-13T14:12:16.402+0000][6][gc,marking   ] GC(22) Concurrent Cleanup for Next Mark 6.299ms
[2020-08-13T14:12:16.402+0000][6][gc           ] GC(22) Concurrent Cycle 434.295ms
[2020-08-13T14:12:17.103+0000][6][safepoint    ] Safepoint "BulkRevokeBias", Time since last: 696511504 ns, Reaching safepoint: 10709424 ns, At safepoint: 160391 ns, Total: 10869815 ns
[2020-08-13T14:12:17.106+0000][6][safepoint    ] Safepoint "BulkRevokeBias", Time since last: 2611477 ns, Reaching safepoint: 47359 ns, At safepoint: 110677 ns, Total: 158036 ns
[2020-08-13T14:12:17.109+0000][6][safepoint    ] Safepoint "BulkRevokeBias", Time since last: 2710403 ns, Reaching safepoint: 30968 ns, At safepoint: 186650 ns, Total: 217618 ns
[2020-08-13T14:12:17.515+0000][6][safepoint    ] Safepoint "BulkRevokeBias", Time since last: 405479617 ns, Reaching safepoint: 494224 ns, At safepoint: 157616 ns, Total: 651840 ns
[2020-08-13T14:12:17.710+0000][6][safepoint    ] Safepoint "BulkRevokeBias", Time since last: 195416346 ns, Reaching safepoint: 107040 ns, At safepoint: 234439 ns, Total: 341479 ns
[2020-08-13T14:12:17.812+0000][6][safepoint    ] Safepoint "BulkRevokeBias", Time since last: 101298739 ns, Reaching safepoint: 96860 ns, At safepoint: 229219 ns, Total: 326079 ns
[2020-08-13T14:12:17.903+0000][6][safepoint    ] Safepoint "BulkRevokeBias", Time since last: 90068380 ns, Reaching safepoint: 110236 ns, At safepoint: 295603 ns, Total: 405839 ns
[2020-08-13T14:12:17.995+0000][6][safepoint    ] Safepoint "BulkRevokeBias", Time since last: 92114870 ns, Reaching safepoint: 356246 ns, At safepoint: 278571 ns, Total: 634817 ns
[2020-08-13T14:12:18.856+0000][6][safepoint    ] Safepoint "BulkRevokeBias", Time since last: 859679873 ns, Reaching safepoint: 330218 ns, At safepoint: 392846 ns, Total: 723064 ns
[2020-08-13T14:12:19.418+0000][6][safepoint    ] Safepoint "BulkRevokeBias", Time since last: 533062631 ns, Reaching safepoint: 29130082 ns, At safepoint: 418423 ns, Total: 29548505 ns
[2020-08-13T14:12:19.432+0000][6][safepoint    ] Safepoint "BulkRevokeBias", Time since last: 6034505 ns, Reaching safepoint: 7321904 ns, At safepoint: 423803 ns, Total: 7745707 ns
[2020-08-13T14:12:19.581+0000][6][gc,start     ] GC(23) Pause Young (Normal) (G1 Evacuation Pause)
[2020-08-13T14:12:19.581+0000][6][gc,task      ] GC(23) Using 2 workers of 2 for evacuation
[2020-08-13T14:12:19.581+0000][6][gc,age       ] GC(23) Desired survivor size 8912896 bytes, new threshold 3 (max threshold 15)
[2020-08-13T14:12:19.655+0000][6][gc,age       ] GC(23) Age table with threshold 3 (max threshold 15)
[2020-08-13T14:12:19.655+0000][6][gc,age       ] GC(23) - age   1:    6109424 bytes,    6109424 total
[2020-08-13T14:12:19.655+0000][6][gc,age       ] GC(23) - age   2:    2507120 bytes,    8616544 total
[2020-08-13T14:12:19.655+0000][6][gc,age       ] GC(23) - age   3:    4614384 bytes,   13230928 total
[2020-08-13T14:12:19.655+0000][6][gc,phases    ] GC(23)   Pre Evacuate Collection Set: 0.1ms
[2020-08-13T14:12:19.655+0000][6][gc,phases    ] GC(23)   Merge Heap Roots: 0.2ms
[2020-08-13T14:12:19.655+0000][6][gc,phases    ] GC(23)   Evacuate Collection Set: 60.2ms
[2020-08-13T14:12:19.655+0000][6][gc,phases    ] GC(23)   Post Evacuate Collection Set: 13.7ms
[2020-08-13T14:12:19.655+0000][6][gc,phases    ] GC(23)   Other: 0.3ms
[2020-08-13T14:12:19.655+0000][6][gc,heap      ] GC(23) Eden regions: 118->0(113)
[2020-08-13T14:12:19.655+0000][6][gc,heap      ] GC(23) Survivor regions: 11->13(17)
[2020-08-13T14:12:19.655+0000][6][gc,heap      ] GC(23) Old regions: 44->47
[2020-08-13T14:12:19.655+0000][6][gc,heap      ] GC(23) Archive regions: 2->2
[2020-08-13T14:12:19.655+0000][6][gc,heap      ] GC(23) Humongous regions: 1->1
[2020-08-13T14:12:19.655+0000][6][gc,metaspace ] GC(23) Metaspace: 71875K(77928K)->71875K(77928K) NonClass: 61954K(65440K)->61954K(65440K) Class: 9920K(12488K)->9920K(12488K)
[2020-08-13T14:12:19.655+0000][6][gc           ] GC(23) Pause Young (Normal) (G1 Evacuation Pause) 174M->61M(256M) 74.579ms
[2020-08-13T14:12:19.655+0000][6][gc,cpu       ] GC(23) User=0.08s Sys=0.00s Real=0.07s
[2020-08-13T14:12:19.655+0000][6][safepoint    ] Safepoint "G1CollectForAllocation", Time since last: 142500374 ns, Reaching safepoint: 5938887 ns, At safepoint: 74688773 ns, Total: 80627660 ns
[2020-08-13T14:12:20.706+0000][6][safepoint    ] Safepoint "Cleanup", Time since last: 1050560700 ns, Reaching safepoint: 257281 ns, At safepoint: 5430 ns, Total: 262711 ns
[2020-08-13T14:12:21.741+0000][6][safepoint    ] Safepoint "Cleanup", Time since last: 1035041453 ns, Reaching safepoint: 268954 ns, At safepoint: 2494 ns, Total: 271448 ns
[2020-08-13T14:12:22.184+0000][6][gc,start     ] GC(24) Pause Young (Normal) (G1 Evacuation Pause)
[2020-08-13T14:12:22.184+0000][6][gc,task      ] GC(24) Using 2 workers of 2 for evacuation
[2020-08-13T14:12:22.184+0000][6][gc,age       ] GC(24) Desired survivor size 8388608 bytes, new threshold 2 (max threshold 15)
[2020-08-13T14:12:22.356+0000][6][gc,age       ] GC(24) Age table with threshold 2 (max threshold 15)
[2020-08-13T14:12:22.356+0000][6][gc,age       ] GC(24) - age   1:   11217480 bytes,   11217480 total
[2020-08-13T14:12:22.356+0000][6][gc,age       ] GC(24) - age   2:    5550560 bytes,   16768040 total
[2020-08-13T14:12:22.356+0000][6][gc,phases    ] GC(24)   Pre Evacuate Collection Set: 0.1ms
[2020-08-13T14:12:22.356+0000][6][gc,phases    ] GC(24)   Merge Heap Roots: 0.1ms
[2020-08-13T14:12:22.356+0000][6][gc,phases    ] GC(24)   Evacuate Collection Set: 162.2ms
[2020-08-13T14:12:22.356+0000][6][gc,phases    ] GC(24)   Post Evacuate Collection Set: 9.9ms
[2020-08-13T14:12:22.356+0000][6][gc,phases    ] GC(24)   Other: 0.3ms
[2020-08-13T14:12:22.356+0000][6][gc,heap      ] GC(24) Eden regions: 113->0(72)
[2020-08-13T14:12:22.356+0000][6][gc,heap      ] GC(24) Survivor regions: 13->16(16)
[2020-08-13T14:12:22.356+0000][6][gc,heap      ] GC(24) Old regions: 47->71
[2020-08-13T14:12:22.356+0000][6][gc,heap      ] GC(24) Archive regions: 2->2
[2020-08-13T14:12:22.356+0000][6][gc,heap      ] GC(24) Humongous regions: 7->7
[2020-08-13T14:12:22.356+0000][6][gc,metaspace ] GC(24) Metaspace: 74747K(81000K)->74747K(81000K) NonClass: 64495K(68256K)->64495K(68256K) Class: 10251K(12744K)->10251K(12744K)
[2020-08-13T14:12:22.357+0000][6][gc           ] GC(24) Pause Young (Normal) (G1 Evacuation Pause) 180M->94M(256M) 172.655ms
[2020-08-13T14:12:22.357+0000][6][gc,cpu       ] GC(24) User=0.15s Sys=0.00s Real=0.18s
[2020-08-13T14:12:22.357+0000][6][safepoint    ] Safepoint "G1CollectForAllocation", Time since last: 442230183 ns, Reaching safepoint: 240980 ns, At safepoint: 172750734 ns, Total: 172991714 ns
[2020-08-13T14:12:23.338+0000][6][safepoint    ] Safepoint "BulkRevokeBias", Time since last: 972920824 ns, Reaching safepoint: 8661982 ns, At safepoint: 237174 ns, Total: 8899156 ns
[2020-08-13T14:12:23.388+0000][6][safepoint    ] Safepoint "BulkRevokeBias", Time since last: 49523652 ns, Reaching safepoint: 96751 ns, At safepoint: 86523 ns, Total: 183274 ns
[2020-08-13T14:12:23.442+0000][6][gc,heap,exit ] Heap
[2020-08-13T14:12:23.442+0000][6][gc,heap,exit ]  garbage-first heap   total 262144K, used 117395K [0x00000000f0000000, 0x0000000100000000)
[2020-08-13T14:12:23.442+0000][6][gc,heap,exit ]   region size 1024K, 38 young (38912K), 16 survivors (16384K)
[2020-08-13T14:12:23.442+0000][6][gc,heap,exit ]  Metaspace       used 75206K, capacity 81232K, committed 81384K, reserved 1118208K
[2020-08-13T14:12:23.442+0000][6][gc,heap,exit ]   class space    used 10315K, capacity 12794K, committed 12872K, reserved 1048576K
