[2020-08-13T14:09:22.629+0000][6][gc,heap] Heap region size: 1M
[2020-08-13T14:09:22.629+0000][6][gc,heap,coops] Heap address: 0x00000000f0000000, size: 256 MB, Compressed Oops mode: 32-bit
[2020-08-13T14:09:22.757+0000][6][gc           ] Using G1
[2020-08-13T14:09:22.758+0000][6][gc,cds       ] Mark closed archive regions in map: [0x00000000fff00000, 0x00000000fff7eff8]
[2020-08-13T14:09:22.758+0000][6][gc,cds       ] Mark open archive regions in map: [0x00000000ffe00000, 0x00000000ffe51ff8]
[2020-08-13T14:09:22.794+0000][6][gc           ] Periodic GC disabled
[2020-08-13T14:09:23.685+0000][6][gc,start     ] GC(0) Pause Young (Normal) (G1 Evacuation Pause)
[2020-08-13T14:09:23.686+0000][6][gc,task      ] GC(0) Using 2 workers of 2 for evacuation
[2020-08-13T14:09:23.686+0000][6][gc,age       ] GC(0) Desired survivor size 1048576 bytes, new threshold 15 (max threshold 15)
[2020-08-13T14:09:23.690+0000][6][gc,age       ] GC(0) Age table with threshold 15 (max threshold 15)
[2020-08-13T14:09:23.690+0000][6][gc,age       ] GC(0) - age   1:    2045088 bytes,    2045088 total
[2020-08-13T14:09:23.690+0000][6][gc,phases    ] GC(0)   Pre Evacuate Collection Set: 0.0ms
[2020-08-13T14:09:23.690+0000][6][gc,phases    ] GC(0)   Merge Heap Roots: 0.0ms
[2020-08-13T14:09:23.690+0000][6][gc,phases    ] GC(0)   Evacuate Collection Set: 3.8ms
[2020-08-13T14:09:23.690+0000][6][gc,phases    ] GC(0)   Post Evacuate Collection Set: 0.3ms
[2020-08-13T14:09:23.690+0000][6][gc,phases    ] GC(0)   Other: 0.3ms
[2020-08-13T14:09:23.690+0000][6][gc,heap      ] GC(0) Eden regions: 12->0(10)
[2020-08-13T14:09:23.690+0000][6][gc,heap      ] GC(0) Survivor regions: 0->2(2)
[2020-08-13T14:09:23.690+0000][6][gc,heap      ] GC(0) Old regions: 0->0
[2020-08-13T14:09:23.690+0000][6][gc,heap      ] GC(0) Archive regions: 2->2
[2020-08-13T14:09:23.690+0000][6][gc,heap      ] GC(0) Humongous regions: 1->1
[2020-08-13T14:09:23.690+0000][6][gc,metaspace ] GC(0) Metaspace: 2558K(5760K)->2558K(5760K) NonClass: 2282K(5120K)->2282K(5120K) Class: 276K(640K)->276K(640K)
[2020-08-13T14:09:23.690+0000][6][gc           ] GC(0) Pause Young (Normal) (G1 Evacuation Pause) 13M->3M(256M) 4.572ms
[2020-08-13T14:09:23.690+0000][6][gc,cpu       ] GC(0) User=0.00s Sys=0.00s Real=0.01s
[2020-08-13T14:09:23.690+0000][6][safepoint    ] Safepoint "G1CollectForAllocation", Time since last: 899291323 ns, Reaching safepoint: 148888 ns, At safepoint: 4640125 ns, Total: 4789013 ns
[2020-08-13T14:09:24.563+0000][6][gc,start     ] GC(1) Pause Young (Normal) (G1 Evacuation Pause)
[2020-08-13T14:09:24.563+0000][6][gc,task      ] GC(1) Using 2 workers of 2 for evacuation
[2020-08-13T14:09:24.563+0000][6][gc,age       ] GC(1) Desired survivor size 1048576 bytes, new threshold 1 (max threshold 15)
[2020-08-13T14:09:24.577+0000][6][gc,age       ] GC(1) Age table with threshold 1 (max threshold 15)
[2020-08-13T14:09:24.577+0000][6][gc,age       ] GC(1) - age   1:     584456 bytes,     584456 total
[2020-08-13T14:09:24.577+0000][6][gc,phases    ] GC(1)   Pre Evacuate Collection Set: 0.1ms
[2020-08-13T14:09:24.577+0000][6][gc,phases    ] GC(1)   Merge Heap Roots: 0.0ms
[2020-08-13T14:09:24.577+0000][6][gc,phases    ] GC(1)   Evacuate Collection Set: 13.0ms
[2020-08-13T14:09:24.577+0000][6][gc,phases    ] GC(1)   Post Evacuate Collection Set: 0.4ms
[2020-08-13T14:09:24.577+0000][6][gc,phases    ] GC(1)   Other: 0.2ms
[2020-08-13T14:09:24.577+0000][6][gc,heap      ] GC(1) Eden regions: 10->0(16)
[2020-08-13T14:09:24.577+0000][6][gc,heap      ] GC(1) Survivor regions: 2->1(2)
[2020-08-13T14:09:24.577+0000][6][gc,heap      ] GC(1) Old regions: 0->2
[2020-08-13T14:09:24.577+0000][6][gc,heap      ] GC(1) Archive regions: 2->2
[2020-08-13T14:09:24.577+0000][6][gc,heap      ] GC(1) Humongous regions: 1->1
[2020-08-13T14:09:24.577+0000][6][gc,metaspace ] GC(1) Metaspace: 5494K(8448K)->5494K(8448K) NonClass: 4886K(7424K)->4886K(7424K) Class: 608K(1024K)->608K(1024K)
[2020-08-13T14:09:24.577+0000][6][gc           ] GC(1) Pause Young (Normal) (G1 Evacuation Pause) 13M->4M(256M) 13.876ms
[2020-08-13T14:09:24.577+0000][6][gc,cpu       ] GC(1) User=0.01s Sys=0.00s Real=0.02s
[2020-08-13T14:09:24.577+0000][6][safepoint    ] Safepoint "G1CollectForAllocation", Time since last: 872801242 ns, Reaching safepoint: 185617 ns, At safepoint: 13962394 ns, Total: 14148011 ns
[2020-08-13T14:09:25.074+0000][6][gc,heap,exit ] Heap
[2020-08-13T14:09:25.074+0000][6][gc,heap,exit ]  garbage-first heap   total 262144K, used 15754K [0x00000000f0000000, 0x0000000100000000)
[2020-08-13T14:09:25.074+0000][6][gc,heap,exit ]   region size 1024K, 13 young (13312K), 1 survivors (1024K)
[2020-08-13T14:09:25.074+0000][6][gc,heap,exit ]  Metaspace       used 7334K, capacity 9428K, committed 9728K, reserved 1058816K
[2020-08-13T14:09:25.074+0000][6][gc,heap,exit ]   class space    used 949K, capacity 1227K, committed 1280K, reserved 1048576K
