[2020-08-13T13:10:23.934+0000][6][gc,heap] Heap region size: 1M
[2020-08-13T13:10:23.934+0000][6][gc,heap,coops] Heap address: 0x00000000f0000000, size: 256 MB, Compressed Oops mode: 32-bit
[2020-08-13T13:10:24.179+0000][6][gc           ] Using G1
[2020-08-13T13:10:24.179+0000][6][gc,cds       ] Mark closed archive regions in map: [0x00000000fff00000, 0x00000000fff7eff8]
[2020-08-13T13:10:24.179+0000][6][gc,cds       ] Mark open archive regions in map: [0x00000000ffe00000, 0x00000000ffe51ff8]
[2020-08-13T13:10:24.220+0000][6][gc           ] Periodic GC disabled
[2020-08-13T13:10:25.244+0000][6][gc,start     ] GC(0) Pause Young (Normal) (G1 Evacuation Pause)
[2020-08-13T13:10:25.249+0000][6][gc,task      ] GC(0) Using 2 workers of 2 for evacuation
[2020-08-13T13:10:25.249+0000][6][gc,age       ] GC(0) Desired survivor size 1048576 bytes, new threshold 15 (max threshold 15)
[2020-08-13T13:10:25.252+0000][6][gc,age       ] GC(0) Age table with threshold 15 (max threshold 15)
[2020-08-13T13:10:25.252+0000][6][gc,age       ] GC(0) - age   1:    2045088 bytes,    2045088 total
[2020-08-13T13:10:25.253+0000][6][gc,phases    ] GC(0)   Pre Evacuate Collection Set: 0.1ms
[2020-08-13T13:10:25.253+0000][6][gc,phases    ] GC(0)   Merge Heap Roots: 0.0ms
[2020-08-13T13:10:25.253+0000][6][gc,phases    ] GC(0)   Evacuate Collection Set: 3.2ms
[2020-08-13T13:10:25.253+0000][6][gc,phases    ] GC(0)   Post Evacuate Collection Set: 0.3ms
[2020-08-13T13:10:25.253+0000][6][gc,phases    ] GC(0)   Other: 5.2ms
[2020-08-13T13:10:25.253+0000][6][gc,heap      ] GC(0) Eden regions: 12->0(10)
[2020-08-13T13:10:25.253+0000][6][gc,heap      ] GC(0) Survivor regions: 0->2(2)
[2020-08-13T13:10:25.253+0000][6][gc,heap      ] GC(0) Old regions: 0->0
[2020-08-13T13:10:25.253+0000][6][gc,heap      ] GC(0) Archive regions: 2->2
[2020-08-13T13:10:25.253+0000][6][gc,heap      ] GC(0) Humongous regions: 1->1
[2020-08-13T13:10:25.253+0000][6][gc,metaspace ] GC(0) Metaspace: 2552K(5760K)->2552K(5760K) NonClass: 2276K(5120K)->2276K(5120K) Class: 276K(640K)->276K(640K)
[2020-08-13T13:10:25.253+0000][6][gc           ] GC(0) Pause Young (Normal) (G1 Evacuation Pause) 13M->3M(256M) 8.891ms
[2020-08-13T13:10:25.253+0000][6][gc,cpu       ] GC(0) User=0.01s Sys=0.00s Real=0.01s
[2020-08-13T13:10:25.253+0000][6][safepoint    ] Safepoint "G1CollectForAllocation", Time since last: 1029317973 ns, Reaching safepoint: 8440127 ns, At safepoint: 8981330 ns, Total: 17421457 ns
[2020-08-13T13:10:26.170+0000][6][gc,start     ] GC(1) Pause Young (Normal) (G1 Evacuation Pause)
[2020-08-13T13:10:26.170+0000][6][gc,task      ] GC(1) Using 2 workers of 2 for evacuation
[2020-08-13T13:10:26.170+0000][6][gc,age       ] GC(1) Desired survivor size 1048576 bytes, new threshold 1 (max threshold 15)
[2020-08-13T13:10:26.191+0000][6][gc,age       ] GC(1) Age table with threshold 1 (max threshold 15)
[2020-08-13T13:10:26.191+0000][6][gc,age       ] GC(1) - age   1:     576056 bytes,     576056 total
[2020-08-13T13:10:26.191+0000][6][gc,phases    ] GC(1)   Pre Evacuate Collection Set: 0.1ms
[2020-08-13T13:10:26.191+0000][6][gc,phases    ] GC(1)   Merge Heap Roots: 0.0ms
[2020-08-13T13:10:26.191+0000][6][gc,phases    ] GC(1)   Evacuate Collection Set: 20.3ms
[2020-08-13T13:10:26.191+0000][6][gc,phases    ] GC(1)   Post Evacuate Collection Set: 0.6ms
[2020-08-13T13:10:26.191+0000][6][gc,phases    ] GC(1)   Other: 0.2ms
[2020-08-13T13:10:26.191+0000][6][gc,heap      ] GC(1) Eden regions: 10->0(17)
[2020-08-13T13:10:26.191+0000][6][gc,heap      ] GC(1) Survivor regions: 2->1(2)
[2020-08-13T13:10:26.191+0000][6][gc,heap      ] GC(1) Old regions: 0->2
[2020-08-13T13:10:26.191+0000][6][gc,heap      ] GC(1) Archive regions: 2->2
[2020-08-13T13:10:26.191+0000][6][gc,heap      ] GC(1) Humongous regions: 1->1
[2020-08-13T13:10:26.191+0000][6][gc,metaspace ] GC(1) Metaspace: 5480K(8320K)->5480K(8320K) NonClass: 4877K(7424K)->4877K(7424K) Class: 602K(896K)->602K(896K)
[2020-08-13T13:10:26.191+0000][6][gc           ] GC(1) Pause Young (Normal) (G1 Evacuation Pause) 13M->4M(256M) 21.328ms
[2020-08-13T13:10:26.192+0000][6][gc,cpu       ] GC(1) User=0.00s Sys=0.00s Real=0.02s
[2020-08-13T13:10:26.192+0000][6][safepoint    ] Safepoint "G1CollectForAllocation", Time since last: 917289156 ns, Reaching safepoint: 163877 ns, At safepoint: 21418738 ns, Total: 21582615 ns
[2020-08-13T13:10:27.562+0000][6][safepoint    ] Safepoint "Cleanup", Time since last: 1364106838 ns, Reaching safepoint: 6125434 ns, At safepoint: 8636 ns, Total: 6134070 ns
[2020-08-13T13:10:28.329+0000][6][gc,start     ] GC(2) Pause Young (Normal) (G1 Evacuation Pause)
[2020-08-13T13:10:28.329+0000][6][gc,task      ] GC(2) Using 2 workers of 2 for evacuation
[2020-08-13T13:10:28.329+0000][6][gc,age       ] GC(2) Desired survivor size 1572864 bytes, new threshold 15 (max threshold 15)
[2020-08-13T13:10:28.371+0000][6][gc,age       ] GC(2) Age table with threshold 15 (max threshold 15)
[2020-08-13T13:10:28.371+0000][6][gc,age       ] GC(2) - age   1:    1049552 bytes,    1049552 total
[2020-08-13T13:10:28.371+0000][6][gc,age       ] GC(2) - age   2:     534992 bytes,    1584544 total
[2020-08-13T13:10:28.371+0000][6][gc,phases    ] GC(2)   Pre Evacuate Collection Set: 0.1ms
[2020-08-13T13:10:28.371+0000][6][gc,phases    ] GC(2)   Merge Heap Roots: 0.0ms
[2020-08-13T13:10:28.371+0000][6][gc,phases    ] GC(2)   Evacuate Collection Set: 41.7ms
[2020-08-13T13:10:28.371+0000][6][gc,phases    ] GC(2)   Post Evacuate Collection Set: 0.6ms
[2020-08-13T13:10:28.371+0000][6][gc,phases    ] GC(2)   Other: 0.3ms
[2020-08-13T13:10:28.372+0000][6][gc,heap      ] GC(2) Eden regions: 17->0(50)
[2020-08-13T13:10:28.372+0000][6][gc,heap      ] GC(2) Survivor regions: 1->2(3)
[2020-08-13T13:10:28.372+0000][6][gc,heap      ] GC(2) Old regions: 2->2
[2020-08-13T13:10:28.372+0000][6][gc,heap      ] GC(2) Archive regions: 2->2
[2020-08-13T13:10:28.372+0000][6][gc,heap      ] GC(2) Humongous regions: 1->1
[2020-08-13T13:10:28.372+0000][6][gc,metaspace ] GC(2) Metaspace: 9748K(10880K)->9748K(10880K) NonClass: 8549K(9472K)->8549K(9472K) Class: 1198K(1408K)->1198K(1408K)
[2020-08-13T13:10:28.372+0000][6][gc           ] GC(2) Pause Young (Normal) (G1 Evacuation Pause) 21M->5M(256M) 42.778ms
[2020-08-13T13:10:28.372+0000][6][gc,cpu       ] GC(2) User=0.01s Sys=0.00s Real=0.04s
[2020-08-13T13:10:28.372+0000][6][safepoint    ] Safepoint "G1CollectForAllocation", Time since last: 760858123 ns, Reaching safepoint: 6097453 ns, At safepoint: 42879075 ns, Total: 48976528 ns
[2020-08-13T13:10:29.381+0000][6][safepoint    ] Safepoint "Cleanup", Time since last: 1009082940 ns, Reaching safepoint: 365273 ns, At safepoint: 3757 ns, Total: 369030 ns
[2020-08-13T13:10:31.250+0000][6][safepoint    ] Safepoint "Cleanup", Time since last: 1867558129 ns, Reaching safepoint: 1326533 ns, At safepoint: 4548 ns, Total: 1331081 ns
[2020-08-13T13:10:31.459+0000][6][gc,start     ] GC(3) Pause Young (Normal) (G1 Evacuation Pause)
[2020-08-13T13:10:31.459+0000][6][gc,task      ] GC(3) Using 2 workers of 2 for evacuation
[2020-08-13T13:10:31.459+0000][6][gc,age       ] GC(3) Desired survivor size 3670016 bytes, new threshold 15 (max threshold 15)
[2020-08-13T13:10:31.538+0000][6][gc,age       ] GC(3) Age table with threshold 15 (max threshold 15)
[2020-08-13T13:10:31.538+0000][6][gc,age       ] GC(3) - age   1:    4247304 bytes,    4247304 total
[2020-08-13T13:10:31.538+0000][6][gc,age       ] GC(3) - age   2:    1009360 bytes,    5256664 total
[2020-08-13T13:10:31.538+0000][6][gc,age       ] GC(3) - age   3:     532224 bytes,    5788888 total
[2020-08-13T13:10:31.538+0000][6][gc,phases    ] GC(3)   Pre Evacuate Collection Set: 0.1ms
[2020-08-13T13:10:31.538+0000][6][gc,phases    ] GC(3)   Merge Heap Roots: 0.0ms
[2020-08-13T13:10:31.538+0000][6][gc,phases    ] GC(3)   Evacuate Collection Set: 77.2ms
[2020-08-13T13:10:31.538+0000][6][gc,phases    ] GC(3)   Post Evacuate Collection Set: 1.5ms
[2020-08-13T13:10:31.538+0000][6][gc,phases    ] GC(3)   Other: 0.3ms
[2020-08-13T13:10:31.538+0000][6][gc,heap      ] GC(3) Eden regions: 50->0(116)
[2020-08-13T13:10:31.538+0000][6][gc,heap      ] GC(3) Survivor regions: 2->6(7)
[2020-08-13T13:10:31.538+0000][6][gc,heap      ] GC(3) Old regions: 2->2
[2020-08-13T13:10:31.538+0000][6][gc,heap      ] GC(3) Archive regions: 2->2
[2020-08-13T13:10:31.538+0000][6][gc,heap      ] GC(3) Humongous regions: 1->1
[2020-08-13T13:10:31.538+0000][6][gc,metaspace ] GC(3) Metaspace: 13929K(14720K)->13929K(14720K) NonClass: 12247K(12800K)->12247K(12800K) Class: 1681K(1920K)->1681K(1920K)
[2020-08-13T13:10:31.538+0000][6][gc           ] GC(3) Pause Young (Normal) (G1 Evacuation Pause) 55M->9M(256M) 79.262ms
[2020-08-13T13:10:31.538+0000][6][gc,cpu       ] GC(3) User=0.02s Sys=0.00s Real=0.08s
[2020-08-13T13:10:31.538+0000][6][safepoint    ] Safepoint "G1CollectForAllocation", Time since last: 208686806 ns, Reaching safepoint: 108444 ns, At safepoint: 79348862 ns, Total: 79457306 ns
[2020-08-13T13:10:31.548+0000][6][safepoint    ] Safepoint "BulkRevokeBias", Time since last: 6596076 ns, Reaching safepoint: 2997170 ns, At safepoint: 85350 ns, Total: 3082520 ns
[2020-08-13T13:10:32.647+0000][6][safepoint    ] Safepoint "Cleanup", Time since last: 1086491010 ns, Reaching safepoint: 12565879 ns, At safepoint: 7585 ns, Total: 12573464 ns
[2020-08-13T13:10:33.605+0000][6][gc,start     ] GC(4) Pause Young (Normal) (G1 Evacuation Pause)
[2020-08-13T13:10:33.605+0000][6][gc,task      ] GC(4) Using 2 workers of 2 for evacuation
[2020-08-13T13:10:33.605+0000][6][gc,age       ] GC(4) Desired survivor size 8388608 bytes, new threshold 15 (max threshold 15)
[2020-08-13T13:10:33.643+0000][6][gc,age       ] GC(4) Age table with threshold 15 (max threshold 15)
[2020-08-13T13:10:33.643+0000][6][gc,age       ] GC(4) - age   1:    3137624 bytes,    3137624 total
[2020-08-13T13:10:33.643+0000][6][gc,age       ] GC(4) - age   2:    2821712 bytes,    5959336 total
[2020-08-13T13:10:33.643+0000][6][gc,age       ] GC(4) - age   3:     988848 bytes,    6948184 total
[2020-08-13T13:10:33.643+0000][6][gc,age       ] GC(4) - age   4:     529216 bytes,    7477400 total
[2020-08-13T13:10:33.643+0000][6][gc,phases    ] GC(4)   Pre Evacuate Collection Set: 0.1ms
[2020-08-13T13:10:33.643+0000][6][gc,phases    ] GC(4)   Merge Heap Roots: 0.0ms
[2020-08-13T13:10:33.643+0000][6][gc,phases    ] GC(4)   Evacuate Collection Set: 34.5ms
[2020-08-13T13:10:33.643+0000][6][gc,phases    ] GC(4)   Post Evacuate Collection Set: 2.7ms
[2020-08-13T13:10:33.643+0000][6][gc,phases    ] GC(4)   Other: 0.3ms
[2020-08-13T13:10:33.643+0000][6][gc,heap      ] GC(4) Eden regions: 116->0(67)
[2020-08-13T13:10:33.643+0000][6][gc,heap      ] GC(4) Survivor regions: 6->8(16)
[2020-08-13T13:10:33.643+0000][6][gc,heap      ] GC(4) Old regions: 2->2
[2020-08-13T13:10:33.643+0000][6][gc,heap      ] GC(4) Archive regions: 2->2
[2020-08-13T13:10:33.643+0000][6][gc,heap      ] GC(4) Humongous regions: 2->1
[2020-08-13T13:10:33.643+0000][6][gc,metaspace ] GC(4) Metaspace: 16927K(17792K)->16927K(17792K) NonClass: 14826K(15360K)->14826K(15360K) Class: 2101K(2432K)->2101K(2432K)
[2020-08-13T13:10:33.643+0000][6][gc           ] GC(4) Pause Young (Normal) (G1 Evacuation Pause) 126M->11M(256M) 37.710ms
[2020-08-13T13:10:33.643+0000][6][gc,cpu       ] GC(4) User=0.02s Sys=0.00s Real=0.04s
[2020-08-13T13:10:33.643+0000][6][safepoint    ] Safepoint "G1CollectForAllocation", Time since last: 958250971 ns, Reaching safepoint: 185617 ns, At safepoint: 37790350 ns, Total: 37975967 ns
[2020-08-13T13:10:33.951+0000][6][safepoint    ] Safepoint "BulkRevokeBias", Time since last: 304578662 ns, Reaching safepoint: 3039850 ns, At safepoint: 87403 ns, Total: 3127253 ns
[2020-08-13T13:10:33.966+0000][6][safepoint    ] Safepoint "BulkRevokeBias", Time since last: 10559754 ns, Reaching safepoint: 4347367 ns, At safepoint: 64200 ns, Total: 4411567 ns
[2020-08-13T13:10:34.233+0000][6][gc,start     ] GC(5) Pause Young (Normal) (G1 Evacuation Pause)
[2020-08-13T13:10:34.234+0000][6][gc,task      ] GC(5) Using 2 workers of 2 for evacuation
[2020-08-13T13:10:34.234+0000][6][gc,age       ] GC(5) Desired survivor size 5242880 bytes, new threshold 2 (max threshold 15)
[2020-08-13T13:10:34.308+0000][6][gc,age       ] GC(5) Age table with threshold 2 (max threshold 15)
[2020-08-13T13:10:34.308+0000][6][gc,age       ] GC(5) - age   1:    1510144 bytes,    1510144 total
[2020-08-13T13:10:34.308+0000][6][gc,age       ] GC(5) - age   2:    2922216 bytes,    4432360 total
[2020-08-13T13:10:34.308+0000][6][gc,phases    ] GC(5)   Pre Evacuate Collection Set: 0.1ms
[2020-08-13T13:10:34.308+0000][6][gc,phases    ] GC(5)   Merge Heap Roots: 0.0ms
[2020-08-13T13:10:34.308+0000][6][gc,phases    ] GC(5)   Evacuate Collection Set: 73.1ms
[2020-08-13T13:10:34.308+0000][6][gc,phases    ] GC(5)   Post Evacuate Collection Set: 1.2ms
[2020-08-13T13:10:34.308+0000][6][gc,phases    ] GC(5)   Other: 0.3ms
[2020-08-13T13:10:34.308+0000][6][gc,heap      ] GC(5) Eden regions: 67->0(148)
[2020-08-13T13:10:34.308+0000][6][gc,heap      ] GC(5) Survivor regions: 8->5(10)
[2020-08-13T13:10:34.308+0000][6][gc,heap      ] GC(5) Old regions: 2->7
[2020-08-13T13:10:34.308+0000][6][gc,heap      ] GC(5) Archive regions: 2->2
[2020-08-13T13:10:34.308+0000][6][gc,heap      ] GC(5) Humongous regions: 1->1
[2020-08-13T13:10:34.308+0000][6][gc,metaspace ] GC(5) Metaspace: 17031K(18048K)->17031K(18048K) NonClass: 14920K(15616K)->14920K(15616K) Class: 2111K(2432K)->2111K(2432K)
[2020-08-13T13:10:34.308+0000][6][gc           ] GC(5) Pause Young (Normal) (G1 Evacuation Pause) 78M->12M(256M) 74.784ms
[2020-08-13T13:10:34.308+0000][6][gc,cpu       ] GC(5) User=0.04s Sys=0.00s Real=0.08s
[2020-08-13T13:10:34.308+0000][6][safepoint    ] Safepoint "G1CollectForAllocation", Time since last: 267572110 ns, Reaching safepoint: 98133 ns, At safepoint: 74868516 ns, Total: 74966649 ns
[2020-08-13T13:10:34.315+0000][6][safepoint    ] Safepoint "BulkRevokeBias", Time since last: 6580367 ns, Reaching safepoint: 45976 ns, At safepoint: 63028 ns, Total: 109004 ns
[2020-08-13T13:10:35.323+0000][6][safepoint    ] Safepoint "Cleanup", Time since last: 1007452509 ns, Reaching safepoint: 108714 ns, At safepoint: 2304 ns, Total: 111018 ns
[2020-08-13T13:10:35.580+0000][6][gc,start     ] GC(6) Pause Young (Normal) (G1 Evacuation Pause)
[2020-08-13T13:10:35.580+0000][6][gc,task      ] GC(6) Using 2 workers of 2 for evacuation
[2020-08-13T13:10:35.580+0000][6][gc,age       ] GC(6) Desired survivor size 10485760 bytes, new threshold 15 (max threshold 15)
[2020-08-13T13:10:35.645+0000][6][gc,age       ] GC(6) Age table with threshold 15 (max threshold 15)
[2020-08-13T13:10:35.645+0000][6][gc,age       ] GC(6) - age   1:    3816152 bytes,    3816152 total
[2020-08-13T13:10:35.645+0000][6][gc,age       ] GC(6) - age   2:     117480 bytes,    3933632 total
[2020-08-13T13:10:35.645+0000][6][gc,age       ] GC(6) - age   3:    2920632 bytes,    6854264 total
[2020-08-13T13:10:35.645+0000][6][gc,phases    ] GC(6)   Pre Evacuate Collection Set: 0.0ms
[2020-08-13T13:10:35.645+0000][6][gc,phases    ] GC(6)   Merge Heap Roots: 0.0ms
[2020-08-13T13:10:35.645+0000][6][gc,phases    ] GC(6)   Evacuate Collection Set: 63.7ms
[2020-08-13T13:10:35.645+0000][6][gc,phases    ] GC(6)   Post Evacuate Collection Set: 0.9ms
[2020-08-13T13:10:35.645+0000][6][gc,phases    ] GC(6)   Other: 0.3ms
[2020-08-13T13:10:35.645+0000][6][gc,heap      ] GC(6) Eden regions: 148->0(145)
[2020-08-13T13:10:35.645+0000][6][gc,heap      ] GC(6) Survivor regions: 5->8(20)
[2020-08-13T13:10:35.645+0000][6][gc,heap      ] GC(6) Old regions: 7->7
[2020-08-13T13:10:35.645+0000][6][gc,heap      ] GC(6) Archive regions: 2->2
[2020-08-13T13:10:35.645+0000][6][gc,heap      ] GC(6) Humongous regions: 1->1
[2020-08-13T13:10:35.645+0000][6][gc,metaspace ] GC(6) Metaspace: 17799K(18944K)->17799K(18944K) NonClass: 15591K(16384K)->15591K(16384K) Class: 2208K(2560K)->2208K(2560K)
[2020-08-13T13:10:35.645+0000][6][gc           ] GC(6) Pause Young (Normal) (G1 Evacuation Pause) 160M->15M(256M) 65.086ms
[2020-08-13T13:10:35.645+0000][6][gc,cpu       ] GC(6) User=0.03s Sys=0.00s Real=0.06s
[2020-08-13T13:10:35.645+0000][6][safepoint    ] Safepoint "G1CollectForAllocation", Time since last: 257152156 ns, Reaching safepoint: 85520 ns, At safepoint: 65162481 ns, Total: 65248001 ns
[2020-08-13T13:10:36.441+0000][6][gc,start     ] GC(7) Pause Young (Normal) (G1 Evacuation Pause)
[2020-08-13T13:10:36.441+0000][6][gc,task      ] GC(7) Using 2 workers of 2 for evacuation
[2020-08-13T13:10:36.442+0000][6][gc,age       ] GC(7) Desired survivor size 10485760 bytes, new threshold 15 (max threshold 15)
[2020-08-13T13:10:36.480+0000][6][gc,age       ] GC(7) Age table with threshold 15 (max threshold 15)
[2020-08-13T13:10:36.480+0000][6][gc,age       ] GC(7) - age   1:    1572424 bytes,    1572424 total
[2020-08-13T13:10:36.480+0000][6][gc,age       ] GC(7) - age   2:    2850416 bytes,    4422840 total
[2020-08-13T13:10:36.480+0000][6][gc,age       ] GC(7) - age   3:     117448 bytes,    4540288 total
[2020-08-13T13:10:36.480+0000][6][gc,age       ] GC(7) - age   4:    2916496 bytes,    7456784 total
[2020-08-13T13:10:36.480+0000][6][gc,phases    ] GC(7)   Pre Evacuate Collection Set: 0.1ms
[2020-08-13T13:10:36.480+0000][6][gc,phases    ] GC(7)   Merge Heap Roots: 0.1ms
[2020-08-13T13:10:36.480+0000][6][gc,phases    ] GC(7)   Evacuate Collection Set: 37.0ms
[2020-08-13T13:10:36.480+0000][6][gc,phases    ] GC(7)   Post Evacuate Collection Set: 1.1ms
[2020-08-13T13:10:36.480+0000][6][gc,phases    ] GC(7)   Other: 0.3ms
[2020-08-13T13:10:36.480+0000][6][gc,heap      ] GC(7) Eden regions: 145->0(145)
[2020-08-13T13:10:36.480+0000][6][gc,heap      ] GC(7) Survivor regions: 8->8(20)
[2020-08-13T13:10:36.480+0000][6][gc,heap      ] GC(7) Old regions: 7->7
[2020-08-13T13:10:36.480+0000][6][gc,heap      ] GC(7) Archive regions: 2->2
[2020-08-13T13:10:36.480+0000][6][gc,heap      ] GC(7) Humongous regions: 1->1
[2020-08-13T13:10:36.480+0000][6][gc,metaspace ] GC(7) Metaspace: 18279K(19584K)->18279K(19584K) NonClass: 15981K(16896K)->15981K(16896K) Class: 2298K(2688K)->2298K(2688K)
[2020-08-13T13:10:36.480+0000][6][gc           ] GC(7) Pause Young (Normal) (G1 Evacuation Pause) 160M->15M(256M) 38.563ms
[2020-08-13T13:10:36.480+0000][6][gc,cpu       ] GC(7) User=0.01s Sys=0.00s Real=0.04s
[2020-08-13T13:10:36.480+0000][6][safepoint    ] Safepoint "G1CollectForAllocation", Time since last: 796337107 ns, Reaching safepoint: 99347 ns, At safepoint: 38647403 ns, Total: 38746750 ns
[2020-08-13T13:10:37.532+0000][6][gc,start     ] GC(8) Pause Young (Normal) (G1 Evacuation Pause)
[2020-08-13T13:10:37.532+0000][6][gc,task      ] GC(8) Using 2 workers of 2 for evacuation
[2020-08-13T13:10:37.532+0000][6][gc,age       ] GC(8) Desired survivor size 10485760 bytes, new threshold 15 (max threshold 15)
[2020-08-13T13:10:37.616+0000][6][gc,age       ] GC(8) Age table with threshold 15 (max threshold 15)
[2020-08-13T13:10:37.616+0000][6][gc,age       ] GC(8) - age   1:    2133544 bytes,    2133544 total
[2020-08-13T13:10:37.616+0000][6][gc,age       ] GC(8) - age   2:    1539608 bytes,    3673152 total
[2020-08-13T13:10:37.616+0000][6][gc,age       ] GC(8) - age   3:    2850272 bytes,    6523424 total
[2020-08-13T13:10:37.616+0000][6][gc,age       ] GC(8) - age   4:     117448 bytes,    6640872 total
[2020-08-13T13:10:37.616+0000][6][gc,age       ] GC(8) - age   5:    2916240 bytes,    9557112 total
[2020-08-13T13:10:37.616+0000][6][gc,phases    ] GC(8)   Pre Evacuate Collection Set: 0.0ms
[2020-08-13T13:10:37.616+0000][6][gc,phases    ] GC(8)   Merge Heap Roots: 0.1ms
[2020-08-13T13:10:37.616+0000][6][gc,phases    ] GC(8)   Evacuate Collection Set: 82.6ms
[2020-08-13T13:10:37.616+0000][6][gc,phases    ] GC(8)   Post Evacuate Collection Set: 1.0ms
[2020-08-13T13:10:37.616+0000][6][gc,phases    ] GC(8)   Other: 0.3ms
[2020-08-13T13:10:37.616+0000][6][gc,heap      ] GC(8) Eden regions: 145->0(143)
[2020-08-13T13:10:37.616+0000][6][gc,heap      ] GC(8) Survivor regions: 8->10(20)
[2020-08-13T13:10:37.616+0000][6][gc,heap      ] GC(8) Old regions: 7->7
[2020-08-13T13:10:37.616+0000][6][gc,heap      ] GC(8) Archive regions: 2->2
[2020-08-13T13:10:37.616+0000][6][gc,heap      ] GC(8) Humongous regions: 1->1
[2020-08-13T13:10:37.616+0000][6][gc,metaspace ] GC(8) Metaspace: 19339K(20736K)->19339K(20736K) NonClass: 16945K(17920K)->16945K(17920K) Class: 2393K(2816K)->2393K(2816K)
[2020-08-13T13:10:37.616+0000][6][gc           ] GC(8) Pause Young (Normal) (G1 Evacuation Pause) 160M->17M(256M) 84.158ms
[2020-08-13T13:10:37.616+0000][6][gc,cpu       ] GC(8) User=0.06s Sys=0.00s Real=0.09s
[2020-08-13T13:10:37.616+0000][6][safepoint    ] Safepoint "G1CollectForAllocation", Time since last: 1051607732 ns, Reaching safepoint: 152416 ns, At safepoint: 84239986 ns, Total: 84392402 ns
[2020-08-13T13:10:37.806+0000][6][safepoint    ] Safepoint "BulkRevokeBias", Time since last: 177617918 ns, Reaching safepoint: 12179195 ns, At safepoint: 98514 ns, Total: 12277709 ns
[2020-08-13T13:10:37.821+0000][6][safepoint    ] Safepoint "BulkRevokeBias", Time since last: 5465049 ns, Reaching safepoint: 9333127 ns, At safepoint: 131908 ns, Total: 9465035 ns
[2020-08-13T13:10:38.444+0000][6][gc,start     ] GC(9) Pause Young (Normal) (G1 Evacuation Pause)
[2020-08-13T13:10:38.444+0000][6][gc,task      ] GC(9) Using 2 workers of 2 for evacuation
[2020-08-13T13:10:38.444+0000][6][gc,age       ] GC(9) Desired survivor size 10485760 bytes, new threshold 15 (max threshold 15)
[2020-08-13T13:10:38.493+0000][6][gc,age       ] GC(9) Age table with threshold 15 (max threshold 15)
[2020-08-13T13:10:38.493+0000][6][gc,age       ] GC(9) - age   1:    1975208 bytes,    1975208 total
[2020-08-13T13:10:38.493+0000][6][gc,age       ] GC(9) - age   2:    1036464 bytes,    3011672 total
[2020-08-13T13:10:38.493+0000][6][gc,age       ] GC(9) - age   3:    1538904 bytes,    4550576 total
[2020-08-13T13:10:38.493+0000][6][gc,age       ] GC(9) - age   4:    2849088 bytes,    7399664 total
[2020-08-13T13:10:38.493+0000][6][gc,age       ] GC(9) - age   5:     117136 bytes,    7516800 total
[2020-08-13T13:10:38.493+0000][6][gc,age       ] GC(9) - age   6:    2916240 bytes,   10433040 total
[2020-08-13T13:10:38.493+0000][6][gc,phases    ] GC(9)   Pre Evacuate Collection Set: 0.1ms
[2020-08-13T13:10:38.493+0000][6][gc,phases    ] GC(9)   Merge Heap Roots: 0.0ms
[2020-08-13T13:10:38.493+0000][6][gc,phases    ] GC(9)   Evacuate Collection Set: 47.5ms
[2020-08-13T13:10:38.493+0000][6][gc,phases    ] GC(9)   Post Evacuate Collection Set: 1.0ms
[2020-08-13T13:10:38.493+0000][6][gc,phases    ] GC(9)   Other: 0.3ms
[2020-08-13T13:10:38.493+0000][6][gc,heap      ] GC(9) Eden regions: 143->0(142)
[2020-08-13T13:10:38.493+0000][6][gc,heap      ] GC(9) Survivor regions: 10->11(20)
[2020-08-13T13:10:38.493+0000][6][gc,heap      ] GC(9) Old regions: 7->7
[2020-08-13T13:10:38.493+0000][6][gc,heap      ] GC(9) Archive regions: 2->2
[2020-08-13T13:10:38.493+0000][6][gc,heap      ] GC(9) Humongous regions: 1->1
[2020-08-13T13:10:38.493+0000][6][gc,metaspace ] GC(9) Metaspace: 19560K(21120K)->19560K(21120K) NonClass: 17133K(18176K)->17133K(18176K) Class: 2426K(2944K)->2426K(2944K)
[2020-08-13T13:10:38.493+0000][6][gc           ] GC(9) Pause Young (Normal) (G1 Evacuation Pause) 160M->18M(256M) 48.988ms
[2020-08-13T13:10:38.493+0000][6][gc,cpu       ] GC(9) User=0.02s Sys=0.00s Real=0.05s
[2020-08-13T13:10:38.493+0000][6][safepoint    ] Safepoint "G1CollectForAllocation", Time since last: 622947674 ns, Reaching safepoint: 89517 ns, At safepoint: 49077025 ns, Total: 49166542 ns
[2020-08-13T13:10:39.333+0000][6][gc,start     ] GC(10) Pause Young (Normal) (G1 Evacuation Pause)
[2020-08-13T13:10:39.333+0000][6][gc,task      ] GC(10) Using 2 workers of 2 for evacuation
[2020-08-13T13:10:39.333+0000][6][gc,age       ] GC(10) Desired survivor size 10485760 bytes, new threshold 15 (max threshold 15)
[2020-08-13T13:10:39.420+0000][6][gc,age       ] GC(10) Age table with threshold 15 (max threshold 15)
[2020-08-13T13:10:39.420+0000][6][gc,age       ] GC(10) - age   1:     425176 bytes,     425176 total
[2020-08-13T13:10:39.420+0000][6][gc,age       ] GC(10) - age   2:    1389952 bytes,    1815128 total
[2020-08-13T13:10:39.420+0000][6][gc,age       ] GC(10) - age   3:    1036288 bytes,    2851416 total
[2020-08-13T13:10:39.420+0000][6][gc,age       ] GC(10) - age   4:    1538904 bytes,    4390320 total
[2020-08-13T13:10:39.420+0000][6][gc,age       ] GC(10) - age   5:    2849064 bytes,    7239384 total
[2020-08-13T13:10:39.420+0000][6][gc,age       ] GC(10) - age   6:     117112 bytes,    7356496 total
[2020-08-13T13:10:39.420+0000][6][gc,age       ] GC(10) - age   7:    2916240 bytes,   10272736 total
[2020-08-13T13:10:39.420+0000][6][gc,phases    ] GC(10)   Pre Evacuate Collection Set: 3.8ms
[2020-08-13T13:10:39.420+0000][6][gc,phases    ] GC(10)   Merge Heap Roots: 4.0ms
[2020-08-13T13:10:39.420+0000][6][gc,phases    ] GC(10)   Evacuate Collection Set: 77.9ms
[2020-08-13T13:10:39.420+0000][6][gc,phases    ] GC(10)   Post Evacuate Collection Set: 1.1ms
[2020-08-13T13:10:39.420+0000][6][gc,phases    ] GC(10)   Other: 0.4ms
[2020-08-13T13:10:39.420+0000][6][gc,heap      ] GC(10) Eden regions: 142->0(142)
[2020-08-13T13:10:39.420+0000][6][gc,heap      ] GC(10) Survivor regions: 11->11(20)
[2020-08-13T13:10:39.420+0000][6][gc,heap      ] GC(10) Old regions: 7->7
[2020-08-13T13:10:39.420+0000][6][gc,heap      ] GC(10) Archive regions: 2->2
[2020-08-13T13:10:39.420+0000][6][gc,heap      ] GC(10) Humongous regions: 1->1
[2020-08-13T13:10:39.420+0000][6][gc,metaspace ] GC(10) Metaspace: 19684K(21296K)->19684K(21296K) NonClass: 17234K(18352K)->17234K(18352K) Class: 2449K(2944K)->2449K(2944K)
[2020-08-13T13:10:39.420+0000][6][gc           ] GC(10) Pause Young (Normal) (G1 Evacuation Pause) 160M->18M(256M) 87.152ms
[2020-08-13T13:10:39.420+0000][6][gc,cpu       ] GC(10) User=0.02s Sys=0.00s Real=0.09s
[2020-08-13T13:10:39.420+0000][6][safepoint    ] Safepoint "G1CollectForAllocation", Time since last: 836480862 ns, Reaching safepoint: 3190852 ns, At safepoint: 87268055 ns, Total: 90458907 ns
[2020-08-13T13:10:39.431+0000][6][gc,start     ] GC(11) Pause Young (Concurrent Start) (Metadata GC Threshold)
[2020-08-13T13:10:39.431+0000][6][gc,task      ] GC(11) Using 2 workers of 2 for evacuation
[2020-08-13T13:10:39.431+0000][6][gc,age       ] GC(11) Desired survivor size 10485760 bytes, new threshold 15 (max threshold 15)
[2020-08-13T13:10:39.473+0000][6][gc,age       ] GC(11) Age table with threshold 15 (max threshold 15)
[2020-08-13T13:10:39.473+0000][6][gc,age       ] GC(11) - age   1:      41712 bytes,      41712 total
[2020-08-13T13:10:39.473+0000][6][gc,age       ] GC(11) - age   2:     387584 bytes,     429296 total
[2020-08-13T13:10:39.473+0000][6][gc,age       ] GC(11) - age   3:    1389952 bytes,    1819248 total
[2020-08-13T13:10:39.473+0000][6][gc,age       ] GC(11) - age   4:    1036288 bytes,    2855536 total
[2020-08-13T13:10:39.473+0000][6][gc,age       ] GC(11) - age   5:    1538880 bytes,    4394416 total
[2020-08-13T13:10:39.473+0000][6][gc,age       ] GC(11) - age   6:    2849064 bytes,    7243480 total
[2020-08-13T13:10:39.473+0000][6][gc,age       ] GC(11) - age   7:     117112 bytes,    7360592 total
[2020-08-13T13:10:39.473+0000][6][gc,age       ] GC(11) - age   8:    2916240 bytes,   10276832 total
[2020-08-13T13:10:39.473+0000][6][gc,phases    ] GC(11)   Pre Evacuate Collection Set: 0.2ms
[2020-08-13T13:10:39.473+0000][6][gc,phases    ] GC(11)   Merge Heap Roots: 0.1ms
[2020-08-13T13:10:39.474+0000][6][gc,phases    ] GC(11)   Evacuate Collection Set: 40.8ms
[2020-08-13T13:10:39.474+0000][6][gc,phases    ] GC(11)   Post Evacuate Collection Set: 0.8ms
[2020-08-13T13:10:39.474+0000][6][gc,phases    ] GC(11)   Other: 0.3ms
[2020-08-13T13:10:39.474+0000][6][gc,heap      ] GC(11) Eden regions: 2->0(142)
[2020-08-13T13:10:39.474+0000][6][gc,heap      ] GC(11) Survivor regions: 11->11(20)
[2020-08-13T13:10:39.474+0000][6][gc,heap      ] GC(11) Old regions: 7->7
[2020-08-13T13:10:39.474+0000][6][gc,heap      ] GC(11) Archive regions: 2->2
[2020-08-13T13:10:39.474+0000][6][gc,heap      ] GC(11) Humongous regions: 1->1
[2020-08-13T13:10:39.474+0000][6][gc,metaspace ] GC(11) Metaspace: 19741K(21296K)->19741K(21296K) NonClass: 17279K(18352K)->17279K(18352K) Class: 2461K(2944K)->2461K(2944K)
[2020-08-13T13:10:39.474+0000][6][gc           ] GC(11) Pause Young (Concurrent Start) (Metadata GC Threshold) 19M->18M(256M) 42.337ms
[2020-08-13T13:10:39.474+0000][6][gc,cpu       ] GC(11) User=0.01s Sys=0.00s Real=0.04s
[2020-08-13T13:10:39.474+0000][6][safepoint    ] Safepoint "CollectForMetadataAllocation", Time since last: 11279992 ns, Reaching safepoint: 62626 ns, At safepoint: 42553816 ns, Total: 42616442 ns
[2020-08-13T13:10:39.474+0000][6][gc           ] GC(12) Concurrent Cycle
[2020-08-13T13:10:39.474+0000][6][gc,marking   ] GC(12) Concurrent Clear Claimed Marks
[2020-08-13T13:10:39.474+0000][6][gc,marking   ] GC(12) Concurrent Clear Claimed Marks 0.063ms
[2020-08-13T13:10:39.474+0000][6][gc,marking   ] GC(12) Concurrent Scan Root Regions
[2020-08-13T13:10:39.477+0000][6][gc,marking   ] GC(12) Concurrent Scan Root Regions 3.556ms
[2020-08-13T13:10:39.478+0000][6][gc,marking   ] GC(12) Concurrent Mark (15.552s)
[2020-08-13T13:10:39.478+0000][6][gc,marking   ] GC(12) Concurrent Mark From Roots
[2020-08-13T13:10:39.478+0000][6][gc,task      ] GC(12) Using 1 workers of 1 for marking
[2020-08-13T13:10:39.590+0000][6][gc,marking   ] GC(12) Concurrent Mark From Roots 112.566ms
[2020-08-13T13:10:39.590+0000][6][gc,marking   ] GC(12) Concurrent Preclean
[2020-08-13T13:10:39.590+0000][6][gc,marking   ] GC(12) Concurrent Preclean 0.069ms
[2020-08-13T13:10:39.590+0000][6][gc,marking   ] GC(12) Concurrent Mark (15.552s, 15.665s) 112.718ms
[2020-08-13T13:10:39.590+0000][6][gc,start     ] GC(12) Pause Remark
[2020-08-13T13:10:39.627+0000][6][gc           ] GC(12) Pause Remark 29M->29M(256M) 36.592ms
[2020-08-13T13:10:39.627+0000][6][gc,cpu       ] GC(12) User=0.02s Sys=0.00s Real=0.04s
[2020-08-13T13:10:39.627+0000][6][safepoint    ] Safepoint "G1Concurrent", Time since last: 116465241 ns, Reaching safepoint: 76433 ns, At safepoint: 36705790 ns, Total: 36782223 ns
[2020-08-13T13:10:39.627+0000][6][gc,marking   ] GC(12) Concurrent Rebuild Remembered Sets
[2020-08-13T13:10:39.656+0000][6][gc,marking   ] GC(12) Concurrent Rebuild Remembered Sets 28.848ms
[2020-08-13T13:10:39.658+0000][6][gc,start     ] GC(12) Pause Cleanup
[2020-08-13T13:10:39.658+0000][6][gc           ] GC(12) Pause Cleanup 31M->31M(256M) 0.109ms
[2020-08-13T13:10:39.658+0000][6][gc,cpu       ] GC(12) User=0.00s Sys=0.00s Real=0.00s
[2020-08-13T13:10:39.658+0000][6][safepoint    ] Safepoint "G1Concurrent", Time since last: 29608517 ns, Reaching safepoint: 869968 ns, At safepoint: 149440 ns, Total: 1019408 ns
[2020-08-13T13:10:39.661+0000][6][gc,marking   ] GC(12) Concurrent Cleanup for Next Mark
[2020-08-13T13:10:39.661+0000][6][gc,marking   ] GC(12) Concurrent Cleanup for Next Mark 0.648ms
[2020-08-13T13:10:39.661+0000][6][gc           ] GC(12) Concurrent Cycle 187.454ms
[2020-08-13T13:10:40.537+0000][6][gc,start     ] GC(13) Pause Young (Normal) (G1 Evacuation Pause)
[2020-08-13T13:10:40.537+0000][6][gc,task      ] GC(13) Using 2 workers of 2 for evacuation
[2020-08-13T13:10:40.537+0000][6][gc,age       ] GC(13) Desired survivor size 10485760 bytes, new threshold 15 (max threshold 15)
[2020-08-13T13:10:40.577+0000][6][gc,age       ] GC(13) Age table with threshold 15 (max threshold 15)
[2020-08-13T13:10:40.577+0000][6][gc,age       ] GC(13) - age   1:     965224 bytes,     965224 total
[2020-08-13T13:10:40.577+0000][6][gc,age       ] GC(13) - age   2:      39384 bytes,    1004608 total
[2020-08-13T13:10:40.577+0000][6][gc,age       ] GC(13) - age   3:     372496 bytes,    1377104 total
[2020-08-13T13:10:40.577+0000][6][gc,age       ] GC(13) - age   4:    1389952 bytes,    2767056 total
[2020-08-13T13:10:40.577+0000][6][gc,age       ] GC(13) - age   5:    1036160 bytes,    3803216 total
[2020-08-13T13:10:40.577+0000][6][gc,age       ] GC(13) - age   6:    1538880 bytes,    5342096 total
[2020-08-13T13:10:40.577+0000][6][gc,age       ] GC(13) - age   7:    2849064 bytes,    8191160 total
[2020-08-13T13:10:40.577+0000][6][gc,age       ] GC(13) - age   8:     117112 bytes,    8308272 total
[2020-08-13T13:10:40.577+0000][6][gc,age       ] GC(13) - age   9:    2915264 bytes,   11223536 total
[2020-08-13T13:10:40.577+0000][6][gc,phases    ] GC(13)   Pre Evacuate Collection Set: 0.1ms
[2020-08-13T13:10:40.577+0000][6][gc,phases    ] GC(13)   Merge Heap Roots: 0.1ms
[2020-08-13T13:10:40.577+0000][6][gc,phases    ] GC(13)   Evacuate Collection Set: 39.2ms
[2020-08-13T13:10:40.577+0000][6][gc,phases    ] GC(13)   Post Evacuate Collection Set: 1.0ms
[2020-08-13T13:10:40.577+0000][6][gc,phases    ] GC(13)   Other: 0.3ms
[2020-08-13T13:10:40.577+0000][6][gc,heap      ] GC(13) Eden regions: 142->0(142)
[2020-08-13T13:10:40.577+0000][6][gc,heap      ] GC(13) Survivor regions: 11->11(20)
[2020-08-13T13:10:40.577+0000][6][gc,heap      ] GC(13) Old regions: 7->7
[2020-08-13T13:10:40.577+0000][6][gc,heap      ] GC(13) Archive regions: 2->2
[2020-08-13T13:10:40.577+0000][6][gc,heap      ] GC(13) Humongous regions: 1->1
[2020-08-13T13:10:40.577+0000][6][gc,metaspace ] GC(13) Metaspace: 19931K(21808K)->19931K(21808K) NonClass: 17428K(18864K)->17428K(18864K) Class: 2502K(2944K)->2502K(2944K)
[2020-08-13T13:10:40.577+0000][6][gc           ] GC(13) Pause Young (Normal) (G1 Evacuation Pause) 160M->18M(256M) 40.743ms
[2020-08-13T13:10:40.577+0000][6][gc,cpu       ] GC(13) User=0.02s Sys=0.00s Real=0.04s
[2020-08-13T13:10:40.577+0000][6][safepoint    ] Safepoint "G1CollectForAllocation", Time since last: 878697406 ns, Reaching safepoint: 102813 ns, At safepoint: 40824658 ns, Total: 40927471 ns
[2020-08-13T13:10:42.547+0000][6][safepoint    ] Safepoint "Cleanup", Time since last: 1966356824 ns, Reaching safepoint: 3623472 ns, At safepoint: 5721 ns, Total: 3629193 ns
[2020-08-13T13:10:44.426+0000][6][gc,start     ] GC(14) Pause Young (Normal) (G1 Evacuation Pause)
[2020-08-13T13:10:44.426+0000][6][gc,task      ] GC(14) Using 2 workers of 2 for evacuation
[2020-08-13T13:10:44.426+0000][6][gc,age       ] GC(14) Desired survivor size 10485760 bytes, new threshold 9 (max threshold 15)
[2020-08-13T13:10:44.558+0000][6][gc,age       ] GC(14) Age table with threshold 9 (max threshold 15)
[2020-08-13T13:10:44.558+0000][6][gc,age       ] GC(14) - age   1:    7345664 bytes,    7345664 total
[2020-08-13T13:10:44.558+0000][6][gc,age       ] GC(14) - age   2:     370584 bytes,    7716248 total
[2020-08-13T13:10:44.558+0000][6][gc,age       ] GC(14) - age   3:      39104 bytes,    7755352 total
[2020-08-13T13:10:44.558+0000][6][gc,age       ] GC(14) - age   4:     372152 bytes,    8127504 total
[2020-08-13T13:10:44.558+0000][6][gc,age       ] GC(14) - age   5:    1389248 bytes,    9516752 total
[2020-08-13T13:10:44.558+0000][6][gc,age       ] GC(14) - age   6:    1032112 bytes,   10548864 total
[2020-08-13T13:10:44.558+0000][6][gc,age       ] GC(14) - age   7:    1528960 bytes,   12077824 total
[2020-08-13T13:10:44.558+0000][6][gc,age       ] GC(14) - age   8:    2839976 bytes,   14917800 total
[2020-08-13T13:10:44.558+0000][6][gc,age       ] GC(14) - age   9:     116688 bytes,   15034488 total
[2020-08-13T13:10:44.558+0000][6][gc,phases    ] GC(14)   Pre Evacuate Collection Set: 0.1ms
[2020-08-13T13:10:44.558+0000][6][gc,phases    ] GC(14)   Merge Heap Roots: 0.1ms
[2020-08-13T13:10:44.558+0000][6][gc,phases    ] GC(14)   Evacuate Collection Set: 125.4ms
[2020-08-13T13:10:44.558+0000][6][gc,phases    ] GC(14)   Post Evacuate Collection Set: 6.4ms
[2020-08-13T13:10:44.558+0000][6][gc,phases    ] GC(14)   Other: 0.4ms
[2020-08-13T13:10:44.558+0000][6][gc,heap      ] GC(14) Eden regions: 142->0(138)
[2020-08-13T13:10:44.558+0000][6][gc,heap      ] GC(14) Survivor regions: 11->15(20)
[2020-08-13T13:10:44.558+0000][6][gc,heap      ] GC(14) Old regions: 7->9
[2020-08-13T13:10:44.558+0000][6][gc,heap      ] GC(14) Archive regions: 2->2
[2020-08-13T13:10:44.558+0000][6][gc,heap      ] GC(14) Humongous regions: 1->1
[2020-08-13T13:10:44.558+0000][6][gc,metaspace ] GC(14) Metaspace: 28798K(31536K)->28798K(31536K) NonClass: 25130K(27056K)->25130K(27056K) Class: 3667K(4480K)->3667K(4480K)
[2020-08-13T13:10:44.558+0000][6][gc           ] GC(14) Pause Young (Normal) (G1 Evacuation Pause) 160M->25M(256M) 132.400ms
[2020-08-13T13:10:44.558+0000][6][gc,cpu       ] GC(14) User=0.09s Sys=0.00s Real=0.14s
[2020-08-13T13:10:44.558+0000][6][safepoint    ] Safepoint "G1CollectForAllocation", Time since last: 1877403938 ns, Reaching safepoint: 817761 ns, At safepoint: 132493024 ns, Total: 133310785 ns
[2020-08-13T13:10:45.566+0000][6][safepoint    ] Safepoint "Cleanup", Time since last: 1000675244 ns, Reaching safepoint: 7112192 ns, At safepoint: 6873 ns, Total: 7119065 ns
[2020-08-13T13:10:46.573+0000][6][safepoint    ] Safepoint "Cleanup", Time since last: 1000831386 ns, Reaching safepoint: 6147086 ns, At safepoint: 7835 ns, Total: 6154921 ns
[2020-08-13T13:10:47.382+0000][6][safepoint    ] Safepoint "BulkRevokeBias", Time since last: 795275792 ns, Reaching safepoint: 13569147 ns, At safepoint: 160170 ns, Total: 13729317 ns
[2020-08-13T13:10:48.412+0000][6][safepoint    ] Safepoint "Cleanup", Time since last: 1018309880 ns, Reaching safepoint: 11609029 ns, At safepoint: 5781 ns, Total: 11614810 ns
[2020-08-13T13:10:48.825+0000][6][gc,start     ] GC(15) Pause Young (Normal) (G1 Evacuation Pause)
[2020-08-13T13:10:48.825+0000][6][gc,task      ] GC(15) Using 2 workers of 2 for evacuation
[2020-08-13T13:10:48.825+0000][6][gc,age       ] GC(15) Desired survivor size 10485760 bytes, new threshold 6 (max threshold 15)
[2020-08-13T13:10:49.075+0000][6][gc,age       ] GC(15) Age table with threshold 6 (max threshold 15)
[2020-08-13T13:10:49.076+0000][6][gc,age       ] GC(15) - age   1:   13350200 bytes,   13350200 total
[2020-08-13T13:10:49.076+0000][6][gc,age       ] GC(15) - age   2:    5428368 bytes,   18778568 total
[2020-08-13T13:10:49.076+0000][6][gc,age       ] GC(15) - age   3:     370584 bytes,   19149152 total
[2020-08-13T13:10:49.076+0000][6][gc,age       ] GC(15) - age   4:      38936 bytes,   19188088 total
[2020-08-13T13:10:49.076+0000][6][gc,age       ] GC(15) - age   5:     370096 bytes,   19558184 total
[2020-08-13T13:10:49.076+0000][6][gc,age       ] GC(15) - age   6:    1389248 bytes,   20947432 total
[2020-08-13T13:10:49.076+0000][6][gc,mmu       ] GC(15) MMU target violated: 201.0ms (200.0ms/201.0ms)
[2020-08-13T13:10:49.076+0000][6][gc,phases    ] GC(15)   Pre Evacuate Collection Set: 0.0ms
[2020-08-13T13:10:49.076+0000][6][gc,phases    ] GC(15)   Merge Heap Roots: 0.1ms
[2020-08-13T13:10:49.076+0000][6][gc,phases    ] GC(15)   Evacuate Collection Set: 204.7ms
[2020-08-13T13:10:49.076+0000][6][gc,phases    ] GC(15)   Post Evacuate Collection Set: 45.8ms
[2020-08-13T13:10:49.076+0000][6][gc,phases    ] GC(15)   Other: 0.4ms
[2020-08-13T13:10:49.076+0000][6][gc,heap      ] GC(15) Eden regions: 138->0(124)
[2020-08-13T13:10:49.076+0000][6][gc,heap      ] GC(15) Survivor regions: 15->20(20)
[2020-08-13T13:10:49.076+0000][6][gc,heap      ] GC(15) Old regions: 9->20
[2020-08-13T13:10:49.076+0000][6][gc,heap      ] GC(15) Archive regions: 2->2
[2020-08-13T13:10:49.076+0000][6][gc,heap      ] GC(15) Humongous regions: 1->1
[2020-08-13T13:10:49.076+0000][6][gc,metaspace ] GC(15) Metaspace: 29178K(31920K)->29178K(31920K) NonClass: 25457K(27312K)->25457K(27312K) Class: 3721K(4608K)->3721K(4608K)
[2020-08-13T13:10:49.076+0000][6][gc           ] GC(15) Pause Young (Normal) (G1 Evacuation Pause) 163M->41M(256M) 251.122ms
[2020-08-13T13:10:49.076+0000][6][gc,cpu       ] GC(15) User=0.14s Sys=0.00s Real=0.26s
[2020-08-13T13:10:49.076+0000][6][safepoint    ] Safepoint "G1CollectForAllocation", Time since last: 412827601 ns, Reaching safepoint: 80030 ns, At safepoint: 251211698 ns, Total: 251291728 ns
[2020-08-13T13:10:50.737+0000][6][safepoint    ] Safepoint "Cleanup", Time since last: 1656675436 ns, Reaching safepoint: 4456773 ns, At safepoint: 6432 ns, Total: 4463205 ns
[2020-08-13T13:10:50.883+0000][6][gc,start     ] GC(16) Pause Young (Concurrent Start) (Metadata GC Threshold)
[2020-08-13T13:10:50.883+0000][6][gc,task      ] GC(16) Using 2 workers of 2 for evacuation
[2020-08-13T13:10:50.883+0000][6][gc,age       ] GC(16) Desired survivor size 9437184 bytes, new threshold 1 (max threshold 15)
[2020-08-13T13:10:51.011+0000][6][gc,age       ] GC(16) Age table with threshold 1 (max threshold 15)
[2020-08-13T13:10:51.011+0000][6][gc,age       ] GC(16) - age   1:    5221824 bytes,    5221824 total
[2020-08-13T13:10:51.011+0000][6][gc,phases    ] GC(16)   Pre Evacuate Collection Set: 0.4ms
[2020-08-13T13:10:51.011+0000][6][gc,phases    ] GC(16)   Merge Heap Roots: 0.2ms
[2020-08-13T13:10:51.011+0000][6][gc,phases    ] GC(16)   Evacuate Collection Set: 125.1ms
[2020-08-13T13:10:51.011+0000][6][gc,phases    ] GC(16)   Post Evacuate Collection Set: 1.9ms
[2020-08-13T13:10:51.011+0000][6][gc,phases    ] GC(16)   Other: 0.3ms
[2020-08-13T13:10:51.011+0000][6][gc,heap      ] GC(16) Eden regions: 64->0(119)
[2020-08-13T13:10:51.011+0000][6][gc,heap      ] GC(16) Survivor regions: 20->6(18)
[2020-08-13T13:10:51.011+0000][6][gc,heap      ] GC(16) Old regions: 20->41
[2020-08-13T13:10:51.011+0000][6][gc,heap      ] GC(16) Archive regions: 2->2
[2020-08-13T13:10:51.011+0000][6][gc,heap      ] GC(16) Humongous regions: 1->1
[2020-08-13T13:10:51.011+0000][6][gc,metaspace ] GC(16) Metaspace: 32766K(35920K)->32766K(35920K) NonClass: 28449K(30544K)->28449K(30544K) Class: 4317K(5376K)->4317K(5376K)
[2020-08-13T13:10:51.011+0000][6][gc           ] GC(16) Pause Young (Concurrent Start) (Metadata GC Threshold) 105M->47M(256M) 128.099ms
[2020-08-13T13:10:51.011+0000][6][gc,cpu       ] GC(16) User=0.07s Sys=0.00s Real=0.13s
[2020-08-13T13:10:51.011+0000][6][safepoint    ] Safepoint "CollectForMetadataAllocation", Time since last: 144729547 ns, Reaching safepoint: 1042682 ns, At safepoint: 128317038 ns, Total: 129359720 ns
[2020-08-13T13:10:51.011+0000][6][gc           ] GC(17) Concurrent Cycle
[2020-08-13T13:10:51.011+0000][6][gc,marking   ] GC(17) Concurrent Clear Claimed Marks
[2020-08-13T13:10:51.011+0000][6][gc,marking   ] GC(17) Concurrent Clear Claimed Marks 0.317ms
[2020-08-13T13:10:51.011+0000][6][gc,marking   ] GC(17) Concurrent Scan Root Regions
[2020-08-13T13:10:51.065+0000][6][safepoint    ] Safepoint "CollectForMetadataAllocation", Time since last: 53831024 ns, Reaching safepoint: 65173 ns, At safepoint: 146113 ns, Total: 211286 ns
[2020-08-13T13:10:51.111+0000][6][gc,marking   ] GC(17) Concurrent Scan Root Regions 99.455ms
[2020-08-13T13:10:51.111+0000][6][gc,marking   ] GC(17) Concurrent Mark (27.186s)
[2020-08-13T13:10:51.111+0000][6][gc,marking   ] GC(17) Concurrent Mark From Roots
[2020-08-13T13:10:51.111+0000][6][gc,task      ] GC(17) Using 1 workers of 1 for marking
[2020-08-13T13:10:51.213+0000][6][safepoint    ] Safepoint "CollectForMetadataAllocation", Time since last: 147218055 ns, Reaching safepoint: 113342 ns, At safepoint: 123602 ns, Total: 236944 ns
[2020-08-13T13:10:51.243+0000][6][gc,marking   ] GC(17) Concurrent Mark From Roots 131.623ms
[2020-08-13T13:10:51.243+0000][6][gc,marking   ] GC(17) Concurrent Preclean
[2020-08-13T13:10:51.243+0000][6][gc,marking   ] GC(17) Concurrent Preclean 0.158ms
[2020-08-13T13:10:51.243+0000][6][gc,marking   ] GC(17) Concurrent Mark (27.186s, 27.317s) 131.881ms
[2020-08-13T13:10:51.244+0000][6][gc,start     ] GC(17) Pause Remark
[2020-08-13T13:10:51.263+0000][6][gc           ] GC(17) Pause Remark 52M->52M(256M) 19.391ms
[2020-08-13T13:10:51.263+0000][6][gc,cpu       ] GC(17) User=0.01s Sys=0.00s Real=0.02s
[2020-08-13T13:10:51.263+0000][6][safepoint    ] Safepoint "G1Concurrent", Time since last: 30298438 ns, Reaching safepoint: 942665 ns, At safepoint: 19487374 ns, Total: 20430039 ns
[2020-08-13T13:10:51.263+0000][6][gc,marking   ] GC(17) Concurrent Rebuild Remembered Sets
[2020-08-13T13:10:51.433+0000][6][gc,marking   ] GC(17) Concurrent Rebuild Remembered Sets 169.199ms
[2020-08-13T13:10:51.434+0000][6][gc,start     ] GC(17) Pause Cleanup
[2020-08-13T13:10:51.434+0000][6][gc           ] GC(17) Pause Cleanup 57M->57M(256M) 0.131ms
[2020-08-13T13:10:51.434+0000][6][gc,cpu       ] GC(17) User=0.00s Sys=0.00s Real=0.00s
[2020-08-13T13:10:51.434+0000][6][safepoint    ] Safepoint "G1Concurrent", Time since last: 169336744 ns, Reaching safepoint: 1013357 ns, At safepoint: 172683 ns, Total: 1186040 ns
[2020-08-13T13:10:51.434+0000][6][gc,marking   ] GC(17) Concurrent Cleanup for Next Mark
[2020-08-13T13:10:51.444+0000][6][gc,marking   ] GC(17) Concurrent Cleanup for Next Mark 10.577ms
[2020-08-13T13:10:51.444+0000][6][gc           ] GC(17) Concurrent Cycle 433.393ms
[2020-08-13T13:10:52.322+0000][6][gc,start     ] GC(18) Pause Young (Concurrent Start) (G1 Evacuation Pause)
[2020-08-13T13:10:52.322+0000][6][gc,task      ] GC(18) Using 2 workers of 2 for evacuation
[2020-08-13T13:10:52.322+0000][6][gc,age       ] GC(18) Desired survivor size 8388608 bytes, new threshold 15 (max threshold 15)
[2020-08-13T13:10:52.395+0000][6][gc,age       ] GC(18) Age table with threshold 15 (max threshold 15)
[2020-08-13T13:10:52.395+0000][6][gc,age       ] GC(18) - age   1:    1524496 bytes,    1524496 total
[2020-08-13T13:10:52.395+0000][6][gc,age       ] GC(18) - age   2:    5184056 bytes,    6708552 total
[2020-08-13T13:10:52.395+0000][6][gc,phases    ] GC(18)   Pre Evacuate Collection Set: 0.4ms
[2020-08-13T13:10:52.395+0000][6][gc,phases    ] GC(18)   Merge Heap Roots: 0.1ms
[2020-08-13T13:10:52.395+0000][6][gc,phases    ] GC(18)   Evacuate Collection Set: 71.5ms
[2020-08-13T13:10:52.395+0000][6][gc,phases    ] GC(18)   Post Evacuate Collection Set: 1.1ms
[2020-08-13T13:10:52.395+0000][6][gc,phases    ] GC(18)   Other: 0.3ms
[2020-08-13T13:10:52.395+0000][6][gc,heap      ] GC(18) Eden regions: 119->0(122)
[2020-08-13T13:10:52.395+0000][6][gc,heap      ] GC(18) Survivor regions: 6->7(16)
[2020-08-13T13:10:52.395+0000][6][gc,heap      ] GC(18) Old regions: 41->41
[2020-08-13T13:10:52.395+0000][6][gc,heap      ] GC(18) Archive regions: 2->2
[2020-08-13T13:10:52.395+0000][6][gc,heap      ] GC(18) Humongous regions: 1->1
[2020-08-13T13:10:52.395+0000][6][gc,metaspace ] GC(18) Metaspace: 34872K(38376K)->34872K(38376K) NonClass: 30335K(32744K)->30335K(32744K) Class: 4537K(5632K)->4537K(5632K)
[2020-08-13T13:10:52.395+0000][6][gc           ] GC(18) Pause Young (Concurrent Start) (G1 Evacuation Pause) 166M->49M(256M) 73.493ms
[2020-08-13T13:10:52.395+0000][6][gc,cpu       ] GC(18) User=0.04s Sys=0.00s Real=0.07s
[2020-08-13T13:10:52.395+0000][6][safepoint    ] Safepoint "G1CollectForAllocation", Time since last: 887539580 ns, Reaching safepoint: 202099 ns, At safepoint: 73581802 ns, Total: 73783901 ns
[2020-08-13T13:10:52.395+0000][6][gc           ] GC(19) Concurrent Cycle
[2020-08-13T13:10:52.395+0000][6][gc,marking   ] GC(19) Concurrent Clear Claimed Marks
[2020-08-13T13:10:52.396+0000][6][gc,marking   ] GC(19) Concurrent Clear Claimed Marks 0.330ms
[2020-08-13T13:10:52.396+0000][6][gc,marking   ] GC(19) Concurrent Scan Root Regions
[2020-08-13T13:10:52.420+0000][6][gc,marking   ] GC(19) Concurrent Scan Root Regions 24.704ms
[2020-08-13T13:10:52.420+0000][6][gc,marking   ] GC(19) Concurrent Mark (28.495s)
[2020-08-13T13:10:52.420+0000][6][gc,marking   ] GC(19) Concurrent Mark From Roots
[2020-08-13T13:10:52.420+0000][6][gc,task      ] GC(19) Using 1 workers of 1 for marking
[2020-08-13T13:10:52.771+0000][6][gc,marking   ] GC(19) Concurrent Mark From Roots 350.651ms
[2020-08-13T13:10:52.771+0000][6][gc,marking   ] GC(19) Concurrent Preclean
[2020-08-13T13:10:52.771+0000][6][gc,marking   ] GC(19) Concurrent Preclean 0.150ms
[2020-08-13T13:10:52.771+0000][6][gc,marking   ] GC(19) Concurrent Mark (28.495s, 28.846s) 350.896ms
[2020-08-13T13:10:52.772+0000][6][gc,start     ] GC(19) Pause Remark
[2020-08-13T13:10:52.797+0000][6][gc           ] GC(19) Pause Remark 58M->58M(256M) 25.551ms
[2020-08-13T13:10:52.797+0000][6][gc,cpu       ] GC(19) User=0.01s Sys=0.00s Real=0.03s
[2020-08-13T13:10:52.797+0000][6][safepoint    ] Safepoint "G1Concurrent", Time since last: 376074380 ns, Reaching safepoint: 357159 ns, At safepoint: 25663063 ns, Total: 26020222 ns
[2020-08-13T13:10:52.797+0000][6][gc,marking   ] GC(19) Concurrent Rebuild Remembered Sets
[2020-08-13T13:10:53.065+0000][6][gc,marking   ] GC(19) Concurrent Rebuild Remembered Sets 267.953ms
[2020-08-13T13:10:53.067+0000][6][gc,start     ] GC(19) Pause Cleanup
[2020-08-13T13:10:53.067+0000][6][gc           ] GC(19) Pause Cleanup 62M->62M(256M) 0.147ms
[2020-08-13T13:10:53.067+0000][6][gc,cpu       ] GC(19) User=0.00s Sys=0.00s Real=0.00s
[2020-08-13T13:10:53.067+0000][6][safepoint    ] Safepoint "G1Concurrent", Time since last: 268072767 ns, Reaching safepoint: 1853188 ns, At safepoint: 187391 ns, Total: 2040579 ns
[2020-08-13T13:10:53.067+0000][6][gc,marking   ] GC(19) Concurrent Cleanup for Next Mark
[2020-08-13T13:10:53.068+0000][6][gc,marking   ] GC(19) Concurrent Cleanup for Next Mark 0.644ms
[2020-08-13T13:10:53.068+0000][6][gc           ] GC(19) Concurrent Cycle 672.889ms
[2020-08-13T13:10:54.970+0000][6][safepoint    ] Safepoint "Cleanup", Time since last: 1891287135 ns, Reaching safepoint: 11212887 ns, At safepoint: 5580 ns, Total: 11218467 ns
[2020-08-13T13:10:56.364+0000][6][safepoint    ] Safepoint "Cleanup", Time since last: 1384768054 ns, Reaching safepoint: 9291421 ns, At safepoint: 5740 ns, Total: 9297161 ns
[2020-08-13T13:10:57.370+0000][6][safepoint    ] Safepoint "Cleanup", Time since last: 1005930570 ns, Reaching safepoint: 156063 ns, At safepoint: 2134 ns, Total: 158197 ns
[2020-08-13T13:10:58.809+0000][6][safepoint    ] Safepoint "Cleanup", Time since last: 1427694718 ns, Reaching safepoint: 11120263 ns, At safepoint: 9818 ns, Total: 11130081 ns
[2020-08-13T13:10:59.820+0000][6][safepoint    ] Safepoint "Cleanup", Time since last: 1007601218 ns, Reaching safepoint: 3415363 ns, At safepoint: 4538 ns, Total: 3419901 ns
[2020-08-13T13:11:00.101+0000][6][gc,start     ] GC(20) Pause Young (Normal) (G1 Evacuation Pause)
[2020-08-13T13:11:00.101+0000][6][gc,task      ] GC(20) Using 2 workers of 2 for evacuation
[2020-08-13T13:11:00.101+0000][6][gc,age       ] GC(20) Desired survivor size 8912896 bytes, new threshold 15 (max threshold 15)
[2020-08-13T13:11:00.254+0000][6][gc,age       ] GC(20) Age table with threshold 15 (max threshold 15)
[2020-08-13T13:11:00.254+0000][6][gc,age       ] GC(20) - age   1:    6116680 bytes,    6116680 total
[2020-08-13T13:11:00.254+0000][6][gc,age       ] GC(20) - age   2:    1213616 bytes,    7330296 total
[2020-08-13T13:11:00.254+0000][6][gc,age       ] GC(20) - age   3:    5179560 bytes,   12509856 total
[2020-08-13T13:11:00.254+0000][6][gc,phases    ] GC(20)   Pre Evacuate Collection Set: 0.1ms
[2020-08-13T13:11:00.254+0000][6][gc,phases    ] GC(20)   Merge Heap Roots: 0.2ms
[2020-08-13T13:11:00.254+0000][6][gc,phases    ] GC(20)   Evacuate Collection Set: 120.5ms
[2020-08-13T13:11:00.254+0000][6][gc,phases    ] GC(20)   Post Evacuate Collection Set: 32.6ms
[2020-08-13T13:11:00.254+0000][6][gc,phases    ] GC(20)   Other: 0.3ms
[2020-08-13T13:11:00.254+0000][6][gc,heap      ] GC(20) Eden regions: 122->0(116)
[2020-08-13T13:11:00.254+0000][6][gc,heap      ] GC(20) Survivor regions: 7->13(17)
[2020-08-13T13:11:00.254+0000][6][gc,heap      ] GC(20) Old regions: 41->41
[2020-08-13T13:11:00.254+0000][6][gc,heap      ] GC(20) Archive regions: 2->2
[2020-08-13T13:11:00.254+0000][6][gc,heap      ] GC(20) Humongous regions: 1->1
[2020-08-13T13:11:00.254+0000][6][gc,metaspace ] GC(20) Metaspace: 49872K(54632K)->49872K(54632K) NonClass: 43098K(46056K)->43098K(46056K) Class: 6773K(8576K)->6773K(8576K)
[2020-08-13T13:11:00.255+0000][6][gc           ] GC(20) Pause Young (Normal) (G1 Evacuation Pause) 171M->54M(256M) 153.725ms
[2020-08-13T13:11:00.255+0000][6][gc,cpu       ] GC(20) User=0.05s Sys=0.00s Real=0.15s
[2020-08-13T13:11:00.255+0000][6][safepoint    ] Safepoint "G1CollectForAllocation", Time since last: 280777837 ns, Reaching safepoint: 97262 ns, At safepoint: 153824640 ns, Total: 153921902 ns
[2020-08-13T13:11:01.284+0000][6][safepoint    ] Safepoint "Cleanup", Time since last: 1022779918 ns, Reaching safepoint: 6601325 ns, At safepoint: 8215 ns, Total: 6609540 ns
[2020-08-13T13:11:02.305+0000][6][safepoint    ] Safepoint "Cleanup", Time since last: 1019728125 ns, Reaching safepoint: 1243808 ns, At safepoint: 3146 ns, Total: 1246954 ns
[2020-08-13T13:11:02.513+0000][6][safepoint    ] Safepoint "BulkRevokeBias", Time since last: 207815525 ns, Reaching safepoint: 73668 ns, At safepoint: 127899 ns, Total: 201567 ns
[2020-08-13T13:11:02.517+0000][6][safepoint    ] Safepoint "BulkRevokeBias", Time since last: 3643169 ns, Reaching safepoint: 58740 ns, At safepoint: 109916 ns, Total: 168656 ns
[2020-08-13T13:11:02.518+0000][6][safepoint    ] Safepoint "BulkRevokeBias", Time since last: 1440125 ns, Reaching safepoint: 30207 ns, At safepoint: 106068 ns, Total: 136275 ns
[2020-08-13T13:11:03.340+0000][6][gc,start     ] GC(21) Pause Young (Normal) (G1 Evacuation Pause)
[2020-08-13T13:11:03.340+0000][6][gc,task      ] GC(21) Using 2 workers of 2 for evacuation
[2020-08-13T13:11:03.340+0000][6][gc,age       ] GC(21) Desired survivor size 8912896 bytes, new threshold 3 (max threshold 15)
[2020-08-13T13:11:03.440+0000][6][gc,age       ] GC(21) Age table with threshold 3 (max threshold 15)
[2020-08-13T13:11:03.440+0000][6][gc,age       ] GC(21) - age   1:    3502528 bytes,    3502528 total
[2020-08-13T13:11:03.440+0000][6][gc,age       ] GC(21) - age   2:    5967120 bytes,    9469648 total
[2020-08-13T13:11:03.440+0000][6][gc,age       ] GC(21) - age   3:    1212200 bytes,   10681848 total
[2020-08-13T13:11:03.440+0000][6][gc,phases    ] GC(21)   Pre Evacuate Collection Set: 0.1ms
[2020-08-13T13:11:03.440+0000][6][gc,phases    ] GC(21)   Merge Heap Roots: 0.1ms
[2020-08-13T13:11:03.440+0000][6][gc,phases    ] GC(21)   Evacuate Collection Set: 91.3ms
[2020-08-13T13:11:03.440+0000][6][gc,phases    ] GC(21)   Post Evacuate Collection Set: 8.9ms
[2020-08-13T13:11:03.440+0000][6][gc,phases    ] GC(21)   Other: 0.3ms
[2020-08-13T13:11:03.440+0000][6][gc,heap      ] GC(21) Eden regions: 116->0(115)
[2020-08-13T13:11:03.440+0000][6][gc,heap      ] GC(21) Survivor regions: 13->11(17)
[2020-08-13T13:11:03.440+0000][6][gc,heap      ] GC(21) Old regions: 41->46
[2020-08-13T13:11:03.440+0000][6][gc,heap      ] GC(21) Archive regions: 2->2
[2020-08-13T13:11:03.440+0000][6][gc,heap      ] GC(21) Humongous regions: 1->1
[2020-08-13T13:11:03.440+0000][6][gc,metaspace ] GC(21) Metaspace: 57186K(62568K)->57186K(62568K) NonClass: 49316K(52712K)->49316K(52712K) Class: 7869K(9856K)->7869K(9856K)
[2020-08-13T13:11:03.440+0000][6][gc           ] GC(21) Pause Young (Normal) (G1 Evacuation Pause) 170M->57M(256M) 100.845ms
[2020-08-13T13:11:03.440+0000][6][gc,cpu       ] GC(21) User=0.07s Sys=0.00s Real=0.10s
[2020-08-13T13:11:03.440+0000][6][safepoint    ] Safepoint "G1CollectForAllocation", Time since last: 821045705 ns, Reaching safepoint: 102461 ns, At safepoint: 100938897 ns, Total: 101041358 ns
[2020-08-13T13:11:04.154+0000][6][gc,start     ] GC(22) Pause Young (Concurrent Start) (Metadata GC Threshold)
[2020-08-13T13:11:04.154+0000][6][gc,task      ] GC(22) Using 2 workers of 2 for evacuation
[2020-08-13T13:11:04.154+0000][6][gc,age       ] GC(22) Desired survivor size 8388608 bytes, new threshold 2 (max threshold 15)
[2020-08-13T13:11:04.247+0000][6][gc,age       ] GC(22) Age table with threshold 2 (max threshold 15)
[2020-08-13T13:11:04.247+0000][6][gc,age       ] GC(22) - age   1:     418616 bytes,     418616 total
[2020-08-13T13:11:04.247+0000][6][gc,age       ] GC(22) - age   2:    3454056 bytes,    3872672 total
[2020-08-13T13:11:04.247+0000][6][gc,phases    ] GC(22)   Pre Evacuate Collection Set: 0.1ms
[2020-08-13T13:11:04.247+0000][6][gc,phases    ] GC(22)   Merge Heap Roots: 0.1ms
[2020-08-13T13:11:04.247+0000][6][gc,phases    ] GC(22)   Evacuate Collection Set: 91.2ms
[2020-08-13T13:11:04.247+0000][6][gc,phases    ] GC(22)   Post Evacuate Collection Set: 1.6ms
[2020-08-13T13:11:04.247+0000][6][gc,phases    ] GC(22)   Other: 0.3ms
[2020-08-13T13:11:04.247+0000][6][gc,heap      ] GC(22) Eden regions: 29->0(117)
[2020-08-13T13:11:04.247+0000][6][gc,heap      ] GC(22) Survivor regions: 11->5(16)
[2020-08-13T13:11:04.247+0000][6][gc,heap      ] GC(22) Old regions: 46->53
[2020-08-13T13:11:04.247+0000][6][gc,heap      ] GC(22) Archive regions: 2->2
[2020-08-13T13:11:04.247+0000][6][gc,heap      ] GC(22) Humongous regions: 1->1
[2020-08-13T13:11:04.247+0000][6][gc,metaspace ] GC(22) Metaspace: 59146K(64600K)->59146K(64600K) NonClass: 51000K(54248K)->51000K(54248K) Class: 8146K(10352K)->8146K(10352K)
[2020-08-13T13:11:04.247+0000][6][gc           ] GC(22) Pause Young (Concurrent Start) (Metadata GC Threshold) 86M->59M(256M) 93.470ms
[2020-08-13T13:11:04.247+0000][6][gc,cpu       ] GC(22) User=0.08s Sys=0.00s Real=0.10s
[2020-08-13T13:11:04.247+0000][6][safepoint    ] Safepoint "CollectForMetadataAllocation", Time since last: 712235406 ns, Reaching safepoint: 1143450 ns, At safepoint: 93691642 ns, Total: 94835092 ns
[2020-08-13T13:11:04.248+0000][6][gc           ] GC(23) Concurrent Cycle
[2020-08-13T13:11:04.248+0000][6][gc,marking   ] GC(23) Concurrent Clear Claimed Marks
[2020-08-13T13:11:04.248+0000][6][gc,marking   ] GC(23) Concurrent Clear Claimed Marks 0.736ms
[2020-08-13T13:11:04.248+0000][6][gc,marking   ] GC(23) Concurrent Scan Root Regions
[2020-08-13T13:11:04.281+0000][6][gc,marking   ] GC(23) Concurrent Scan Root Regions 32.997ms
[2020-08-13T13:11:04.281+0000][6][gc,marking   ] GC(23) Concurrent Mark (40.356s)
[2020-08-13T13:11:04.281+0000][6][gc,marking   ] GC(23) Concurrent Mark From Roots
[2020-08-13T13:11:04.281+0000][6][gc,task      ] GC(23) Using 1 workers of 1 for marking
[2020-08-13T13:11:04.404+0000][6][gc,marking   ] GC(23) Concurrent Mark From Roots 122.342ms
[2020-08-13T13:11:04.404+0000][6][gc,marking   ] GC(23) Concurrent Preclean
[2020-08-13T13:11:04.404+0000][6][gc,marking   ] GC(23) Concurrent Preclean 0.154ms
[2020-08-13T13:11:04.404+0000][6][gc,marking   ] GC(23) Concurrent Mark (40.356s, 40.479s) 122.588ms
[2020-08-13T13:11:04.412+0000][6][gc,start     ] GC(23) Pause Remark
[2020-08-13T13:11:04.448+0000][6][gc           ] GC(23) Pause Remark 60M->60M(256M) 36.070ms
[2020-08-13T13:11:04.448+0000][6][gc,cpu       ] GC(23) User=0.01s Sys=0.00s Real=0.04s
[2020-08-13T13:11:04.448+0000][6][safepoint    ] Safepoint "G1Concurrent", Time since last: 156470672 ns, Reaching safepoint: 7813434 ns, At safepoint: 36191790 ns, Total: 44005224 ns
[2020-08-13T13:11:04.448+0000][6][gc,marking   ] GC(23) Concurrent Rebuild Remembered Sets
[2020-08-13T13:11:04.736+0000][6][gc,marking   ] GC(23) Concurrent Rebuild Remembered Sets 287.643ms
[2020-08-13T13:11:04.738+0000][6][gc,start     ] GC(23) Pause Cleanup
[2020-08-13T13:11:04.738+0000][6][gc           ] GC(23) Pause Cleanup 71M->71M(256M) 0.190ms
[2020-08-13T13:11:04.738+0000][6][gc,cpu       ] GC(23) User=0.00s Sys=0.00s Real=0.00s
[2020-08-13T13:11:04.738+0000][6][safepoint    ] Safepoint "G1Concurrent", Time since last: 287774923 ns, Reaching safepoint: 2309042 ns, At safepoint: 230711 ns, Total: 2539753 ns
[2020-08-13T13:11:04.738+0000][6][gc,marking   ] GC(23) Concurrent Cleanup for Next Mark
[2020-08-13T13:11:04.746+0000][6][gc,marking   ] GC(23) Concurrent Cleanup for Next Mark 7.339ms
[2020-08-13T13:11:04.746+0000][6][gc           ] GC(23) Concurrent Cycle 498.201ms
[2020-08-13T13:11:05.749+0000][6][safepoint    ] Safepoint "Cleanup", Time since last: 1005367237 ns, Reaching safepoint: 5382274 ns, At safepoint: 7173 ns, Total: 5389447 ns
[2020-08-13T13:11:07.671+0000][6][safepoint    ] Safepoint "Cleanup", Time since last: 1917852456 ns, Reaching safepoint: 4038981 ns, At safepoint: 5861 ns, Total: 4044842 ns
[2020-08-13T13:11:08.402+0000][6][gc,start     ] GC(24) Pause Young (Normal) (G1 Evacuation Pause)
[2020-08-13T13:11:08.402+0000][6][gc,task      ] GC(24) Using 2 workers of 2 for evacuation
[2020-08-13T13:11:08.402+0000][6][gc,age       ] GC(24) Desired survivor size 8388608 bytes, new threshold 15 (max threshold 15)
[2020-08-13T13:11:08.512+0000][6][gc,age       ] GC(24) Age table with threshold 15 (max threshold 15)
[2020-08-13T13:11:08.512+0000][6][gc,age       ] GC(24) - age   1:    4126648 bytes,    4126648 total
[2020-08-13T13:11:08.512+0000][6][gc,age       ] GC(24) - age   2:     338400 bytes,    4465048 total
[2020-08-13T13:11:08.512+0000][6][gc,age       ] GC(24) - age   3:    3371328 bytes,    7836376 total
[2020-08-13T13:11:08.512+0000][6][gc,phases    ] GC(24)   Pre Evacuate Collection Set: 0.1ms
[2020-08-13T13:11:08.512+0000][6][gc,phases    ] GC(24)   Merge Heap Roots: 0.2ms
[2020-08-13T13:11:08.512+0000][6][gc,phases    ] GC(24)   Evacuate Collection Set: 104.5ms
[2020-08-13T13:11:08.512+0000][6][gc,phases    ] GC(24)   Post Evacuate Collection Set: 5.1ms
[2020-08-13T13:11:08.512+0000][6][gc,phases    ] GC(24)   Other: 0.3ms
[2020-08-13T13:11:08.512+0000][6][gc,heap      ] GC(24) Eden regions: 117->0(114)
[2020-08-13T13:11:08.512+0000][6][gc,heap      ] GC(24) Survivor regions: 5->8(16)
[2020-08-13T13:11:08.512+0000][6][gc,heap      ] GC(24) Old regions: 53->53
[2020-08-13T13:11:08.512+0000][6][gc,heap      ] GC(24) Archive regions: 2->2
[2020-08-13T13:11:08.512+0000][6][gc,heap      ] GC(24) Humongous regions: 1->1
[2020-08-13T13:11:08.512+0000][6][gc,metaspace ] GC(24) Metaspace: 69370K(75096K)->69370K(75096K) NonClass: 59871K(63208K)->59871K(63208K) Class: 9499K(11888K)->9499K(11888K)
[2020-08-13T13:11:08.512+0000][6][gc           ] GC(24) Pause Young (Normal) (G1 Evacuation Pause) 176M->62M(256M) 110.255ms
[2020-08-13T13:11:08.512+0000][6][gc,cpu       ] GC(24) User=0.07s Sys=0.00s Real=0.11s
[2020-08-13T13:11:08.512+0000][6][safepoint    ] Safepoint "G1CollectForAllocation", Time since last: 728705474 ns, Reaching safepoint: 2135686 ns, At safepoint: 110349920 ns, Total: 112485606 ns
[2020-08-13T13:11:09.514+0000][6][safepoint    ] Safepoint "Cleanup", Time since last: 1000509965 ns, Reaching safepoint: 1011524 ns, At safepoint: 3777 ns, Total: 1015301 ns
[2020-08-13T13:11:10.654+0000][6][safepoint    ] Safepoint "Cleanup", Time since last: 1137489125 ns, Reaching safepoint: 2803848 ns, At safepoint: 4579 ns, Total: 2808427 ns
[2020-08-13T13:11:10.748+0000][6][safepoint    ] Safepoint "BulkRevokeBias", Time since last: 85658525 ns, Reaching safepoint: 8547018 ns, At safepoint: 220713 ns, Total: 8767731 ns
[2020-08-13T13:11:10.817+0000][6][safepoint    ] Safepoint "BulkRevokeBias", Time since last: 67938319 ns, Reaching safepoint: 141635 ns, At safepoint: 261259 ns, Total: 402894 ns
[2020-08-13T13:11:12.625+0000][6][safepoint    ] Safepoint "Cleanup", Time since last: 1808023211 ns, Reaching safepoint: 174858 ns, At safepoint: 2815 ns, Total: 177673 ns
[2020-08-13T13:11:13.628+0000][6][safepoint    ] Safepoint "Cleanup", Time since last: 1002753284 ns, Reaching safepoint: 245489 ns, At safepoint: 5550 ns, Total: 251039 ns
[2020-08-13T13:11:14.628+0000][6][safepoint    ] Safepoint "Cleanup", Time since last: 1000260177 ns, Reaching safepoint: 148890 ns, At safepoint: 57668 ns, Total: 206558 ns
[2020-08-13T13:11:15.629+0000][6][safepoint    ] Safepoint "Cleanup", Time since last: 1000493774 ns, Reaching safepoint: 196718 ns, At safepoint: 5069 ns, Total: 201787 ns
[2020-08-13T13:11:16.630+0000][6][safepoint    ] Safepoint "Cleanup", Time since last: 1000521687 ns, Reaching safepoint: 84358 ns, At safepoint: 62988 ns, Total: 147346 ns
[2020-08-13T13:11:17.630+0000][6][safepoint    ] Safepoint "Cleanup", Time since last: 1000066596 ns, Reaching safepoint: 280044 ns, At safepoint: 60853 ns, Total: 340897 ns
[2020-08-13T13:11:18.633+0000][6][safepoint    ] Safepoint "Cleanup", Time since last: 1002529475 ns, Reaching safepoint: 203862 ns, At safepoint: 2835 ns, Total: 206697 ns
[2020-08-13T13:11:19.631+0000][6][safepoint    ] Safepoint "BulkRevokeBias", Time since last: 998126794 ns, Reaching safepoint: 90079 ns, At safepoint: 218188 ns, Total: 308267 ns
[2020-08-13T13:11:19.632+0000][6][safepoint    ] Safepoint "BulkRevokeBias", Time since last: 463999 ns, Reaching safepoint: 39193 ns, At safepoint: 186910 ns, Total: 226103 ns
[2020-08-13T13:11:19.633+0000][6][safepoint    ] Safepoint "BulkRevokeBias", Time since last: 402414 ns, Reaching safepoint: 30466 ns, At safepoint: 198021 ns, Total: 228487 ns
[2020-08-13T13:11:19.634+0000][6][safepoint    ] Safepoint "BulkRevokeBias", Time since last: 1198153 ns, Reaching safepoint: 124051 ns, At safepoint: 201057 ns, Total: 325108 ns
[2020-08-13T13:11:21.630+0000][6][safepoint    ] Safepoint "Cleanup", Time since last: 1995329019 ns, Reaching safepoint: 198522 ns, At safepoint: 5881 ns, Total: 204403 ns
[2020-08-13T13:11:22.630+0000][6][safepoint    ] Safepoint "Cleanup", Time since last: 1000326952 ns, Reaching safepoint: 115977 ns, At safepoint: 2134 ns, Total: 118111 ns
[2020-08-13T13:11:23.634+0000][6][safepoint    ] Safepoint "Cleanup", Time since last: 1003530368 ns, Reaching safepoint: 92823 ns, At safepoint: 1944 ns, Total: 94767 ns
[2020-08-13T13:11:25.634+0000][6][safepoint    ] Safepoint "Cleanup", Time since last: 1999520755 ns, Reaching safepoint: 177583 ns, At safepoint: 59621 ns, Total: 237204 ns
[2020-08-13T13:11:26.634+0000][6][safepoint    ] Safepoint "Cleanup", Time since last: 1000416550 ns, Reaching safepoint: 108092 ns, At safepoint: 2696 ns, Total: 110788 ns
[2020-08-13T13:11:27.634+0000][6][safepoint    ] Safepoint "Cleanup", Time since last: 1000048432 ns, Reaching safepoint: 223087 ns, At safepoint: 3026 ns, Total: 226113 ns
[2020-08-13T13:11:29.636+0000][6][safepoint    ] Safepoint "BulkRevokeBias", Time since last: 2000536365 ns, Reaching safepoint: 547194 ns, At safepoint: 384800 ns, Total: 931994 ns
[2020-08-13T13:11:29.637+0000][6][safepoint    ] Safepoint "BulkRevokeBias", Time since last: 428722 ns, Reaching safepoint: 120065 ns, At safepoint: 172873 ns, Total: 292938 ns
[2020-08-13T13:11:29.639+0000][6][safepoint    ] Safepoint "BulkRevokeBias", Time since last: 1674224 ns, Reaching safepoint: 444241 ns, At safepoint: 142968 ns, Total: 587209 ns
[2020-08-13T13:11:29.640+0000][6][safepoint    ] Safepoint "BulkRevokeBias", Time since last: 565970 ns, Reaching safepoint: 26760 ns, At safepoint: 334055 ns, Total: 360815 ns
[2020-08-13T13:11:31.248+0000][6][safepoint    ] Safepoint "Cleanup", Time since last: 1607884697 ns, Reaching safepoint: 141725 ns, At safepoint: 3075 ns, Total: 144800 ns
[2020-08-13T13:11:32.248+0000][6][safepoint    ] Safepoint "Cleanup", Time since last: 1000158689 ns, Reaching safepoint: 97513 ns, At safepoint: 2495 ns, Total: 100008 ns
[2020-08-13T13:11:33.248+0000][6][safepoint    ] Safepoint "Cleanup", Time since last: 1000108072 ns, Reaching safepoint: 141325 ns, At safepoint: 3065 ns, Total: 144390 ns
[2020-08-13T13:11:34.249+0000][6][safepoint    ] Safepoint "Cleanup", Time since last: 1000153668 ns, Reaching safepoint: 121738 ns, At safepoint: 2214 ns, Total: 123952 ns
[2020-08-13T13:11:36.249+0000][6][safepoint    ] Safepoint "Cleanup", Time since last: 2000208652 ns, Reaching safepoint: 110868 ns, At safepoint: 3005 ns, Total: 113873 ns
[2020-08-13T13:11:37.636+0000][6][safepoint    ] Safepoint "Cleanup", Time since last: 1387287359 ns, Reaching safepoint: 295443 ns, At safepoint: 7924 ns, Total: 303367 ns
[2020-08-13T13:11:38.637+0000][6][safepoint    ] Safepoint "Cleanup", Time since last: 1000557044 ns, Reaching safepoint: 185767 ns, At safepoint: 4960 ns, Total: 190727 ns
[2020-08-13T13:11:39.638+0000][6][safepoint    ] Safepoint "Cleanup", Time since last: 1000183915 ns, Reaching safepoint: 813091 ns, At safepoint: 7023 ns, Total: 820114 ns
[2020-08-13T13:11:40.642+0000][6][safepoint    ] Safepoint "Cleanup", Time since last: 1003429981 ns, Reaching safepoint: 562042 ns, At safepoint: 5199 ns, Total: 567241 ns
[2020-08-13T13:11:41.643+0000][6][safepoint    ] Safepoint "Cleanup", Time since last: 1000179366 ns, Reaching safepoint: 134853 ns, At safepoint: 2004 ns, Total: 136857 ns
[2020-08-13T13:11:42.643+0000][6][safepoint    ] Safepoint "Cleanup", Time since last: 1000122129 ns, Reaching safepoint: 117690 ns, At safepoint: 2195 ns, Total: 119885 ns
[2020-08-13T13:11:43.643+0000][6][safepoint    ] Safepoint "Cleanup", Time since last: 1000148047 ns, Reaching safepoint: 91732 ns, At safepoint: 71775 ns, Total: 163507 ns
[2020-08-13T13:11:44.643+0000][6][safepoint    ] Safepoint "Cleanup", Time since last: 1000129933 ns, Reaching safepoint: 69410 ns, At safepoint: 2825 ns, Total: 72235 ns
[2020-08-13T13:11:45.643+0000][6][safepoint    ] Safepoint "Cleanup", Time since last: 1000124283 ns, Reaching safepoint: 86822 ns, At safepoint: 2625 ns, Total: 89447 ns
[2020-08-13T13:11:47.642+0000][6][safepoint    ] Safepoint "Cleanup", Time since last: 1997862871 ns, Reaching safepoint: 213670 ns, At safepoint: 6803 ns, Total: 220473 ns
[2020-08-13T13:11:48.642+0000][6][safepoint    ] Safepoint "Cleanup", Time since last: 1000411150 ns, Reaching safepoint: 145933 ns, At safepoint: 6261 ns, Total: 152194 ns
[2020-08-13T13:11:49.643+0000][6][safepoint    ] Safepoint "Cleanup", Time since last: 1000949157 ns, Reaching safepoint: 244448 ns, At safepoint: 67005 ns, Total: 311453 ns
[2020-08-13T13:11:50.644+0000][6][safepoint    ] Safepoint "Cleanup", Time since last: 1000172323 ns, Reaching safepoint: 462185 ns, At safepoint: 5130 ns, Total: 467315 ns
[2020-08-13T13:11:52.644+0000][6][safepoint    ] Safepoint "Cleanup", Time since last: 1999485829 ns, Reaching safepoint: 150601 ns, At safepoint: 2886 ns, Total: 153487 ns
[2020-08-13T13:11:53.644+0000][6][safepoint    ] Safepoint "Cleanup", Time since last: 1000196569 ns, Reaching safepoint: 195044 ns, At safepoint: 6973 ns, Total: 202017 ns
[2020-08-13T13:11:55.641+0000][6][safepoint    ] Safepoint "Cleanup", Time since last: 1996204066 ns, Reaching safepoint: 279714 ns, At safepoint: 7764 ns, Total: 287478 ns
[2020-08-13T13:11:56.641+0000][6][safepoint    ] Safepoint "Cleanup", Time since last: 1000198161 ns, Reaching safepoint: 556402 ns, At safepoint: 105678 ns, Total: 662080 ns
[2020-08-13T13:11:57.646+0000][6][safepoint    ] Safepoint "Cleanup", Time since last: 1004211663 ns, Reaching safepoint: 150462 ns, At safepoint: 2965 ns, Total: 153427 ns
[2020-08-13T13:11:58.646+0000][6][safepoint    ] Safepoint "Cleanup", Time since last: 1000140834 ns, Reaching safepoint: 153927 ns, At safepoint: 5380 ns, Total: 159307 ns
[2020-08-13T13:11:59.648+0000][6][safepoint    ] Safepoint "Cleanup", Time since last: 1002025312 ns, Reaching safepoint: 122479 ns, At safepoint: 2164 ns, Total: 124643 ns
[2020-08-13T13:12:00.649+0000][6][safepoint    ] Safepoint "Cleanup", Time since last: 1000132879 ns, Reaching safepoint: 162825 ns, At safepoint: 2214 ns, Total: 165039 ns
[2020-08-13T13:12:01.649+0000][6][safepoint    ] Safepoint "Cleanup", Time since last: 1000114534 ns, Reaching safepoint: 87865 ns, At safepoint: 2144 ns, Total: 90009 ns
[2020-08-13T13:12:02.649+0000][6][safepoint    ] Safepoint "Cleanup", Time since last: 1000149511 ns, Reaching safepoint: 136064 ns, At safepoint: 2695 ns, Total: 138759 ns
[2020-08-13T13:12:03.649+0000][6][safepoint    ] Safepoint "Cleanup", Time since last: 1000119805 ns, Reaching safepoint: 89737 ns, At safepoint: 2415 ns, Total: 92152 ns
[2020-08-13T13:12:04.650+0000][6][safepoint    ] Safepoint "Cleanup", Time since last: 1000150843 ns, Reaching safepoint: 107481 ns, At safepoint: 67836 ns, Total: 175317 ns
[2020-08-13T13:12:05.650+0000][6][safepoint    ] Safepoint "Cleanup", Time since last: 1000153969 ns, Reaching safepoint: 157715 ns, At safepoint: 2334 ns, Total: 160049 ns
[2020-08-13T13:12:08.648+0000][6][safepoint    ] Safepoint "Cleanup", Time since last: 2997568760 ns, Reaching safepoint: 715480 ns, At safepoint: 7814 ns, Total: 723294 ns
[2020-08-13T13:12:10.649+0000][6][safepoint    ] Safepoint "Cleanup", Time since last: 2001084682 ns, Reaching safepoint: 210804 ns, At safepoint: 4839 ns, Total: 215643 ns
[2020-08-13T13:12:10.861+0000][6][gc,start     ] GC(25) Pause Young (Normal) (G1 Evacuation Pause)
[2020-08-13T13:12:10.861+0000][6][gc,task      ] GC(25) Using 2 workers of 2 for evacuation
[2020-08-13T13:12:10.861+0000][6][gc,age       ] GC(25) Desired survivor size 8388608 bytes, new threshold 15 (max threshold 15)
[2020-08-13T13:12:10.881+0000][6][gc,age       ] GC(25) Age table with threshold 15 (max threshold 15)
[2020-08-13T13:12:10.881+0000][6][gc,age       ] GC(25) - age   1:    2676536 bytes,    2676536 total
[2020-08-13T13:12:10.881+0000][6][gc,age       ] GC(25) - age   2:    3692648 bytes,    6369184 total
[2020-08-13T13:12:10.881+0000][6][gc,age       ] GC(25) - age   3:     336960 bytes,    6706144 total
[2020-08-13T13:12:10.881+0000][6][gc,age       ] GC(25) - age   4:    3356240 bytes,   10062384 total
[2020-08-13T13:12:10.881+0000][6][gc,phases    ] GC(25)   Pre Evacuate Collection Set: 0.0ms
[2020-08-13T13:12:10.881+0000][6][gc,phases    ] GC(25)   Merge Heap Roots: 0.1ms
[2020-08-13T13:12:10.881+0000][6][gc,phases    ] GC(25)   Evacuate Collection Set: 17.5ms
[2020-08-13T13:12:10.881+0000][6][gc,phases    ] GC(25)   Post Evacuate Collection Set: 2.2ms
[2020-08-13T13:12:10.881+0000][6][gc,phases    ] GC(25)   Other: 0.3ms
[2020-08-13T13:12:10.881+0000][6][gc,heap      ] GC(25) Eden regions: 114->0(114)
[2020-08-13T13:12:10.881+0000][6][gc,heap      ] GC(25) Survivor regions: 8->10(16)
[2020-08-13T13:12:10.881+0000][6][gc,heap      ] GC(25) Old regions: 53->53
[2020-08-13T13:12:10.881+0000][6][gc,heap      ] GC(25) Archive regions: 2->2
[2020-08-13T13:12:10.881+0000][6][gc,heap      ] GC(25) Humongous regions: 1->1
[2020-08-13T13:12:10.881+0000][6][gc,metaspace ] GC(25) Metaspace: 78200K(84824K)->78200K(84824K) NonClass: 67526K(71400K)->67526K(71400K) Class: 10674K(13424K)->10674K(13424K)
[2020-08-13T13:12:10.881+0000][6][gc           ] GC(25) Pause Young (Normal) (G1 Evacuation Pause) 176M->64M(256M) 20.200ms
[2020-08-13T13:12:10.881+0000][6][gc,cpu       ] GC(25) User=0.04s Sys=0.00s Real=0.02s
[2020-08-13T13:12:10.881+0000][6][safepoint    ] Safepoint "G1CollectForAllocation", Time since last: 211574921 ns, Reaching safepoint: 124262 ns, At safepoint: 20308742 ns, Total: 20433004 ns
[2020-08-13T13:12:12.649+0000][6][safepoint    ] Safepoint "Cleanup", Time since last: 1766539837 ns, Reaching safepoint: 511538 ns, At safepoint: 64511 ns, Total: 576049 ns
[2020-08-13T13:12:13.649+0000][6][safepoint    ] Safepoint "Cleanup", Time since last: 1000474639 ns, Reaching safepoint: 281867 ns, At safepoint: 11402 ns, Total: 293269 ns
[2020-08-13T13:12:14.650+0000][6][safepoint    ] Safepoint "Cleanup", Time since last: 1000241852 ns, Reaching safepoint: 202099 ns, At safepoint: 9268 ns, Total: 211367 ns
[2020-08-13T13:12:15.651+0000][6][safepoint    ] Safepoint "Cleanup", Time since last: 1001089058 ns, Reaching safepoint: 200025 ns, At safepoint: 54482 ns, Total: 254507 ns
[2020-08-13T13:12:16.651+0000][6][safepoint    ] Safepoint "Cleanup", Time since last: 1000140133 ns, Reaching safepoint: 83836 ns, At safepoint: 6723 ns, Total: 90559 ns
[2020-08-13T13:12:17.653+0000][6][safepoint    ] Safepoint "Cleanup", Time since last: 1001256352 ns, Reaching safepoint: 126206 ns, At safepoint: 2445 ns, Total: 128651 ns
[2020-08-13T13:12:20.653+0000][6][safepoint    ] Safepoint "Cleanup", Time since last: 3000248687 ns, Reaching safepoint: 82845 ns, At safepoint: 2575 ns, Total: 85420 ns
[2020-08-13T13:12:22.652+0000][6][safepoint    ] Safepoint "Cleanup", Time since last: 1998468123 ns, Reaching safepoint: 137518 ns, At safepoint: 7203 ns, Total: 144721 ns
[2020-08-13T13:12:23.652+0000][6][safepoint    ] Safepoint "Cleanup", Time since last: 1000183954 ns, Reaching safepoint: 121959 ns, At safepoint: 2294 ns, Total: 124253 ns
[2020-08-13T13:12:26.653+0000][6][safepoint    ] Safepoint "Cleanup", Time since last: 3001102115 ns, Reaching safepoint: 245749 ns, At safepoint: 5711 ns, Total: 251460 ns
[2020-08-13T13:12:34.657+0000][6][safepoint    ] Safepoint "Cleanup", Time since last: 8003821016 ns, Reaching safepoint: 79229 ns, At safepoint: 2785 ns, Total: 82014 ns
[2020-08-13T13:12:36.658+0000][6][safepoint    ] Safepoint "Cleanup", Time since last: 2000236774 ns, Reaching safepoint: 125716 ns, At safepoint: 63068 ns, Total: 188784 ns
[2020-08-13T13:12:37.658+0000][6][safepoint    ] Safepoint "Cleanup", Time since last: 1000130866 ns, Reaching safepoint: 171661 ns, At safepoint: 6331 ns, Total: 177992 ns
[2020-08-13T13:12:38.659+0000][6][safepoint    ] Safepoint "Cleanup", Time since last: 1000890407 ns, Reaching safepoint: 109365 ns, At safepoint: 1884 ns, Total: 111249 ns
[2020-08-13T13:12:40.659+0000][6][safepoint    ] Safepoint "Cleanup", Time since last: 2000192140 ns, Reaching safepoint: 78468 ns, At safepoint: 1953 ns, Total: 80421 ns
[2020-08-13T13:12:42.656+0000][6][safepoint    ] Safepoint "Cleanup", Time since last: 1996023378 ns, Reaching safepoint: 188934 ns, At safepoint: 5700 ns, Total: 194634 ns
[2020-08-13T13:12:43.656+0000][6][safepoint    ] Safepoint "Cleanup", Time since last: 1000451957 ns, Reaching safepoint: 232265 ns, At safepoint: 56976 ns, Total: 289241 ns
[2020-08-13T13:12:45.657+0000][6][safepoint    ] Safepoint "Cleanup", Time since last: 2000457036 ns, Reaching safepoint: 271237 ns, At safepoint: 56226 ns, Total: 327463 ns
[2020-08-13T13:12:46.658+0000][6][safepoint    ] Safepoint "Cleanup", Time since last: 1000510135 ns, Reaching safepoint: 196809 ns, At safepoint: 6332 ns, Total: 203141 ns
[2020-08-13T13:12:47.658+0000][6][safepoint    ] Safepoint "Cleanup", Time since last: 1000156063 ns, Reaching safepoint: 244838 ns, At safepoint: 4659 ns, Total: 249497 ns
[2020-08-13T13:12:48.659+0000][6][safepoint    ] Safepoint "Cleanup", Time since last: 1000507620 ns, Reaching safepoint: 128521 ns, At safepoint: 7153 ns, Total: 135674 ns
[2020-08-13T13:12:50.660+0000][6][safepoint    ] Safepoint "Cleanup", Time since last: 2001356130 ns, Reaching safepoint: 83547 ns, At safepoint: 2355 ns, Total: 85902 ns
[2020-08-13T13:12:52.658+0000][6][safepoint    ] Safepoint "Cleanup", Time since last: 1997892513 ns, Reaching safepoint: 197741 ns, At safepoint: 3376 ns, Total: 201117 ns
[2020-08-13T13:12:54.659+0000][6][safepoint    ] Safepoint "Cleanup", Time since last: 2000643652 ns, Reaching safepoint: 86651 ns, At safepoint: 2815 ns, Total: 89466 ns
[2020-08-13T13:12:57.661+0000][6][safepoint    ] Safepoint "Cleanup", Time since last: 3001458979 ns, Reaching safepoint: 229219 ns, At safepoint: 5641 ns, Total: 234860 ns
[2020-08-13T13:13:00.664+0000][6][safepoint    ] Safepoint "Cleanup", Time since last: 3003392137 ns, Reaching safepoint: 137547 ns, At safepoint: 2295 ns, Total: 139842 ns
[2020-08-13T13:13:01.664+0000][6][safepoint    ] Safepoint "Cleanup", Time since last: 1000112062 ns, Reaching safepoint: 84408 ns, At safepoint: 2695 ns, Total: 87103 ns
[2020-08-13T13:13:03.660+0000][6][safepoint    ] Safepoint "Cleanup", Time since last: 1995561208 ns, Reaching safepoint: 127197 ns, At safepoint: 4088 ns, Total: 131285 ns
[2020-08-13T13:13:04.661+0000][6][safepoint    ] Safepoint "Cleanup", Time since last: 1000916238 ns, Reaching safepoint: 261820 ns, At safepoint: 5130 ns, Total: 266950 ns
[2020-08-13T13:13:05.662+0000][6][safepoint    ] Safepoint "Cleanup", Time since last: 1000159321 ns, Reaching safepoint: 140362 ns, At safepoint: 2925 ns, Total: 143287 ns
[2020-08-13T13:13:06.664+0000][6][safepoint    ] Safepoint "Cleanup", Time since last: 1002155308 ns, Reaching safepoint: 197228 ns, At safepoint: 61476 ns, Total: 258704 ns
[2020-08-13T13:13:07.664+0000][6][safepoint    ] Safepoint "Cleanup", Time since last: 1000139263 ns, Reaching safepoint: 135484 ns, At safepoint: 2685 ns, Total: 138169 ns
[2020-08-13T13:13:08.665+0000][6][safepoint    ] Safepoint "Cleanup", Time since last: 1000120770 ns, Reaching safepoint: 184535 ns, At safepoint: 3787 ns, Total: 188322 ns
[2020-08-13T13:13:09.665+0000][6][safepoint    ] Safepoint "Cleanup", Time since last: 1000127691 ns, Reaching safepoint: 91141 ns, At safepoint: 2455 ns, Total: 93596 ns
[2020-08-13T13:13:10.665+0000][6][safepoint    ] Safepoint "Cleanup", Time since last: 1000124955 ns, Reaching safepoint: 90991 ns, At safepoint: 3306 ns, Total: 94297 ns
[2020-08-13T13:13:11.665+0000][6][safepoint    ] Safepoint "Cleanup", Time since last: 1000121721 ns, Reaching safepoint: 89608 ns, At safepoint: 2384 ns, Total: 91992 ns
[2020-08-13T13:13:12.666+0000][6][safepoint    ] Safepoint "Cleanup", Time since last: 1000132992 ns, Reaching safepoint: 87474 ns, At safepoint: 2634 ns, Total: 90108 ns
[2020-08-13T13:13:13.666+0000][6][safepoint    ] Safepoint "Cleanup", Time since last: 1000199276 ns, Reaching safepoint: 90850 ns, At safepoint: 2284 ns, Total: 93134 ns
[2020-08-13T13:13:14.666+0000][6][safepoint    ] Safepoint "Cleanup", Time since last: 1000131118 ns, Reaching safepoint: 123892 ns, At safepoint: 2144 ns, Total: 126036 ns
[2020-08-13T13:13:15.666+0000][6][safepoint    ] Safepoint "Cleanup", Time since last: 1000125940 ns, Reaching safepoint: 90869 ns, At safepoint: 2485 ns, Total: 93354 ns
[2020-08-13T13:13:16.667+0000][6][safepoint    ] Safepoint "Cleanup", Time since last: 1000130689 ns, Reaching safepoint: 78626 ns, At safepoint: 2735 ns, Total: 81361 ns
[2020-08-13T13:13:17.667+0000][6][safepoint    ] Safepoint "Cleanup", Time since last: 1000167527 ns, Reaching safepoint: 285143 ns, At safepoint: 7374 ns, Total: 292517 ns
[2020-08-13T13:13:18.667+0000][6][safepoint    ] Safepoint "Cleanup", Time since last: 1000135097 ns, Reaching safepoint: 186769 ns, At safepoint: 60323 ns, Total: 247092 ns
[2020-08-13T13:13:19.668+0000][6][safepoint    ] Safepoint "Cleanup", Time since last: 1000708428 ns, Reaching safepoint: 135193 ns, At safepoint: 2434 ns, Total: 137627 ns
[2020-08-13T13:13:20.668+0000][6][safepoint    ] Safepoint "Cleanup", Time since last: 1000123905 ns, Reaching safepoint: 86712 ns, At safepoint: 2625 ns, Total: 89337 ns
[2020-08-13T13:13:21.669+0000][6][safepoint    ] Safepoint "Cleanup", Time since last: 1000135618 ns, Reaching safepoint: 176050 ns, At safepoint: 7264 ns, Total: 183314 ns
[2020-08-13T13:13:22.670+0000][6][safepoint    ] Safepoint "Cleanup", Time since last: 1001176824 ns, Reaching safepoint: 113313 ns, At safepoint: 2554 ns, Total: 115867 ns
[2020-08-13T13:13:23.670+0000][6][safepoint    ] Safepoint "Cleanup", Time since last: 1000125617 ns, Reaching safepoint: 118643 ns, At safepoint: 2084 ns, Total: 120727 ns
[2020-08-13T13:13:24.671+0000][6][safepoint    ] Safepoint "Cleanup", Time since last: 1000131118 ns, Reaching safepoint: 118412 ns, At safepoint: 2144 ns, Total: 120556 ns
[2020-08-13T13:13:25.671+0000][6][safepoint    ] Safepoint "Cleanup", Time since last: 1000095400 ns, Reaching safepoint: 116368 ns, At safepoint: 2284 ns, Total: 118652 ns
[2020-08-13T13:13:26.671+0000][6][safepoint    ] Safepoint "Cleanup", Time since last: 1000131308 ns, Reaching safepoint: 89408 ns, At safepoint: 2755 ns, Total: 92163 ns
[2020-08-13T13:13:27.671+0000][6][safepoint    ] Safepoint "Cleanup", Time since last: 1000166465 ns, Reaching safepoint: 163044 ns, At safepoint: 2665 ns, Total: 165709 ns
[2020-08-13T13:13:28.672+0000][6][safepoint    ] Safepoint "Cleanup", Time since last: 1000140686 ns, Reaching safepoint: 138290 ns, At safepoint: 2324 ns, Total: 140614 ns
[2020-08-13T13:13:29.672+0000][6][safepoint    ] Safepoint "Cleanup", Time since last: 1000140706 ns, Reaching safepoint: 103744 ns, At safepoint: 2475 ns, Total: 106219 ns
[2020-08-13T13:13:30.672+0000][6][safepoint    ] Safepoint "Cleanup", Time since last: 1000130216 ns, Reaching safepoint: 108604 ns, At safepoint: 2575 ns, Total: 111179 ns
[2020-08-13T13:13:32.672+0000][6][safepoint    ] Safepoint "Cleanup", Time since last: 2000193949 ns, Reaching safepoint: 94617 ns, At safepoint: 2465 ns, Total: 97082 ns
[2020-08-13T13:13:36.673+0000][6][safepoint    ] Safepoint "Cleanup", Time since last: 4000344587 ns, Reaching safepoint: 113552 ns, At safepoint: 2866 ns, Total: 116418 ns
[2020-08-13T13:13:41.669+0000][6][safepoint    ] Safepoint "Cleanup", Time since last: 4996105315 ns, Reaching safepoint: 439343 ns, At safepoint: 52026 ns, Total: 491369 ns
[2020-08-13T13:13:44.669+0000][6][safepoint    ] Safepoint "Cleanup", Time since last: 2999265255 ns, Reaching safepoint: 184826 ns, At safepoint: 3907 ns, Total: 188733 ns
[2020-08-13T13:13:47.670+0000][6][safepoint    ] Safepoint "Cleanup", Time since last: 3001346368 ns, Reaching safepoint: 102502 ns, At safepoint: 106199 ns, Total: 208701 ns
[2020-08-13T13:13:48.671+0000][6][safepoint    ] Safepoint "Cleanup", Time since last: 1000118635 ns, Reaching safepoint: 94527 ns, At safepoint: 2475 ns, Total: 97002 ns
[2020-08-13T13:13:52.671+0000][6][safepoint    ] Safepoint "Cleanup", Time since last: 4000466594 ns, Reaching safepoint: 121368 ns, At safepoint: 3697 ns, Total: 125065 ns
[2020-08-13T13:13:53.674+0000][6][safepoint    ] Safepoint "Cleanup", Time since last: 1002973117 ns, Reaching safepoint: 122810 ns, At safepoint: 2124 ns, Total: 124934 ns
[2020-08-13T13:13:56.675+0000][6][safepoint    ] Safepoint "Cleanup", Time since last: 3000276726 ns, Reaching safepoint: 115576 ns, At safepoint: 2525 ns, Total: 118101 ns
[2020-08-13T13:13:58.672+0000][6][safepoint    ] Safepoint "Cleanup", Time since last: 1997203391 ns, Reaching safepoint: 238466 ns, At safepoint: 5401 ns, Total: 243867 ns
[2020-08-13T13:14:00.673+0000][6][safepoint    ] Safepoint "Cleanup", Time since last: 2000670282 ns, Reaching safepoint: 132597 ns, At safepoint: 2786 ns, Total: 135383 ns
[2020-08-13T13:14:14.675+0000][6][safepoint    ] Safepoint "Cleanup", Time since last: 14001827289 ns, Reaching safepoint: 230141 ns, At safepoint: 3858 ns, Total: 233999 ns
[2020-08-13T13:14:15.677+0000][6][safepoint    ] Safepoint "Cleanup", Time since last: 1000304861 ns, Reaching safepoint: 1465224 ns, At safepoint: 8746 ns, Total: 1473970 ns
[2020-08-13T13:14:16.677+0000][6][safepoint    ] Safepoint "Cleanup", Time since last: 1000132299 ns, Reaching safepoint: 139452 ns, At safepoint: 2895 ns, Total: 142347 ns
[2020-08-13T13:14:18.677+0000][6][safepoint    ] Safepoint "Cleanup", Time since last: 1998778039 ns, Reaching safepoint: 593171 ns, At safepoint: 113311 ns, Total: 706482 ns
[2020-08-13T13:14:20.677+0000][6][safepoint    ] Safepoint "Cleanup", Time since last: 2000226139 ns, Reaching safepoint: 103254 ns, At safepoint: 2976 ns, Total: 106230 ns
[2020-08-13T13:14:21.679+0000][6][safepoint    ] Safepoint "Cleanup", Time since last: 1000857558 ns, Reaching safepoint: 818321 ns, At safepoint: 77806 ns, Total: 896127 ns
[2020-08-13T13:14:22.679+0000][6][safepoint    ] Safepoint "Cleanup", Time since last: 1000143152 ns, Reaching safepoint: 113121 ns, At safepoint: 78898 ns, Total: 192019 ns
[2020-08-13T13:14:23.681+0000][6][safepoint    ] Safepoint "Cleanup", Time since last: 1001621848 ns, Reaching safepoint: 138830 ns, At safepoint: 2144 ns, Total: 140974 ns
[2020-08-13T13:14:26.681+0000][6][safepoint    ] Safepoint "Cleanup", Time since last: 3000260125 ns, Reaching safepoint: 92023 ns, At safepoint: 2695 ns, Total: 94718 ns
[2020-08-13T13:14:27.681+0000][6][safepoint    ] Safepoint "Cleanup", Time since last: 1000141297 ns, Reaching safepoint: 131075 ns, At safepoint: 2254 ns, Total: 133329 ns
[2020-08-13T13:14:28.682+0000][6][safepoint    ] Safepoint "Cleanup", Time since last: 1000129765 ns, Reaching safepoint: 97824 ns, At safepoint: 2635 ns, Total: 100459 ns
[2020-08-13T13:14:29.682+0000][6][safepoint    ] Safepoint "Cleanup", Time since last: 1000120087 ns, Reaching safepoint: 139751 ns, At safepoint: 1954 ns, Total: 141705 ns
[2020-08-13T13:14:30.682+0000][6][safepoint    ] Safepoint "Cleanup", Time since last: 1000132631 ns, Reaching safepoint: 180538 ns, At safepoint: 2625 ns, Total: 183163 ns
[2020-08-13T13:14:31.682+0000][6][safepoint    ] Safepoint "Cleanup", Time since last: 1000118304 ns, Reaching safepoint: 86021 ns, At safepoint: 2605 ns, Total: 88626 ns
[2020-08-13T13:14:32.683+0000][6][safepoint    ] Safepoint "Cleanup", Time since last: 1000139403 ns, Reaching safepoint: 143499 ns, At safepoint: 2244 ns, Total: 145743 ns
[2020-08-13T13:14:33.683+0000][6][safepoint    ] Safepoint "Cleanup", Time since last: 1000124497 ns, Reaching safepoint: 186128 ns, At safepoint: 2254 ns, Total: 188382 ns
[2020-08-13T13:14:36.683+0000][6][safepoint    ] Safepoint "Cleanup", Time since last: 3000274823 ns, Reaching safepoint: 142898 ns, At safepoint: 2454 ns, Total: 145352 ns
[2020-08-13T13:14:38.679+0000][6][safepoint    ] Safepoint "Cleanup", Time since last: 1995916323 ns, Reaching safepoint: 128920 ns, At safepoint: 2425 ns, Total: 131345 ns
[2020-08-13T13:14:39.680+0000][6][safepoint    ] Safepoint "Cleanup", Time since last: 1000426992 ns, Reaching safepoint: 299981 ns, At safepoint: 105889 ns, Total: 405870 ns
[2020-08-13T13:14:40.681+0000][6][safepoint    ] Safepoint "Cleanup", Time since last: 1000133592 ns, Reaching safepoint: 78758 ns, At safepoint: 2445 ns, Total: 81203 ns
[2020-08-13T13:14:41.681+0000][6][safepoint    ] Safepoint "Cleanup", Time since last: 1000154471 ns, Reaching safepoint: 113734 ns, At safepoint: 2094 ns, Total: 115828 ns
[2020-08-13T13:14:42.680+0000][6][safepoint    ] Safepoint "BulkRevokeBias", Time since last: 998798955 ns, Reaching safepoint: 124483 ns, At safepoint: 261099 ns, Total: 385582 ns
[2020-08-13T13:14:43.680+0000][6][safepoint    ] Safepoint "Cleanup", Time since last: 1000265769 ns, Reaching safepoint: 188593 ns, At safepoint: 56856 ns, Total: 245449 ns
[2020-08-13T13:14:44.681+0000][6][safepoint    ] Safepoint "Cleanup", Time since last: 1000176575 ns, Reaching safepoint: 209261 ns, At safepoint: 5580 ns, Total: 214841 ns
[2020-08-13T13:14:45.681+0000][6][safepoint    ] Safepoint "Cleanup", Time since last: 1000142992 ns, Reaching safepoint: 93043 ns, At safepoint: 3757 ns, Total: 96800 ns
[2020-08-13T13:14:46.681+0000][6][safepoint    ] Safepoint "Cleanup", Time since last: 1000104890 ns, Reaching safepoint: 118491 ns, At safepoint: 10390 ns, Total: 128881 ns
[2020-08-13T13:14:47.682+0000][6][safepoint    ] Safepoint "Cleanup", Time since last: 1000005153 ns, Reaching safepoint: 138309 ns, At safepoint: 4348 ns, Total: 142657 ns
[2020-08-13T13:14:48.683+0000][6][safepoint    ] Safepoint "Cleanup", Time since last: 1001559261 ns, Reaching safepoint: 224790 ns, At safepoint: 3577 ns, Total: 228367 ns
[2020-08-13T13:14:49.684+0000][6][safepoint    ] Safepoint "Cleanup", Time since last: 1000139212 ns, Reaching safepoint: 91862 ns, At safepoint: 2505 ns, Total: 94367 ns
[2020-08-13T13:14:50.684+0000][6][safepoint    ] Safepoint "Cleanup", Time since last: 1000094359 ns, Reaching safepoint: 220493 ns, At safepoint: 2755 ns, Total: 223248 ns
[2020-08-13T13:14:55.684+0000][6][safepoint    ] Safepoint "Cleanup", Time since last: 5000401335 ns, Reaching safepoint: 110196 ns, At safepoint: 2675 ns, Total: 112871 ns
[2020-08-13T13:14:58.683+0000][6][safepoint    ] Safepoint "Cleanup", Time since last: 2998331967 ns, Reaching safepoint: 152605 ns, At safepoint: 65182 ns, Total: 217787 ns
[2020-08-13T13:15:12.687+0000][6][safepoint    ] Safepoint "Cleanup", Time since last: 14003752974 ns, Reaching safepoint: 141033 ns, At safepoint: 2234 ns, Total: 143267 ns
[2020-08-13T13:15:22.368+0000][6][gc,start     ] GC(26) Pause Young (Normal) (G1 Evacuation Pause)
[2020-08-13T13:15:22.368+0000][6][gc,task      ] GC(26) Using 2 workers of 2 for evacuation
[2020-08-13T13:15:22.368+0000][6][gc,age       ] GC(26) Desired survivor size 8388608 bytes, new threshold 4 (max threshold 15)
[2020-08-13T13:15:22.385+0000][6][gc,age       ] GC(26) Age table with threshold 4 (max threshold 15)
[2020-08-13T13:15:22.385+0000][6][gc,age       ] GC(26) - age   1:      53600 bytes,      53600 total
[2020-08-13T13:15:22.385+0000][6][gc,age       ] GC(26) - age   2:    2584960 bytes,    2638560 total
[2020-08-13T13:15:22.385+0000][6][gc,age       ] GC(26) - age   3:    3692424 bytes,    6330984 total
[2020-08-13T13:15:22.385+0000][6][gc,age       ] GC(26) - age   4:     336928 bytes,    6667912 total
[2020-08-13T13:15:22.385+0000][6][gc,phases    ] GC(26)   Pre Evacuate Collection Set: 0.0ms
[2020-08-13T13:15:22.385+0000][6][gc,phases    ] GC(26)   Merge Heap Roots: 0.1ms
[2020-08-13T13:15:22.385+0000][6][gc,phases    ] GC(26)   Evacuate Collection Set: 16.0ms
[2020-08-13T13:15:22.385+0000][6][gc,phases    ] GC(26)   Post Evacuate Collection Set: 1.3ms
[2020-08-13T13:15:22.386+0000][6][gc,phases    ] GC(26)   Other: 0.3ms
[2020-08-13T13:15:22.386+0000][6][gc,heap      ] GC(26) Eden regions: 114->0(115)
[2020-08-13T13:15:22.386+0000][6][gc,heap      ] GC(26) Survivor regions: 10->7(16)
[2020-08-13T13:15:22.386+0000][6][gc,heap      ] GC(26) Old regions: 53->57
[2020-08-13T13:15:22.386+0000][6][gc,heap      ] GC(26) Archive regions: 2->2
[2020-08-13T13:15:22.386+0000][6][gc,heap      ] GC(26) Humongous regions: 1->1
[2020-08-13T13:15:22.386+0000][6][gc,metaspace ] GC(26) Metaspace: 78801K(85336K)->78801K(85336K) NonClass: 68126K(71912K)->68126K(71912K) Class: 10675K(13424K)->10675K(13424K)
[2020-08-13T13:15:22.386+0000][6][gc           ] GC(26) Pause Young (Normal) (G1 Evacuation Pause) 178M->64M(256M) 17.773ms
[2020-08-13T13:15:22.386+0000][6][gc,cpu       ] GC(26) User=0.03s Sys=0.00s Real=0.01s
[2020-08-13T13:15:22.386+0000][6][safepoint    ] Safepoint "G1CollectForAllocation", Time since last: 9680823689 ns, Reaching safepoint: 112120 ns, At safepoint: 17883222 ns, Total: 17995342 ns
[2020-08-13T13:15:23.386+0000][6][safepoint    ] Safepoint "Cleanup", Time since last: 1000108287 ns, Reaching safepoint: 130756 ns, At safepoint: 2725 ns, Total: 133481 ns
[2020-08-13T13:15:24.386+0000][6][safepoint    ] Safepoint "Cleanup", Time since last: 1000152209 ns, Reaching safepoint: 144520 ns, At safepoint: 2585 ns, Total: 147105 ns
[2020-08-13T13:15:25.386+0000][6][safepoint    ] Safepoint "Cleanup", Time since last: 1000151037 ns, Reaching safepoint: 121057 ns, At safepoint: 3016 ns, Total: 124073 ns
[2020-08-13T13:15:26.387+0000][6][safepoint    ] Safepoint "Cleanup", Time since last: 1000139086 ns, Reaching safepoint: 117951 ns, At safepoint: 2755 ns, Total: 120706 ns
[2020-08-13T13:15:27.387+0000][6][safepoint    ] Safepoint "Cleanup", Time since last: 1000145757 ns, Reaching safepoint: 201307 ns, At safepoint: 3216 ns, Total: 204523 ns
[2020-08-13T13:15:28.387+0000][6][safepoint    ] Safepoint "Cleanup", Time since last: 1000144484 ns, Reaching safepoint: 150462 ns, At safepoint: 2846 ns, Total: 153308 ns
[2020-08-13T13:15:29.388+0000][6][safepoint    ] Safepoint "Cleanup", Time since last: 1000149494 ns, Reaching safepoint: 213671 ns, At safepoint: 2955 ns, Total: 216626 ns
[2020-08-13T13:15:30.388+0000][6][safepoint    ] Safepoint "Cleanup", Time since last: 1000165154 ns, Reaching safepoint: 194273 ns, At safepoint: 2926 ns, Total: 197199 ns
[2020-08-13T13:15:31.691+0000][6][safepoint    ] Safepoint "Cleanup", Time since last: 1302277375 ns, Reaching safepoint: 273752 ns, At safepoint: 4629 ns, Total: 278381 ns
[2020-08-13T13:15:32.691+0000][6][safepoint    ] Safepoint "Cleanup", Time since last: 1000340953 ns, Reaching safepoint: 93005 ns, At safepoint: 64139 ns, Total: 157144 ns
[2020-08-13T13:15:33.692+0000][6][safepoint    ] Safepoint "Cleanup", Time since last: 1000332928 ns, Reaching safepoint: 109946 ns, At safepoint: 2285 ns, Total: 112231 ns
[2020-08-13T13:15:34.692+0000][6][safepoint    ] Safepoint "Cleanup", Time since last: 1000164983 ns, Reaching safepoint: 97763 ns, At safepoint: 10820 ns, Total: 108583 ns
[2020-08-13T13:15:35.692+0000][6][safepoint    ] Safepoint "Cleanup", Time since last: 1000148182 ns, Reaching safepoint: 119092 ns, At safepoint: 9668 ns, Total: 128760 ns
[2020-08-13T13:15:36.692+0000][6][safepoint    ] Safepoint "Cleanup", Time since last: 1000204378 ns, Reaching safepoint: 141785 ns, At safepoint: 3407 ns, Total: 145192 ns
[2020-08-13T13:15:40.694+0000][6][safepoint    ] Safepoint "Cleanup", Time since last: 4001208803 ns, Reaching safepoint: 97823 ns, At safepoint: 2645 ns, Total: 100468 ns
[2020-08-13T13:15:43.694+0000][6][safepoint    ] Safepoint "Cleanup", Time since last: 3000271633 ns, Reaching safepoint: 94586 ns, At safepoint: 2415 ns, Total: 97001 ns
[2020-08-13T13:16:00.695+0000][6][safepoint    ] Safepoint "Cleanup", Time since last: 17000558544 ns, Reaching safepoint: 171902 ns, At safepoint: 2815 ns, Total: 174717 ns
[2020-08-13T13:16:03.698+0000][6][safepoint    ] Safepoint "Cleanup", Time since last: 3002738641 ns, Reaching safepoint: 826066 ns, At safepoint: 3476 ns, Total: 829542 ns
[2020-08-13T13:16:20.699+0000][6][safepoint    ] Safepoint "Cleanup", Time since last: 17000546365 ns, Reaching safepoint: 169808 ns, At safepoint: 6392 ns, Total: 176200 ns
[2020-08-13T13:16:30.702+0000][6][safepoint    ] Safepoint "Cleanup", Time since last: 10002028966 ns, Reaching safepoint: 712663 ns, At safepoint: 4518 ns, Total: 717181 ns
[2020-08-13T13:16:32.702+0000][6][safepoint    ] Safepoint "Cleanup", Time since last: 1999468485 ns, Reaching safepoint: 672900 ns, At safepoint: 124653 ns, Total: 797553 ns
[2020-08-13T13:16:33.702+0000][6][safepoint    ] Safepoint "Cleanup", Time since last: 1000176286 ns, Reaching safepoint: 106128 ns, At safepoint: 9698 ns, Total: 115826 ns
[2020-08-13T13:16:35.703+0000][6][safepoint    ] Safepoint "Cleanup", Time since last: 2000332413 ns, Reaching safepoint: 99926 ns, At safepoint: 5821 ns, Total: 105747 ns
[2020-08-13T13:16:37.702+0000][6][safepoint    ] Safepoint "Cleanup", Time since last: 1999072315 ns, Reaching safepoint: 241301 ns, At safepoint: 4469 ns, Total: 245770 ns
[2020-08-13T13:16:52.705+0000][6][safepoint    ] Safepoint "Cleanup", Time since last: 15002694056 ns, Reaching safepoint: 220713 ns, At safepoint: 4799 ns, Total: 225512 ns
[2020-08-13T13:16:57.705+0000][6][safepoint    ] Safepoint "Cleanup", Time since last: 4999971070 ns, Reaching safepoint: 206717 ns, At safepoint: 4077 ns, Total: 210794 ns
[2020-08-13T13:17:00.706+0000][6][safepoint    ] Safepoint "Cleanup", Time since last: 3000713111 ns, Reaching safepoint: 115605 ns, At safepoint: 2966 ns, Total: 118571 ns
[2020-08-13T13:17:05.710+0000][6][safepoint    ] Safepoint "Cleanup", Time since last: 5003720968 ns, Reaching safepoint: 118201 ns, At safepoint: 2665 ns, Total: 120866 ns
[2020-08-13T13:17:06.710+0000][6][safepoint    ] Safepoint "Cleanup", Time since last: 1000161065 ns, Reaching safepoint: 156113 ns, At safepoint: 2715 ns, Total: 158828 ns
[2020-08-13T13:17:07.711+0000][6][safepoint    ] Safepoint "Cleanup", Time since last: 1000143122 ns, Reaching safepoint: 99637 ns, At safepoint: 2806 ns, Total: 102443 ns
[2020-08-13T13:17:08.711+0000][6][safepoint    ] Safepoint "Cleanup", Time since last: 1000165944 ns, Reaching safepoint: 178114 ns, At safepoint: 2905 ns, Total: 181019 ns
[2020-08-13T13:17:19.715+0000][6][safepoint    ] Safepoint "Cleanup", Time since last: 11003628941 ns, Reaching safepoint: 235311 ns, At safepoint: 10749 ns, Total: 246060 ns
[2020-08-13T13:17:21.715+0000][6][safepoint    ] Safepoint "Cleanup", Time since last: 2000309620 ns, Reaching safepoint: 197450 ns, At safepoint: 59371 ns, Total: 256821 ns
[2020-08-13T13:17:22.716+0000][6][safepoint    ] Safepoint "Cleanup", Time since last: 1000291400 ns, Reaching safepoint: 95639 ns, At safepoint: 2615 ns, Total: 98254 ns
[2020-08-13T13:17:27.716+0000][6][safepoint    ] Safepoint "Cleanup", Time since last: 5000619833 ns, Reaching safepoint: 93736 ns, At safepoint: 2535 ns, Total: 96271 ns
[2020-08-13T13:17:29.716+0000][6][safepoint    ] Safepoint "Cleanup", Time since last: 1999359510 ns, Reaching safepoint: 236603 ns, At safepoint: 61605 ns, Total: 298208 ns
[2020-08-13T13:17:30.717+0000][6][safepoint    ] Safepoint "Cleanup", Time since last: 1000530789 ns, Reaching safepoint: 608269 ns, At safepoint: 53299 ns, Total: 661568 ns
[2020-08-13T13:17:31.718+0000][6][safepoint    ] Safepoint "Cleanup", Time since last: 1000127403 ns, Reaching safepoint: 76353 ns, At safepoint: 2495 ns, Total: 78848 ns
[2020-08-13T13:17:32.718+0000][6][safepoint    ] Safepoint "Cleanup", Time since last: 1000100374 ns, Reaching safepoint: 88075 ns, At safepoint: 2685 ns, Total: 90760 ns
[2020-08-13T13:17:34.718+0000][6][safepoint    ] Safepoint "Cleanup", Time since last: 2000630888 ns, Reaching safepoint: 69901 ns, At safepoint: 2585 ns, Total: 72486 ns
[2020-08-13T13:17:35.719+0000][6][safepoint    ] Safepoint "Cleanup", Time since last: 1000121426 ns, Reaching safepoint: 96751 ns, At safepoint: 3046 ns, Total: 99797 ns
[2020-08-13T13:17:36.719+0000][6][safepoint    ] Safepoint "Cleanup", Time since last: 1000106778 ns, Reaching safepoint: 125696 ns, At safepoint: 2304 ns, Total: 128000 ns
[2020-08-13T13:17:37.719+0000][6][safepoint    ] Safepoint "Cleanup", Time since last: 1000142245 ns, Reaching safepoint: 136005 ns, At safepoint: 2494 ns, Total: 138499 ns
[2020-08-13T13:17:38.720+0000][6][safepoint    ] Safepoint "Cleanup", Time since last: 1000222756 ns, Reaching safepoint: 114664 ns, At safepoint: 3978 ns, Total: 118642 ns
[2020-08-13T13:17:39.720+0000][6][safepoint    ] Safepoint "Cleanup", Time since last: 1000136084 ns, Reaching safepoint: 123580 ns, At safepoint: 95239 ns, Total: 218819 ns
[2020-08-13T13:17:40.720+0000][6][safepoint    ] Safepoint "Cleanup", Time since last: 1000123259 ns, Reaching safepoint: 86302 ns, At safepoint: 2585 ns, Total: 88887 ns
[2020-08-13T13:17:41.720+0000][6][safepoint    ] Safepoint "Cleanup", Time since last: 1000121627 ns, Reaching safepoint: 94716 ns, At safepoint: 2395 ns, Total: 97111 ns
[2020-08-13T13:17:42.721+0000][6][safepoint    ] Safepoint "Cleanup", Time since last: 1000128801 ns, Reaching safepoint: 86611 ns, At safepoint: 2475 ns, Total: 89086 ns
[2020-08-13T13:17:43.721+0000][6][safepoint    ] Safepoint "Cleanup", Time since last: 1000159787 ns, Reaching safepoint: 119785 ns, At safepoint: 3186 ns, Total: 122971 ns
[2020-08-13T13:17:44.721+0000][6][safepoint    ] Safepoint "Cleanup", Time since last: 1000124382 ns, Reaching safepoint: 84198 ns, At safepoint: 2515 ns, Total: 86713 ns
[2020-08-13T13:17:45.721+0000][6][safepoint    ] Safepoint "Cleanup", Time since last: 1000128058 ns, Reaching safepoint: 77764 ns, At safepoint: 2595 ns, Total: 80359 ns
[2020-08-13T13:17:46.721+0000][6][safepoint    ] Safepoint "Cleanup", Time since last: 1000126757 ns, Reaching safepoint: 87715 ns, At safepoint: 2264 ns, Total: 89979 ns
[2020-08-13T13:17:47.722+0000][6][safepoint    ] Safepoint "Cleanup", Time since last: 1000126535 ns, Reaching safepoint: 82154 ns, At safepoint: 2114 ns, Total: 84268 ns
[2020-08-13T13:17:48.722+0000][6][safepoint    ] Safepoint "Cleanup", Time since last: 1000120133 ns, Reaching safepoint: 172343 ns, At safepoint: 2435 ns, Total: 174778 ns
[2020-08-13T13:17:50.719+0000][6][safepoint    ] Safepoint "Cleanup", Time since last: 1997151927 ns, Reaching safepoint: 215092 ns, At safepoint: 4579 ns, Total: 219671 ns
[2020-08-13T13:17:51.720+0000][6][safepoint    ] Safepoint "Cleanup", Time since last: 1000530582 ns, Reaching safepoint: 138488 ns, At safepoint: 2595 ns, Total: 141083 ns
[2020-08-13T13:17:52.720+0000][6][safepoint    ] Safepoint "Cleanup", Time since last: 1000146574 ns, Reaching safepoint: 165529 ns, At safepoint: 3066 ns, Total: 168595 ns
[2020-08-13T13:17:54.720+0000][6][safepoint    ] Safepoint "BulkRevokeBias", Time since last: 1999192907 ns, Reaching safepoint: 181589 ns, At safepoint: 257022 ns, Total: 438611 ns
[2020-08-13T13:17:58.721+0000][6][safepoint    ] Safepoint "Cleanup", Time since last: 4001148765 ns, Reaching safepoint: 95189 ns, At safepoint: 7754 ns, Total: 102943 ns
[2020-08-13T13:17:59.721+0000][6][safepoint    ] Safepoint "Cleanup", Time since last: 1000172602 ns, Reaching safepoint: 128942 ns, At safepoint: 2124 ns, Total: 131066 ns
[2020-08-13T13:18:08.723+0000][6][safepoint    ] Safepoint "Cleanup", Time since last: 9001362961 ns, Reaching safepoint: 254647 ns, At safepoint: 5570 ns, Total: 260217 ns
[2020-08-13T13:18:10.723+0000][6][safepoint    ] Safepoint "Cleanup", Time since last: 1999499059 ns, Reaching safepoint: 319448 ns, At safepoint: 4809 ns, Total: 324257 ns
[2020-08-13T13:18:11.723+0000][6][safepoint    ] Safepoint "Cleanup", Time since last: 1000365884 ns, Reaching safepoint: 176822 ns, At safepoint: 8805 ns, Total: 185627 ns
[2020-08-13T13:18:12.724+0000][6][safepoint    ] Safepoint "Cleanup", Time since last: 1000196838 ns, Reaching safepoint: 184405 ns, At safepoint: 2234 ns, Total: 186639 ns
[2020-08-13T13:18:25.032+0000][6][safepoint    ] Safepoint "Cleanup", Time since last: 12307699943 ns, Reaching safepoint: 125054 ns, At safepoint: 1994 ns, Total: 127048 ns
[2020-08-13T13:18:25.229+0000][6][safepoint    ] Safepoint "BulkRevokeBias", Time since last: 196323403 ns, Reaching safepoint: 654866 ns, At safepoint: 194153 ns, Total: 849019 ns
[2020-08-13T13:18:25.231+0000][6][safepoint    ] Safepoint "BulkRevokeBias", Time since last: 2428746 ns, Reaching safepoint: 53441 ns, At safepoint: 150802 ns, Total: 204243 ns
[2020-08-13T13:18:25.263+0000][6][gc,heap,exit ] Heap
[2020-08-13T13:18:25.263+0000][6][gc,heap,exit ]  garbage-first heap   total 262144K, used 179051K [0x00000000f0000000, 0x0000000100000000)
[2020-08-13T13:18:25.263+0000][6][gc,heap,exit ]   region size 1024K, 118 young (120832K), 7 survivors (7168K)
[2020-08-13T13:18:25.263+0000][6][gc,heap,exit ]  Metaspace       used 79162K, capacity 85452K, committed 85592K, reserved 1122304K
[2020-08-13T13:18:25.263+0000][6][gc,heap,exit ]   class space    used 10704K, capacity 13368K, committed 13424K, reserved 1048576K
