[2020-08-13T14:09:22.398+0000][6][gc,heap] Heap region size: 1M
[2020-08-13T14:09:22.398+0000][6][gc,heap,coops] Heap address: 0x00000000f0000000, size: 256 MB, Compressed Oops mode: 32-bit
[2020-08-13T14:09:22.554+0000][6][gc           ] Using G1
[2020-08-13T14:09:22.554+0000][6][gc,cds       ] Mark closed archive regions in map: [0x00000000fff00000, 0x00000000fff7eff8]
[2020-08-13T14:09:22.554+0000][6][gc,cds       ] Mark open archive regions in map: [0x00000000ffe00000, 0x00000000ffe51ff8]
[2020-08-13T14:09:22.593+0000][6][gc           ] Periodic GC disabled
[2020-08-13T14:09:23.332+0000][6][gc,start     ] GC(0) Pause Young (Normal) (G1 Evacuation Pause)
[2020-08-13T14:09:23.332+0000][6][gc,task      ] GC(0) Using 2 workers of 2 for evacuation
[2020-08-13T14:09:23.332+0000][6][gc,age       ] GC(0) Desired survivor size 1048576 bytes, new threshold 15 (max threshold 15)
[2020-08-13T14:09:23.340+0000][6][gc,age       ] GC(0) Age table with threshold 15 (max threshold 15)
[2020-08-13T14:09:23.340+0000][6][gc,age       ] GC(0) - age   1:    2045088 bytes,    2045088 total
[2020-08-13T14:09:23.340+0000][6][gc,phases    ] GC(0)   Pre Evacuate Collection Set: 0.1ms
[2020-08-13T14:09:23.340+0000][6][gc,phases    ] GC(0)   Merge Heap Roots: 0.0ms
[2020-08-13T14:09:23.340+0000][6][gc,phases    ] GC(0)   Evacuate Collection Set: 8.0ms
[2020-08-13T14:09:23.340+0000][6][gc,phases    ] GC(0)   Post Evacuate Collection Set: 0.3ms
[2020-08-13T14:09:23.340+0000][6][gc,phases    ] GC(0)   Other: 0.4ms
[2020-08-13T14:09:23.340+0000][6][gc,heap      ] GC(0) Eden regions: 12->0(10)
[2020-08-13T14:09:23.340+0000][6][gc,heap      ] GC(0) Survivor regions: 0->2(2)
[2020-08-13T14:09:23.340+0000][6][gc,heap      ] GC(0) Old regions: 0->0
[2020-08-13T14:09:23.340+0000][6][gc,heap      ] GC(0) Archive regions: 2->2
[2020-08-13T14:09:23.340+0000][6][gc,heap      ] GC(0) Humongous regions: 1->1
[2020-08-13T14:09:23.340+0000][6][gc,metaspace ] GC(0) Metaspace: 2546K(5760K)->2546K(5760K) NonClass: 2269K(5120K)->2269K(5120K) Class: 276K(640K)->276K(640K)
[2020-08-13T14:09:23.340+0000][6][gc           ] GC(0) Pause Young (Normal) (G1 Evacuation Pause) 13M->3M(256M) 8.859ms
[2020-08-13T14:09:23.340+0000][6][gc,cpu       ] GC(0) User=0.01s Sys=0.00s Real=0.01s
[2020-08-13T14:09:23.340+0000][6][safepoint    ] Safepoint "G1CollectForAllocation", Time since last: 751715700 ns, Reaching safepoint: 147565 ns, At safepoint: 8929894 ns, Total: 9077459 ns
[2020-08-13T14:09:24.119+0000][6][gc,start     ] GC(1) Pause Young (Normal) (G1 Evacuation Pause)
[2020-08-13T14:09:24.119+0000][6][gc,task      ] GC(1) Using 2 workers of 2 for evacuation
[2020-08-13T14:09:24.119+0000][6][gc,age       ] GC(1) Desired survivor size 1048576 bytes, new threshold 1 (max threshold 15)
[2020-08-13T14:09:24.130+0000][6][gc,age       ] GC(1) Age table with threshold 1 (max threshold 15)
[2020-08-13T14:09:24.130+0000][6][gc,age       ] GC(1) - age   1:     582384 bytes,     582384 total
[2020-08-13T14:09:24.131+0000][6][gc,phases    ] GC(1)   Pre Evacuate Collection Set: 0.0ms
[2020-08-13T14:09:24.131+0000][6][gc,phases    ] GC(1)   Merge Heap Roots: 0.0ms
[2020-08-13T14:09:24.131+0000][6][gc,phases    ] GC(1)   Evacuate Collection Set: 10.8ms
[2020-08-13T14:09:24.131+0000][6][gc,phases    ] GC(1)   Post Evacuate Collection Set: 0.3ms
[2020-08-13T14:09:24.131+0000][6][gc,phases    ] GC(1)   Other: 0.2ms
[2020-08-13T14:09:24.131+0000][6][gc,heap      ] GC(1) Eden regions: 10->0(16)
[2020-08-13T14:09:24.131+0000][6][gc,heap      ] GC(1) Survivor regions: 2->1(2)
[2020-08-13T14:09:24.131+0000][6][gc,heap      ] GC(1) Old regions: 0->3
[2020-08-13T14:09:24.131+0000][6][gc,heap      ] GC(1) Archive regions: 2->2
[2020-08-13T14:09:24.131+0000][6][gc,heap      ] GC(1) Humongous regions: 1->1
[2020-08-13T14:09:24.131+0000][6][gc,metaspace ] GC(1) Metaspace: 5494K(8448K)->5494K(8448K) NonClass: 4888K(7424K)->4888K(7424K) Class: 606K(1024K)->606K(1024K)
[2020-08-13T14:09:24.131+0000][6][gc           ] GC(1) Pause Young (Normal) (G1 Evacuation Pause) 13M->4M(256M) 11.519ms
[2020-08-13T14:09:24.131+0000][6][gc,cpu       ] GC(1) User=0.00s Sys=0.00s Real=0.01s
[2020-08-13T14:09:24.131+0000][6][safepoint    ] Safepoint "G1CollectForAllocation", Time since last: 778420512 ns, Reaching safepoint: 207609 ns, At safepoint: 11613507 ns, Total: 11821116 ns
[2020-08-13T14:09:25.140+0000][6][safepoint    ] Safepoint "Cleanup", Time since last: 1007932924 ns, Reaching safepoint: 1839223 ns, At safepoint: 5440 ns, Total: 1844663 ns
[2020-08-13T14:09:25.144+0000][6][gc,start     ] GC(2) Pause Young (Normal) (G1 Evacuation Pause)
[2020-08-13T14:09:25.144+0000][6][gc,task      ] GC(2) Using 2 workers of 2 for evacuation
[2020-08-13T14:09:25.144+0000][6][gc,age       ] GC(2) Desired survivor size 1572864 bytes, new threshold 15 (max threshold 15)
[2020-08-13T14:09:25.154+0000][6][gc,age       ] GC(2) Age table with threshold 15 (max threshold 15)
[2020-08-13T14:09:25.154+0000][6][gc,age       ] GC(2) - age   1:     737840 bytes,     737840 total
[2020-08-13T14:09:25.154+0000][6][gc,age       ] GC(2) - age   2:     542160 bytes,    1280000 total
[2020-08-13T14:09:25.154+0000][6][gc,phases    ] GC(2)   Pre Evacuate Collection Set: 0.0ms
[2020-08-13T14:09:25.154+0000][6][gc,phases    ] GC(2)   Merge Heap Roots: 0.0ms
[2020-08-13T14:09:25.154+0000][6][gc,phases    ] GC(2)   Evacuate Collection Set: 9.6ms
[2020-08-13T14:09:25.154+0000][6][gc,phases    ] GC(2)   Post Evacuate Collection Set: 0.5ms
[2020-08-13T14:09:25.154+0000][6][gc,phases    ] GC(2)   Other: 0.2ms
[2020-08-13T14:09:25.154+0000][6][gc,heap      ] GC(2) Eden regions: 16->0(114)
[2020-08-13T14:09:25.154+0000][6][gc,heap      ] GC(2) Survivor regions: 1->2(3)
[2020-08-13T14:09:25.154+0000][6][gc,heap      ] GC(2) Old regions: 3->3
[2020-08-13T14:09:25.154+0000][6][gc,heap      ] GC(2) Archive regions: 2->2
[2020-08-13T14:09:25.154+0000][6][gc,heap      ] GC(2) Humongous regions: 1->1
[2020-08-13T14:09:25.154+0000][6][gc,metaspace ] GC(2) Metaspace: 8635K(10752K)->8635K(10752K) NonClass: 7478K(9216K)->7478K(9216K) Class: 1157K(1536K)->1157K(1536K)
[2020-08-13T14:09:25.154+0000][6][gc           ] GC(2) Pause Young (Normal) (G1 Evacuation Pause) 20M->5M(256M) 10.464ms
[2020-08-13T14:09:25.154+0000][6][gc,cpu       ] GC(2) User=0.01s Sys=0.00s Real=0.01s
[2020-08-13T14:09:25.154+0000][6][safepoint    ] Safepoint "G1CollectForAllocation", Time since last: 3371580 ns, Reaching safepoint: 56356 ns, At safepoint: 10541861 ns, Total: 10598217 ns
[2020-08-13T14:09:25.186+0000][6][gc,heap,exit ] Heap
[2020-08-13T14:09:25.186+0000][6][gc,heap,exit ]  garbage-first heap   total 262144K, used 5284K [0x00000000f0000000, 0x0000000100000000)
[2020-08-13T14:09:25.186+0000][6][gc,heap,exit ]   region size 1024K, 3 young (3072K), 2 survivors (2048K)
[2020-08-13T14:09:25.186+0000][6][gc,heap,exit ]  Metaspace       used 8667K, capacity 10409K, committed 10752K, reserved 1058816K
[2020-08-13T14:09:25.186+0000][6][gc,heap,exit ]   class space    used 1159K, capacity 1405K, committed 1536K, reserved 1048576K
