[2020-08-13T13:03:42.880+0000][6][gc,heap] Heap region size: 1M
[2020-08-13T13:03:42.880+0000][6][gc,heap,coops] Heap address: 0x00000000f0000000, size: 256 MB, Compressed Oops mode: 32-bit
[2020-08-13T13:03:43.009+0000][6][gc           ] Using G1
[2020-08-13T13:03:43.010+0000][6][gc,cds       ] Mark closed archive regions in map: [0x00000000fff00000, 0x00000000fff7eff8]
[2020-08-13T13:03:43.010+0000][6][gc,cds       ] Mark open archive regions in map: [0x00000000ffe00000, 0x00000000ffe51ff8]
[2020-08-13T13:03:43.052+0000][6][gc           ] Periodic GC disabled
[2020-08-13T13:03:43.912+0000][6][gc,start     ] GC(0) Pause Young (Normal) (G1 Evacuation Pause)
[2020-08-13T13:03:43.917+0000][6][gc,task      ] GC(0) Using 2 workers of 2 for evacuation
[2020-08-13T13:03:43.917+0000][6][gc,age       ] GC(0) Desired survivor size 1048576 bytes, new threshold 15 (max threshold 15)
[2020-08-13T13:03:43.922+0000][6][gc,age       ] GC(0) Age table with threshold 15 (max threshold 15)
[2020-08-13T13:03:43.922+0000][6][gc,age       ] GC(0) - age   1:    2045088 bytes,    2045088 total
[2020-08-13T13:03:43.922+0000][6][gc,phases    ] GC(0)   Pre Evacuate Collection Set: 0.1ms
[2020-08-13T13:03:43.922+0000][6][gc,phases    ] GC(0)   Merge Heap Roots: 0.0ms
[2020-08-13T13:03:43.922+0000][6][gc,phases    ] GC(0)   Evacuate Collection Set: 4.0ms
[2020-08-13T13:03:43.922+0000][6][gc,phases    ] GC(0)   Post Evacuate Collection Set: 0.3ms
[2020-08-13T13:03:43.922+0000][6][gc,phases    ] GC(0)   Other: 5.5ms
[2020-08-13T13:03:43.922+0000][6][gc,heap      ] GC(0) Eden regions: 12->0(10)
[2020-08-13T13:03:43.922+0000][6][gc,heap      ] GC(0) Survivor regions: 0->2(2)
[2020-08-13T13:03:43.922+0000][6][gc,heap      ] GC(0) Old regions: 0->0
[2020-08-13T13:03:43.922+0000][6][gc,heap      ] GC(0) Archive regions: 2->2
[2020-08-13T13:03:43.922+0000][6][gc,heap      ] GC(0) Humongous regions: 1->1
[2020-08-13T13:03:43.922+0000][6][gc,metaspace ] GC(0) Metaspace: 2542K(5760K)->2542K(5760K) NonClass: 2265K(5120K)->2265K(5120K) Class: 276K(640K)->276K(640K)
[2020-08-13T13:03:43.922+0000][6][gc           ] GC(0) Pause Young (Normal) (G1 Evacuation Pause) 13M->3M(256M) 9.913ms
[2020-08-13T13:03:43.922+0000][6][gc,cpu       ] GC(0) User=0.00s Sys=0.00s Real=0.01s
[2020-08-13T13:03:43.922+0000][6][safepoint    ] Safepoint "G1CollectForAllocation", Time since last: 864416340 ns, Reaching safepoint: 6725897 ns, At safepoint: 9996036 ns, Total: 16721933 ns
[2020-08-13T13:03:44.471+0000][6][gc,start     ] GC(1) Pause Young (Normal) (G1 Evacuation Pause)
[2020-08-13T13:03:44.471+0000][6][gc,task      ] GC(1) Using 2 workers of 2 for evacuation
[2020-08-13T13:03:44.471+0000][6][gc,age       ] GC(1) Desired survivor size 1048576 bytes, new threshold 1 (max threshold 15)
[2020-08-13T13:03:44.502+0000][6][gc,age       ] GC(1) Age table with threshold 1 (max threshold 15)
[2020-08-13T13:03:44.502+0000][6][gc,age       ] GC(1) - age   1:     573704 bytes,     573704 total
[2020-08-13T13:03:44.502+0000][6][gc,phases    ] GC(1)   Pre Evacuate Collection Set: 0.1ms
[2020-08-13T13:03:44.502+0000][6][gc,phases    ] GC(1)   Merge Heap Roots: 0.0ms
[2020-08-13T13:03:44.502+0000][6][gc,phases    ] GC(1)   Evacuate Collection Set: 30.4ms
[2020-08-13T13:03:44.502+0000][6][gc,phases    ] GC(1)   Post Evacuate Collection Set: 0.5ms
[2020-08-13T13:03:44.502+0000][6][gc,phases    ] GC(1)   Other: 0.2ms
[2020-08-13T13:03:44.502+0000][6][gc,heap      ] GC(1) Eden regions: 10->0(16)
[2020-08-13T13:03:44.502+0000][6][gc,heap      ] GC(1) Survivor regions: 2->1(2)
[2020-08-13T13:03:44.502+0000][6][gc,heap      ] GC(1) Old regions: 0->2
[2020-08-13T13:03:44.502+0000][6][gc,heap      ] GC(1) Archive regions: 2->2
[2020-08-13T13:03:44.502+0000][6][gc,heap      ] GC(1) Humongous regions: 1->1
[2020-08-13T13:03:44.502+0000][6][gc,metaspace ] GC(1) Metaspace: 5472K(8320K)->5472K(8320K) NonClass: 4867K(7424K)->4867K(7424K) Class: 605K(896K)->605K(896K)
[2020-08-13T13:03:44.502+0000][6][gc           ] GC(1) Pause Young (Normal) (G1 Evacuation Pause) 13M->4M(256M) 31.264ms
[2020-08-13T13:03:44.502+0000][6][gc,cpu       ] GC(1) User=0.01s Sys=0.00s Real=0.03s
[2020-08-13T13:03:44.502+0000][6][safepoint    ] Safepoint "G1CollectForAllocation", Time since last: 549014389 ns, Reaching safepoint: 172582 ns, At safepoint: 31355328 ns, Total: 31527910 ns
[2020-08-13T13:03:45.700+0000][6][safepoint    ] Safepoint "Cleanup", Time since last: 1197712942 ns, Reaching safepoint: 191247 ns, At safepoint: 2545 ns, Total: 193792 ns
[2020-08-13T13:03:45.718+0000][6][gc,start     ] GC(2) Pause Young (Normal) (G1 Evacuation Pause)
[2020-08-13T13:03:45.718+0000][6][gc,task      ] GC(2) Using 2 workers of 2 for evacuation
[2020-08-13T13:03:45.718+0000][6][gc,age       ] GC(2) Desired survivor size 1572864 bytes, new threshold 15 (max threshold 15)
[2020-08-13T13:03:45.765+0000][6][gc,age       ] GC(2) Age table with threshold 15 (max threshold 15)
[2020-08-13T13:03:45.766+0000][6][gc,age       ] GC(2) - age   1:    1043880 bytes,    1043880 total
[2020-08-13T13:03:45.766+0000][6][gc,age       ] GC(2) - age   2:     531432 bytes,    1575312 total
[2020-08-13T13:03:45.766+0000][6][gc,phases    ] GC(2)   Pre Evacuate Collection Set: 0.1ms
[2020-08-13T13:03:45.766+0000][6][gc,phases    ] GC(2)   Merge Heap Roots: 0.0ms
[2020-08-13T13:03:45.766+0000][6][gc,phases    ] GC(2)   Evacuate Collection Set: 47.0ms
[2020-08-13T13:03:45.766+0000][6][gc,phases    ] GC(2)   Post Evacuate Collection Set: 0.6ms
[2020-08-13T13:03:45.766+0000][6][gc,phases    ] GC(2)   Other: 0.3ms
[2020-08-13T13:03:45.766+0000][6][gc,heap      ] GC(2) Eden regions: 16->0(43)
[2020-08-13T13:03:45.766+0000][6][gc,heap      ] GC(2) Survivor regions: 1->2(3)
[2020-08-13T13:03:45.766+0000][6][gc,heap      ] GC(2) Old regions: 2->2
[2020-08-13T13:03:45.766+0000][6][gc,heap      ] GC(2) Archive regions: 2->2
[2020-08-13T13:03:45.766+0000][6][gc,heap      ] GC(2) Humongous regions: 1->1
[2020-08-13T13:03:45.766+0000][6][gc,metaspace ] GC(2) Metaspace: 9391K(10880K)->9391K(10880K) NonClass: 8228K(9472K)->8228K(9472K) Class: 1162K(1408K)->1162K(1408K)
[2020-08-13T13:03:45.766+0000][6][gc           ] GC(2) Pause Young (Normal) (G1 Evacuation Pause) 20M->5M(256M) 48.063ms
[2020-08-13T13:03:45.766+0000][6][gc,cpu       ] GC(2) User=0.02s Sys=0.00s Real=0.05s
[2020-08-13T13:03:45.766+0000][6][safepoint    ] Safepoint "G1CollectForAllocation", Time since last: 17307138 ns, Reaching safepoint: 73337 ns, At safepoint: 48132254 ns, Total: 48205591 ns
[2020-08-13T13:03:47.189+0000][6][safepoint    ] Safepoint "Cleanup", Time since last: 1420840385 ns, Reaching safepoint: 2216488 ns, At safepoint: 6172 ns, Total: 2222660 ns
[2020-08-13T13:03:49.164+0000][6][safepoint    ] Safepoint "Cleanup", Time since last: 1969969368 ns, Reaching safepoint: 5107137 ns, At safepoint: 7554 ns, Total: 5114691 ns
[2020-08-13T13:03:49.268+0000][6][gc,start     ] GC(3) Pause Young (Normal) (G1 Evacuation Pause)
[2020-08-13T13:03:49.268+0000][6][gc,task      ] GC(3) Using 2 workers of 2 for evacuation
[2020-08-13T13:03:49.268+0000][6][gc,age       ] GC(3) Desired survivor size 3145728 bytes, new threshold 15 (max threshold 15)
[2020-08-13T13:03:49.322+0000][6][gc,age       ] GC(3) Age table with threshold 15 (max threshold 15)
[2020-08-13T13:03:49.322+0000][6][gc,age       ] GC(3) - age   1:    2876928 bytes,    2876928 total
[2020-08-13T13:03:49.322+0000][6][gc,age       ] GC(3) - age   2:    1010728 bytes,    3887656 total
[2020-08-13T13:03:49.322+0000][6][gc,age       ] GC(3) - age   3:     528696 bytes,    4416352 total
[2020-08-13T13:03:49.322+0000][6][gc,phases    ] GC(3)   Pre Evacuate Collection Set: 0.1ms
[2020-08-13T13:03:49.322+0000][6][gc,phases    ] GC(3)   Merge Heap Roots: 0.0ms
[2020-08-13T13:03:49.322+0000][6][gc,phases    ] GC(3)   Evacuate Collection Set: 45.7ms
[2020-08-13T13:03:49.322+0000][6][gc,phases    ] GC(3)   Post Evacuate Collection Set: 7.5ms
[2020-08-13T13:03:49.322+0000][6][gc,phases    ] GC(3)   Other: 0.3ms
[2020-08-13T13:03:49.322+0000][6][gc,heap      ] GC(3) Eden regions: 43->0(87)
[2020-08-13T13:03:49.322+0000][6][gc,heap      ] GC(3) Survivor regions: 2->5(6)
[2020-08-13T13:03:49.322+0000][6][gc,heap      ] GC(3) Old regions: 2->2
[2020-08-13T13:03:49.322+0000][6][gc,heap      ] GC(3) Archive regions: 2->2
[2020-08-13T13:03:49.322+0000][6][gc,heap      ] GC(3) Humongous regions: 1->1
[2020-08-13T13:03:49.322+0000][6][gc,metaspace ] GC(3) Metaspace: 14019K(14720K)->14019K(14720K) NonClass: 12331K(12800K)->12331K(12800K) Class: 1687K(1920K)->1687K(1920K)
[2020-08-13T13:03:49.322+0000][6][gc           ] GC(3) Pause Young (Normal) (G1 Evacuation Pause) 48M->8M(256M) 53.753ms
[2020-08-13T13:03:49.322+0000][6][gc,cpu       ] GC(3) User=0.02s Sys=0.00s Real=0.05s
[2020-08-13T13:03:49.322+0000][6][safepoint    ] Safepoint "G1CollectForAllocation", Time since last: 104318158 ns, Reaching safepoint: 68497 ns, At safepoint: 53837801 ns, Total: 53906298 ns
[2020-08-13T13:03:49.333+0000][6][safepoint    ] Safepoint "BulkRevokeBias", Time since last: 3782990 ns, Reaching safepoint: 6766923 ns, At safepoint: 95238 ns, Total: 6862161 ns
[2020-08-13T13:03:50.354+0000][6][safepoint    ] Safepoint "Cleanup", Time since last: 1005826101 ns, Reaching safepoint: 15010149 ns, At safepoint: 24737 ns, Total: 15034886 ns
[2020-08-13T13:03:50.902+0000][6][gc,start     ] GC(4) Pause Young (Normal) (G1 Evacuation Pause)
[2020-08-13T13:03:50.902+0000][6][gc,task      ] GC(4) Using 2 workers of 2 for evacuation
[2020-08-13T13:03:50.902+0000][6][gc,age       ] GC(4) Desired survivor size 6291456 bytes, new threshold 15 (max threshold 15)
[2020-08-13T13:03:50.987+0000][6][gc,age       ] GC(4) Age table with threshold 15 (max threshold 15)
[2020-08-13T13:03:50.988+0000][6][gc,age       ] GC(4) - age   1:    4477968 bytes,    4477968 total
[2020-08-13T13:03:50.988+0000][6][gc,age       ] GC(4) - age   2:    2853120 bytes,    7331088 total
[2020-08-13T13:03:50.988+0000][6][gc,age       ] GC(4) - age   3:     990024 bytes,    8321112 total
[2020-08-13T13:03:50.988+0000][6][gc,age       ] GC(4) - age   4:     525432 bytes,    8846544 total
[2020-08-13T13:03:50.988+0000][6][gc,phases    ] GC(4)   Pre Evacuate Collection Set: 0.1ms
[2020-08-13T13:03:50.988+0000][6][gc,phases    ] GC(4)   Merge Heap Roots: 0.0ms
[2020-08-13T13:03:50.988+0000][6][gc,phases    ] GC(4)   Evacuate Collection Set: 84.5ms
[2020-08-13T13:03:50.988+0000][6][gc,phases    ] GC(4)   Post Evacuate Collection Set: 1.2ms
[2020-08-13T13:03:50.988+0000][6][gc,phases    ] GC(4)   Other: 0.3ms
[2020-08-13T13:03:50.988+0000][6][gc,heap      ] GC(4) Eden regions: 87->0(103)
[2020-08-13T13:03:50.988+0000][6][gc,heap      ] GC(4) Survivor regions: 5->9(12)
[2020-08-13T13:03:50.988+0000][6][gc,heap      ] GC(4) Old regions: 2->2
[2020-08-13T13:03:50.988+0000][6][gc,heap      ] GC(4) Archive regions: 2->2
[2020-08-13T13:03:50.988+0000][6][gc,heap      ] GC(4) Humongous regions: 2->1
[2020-08-13T13:03:50.988+0000][6][gc,metaspace ] GC(4) Metaspace: 17019K(17792K)->17019K(17792K) NonClass: 14914K(15360K)->14914K(15360K) Class: 2105K(2432K)->2105K(2432K)
[2020-08-13T13:03:50.988+0000][6][gc           ] GC(4) Pause Young (Normal) (G1 Evacuation Pause) 96M->12M(256M) 86.192ms
[2020-08-13T13:03:50.988+0000][6][gc,cpu       ] GC(4) User=0.02s Sys=0.00s Real=0.09s
[2020-08-13T13:03:50.988+0000][6][safepoint    ] Safepoint "G1CollectForAllocation", Time since last: 547665092 ns, Reaching safepoint: 143600 ns, At safepoint: 86274120 ns, Total: 86417720 ns
[2020-08-13T13:03:51.378+0000][6][safepoint    ] Safepoint "BulkRevokeBias", Time since last: 389904034 ns, Reaching safepoint: 127289 ns, At safepoint: 92632 ns, Total: 219921 ns
[2020-08-13T13:03:51.392+0000][6][safepoint    ] Safepoint "BulkRevokeBias", Time since last: 13830092 ns, Reaching safepoint: 87925 ns, At safepoint: 75681 ns, Total: 163606 ns
[2020-08-13T13:03:52.228+0000][6][gc,start     ] GC(5) Pause Young (Normal) (G1 Evacuation Pause)
[2020-08-13T13:03:52.228+0000][6][gc,task      ] GC(5) Using 2 workers of 2 for evacuation
[2020-08-13T13:03:52.228+0000][6][gc,age       ] GC(5) Desired survivor size 7340032 bytes, new threshold 3 (max threshold 15)
[2020-08-13T13:03:52.282+0000][6][gc,age       ] GC(5) Age table with threshold 3 (max threshold 15)
[2020-08-13T13:03:52.282+0000][6][gc,age       ] GC(5) - age   1:    1689832 bytes,    1689832 total
[2020-08-13T13:03:52.282+0000][6][gc,age       ] GC(5) - age   2:    2644024 bytes,    4333856 total
[2020-08-13T13:03:52.282+0000][6][gc,age       ] GC(5) - age   3:    2853072 bytes,    7186928 total
[2020-08-13T13:03:52.282+0000][6][gc,phases    ] GC(5)   Pre Evacuate Collection Set: 0.0ms
[2020-08-13T13:03:52.282+0000][6][gc,phases    ] GC(5)   Merge Heap Roots: 0.0ms
[2020-08-13T13:03:52.282+0000][6][gc,phases    ] GC(5)   Evacuate Collection Set: 52.9ms
[2020-08-13T13:03:52.282+0000][6][gc,phases    ] GC(5)   Post Evacuate Collection Set: 1.2ms
[2020-08-13T13:03:52.282+0000][6][gc,phases    ] GC(5)   Other: 0.3ms
[2020-08-13T13:03:52.282+0000][6][gc,heap      ] GC(5) Eden regions: 103->0(145)
[2020-08-13T13:03:52.282+0000][6][gc,heap      ] GC(5) Survivor regions: 9->8(14)
[2020-08-13T13:03:52.282+0000][6][gc,heap      ] GC(5) Old regions: 2->4
[2020-08-13T13:03:52.282+0000][6][gc,heap      ] GC(5) Archive regions: 2->2
[2020-08-13T13:03:52.282+0000][6][gc,heap      ] GC(5) Humongous regions: 1->1
[2020-08-13T13:03:52.282+0000][6][gc,metaspace ] GC(5) Metaspace: 17193K(18048K)->17193K(18048K) NonClass: 15072K(15616K)->15072K(15616K) Class: 2120K(2432K)->2120K(2432K)
[2020-08-13T13:03:52.282+0000][6][gc           ] GC(5) Pause Young (Normal) (G1 Evacuation Pause) 115M->12M(256M) 54.620ms
[2020-08-13T13:03:52.282+0000][6][gc,cpu       ] GC(5) User=0.03s Sys=0.00s Real=0.05s
[2020-08-13T13:03:52.282+0000][6][safepoint    ] Safepoint "G1CollectForAllocation", Time since last: 835567635 ns, Reaching safepoint: 107501 ns, At safepoint: 54700986 ns, Total: 54808487 ns
[2020-08-13T13:03:52.289+0000][6][safepoint    ] Safepoint "BulkRevokeBias", Time since last: 2443472 ns, Reaching safepoint: 4000827 ns, At safepoint: 103464 ns, Total: 4104291 ns
[2020-08-13T13:03:53.425+0000][6][safepoint    ] Safepoint "Cleanup", Time since last: 1135839383 ns, Reaching safepoint: 111599 ns, At safepoint: 2554 ns, Total: 114153 ns
[2020-08-13T13:03:53.749+0000][6][gc,start     ] GC(6) Pause Young (Normal) (G1 Evacuation Pause)
[2020-08-13T13:03:53.749+0000][6][gc,task      ] GC(6) Using 2 workers of 2 for evacuation
[2020-08-13T13:03:53.749+0000][6][gc,age       ] GC(6) Desired survivor size 10485760 bytes, new threshold 15 (max threshold 15)
[2020-08-13T13:03:53.788+0000][6][gc,age       ] GC(6) Age table with threshold 15 (max threshold 15)
[2020-08-13T13:03:53.788+0000][6][gc,age       ] GC(6) - age   1:    3336056 bytes,    3336056 total
[2020-08-13T13:03:53.788+0000][6][gc,age       ] GC(6) - age   2:     408944 bytes,    3745000 total
[2020-08-13T13:03:53.788+0000][6][gc,age       ] GC(6) - age   3:    2642376 bytes,    6387376 total
[2020-08-13T13:03:53.788+0000][6][gc,age       ] GC(6) - age   4:    2853072 bytes,    9240448 total
[2020-08-13T13:03:53.788+0000][6][gc,phases    ] GC(6)   Pre Evacuate Collection Set: 0.0ms
[2020-08-13T13:03:53.788+0000][6][gc,phases    ] GC(6)   Merge Heap Roots: 0.1ms
[2020-08-13T13:03:53.788+0000][6][gc,phases    ] GC(6)   Evacuate Collection Set: 37.6ms
[2020-08-13T13:03:53.788+0000][6][gc,phases    ] GC(6)   Post Evacuate Collection Set: 1.1ms
[2020-08-13T13:03:53.788+0000][6][gc,phases    ] GC(6)   Other: 0.3ms
[2020-08-13T13:03:53.788+0000][6][gc,heap      ] GC(6) Eden regions: 145->0(143)
[2020-08-13T13:03:53.788+0000][6][gc,heap      ] GC(6) Survivor regions: 8->10(20)
[2020-08-13T13:03:53.788+0000][6][gc,heap      ] GC(6) Old regions: 4->4
[2020-08-13T13:03:53.788+0000][6][gc,heap      ] GC(6) Archive regions: 2->2
[2020-08-13T13:03:53.788+0000][6][gc,heap      ] GC(6) Humongous regions: 1->1
[2020-08-13T13:03:53.788+0000][6][gc,metaspace ] GC(6) Metaspace: 17820K(18944K)->17820K(18944K) NonClass: 15617K(16384K)->15617K(16384K) Class: 2203K(2560K)->2203K(2560K)
[2020-08-13T13:03:53.788+0000][6][gc           ] GC(6) Pause Young (Normal) (G1 Evacuation Pause) 157M->14M(256M) 39.253ms
[2020-08-13T13:03:53.788+0000][6][gc,cpu       ] GC(6) User=0.02s Sys=0.00s Real=0.04s
[2020-08-13T13:03:53.788+0000][6][safepoint    ] Safepoint "G1CollectForAllocation", Time since last: 323909996 ns, Reaching safepoint: 88886 ns, At safepoint: 39348886 ns, Total: 39437772 ns
[2020-08-13T13:03:55.034+0000][6][gc,start     ] GC(7) Pause Young (Normal) (G1 Evacuation Pause)
[2020-08-13T13:03:55.034+0000][6][gc,task      ] GC(7) Using 2 workers of 2 for evacuation
[2020-08-13T13:03:55.034+0000][6][gc,age       ] GC(7) Desired survivor size 10485760 bytes, new threshold 15 (max threshold 15)
[2020-08-13T13:03:55.085+0000][6][gc,age       ] GC(7) Age table with threshold 15 (max threshold 15)
[2020-08-13T13:03:55.085+0000][6][gc,age       ] GC(7) - age   1:    2333912 bytes,    2333912 total
[2020-08-13T13:03:55.085+0000][6][gc,age       ] GC(7) - age   2:    2739056 bytes,    5072968 total
[2020-08-13T13:03:55.085+0000][6][gc,age       ] GC(7) - age   3:     408912 bytes,    5481880 total
[2020-08-13T13:03:55.085+0000][6][gc,age       ] GC(7) - age   4:    2638144 bytes,    8120024 total
[2020-08-13T13:03:55.085+0000][6][gc,age       ] GC(7) - age   5:    2853072 bytes,   10973096 total
[2020-08-13T13:03:55.085+0000][6][gc,phases    ] GC(7)   Pre Evacuate Collection Set: 0.0ms
[2020-08-13T13:03:55.085+0000][6][gc,phases    ] GC(7)   Merge Heap Roots: 0.1ms
[2020-08-13T13:03:55.085+0000][6][gc,phases    ] GC(7)   Evacuate Collection Set: 49.7ms
[2020-08-13T13:03:55.085+0000][6][gc,phases    ] GC(7)   Post Evacuate Collection Set: 1.2ms
[2020-08-13T13:03:55.085+0000][6][gc,phases    ] GC(7)   Other: 0.3ms
[2020-08-13T13:03:55.085+0000][6][gc,heap      ] GC(7) Eden regions: 143->0(142)
[2020-08-13T13:03:55.085+0000][6][gc,heap      ] GC(7) Survivor regions: 10->11(20)
[2020-08-13T13:03:55.085+0000][6][gc,heap      ] GC(7) Old regions: 4->4
[2020-08-13T13:03:55.085+0000][6][gc,heap      ] GC(7) Archive regions: 2->2
[2020-08-13T13:03:55.085+0000][6][gc,heap      ] GC(7) Humongous regions: 1->1
[2020-08-13T13:03:55.085+0000][6][gc,metaspace ] GC(7) Metaspace: 18299K(19584K)->18299K(19584K) NonClass: 16006K(16896K)->16006K(16896K) Class: 2293K(2688K)->2293K(2688K)
[2020-08-13T13:03:55.085+0000][6][gc           ] GC(7) Pause Young (Normal) (G1 Evacuation Pause) 157M->16M(256M) 51.308ms
[2020-08-13T13:03:55.085+0000][6][gc,cpu       ] GC(7) User=0.02s Sys=0.00s Real=0.05s
[2020-08-13T13:03:55.085+0000][6][safepoint    ] Safepoint "G1CollectForAllocation", Time since last: 1245492785 ns, Reaching safepoint: 114645 ns, At safepoint: 51391192 ns, Total: 51505837 ns
[2020-08-13T13:03:56.389+0000][6][gc,start     ] GC(8) Pause Young (Normal) (G1 Evacuation Pause)
[2020-08-13T13:03:56.389+0000][6][gc,task      ] GC(8) Using 2 workers of 2 for evacuation
[2020-08-13T13:03:56.389+0000][6][gc,age       ] GC(8) Desired survivor size 10485760 bytes, new threshold 5 (max threshold 15)
[2020-08-13T13:03:56.439+0000][6][gc,age       ] GC(8) Age table with threshold 5 (max threshold 15)
[2020-08-13T13:03:56.439+0000][6][gc,age       ] GC(8) - age   1:    1237096 bytes,    1237096 total
[2020-08-13T13:03:56.439+0000][6][gc,age       ] GC(8) - age   2:    1539704 bytes,    2776800 total
[2020-08-13T13:03:56.439+0000][6][gc,age       ] GC(8) - age   3:    2738912 bytes,    5515712 total
[2020-08-13T13:03:56.439+0000][6][gc,age       ] GC(8) - age   4:     408912 bytes,    5924624 total
[2020-08-13T13:03:56.439+0000][6][gc,age       ] GC(8) - age   5:    2637856 bytes,    8562480 total
[2020-08-13T13:03:56.439+0000][6][gc,phases    ] GC(8)   Pre Evacuate Collection Set: 0.0ms
[2020-08-13T13:03:56.439+0000][6][gc,phases    ] GC(8)   Merge Heap Roots: 0.1ms
[2020-08-13T13:03:56.439+0000][6][gc,phases    ] GC(8)   Evacuate Collection Set: 39.9ms
[2020-08-13T13:03:56.439+0000][6][gc,phases    ] GC(8)   Post Evacuate Collection Set: 10.2ms
[2020-08-13T13:03:56.439+0000][6][gc,phases    ] GC(8)   Other: 0.3ms
[2020-08-13T13:03:56.439+0000][6][gc,heap      ] GC(8) Eden regions: 142->0(144)
[2020-08-13T13:03:56.439+0000][6][gc,heap      ] GC(8) Survivor regions: 11->9(20)
[2020-08-13T13:03:56.439+0000][6][gc,heap      ] GC(8) Old regions: 4->7
[2020-08-13T13:03:56.439+0000][6][gc,heap      ] GC(8) Archive regions: 2->2
[2020-08-13T13:03:56.439+0000][6][gc,heap      ] GC(8) Humongous regions: 1->1
[2020-08-13T13:03:56.439+0000][6][gc,metaspace ] GC(8) Metaspace: 19354K(20736K)->19354K(20736K) NonClass: 16966K(17920K)->16966K(17920K) Class: 2388K(2816K)->2388K(2816K)
[2020-08-13T13:03:56.439+0000][6][gc           ] GC(8) Pause Young (Normal) (G1 Evacuation Pause) 158M->16M(256M) 50.594ms
[2020-08-13T13:03:56.439+0000][6][gc,cpu       ] GC(8) User=0.02s Sys=0.00s Real=0.05s
[2020-08-13T13:03:56.439+0000][6][safepoint    ] Safepoint "G1CollectForAllocation", Time since last: 1303306467 ns, Reaching safepoint: 103142 ns, At safepoint: 50670163 ns, Total: 50773305 ns
[2020-08-13T13:03:56.568+0000][6][safepoint    ] Safepoint "BulkRevokeBias", Time since last: 128667464 ns, Reaching safepoint: 302086 ns, At safepoint: 75080 ns, Total: 377166 ns
[2020-08-13T13:03:56.579+0000][6][safepoint    ] Safepoint "BulkRevokeBias", Time since last: 817319 ns, Reaching safepoint: 9737563 ns, At safepoint: 97112 ns, Total: 9834675 ns
[2020-08-13T13:03:57.512+0000][6][gc,start     ] GC(9) Pause Young (Normal) (G1 Evacuation Pause)
[2020-08-13T13:03:57.512+0000][6][gc,task      ] GC(9) Using 2 workers of 2 for evacuation
[2020-08-13T13:03:57.512+0000][6][gc,age       ] GC(9) Desired survivor size 10485760 bytes, new threshold 15 (max threshold 15)
[2020-08-13T13:03:57.543+0000][6][gc,age       ] GC(9) Age table with threshold 15 (max threshold 15)
[2020-08-13T13:03:57.543+0000][6][gc,age       ] GC(9) - age   1:    2130800 bytes,    2130800 total
[2020-08-13T13:03:57.543+0000][6][gc,age       ] GC(9) - age   2:    1036120 bytes,    3166920 total
[2020-08-13T13:03:57.543+0000][6][gc,age       ] GC(9) - age   3:    1539000 bytes,    4705920 total
[2020-08-13T13:03:57.543+0000][6][gc,age       ] GC(9) - age   4:    2737728 bytes,    7443648 total
[2020-08-13T13:03:57.543+0000][6][gc,age       ] GC(9) - age   5:     408576 bytes,    7852224 total
[2020-08-13T13:03:57.543+0000][6][gc,age       ] GC(9) - age   6:    2637856 bytes,   10490080 total
[2020-08-13T13:03:57.543+0000][6][gc,phases    ] GC(9)   Pre Evacuate Collection Set: 0.1ms
[2020-08-13T13:03:57.543+0000][6][gc,phases    ] GC(9)   Merge Heap Roots: 0.1ms
[2020-08-13T13:03:57.543+0000][6][gc,phases    ] GC(9)   Evacuate Collection Set: 12.3ms
[2020-08-13T13:03:57.543+0000][6][gc,phases    ] GC(9)   Post Evacuate Collection Set: 18.4ms
[2020-08-13T13:03:57.543+0000][6][gc,phases    ] GC(9)   Other: 0.4ms
[2020-08-13T13:03:57.543+0000][6][gc,heap      ] GC(9) Eden regions: 144->0(142)
[2020-08-13T13:03:57.543+0000][6][gc,heap      ] GC(9) Survivor regions: 9->11(20)
[2020-08-13T13:03:57.543+0000][6][gc,heap      ] GC(9) Old regions: 7->7
[2020-08-13T13:03:57.543+0000][6][gc,heap      ] GC(9) Archive regions: 2->2
[2020-08-13T13:03:57.543+0000][6][gc,heap      ] GC(9) Humongous regions: 1->1
[2020-08-13T13:03:57.543+0000][6][gc,metaspace ] GC(9) Metaspace: 19585K(20992K)->19585K(20992K) NonClass: 17164K(18176K)->17164K(18176K) Class: 2421K(2816K)->2421K(2816K)
[2020-08-13T13:03:57.543+0000][6][gc           ] GC(9) Pause Young (Normal) (G1 Evacuation Pause) 160M->18M(256M) 31.364ms
[2020-08-13T13:03:57.543+0000][6][gc,cpu       ] GC(9) User=0.02s Sys=0.00s Real=0.03s
[2020-08-13T13:03:57.543+0000][6][safepoint    ] Safepoint "G1CollectForAllocation", Time since last: 932647707 ns, Reaching safepoint: 81302 ns, At safepoint: 31464311 ns, Total: 31545613 ns
[2020-08-13T13:03:58.318+0000][6][gc,start     ] GC(10) Pause Young (Normal) (G1 Evacuation Pause)
[2020-08-13T13:03:58.318+0000][6][gc,task      ] GC(10) Using 2 workers of 2 for evacuation
[2020-08-13T13:03:58.318+0000][6][gc,age       ] GC(10) Desired survivor size 10485760 bytes, new threshold 6 (max threshold 15)
[2020-08-13T13:03:58.343+0000][6][gc,age       ] GC(10) Age table with threshold 6 (max threshold 15)
[2020-08-13T13:03:58.343+0000][6][gc,age       ] GC(10) - age   1:    2235464 bytes,    2235464 total
[2020-08-13T13:03:58.343+0000][6][gc,age       ] GC(10) - age   2:    1390120 bytes,    3625584 total
[2020-08-13T13:03:58.343+0000][6][gc,age       ] GC(10) - age   3:    1035968 bytes,    4661552 total
[2020-08-13T13:03:58.343+0000][6][gc,age       ] GC(10) - age   4:    1539000 bytes,    6200552 total
[2020-08-13T13:03:58.343+0000][6][gc,age       ] GC(10) - age   5:    2737728 bytes,    8938280 total
[2020-08-13T13:03:58.343+0000][6][gc,age       ] GC(10) - age   6:     408576 bytes,    9346856 total
[2020-08-13T13:03:58.343+0000][6][gc,phases    ] GC(10)   Pre Evacuate Collection Set: 0.0ms
[2020-08-13T13:03:58.343+0000][6][gc,phases    ] GC(10)   Merge Heap Roots: 0.0ms
[2020-08-13T13:03:58.343+0000][6][gc,phases    ] GC(10)   Evacuate Collection Set: 13.0ms
[2020-08-13T13:03:58.343+0000][6][gc,phases    ] GC(10)   Post Evacuate Collection Set: 11.8ms
[2020-08-13T13:03:58.343+0000][6][gc,phases    ] GC(10)   Other: 0.3ms
[2020-08-13T13:03:58.343+0000][6][gc,heap      ] GC(10) Eden regions: 142->0(143)
[2020-08-13T13:03:58.343+0000][6][gc,heap      ] GC(10) Survivor regions: 11->10(20)
[2020-08-13T13:03:58.343+0000][6][gc,heap      ] GC(10) Old regions: 7->9
[2020-08-13T13:03:58.343+0000][6][gc,heap      ] GC(10) Archive regions: 2->2
[2020-08-13T13:03:58.343+0000][6][gc,heap      ] GC(10) Humongous regions: 1->1
[2020-08-13T13:03:58.343+0000][6][gc,metaspace ] GC(10) Metaspace: 19703K(21248K)->19703K(21248K) NonClass: 17259K(18432K)->17259K(18432K) Class: 2443K(2816K)->2443K(2816K)
[2020-08-13T13:03:58.343+0000][6][gc           ] GC(10) Pause Young (Normal) (G1 Evacuation Pause) 160M->20M(256M) 25.392ms
[2020-08-13T13:03:58.343+0000][6][gc,cpu       ] GC(10) User=0.02s Sys=0.00s Real=0.02s
[2020-08-13T13:03:58.343+0000][6][safepoint    ] Safepoint "G1CollectForAllocation", Time since last: 774580756 ns, Reaching safepoint: 85010 ns, At safepoint: 25474472 ns, Total: 25559482 ns
[2020-08-13T13:03:58.601+0000][6][gc,start     ] GC(11) Pause Young (Concurrent Start) (Metadata GC Threshold)
[2020-08-13T13:03:58.601+0000][6][gc,task      ] GC(11) Using 2 workers of 2 for evacuation
[2020-08-13T13:03:58.601+0000][6][gc,age       ] GC(11) Desired survivor size 10485760 bytes, new threshold 15 (max threshold 15)
[2020-08-13T13:03:58.669+0000][6][gc,age       ] GC(11) Age table with threshold 15 (max threshold 15)
[2020-08-13T13:03:58.669+0000][6][gc,age       ] GC(11) - age   1:     321552 bytes,     321552 total
[2020-08-13T13:03:58.669+0000][6][gc,age       ] GC(11) - age   2:     205472 bytes,     527024 total
[2020-08-13T13:03:58.669+0000][6][gc,age       ] GC(11) - age   3:    1390120 bytes,    1917144 total
[2020-08-13T13:03:58.669+0000][6][gc,age       ] GC(11) - age   4:    1035944 bytes,    2953088 total
[2020-08-13T13:03:58.669+0000][6][gc,age       ] GC(11) - age   5:    1538976 bytes,    4492064 total
[2020-08-13T13:03:58.669+0000][6][gc,age       ] GC(11) - age   6:    2737704 bytes,    7229768 total
[2020-08-13T13:03:58.669+0000][6][gc,age       ] GC(11) - age   7:     408576 bytes,    7638344 total
[2020-08-13T13:03:58.669+0000][6][gc,phases    ] GC(11)   Pre Evacuate Collection Set: 0.2ms
[2020-08-13T13:03:58.669+0000][6][gc,phases    ] GC(11)   Merge Heap Roots: 0.0ms
[2020-08-13T13:03:58.669+0000][6][gc,phases    ] GC(11)   Evacuate Collection Set: 44.6ms
[2020-08-13T13:03:58.669+0000][6][gc,phases    ] GC(11)   Post Evacuate Collection Set: 23.0ms
[2020-08-13T13:03:58.669+0000][6][gc,phases    ] GC(11)   Other: 0.3ms
[2020-08-13T13:03:58.669+0000][6][gc,heap      ] GC(11) Eden regions: 44->0(145)
[2020-08-13T13:03:58.669+0000][6][gc,heap      ] GC(11) Survivor regions: 10->8(20)
[2020-08-13T13:03:58.669+0000][6][gc,heap      ] GC(11) Old regions: 9->9
[2020-08-13T13:03:58.669+0000][6][gc,heap      ] GC(11) Archive regions: 2->2
[2020-08-13T13:03:58.669+0000][6][gc,heap      ] GC(11) Humongous regions: 1->1
[2020-08-13T13:03:58.669+0000][6][gc,metaspace ] GC(11) Metaspace: 19778K(21296K)->19778K(21296K) NonClass: 17319K(18432K)->17319K(18432K) Class: 2459K(2864K)->2459K(2864K)
[2020-08-13T13:03:58.669+0000][6][gc           ] GC(11) Pause Young (Concurrent Start) (Metadata GC Threshold) 63M->18M(256M) 68.215ms
[2020-08-13T13:03:58.669+0000][6][gc,cpu       ] GC(11) User=0.01s Sys=0.00s Real=0.07s
[2020-08-13T13:03:58.669+0000][6][safepoint    ] Safepoint "CollectForMetadataAllocation", Time since last: 257441146 ns, Reaching safepoint: 86453 ns, At safepoint: 68475382 ns, Total: 68561835 ns
[2020-08-13T13:03:58.670+0000][6][gc           ] GC(12) Concurrent Cycle
[2020-08-13T13:03:58.670+0000][6][gc,marking   ] GC(12) Concurrent Clear Claimed Marks
[2020-08-13T13:03:58.670+0000][6][gc,marking   ] GC(12) Concurrent Clear Claimed Marks 0.138ms
[2020-08-13T13:03:58.670+0000][6][gc,marking   ] GC(12) Concurrent Scan Root Regions
[2020-08-13T13:03:58.684+0000][6][gc,marking   ] GC(12) Concurrent Scan Root Regions 13.765ms
[2020-08-13T13:03:58.684+0000][6][gc,marking   ] GC(12) Concurrent Mark (15.811s)
[2020-08-13T13:03:58.684+0000][6][gc,marking   ] GC(12) Concurrent Mark From Roots
[2020-08-13T13:03:58.684+0000][6][gc,task      ] GC(12) Using 1 workers of 1 for marking
[2020-08-13T13:03:58.718+0000][6][gc,marking   ] GC(12) Concurrent Mark From Roots 34.577ms
[2020-08-13T13:03:58.718+0000][6][gc,marking   ] GC(12) Concurrent Preclean
[2020-08-13T13:03:58.719+0000][6][gc,marking   ] GC(12) Concurrent Preclean 0.062ms
[2020-08-13T13:03:58.719+0000][6][gc,marking   ] GC(12) Concurrent Mark (15.811s, 15.846s) 34.705ms
[2020-08-13T13:03:58.730+0000][6][gc,start     ] GC(12) Pause Remark
[2020-08-13T13:03:58.767+0000][6][gc           ] GC(12) Pause Remark 29M->29M(256M) 37.003ms
[2020-08-13T13:03:58.767+0000][6][gc,cpu       ] GC(12) User=0.03s Sys=0.00s Real=0.04s
[2020-08-13T13:03:58.767+0000][6][safepoint    ] Safepoint "G1Concurrent", Time since last: 57437657 ns, Reaching safepoint: 3094641 ns, At safepoint: 37107792 ns, Total: 40202433 ns
[2020-08-13T13:03:58.767+0000][6][gc,marking   ] GC(12) Concurrent Rebuild Remembered Sets
[2020-08-13T13:03:58.805+0000][6][gc,marking   ] GC(12) Concurrent Rebuild Remembered Sets 37.761ms
[2020-08-13T13:03:58.809+0000][6][gc,start     ] GC(12) Pause Cleanup
[2020-08-13T13:03:58.810+0000][6][gc           ] GC(12) Pause Cleanup 34M->34M(256M) 0.142ms
[2020-08-13T13:03:58.810+0000][6][gc,cpu       ] GC(12) User=0.00s Sys=0.00s Real=0.00s
[2020-08-13T13:03:58.810+0000][6][safepoint    ] Safepoint "G1Concurrent", Time since last: 37898482 ns, Reaching safepoint: 4654762 ns, At safepoint: 185637 ns, Total: 4840399 ns
[2020-08-13T13:03:58.810+0000][6][gc,marking   ] GC(12) Concurrent Cleanup for Next Mark
[2020-08-13T13:03:58.810+0000][6][gc,marking   ] GC(12) Concurrent Cleanup for Next Mark 0.590ms
[2020-08-13T13:03:58.810+0000][6][gc           ] GC(12) Concurrent Cycle 140.418ms
[2020-08-13T13:03:59.516+0000][6][gc,start     ] GC(13) Pause Young (Normal) (G1 Evacuation Pause)
[2020-08-13T13:03:59.516+0000][6][gc,task      ] GC(13) Using 2 workers of 2 for evacuation
[2020-08-13T13:03:59.516+0000][6][gc,age       ] GC(13) Desired survivor size 10485760 bytes, new threshold 15 (max threshold 15)
[2020-08-13T13:03:59.567+0000][6][gc,age       ] GC(13) Age table with threshold 15 (max threshold 15)
[2020-08-13T13:03:59.567+0000][6][gc,age       ] GC(13) - age   1:    1625600 bytes,    1625600 total
[2020-08-13T13:03:59.567+0000][6][gc,age       ] GC(13) - age   2:     285928 bytes,    1911528 total
[2020-08-13T13:03:59.567+0000][6][gc,age       ] GC(13) - age   3:     205360 bytes,    2116888 total
[2020-08-13T13:03:59.567+0000][6][gc,age       ] GC(13) - age   4:    1390120 bytes,    3507008 total
[2020-08-13T13:03:59.567+0000][6][gc,age       ] GC(13) - age   5:    1035848 bytes,    4542856 total
[2020-08-13T13:03:59.567+0000][6][gc,age       ] GC(13) - age   6:    1538976 bytes,    6081832 total
[2020-08-13T13:03:59.567+0000][6][gc,age       ] GC(13) - age   7:    2737704 bytes,    8819536 total
[2020-08-13T13:03:59.567+0000][6][gc,age       ] GC(13) - age   8:     408576 bytes,    9228112 total
[2020-08-13T13:03:59.567+0000][6][gc,phases    ] GC(13)   Pre Evacuate Collection Set: 0.1ms
[2020-08-13T13:03:59.567+0000][6][gc,phases    ] GC(13)   Merge Heap Roots: 0.1ms
[2020-08-13T13:03:59.567+0000][6][gc,phases    ] GC(13)   Evacuate Collection Set: 49.5ms
[2020-08-13T13:03:59.567+0000][6][gc,phases    ] GC(13)   Post Evacuate Collection Set: 1.0ms
[2020-08-13T13:03:59.567+0000][6][gc,phases    ] GC(13)   Other: 0.3ms
[2020-08-13T13:03:59.567+0000][6][gc,heap      ] GC(13) Eden regions: 145->0(143)
[2020-08-13T13:03:59.567+0000][6][gc,heap      ] GC(13) Survivor regions: 8->10(20)
[2020-08-13T13:03:59.567+0000][6][gc,heap      ] GC(13) Old regions: 9->9
[2020-08-13T13:03:59.567+0000][6][gc,heap      ] GC(13) Archive regions: 2->2
[2020-08-13T13:03:59.567+0000][6][gc,heap      ] GC(13) Humongous regions: 1->1
[2020-08-13T13:03:59.567+0000][6][gc,metaspace ] GC(13) Metaspace: 19986K(21808K)->19986K(21808K) NonClass: 17483K(18944K)->17483K(18944K) Class: 2503K(2864K)->2503K(2864K)
[2020-08-13T13:03:59.567+0000][6][gc           ] GC(13) Pause Young (Normal) (G1 Evacuation Pause) 163M->20M(256M) 51.107ms
[2020-08-13T13:03:59.567+0000][6][gc,cpu       ] GC(13) User=0.02s Sys=0.00s Real=0.05s
[2020-08-13T13:03:59.567+0000][6][safepoint    ] Safepoint "G1CollectForAllocation", Time since last: 706066591 ns, Reaching safepoint: 150340 ns, At safepoint: 51199554 ns, Total: 51349894 ns
[2020-08-13T13:04:00.900+0000][6][safepoint    ] Safepoint "Cleanup", Time since last: 1330408414 ns, Reaching safepoint: 2847920 ns, At safepoint: 5169 ns, Total: 2853089 ns
[2020-08-13T13:04:02.585+0000][6][safepoint    ] Safepoint "Cleanup", Time since last: 1683375355 ns, Reaching safepoint: 1825266 ns, At safepoint: 3827 ns, Total: 1829093 ns
[2020-08-13T13:04:03.591+0000][6][safepoint    ] Safepoint "Cleanup", Time since last: 1001168565 ns, Reaching safepoint: 4140438 ns, At safepoint: 6392 ns, Total: 4146830 ns
[2020-08-13T13:04:04.265+0000][6][gc,start     ] GC(14) Pause Young (Normal) (G1 Evacuation Pause)
[2020-08-13T13:04:04.265+0000][6][gc,task      ] GC(14) Using 2 workers of 2 for evacuation
[2020-08-13T13:04:04.265+0000][6][gc,age       ] GC(14) Desired survivor size 10485760 bytes, new threshold 15 (max threshold 15)
[2020-08-13T13:04:04.379+0000][6][gc,age       ] GC(14) Age table with threshold 15 (max threshold 15)
[2020-08-13T13:04:04.379+0000][6][gc,age       ] GC(14) - age   1:   12548808 bytes,   12548808 total
[2020-08-13T13:04:04.379+0000][6][gc,age       ] GC(14) - age   2:     334944 bytes,   12883752 total
[2020-08-13T13:04:04.379+0000][6][gc,age       ] GC(14) - age   3:     283320 bytes,   13167072 total
[2020-08-13T13:04:04.379+0000][6][gc,age       ] GC(14) - age   4:     205016 bytes,   13372088 total
[2020-08-13T13:04:04.379+0000][6][gc,age       ] GC(14) - age   5:    1389440 bytes,   14761528 total
[2020-08-13T13:04:04.379+0000][6][gc,age       ] GC(14) - age   6:    1031032 bytes,   15792560 total
[2020-08-13T13:04:04.379+0000][6][gc,age       ] GC(14) - age   7:    1529280 bytes,   17321840 total
[2020-08-13T13:04:04.379+0000][6][gc,age       ] GC(14) - age   8:    2727856 bytes,   20049696 total
[2020-08-13T13:04:04.379+0000][6][gc,age       ] GC(14) - age   9:     407784 bytes,   20457480 total
[2020-08-13T13:04:04.379+0000][6][gc,phases    ] GC(14)   Pre Evacuate Collection Set: 0.1ms
[2020-08-13T13:04:04.379+0000][6][gc,phases    ] GC(14)   Merge Heap Roots: 0.1ms
[2020-08-13T13:04:04.379+0000][6][gc,phases    ] GC(14)   Evacuate Collection Set: 111.5ms
[2020-08-13T13:04:04.379+0000][6][gc,phases    ] GC(14)   Post Evacuate Collection Set: 2.4ms
[2020-08-13T13:04:04.379+0000][6][gc,phases    ] GC(14)   Other: 0.4ms
[2020-08-13T13:04:04.379+0000][6][gc,heap      ] GC(14) Eden regions: 143->0(133)
[2020-08-13T13:04:04.379+0000][6][gc,heap      ] GC(14) Survivor regions: 10->20(20)
[2020-08-13T13:04:04.379+0000][6][gc,heap      ] GC(14) Old regions: 9->9
[2020-08-13T13:04:04.379+0000][6][gc,heap      ] GC(14) Archive regions: 2->2
[2020-08-13T13:04:04.379+0000][6][gc,heap      ] GC(14) Humongous regions: 1->1
[2020-08-13T13:04:04.379+0000][6][gc,metaspace ] GC(14) Metaspace: 29151K(31920K)->29151K(31920K) NonClass: 25432K(27392K)->25432K(27392K) Class: 3718K(4528K)->3718K(4528K)
[2020-08-13T13:04:04.379+0000][6][gc           ] GC(14) Pause Young (Normal) (G1 Evacuation Pause) 163M->30M(256M) 114.557ms
[2020-08-13T13:04:04.379+0000][6][gc,cpu       ] GC(14) User=0.05s Sys=0.00s Real=0.12s
[2020-08-13T13:04:04.379+0000][6][safepoint    ] Safepoint "G1CollectForAllocation", Time since last: 673873035 ns, Reaching safepoint: 169977 ns, At safepoint: 114649743 ns, Total: 114819720 ns
[2020-08-13T13:04:05.393+0000][6][safepoint    ] Safepoint "Cleanup", Time since last: 1002221074 ns, Reaching safepoint: 11074935 ns, At safepoint: 5491 ns, Total: 11080426 ns
[2020-08-13T13:04:05.548+0000][6][safepoint    ] Safepoint "BulkRevokeBias", Time since last: 139334065 ns, Reaching safepoint: 15634478 ns, At safepoint: 127599 ns, Total: 15762077 ns
[2020-08-13T13:04:07.348+0000][6][safepoint    ] Safepoint "Cleanup", Time since last: 1795771579 ns, Reaching safepoint: 4098059 ns, At safepoint: 3927 ns, Total: 4101986 ns
[2020-08-13T13:04:07.760+0000][6][gc,start     ] GC(15) Pause Young (Normal) (G1 Evacuation Pause)
[2020-08-13T13:04:07.760+0000][6][gc,task      ] GC(15) Using 2 workers of 2 for evacuation
[2020-08-13T13:04:07.760+0000][6][gc,age       ] GC(15) Desired survivor size 10485760 bytes, new threshold 1 (max threshold 15)
[2020-08-13T13:04:07.898+0000][6][gc,age       ] GC(15) Age table with threshold 1 (max threshold 15)
[2020-08-13T13:04:07.898+0000][6][gc,age       ] GC(15) - age   1:   16393392 bytes,   16393392 total
[2020-08-13T13:04:07.898+0000][6][gc,phases    ] GC(15)   Pre Evacuate Collection Set: 0.1ms
[2020-08-13T13:04:07.898+0000][6][gc,phases    ] GC(15)   Merge Heap Roots: 0.1ms
[2020-08-13T13:04:07.898+0000][6][gc,phases    ] GC(15)   Evacuate Collection Set: 135.6ms
[2020-08-13T13:04:07.898+0000][6][gc,phases    ] GC(15)   Post Evacuate Collection Set: 2.1ms
[2020-08-13T13:04:07.898+0000][6][gc,phases    ] GC(15)   Other: 0.3ms
[2020-08-13T13:04:07.898+0000][6][gc,heap      ] GC(15) Eden regions: 133->0(118)
[2020-08-13T13:04:07.898+0000][6][gc,heap      ] GC(15) Survivor regions: 20->16(20)
[2020-08-13T13:04:07.898+0000][6][gc,heap      ] GC(15) Old regions: 9->28
[2020-08-13T13:04:07.898+0000][6][gc,heap      ] GC(15) Archive regions: 2->2
[2020-08-13T13:04:07.898+0000][6][gc,heap      ] GC(15) Humongous regions: 1->1
[2020-08-13T13:04:07.898+0000][6][gc,metaspace ] GC(15) Metaspace: 30217K(33200K)->30217K(33200K) NonClass: 26380K(28416K)->26380K(28416K) Class: 3837K(4784K)->3837K(4784K)
[2020-08-13T13:04:07.898+0000][6][gc           ] GC(15) Pause Young (Normal) (G1 Evacuation Pause) 163M->45M(256M) 138.205ms
[2020-08-13T13:04:07.898+0000][6][gc,cpu       ] GC(15) User=0.09s Sys=0.00s Real=0.14s
[2020-08-13T13:04:07.898+0000][6][safepoint    ] Safepoint "G1CollectForAllocation", Time since last: 411857638 ns, Reaching safepoint: 156062 ns, At safepoint: 138290753 ns, Total: 138446815 ns
[2020-08-13T13:04:08.597+0000][6][gc,start     ] GC(16) Pause Young (Concurrent Start) (Metadata GC Threshold)
[2020-08-13T13:04:08.597+0000][6][gc,task      ] GC(16) Using 2 workers of 2 for evacuation
[2020-08-13T13:04:08.598+0000][6][gc,age       ] GC(16) Desired survivor size 8912896 bytes, new threshold 1 (max threshold 15)
[2020-08-13T13:04:08.696+0000][6][gc,age       ] GC(16) Age table with threshold 1 (max threshold 15)
[2020-08-13T13:04:08.696+0000][6][gc,age       ] GC(16) - age   1:    1030008 bytes,    1030008 total
[2020-08-13T13:04:08.696+0000][6][gc,phases    ] GC(16)   Pre Evacuate Collection Set: 0.4ms
[2020-08-13T13:04:08.696+0000][6][gc,phases    ] GC(16)   Merge Heap Roots: 0.1ms
[2020-08-13T13:04:08.696+0000][6][gc,phases    ] GC(16)   Evacuate Collection Set: 96.7ms
[2020-08-13T13:04:08.696+0000][6][gc,phases    ] GC(16)   Post Evacuate Collection Set: 1.1ms
[2020-08-13T13:04:08.696+0000][6][gc,phases    ] GC(16)   Other: 0.3ms
[2020-08-13T13:04:08.696+0000][6][gc,heap      ] GC(16) Eden regions: 28->0(118)
[2020-08-13T13:04:08.696+0000][6][gc,heap      ] GC(16) Survivor regions: 16->2(17)
[2020-08-13T13:04:08.696+0000][6][gc,heap      ] GC(16) Old regions: 28->44
[2020-08-13T13:04:08.696+0000][6][gc,heap      ] GC(16) Archive regions: 2->2
[2020-08-13T13:04:08.696+0000][6][gc,heap      ] GC(16) Humongous regions: 1->1
[2020-08-13T13:04:08.696+0000][6][gc,metaspace ] GC(16) Metaspace: 32747K(35920K)->32747K(35920K) NonClass: 28432K(30624K)->28432K(30624K) Class: 4314K(5296K)->4314K(5296K)
[2020-08-13T13:04:08.696+0000][6][gc           ] GC(16) Pause Young (Concurrent Start) (Metadata GC Threshold) 73M->47M(256M) 98.711ms
[2020-08-13T13:04:08.696+0000][6][gc,cpu       ] GC(16) User=0.04s Sys=0.00s Real=0.10s
[2020-08-13T13:04:08.696+0000][6][safepoint    ] Safepoint "CollectForMetadataAllocation", Time since last: 699218215 ns, Reaching safepoint: 114624 ns, At safepoint: 98942598 ns, Total: 99057222 ns
[2020-08-13T13:04:08.696+0000][6][gc           ] GC(17) Concurrent Cycle
[2020-08-13T13:04:08.696+0000][6][gc,marking   ] GC(17) Concurrent Clear Claimed Marks
[2020-08-13T13:04:08.697+0000][6][gc,marking   ] GC(17) Concurrent Clear Claimed Marks 0.342ms
[2020-08-13T13:04:08.697+0000][6][gc,marking   ] GC(17) Concurrent Scan Root Regions
[2020-08-13T13:04:08.766+0000][6][gc,marking   ] GC(17) Concurrent Scan Root Regions 69.490ms
[2020-08-13T13:04:08.766+0000][6][gc,marking   ] GC(17) Concurrent Mark (25.893s)
[2020-08-13T13:04:08.766+0000][6][gc,marking   ] GC(17) Concurrent Mark From Roots
[2020-08-13T13:04:08.766+0000][6][gc,task      ] GC(17) Using 1 workers of 1 for marking
[2020-08-13T13:04:08.786+0000][6][safepoint    ] Safepoint "CollectForMetadataAllocation", Time since last: 89276269 ns, Reaching safepoint: 107611 ns, At safepoint: 169297 ns, Total: 276908 ns
[2020-08-13T13:04:08.911+0000][6][safepoint    ] Safepoint "CollectForMetadataAllocation", Time since last: 125260288 ns, Reaching safepoint: 157224 ns, At safepoint: 159900 ns, Total: 317124 ns
[2020-08-13T13:04:09.056+0000][6][gc,marking   ] GC(17) Concurrent Mark From Roots 289.343ms
[2020-08-13T13:04:09.056+0000][6][gc,marking   ] GC(17) Concurrent Preclean
[2020-08-13T13:04:09.056+0000][6][gc,marking   ] GC(17) Concurrent Preclean 0.159ms
[2020-08-13T13:04:09.056+0000][6][gc,marking   ] GC(17) Concurrent Mark (25.893s, 26.183s) 289.590ms
[2020-08-13T13:04:09.063+0000][6][gc,start     ] GC(17) Pause Remark
[2020-08-13T13:04:09.096+0000][6][gc           ] GC(17) Pause Remark 53M->53M(256M) 32.880ms
[2020-08-13T13:04:09.096+0000][6][gc,cpu       ] GC(17) User=0.01s Sys=0.00s Real=0.04s
[2020-08-13T13:04:09.096+0000][6][safepoint    ] Safepoint "G1Concurrent", Time since last: 144446372 ns, Reaching safepoint: 6799163 ns, At safepoint: 33011167 ns, Total: 39810330 ns
[2020-08-13T13:04:09.096+0000][6][gc,marking   ] GC(17) Concurrent Rebuild Remembered Sets
[2020-08-13T13:04:09.556+0000][6][gc,marking   ] GC(17) Concurrent Rebuild Remembered Sets 459.888ms
[2020-08-13T13:04:09.563+0000][6][gc,start     ] GC(17) Pause Cleanup
[2020-08-13T13:04:09.563+0000][6][gc           ] GC(17) Pause Cleanup 59M->59M(256M) 0.193ms
[2020-08-13T13:04:09.563+0000][6][gc,cpu       ] GC(17) User=0.00s Sys=0.00s Real=0.00s
[2020-08-13T13:04:09.563+0000][6][safepoint    ] Safepoint "G1Concurrent", Time since last: 460017511 ns, Reaching safepoint: 6962029 ns, At safepoint: 237565 ns, Total: 7199594 ns
[2020-08-13T13:04:09.563+0000][6][gc,marking   ] GC(17) Concurrent Cleanup for Next Mark
[2020-08-13T13:04:09.571+0000][6][gc,marking   ] GC(17) Concurrent Cleanup for Next Mark 7.743ms
[2020-08-13T13:04:09.571+0000][6][gc           ] GC(17) Concurrent Cycle 874.407ms
[2020-08-13T13:04:09.940+0000][6][gc,heap,exit ] Heap
[2020-08-13T13:04:09.940+0000][6][gc,heap,exit ]  garbage-first heap   total 262144K, used 107844K [0x00000000f0000000, 0x0000000100000000)
[2020-08-13T13:04:09.940+0000][6][gc,heap,exit ]   region size 1024K, 61 young (62464K), 2 survivors (2048K)
[2020-08-13T13:04:09.940+0000][6][gc,heap,exit ]  Metaspace       used 34644K, capacity 37727K, committed 37812K, reserved 1081344K
[2020-08-13T13:04:09.941+0000][6][gc,heap,exit ]   class space    used 4520K, capacity 5477K, committed 5500K, reserved 1048576K
