[2020-08-13T14:17:36.537+0000][6][gc,heap] Heap region size: 1M
[2020-08-13T14:17:36.538+0000][6][gc,heap,coops] Heap address: 0x00000000f0000000, size: 256 MB, Compressed Oops mode: 32-bit
[2020-08-13T14:17:36.627+0000][6][gc           ] Using G1
[2020-08-13T14:17:36.628+0000][6][gc,cds       ] Mark closed archive regions in map: [0x00000000fff00000, 0x00000000fff7eff8]
[2020-08-13T14:17:36.628+0000][6][gc,cds       ] Mark open archive regions in map: [0x00000000ffe00000, 0x00000000ffe51ff8]
[2020-08-13T14:17:36.644+0000][6][gc           ] Periodic GC disabled
[2020-08-13T14:17:36.882+0000][6][gc,start     ] GC(0) Pause Young (Normal) (G1 Evacuation Pause)
[2020-08-13T14:17:36.882+0000][6][gc,task      ] GC(0) Using 2 workers of 2 for evacuation
[2020-08-13T14:17:36.882+0000][6][gc,age       ] GC(0) Desired survivor size 1048576 bytes, new threshold 15 (max threshold 15)
[2020-08-13T14:17:36.885+0000][6][gc,age       ] GC(0) Age table with threshold 15 (max threshold 15)
[2020-08-13T14:17:36.885+0000][6][gc,age       ] GC(0) - age   1:    2045088 bytes,    2045088 total
[2020-08-13T14:17:36.885+0000][6][gc,phases    ] GC(0)   Pre Evacuate Collection Set: 0.0ms
[2020-08-13T14:17:36.885+0000][6][gc,phases    ] GC(0)   Merge Heap Roots: 0.0ms
[2020-08-13T14:17:36.885+0000][6][gc,phases    ] GC(0)   Evacuate Collection Set: 2.1ms
[2020-08-13T14:17:36.885+0000][6][gc,phases    ] GC(0)   Post Evacuate Collection Set: 0.4ms
[2020-08-13T14:17:36.885+0000][6][gc,phases    ] GC(0)   Other: 0.5ms
[2020-08-13T14:17:36.885+0000][6][gc,heap      ] GC(0) Eden regions: 12->0(10)
[2020-08-13T14:17:36.885+0000][6][gc,heap      ] GC(0) Survivor regions: 0->2(2)
[2020-08-13T14:17:36.885+0000][6][gc,heap      ] GC(0) Old regions: 0->0
[2020-08-13T14:17:36.885+0000][6][gc,heap      ] GC(0) Archive regions: 2->2
[2020-08-13T14:17:36.885+0000][6][gc,heap      ] GC(0) Humongous regions: 1->1
[2020-08-13T14:17:36.885+0000][6][gc,metaspace ] GC(0) Metaspace: 2528K(5760K)->2528K(5760K) NonClass: 2251K(5120K)->2251K(5120K) Class: 276K(640K)->276K(640K)
[2020-08-13T14:17:36.885+0000][6][gc           ] GC(0) Pause Young (Normal) (G1 Evacuation Pause) 13M->3M(256M) 3.103ms
[2020-08-13T14:17:36.885+0000][6][gc,cpu       ] GC(0) User=0.00s Sys=0.00s Real=0.00s
[2020-08-13T14:17:36.885+0000][6][safepoint    ] Safepoint "G1CollectForAllocation", Time since last: 243923239 ns, Reaching safepoint: 132367 ns, At safepoint: 3166959 ns, Total: 3299326 ns
[2020-08-13T14:17:37.079+0000][6][gc,start     ] GC(1) Pause Young (Normal) (G1 Evacuation Pause)
[2020-08-13T14:17:37.079+0000][6][gc,task      ] GC(1) Using 2 workers of 2 for evacuation
[2020-08-13T14:17:37.079+0000][6][gc,age       ] GC(1) Desired survivor size 1048576 bytes, new threshold 1 (max threshold 15)
[2020-08-13T14:17:37.082+0000][6][gc,age       ] GC(1) Age table with threshold 1 (max threshold 15)
[2020-08-13T14:17:37.082+0000][6][gc,age       ] GC(1) - age   1:     548464 bytes,     548464 total
[2020-08-13T14:17:37.082+0000][6][gc,phases    ] GC(1)   Pre Evacuate Collection Set: 0.0ms
[2020-08-13T14:17:37.082+0000][6][gc,phases    ] GC(1)   Merge Heap Roots: 0.0ms
[2020-08-13T14:17:37.082+0000][6][gc,phases    ] GC(1)   Evacuate Collection Set: 2.4ms
[2020-08-13T14:17:37.082+0000][6][gc,phases    ] GC(1)   Post Evacuate Collection Set: 0.3ms
[2020-08-13T14:17:37.082+0000][6][gc,phases    ] GC(1)   Other: 0.2ms
[2020-08-13T14:17:37.082+0000][6][gc,heap      ] GC(1) Eden regions: 10->0(17)
[2020-08-13T14:17:37.082+0000][6][gc,heap      ] GC(1) Survivor regions: 2->1(2)
[2020-08-13T14:17:37.082+0000][6][gc,heap      ] GC(1) Old regions: 0->2
[2020-08-13T14:17:37.082+0000][6][gc,heap      ] GC(1) Archive regions: 2->2
[2020-08-13T14:17:37.082+0000][6][gc,heap      ] GC(1) Humongous regions: 1->1
[2020-08-13T14:17:37.082+0000][6][gc,metaspace ] GC(1) Metaspace: 5406K(8064K)->5406K(8064K) NonClass: 4813K(7168K)->4813K(7168K) Class: 593K(896K)->593K(896K)
[2020-08-13T14:17:37.082+0000][6][gc           ] GC(1) Pause Young (Normal) (G1 Evacuation Pause) 13M->4M(256M) 2.965ms
[2020-08-13T14:17:37.082+0000][6][gc,cpu       ] GC(1) User=0.00s Sys=0.00s Real=0.00s
[2020-08-13T14:17:37.082+0000][6][safepoint    ] Safepoint "G1CollectForAllocation", Time since last: 193907243 ns, Reaching safepoint: 143007 ns, At safepoint: 3038328 ns, Total: 3181335 ns
[2020-08-13T14:17:37.536+0000][6][gc,start     ] GC(2) Pause Young (Normal) (G1 Evacuation Pause)
[2020-08-13T14:17:37.537+0000][6][gc,task      ] GC(2) Using 2 workers of 2 for evacuation
[2020-08-13T14:17:37.537+0000][6][gc,age       ] GC(2) Desired survivor size 1572864 bytes, new threshold 15 (max threshold 15)
[2020-08-13T14:17:37.543+0000][6][gc,age       ] GC(2) Age table with threshold 15 (max threshold 15)
[2020-08-13T14:17:37.543+0000][6][gc,age       ] GC(2) - age   1:     956224 bytes,     956224 total
[2020-08-13T14:17:37.543+0000][6][gc,age       ] GC(2) - age   2:     504560 bytes,    1460784 total
[2020-08-13T14:17:37.543+0000][6][gc,phases    ] GC(2)   Pre Evacuate Collection Set: 0.1ms
[2020-08-13T14:17:37.543+0000][6][gc,phases    ] GC(2)   Merge Heap Roots: 0.0ms
[2020-08-13T14:17:37.543+0000][6][gc,phases    ] GC(2)   Evacuate Collection Set: 5.7ms
[2020-08-13T14:17:37.543+0000][6][gc,phases    ] GC(2)   Post Evacuate Collection Set: 0.4ms
[2020-08-13T14:17:37.543+0000][6][gc,phases    ] GC(2)   Other: 0.2ms
[2020-08-13T14:17:37.543+0000][6][gc,heap      ] GC(2) Eden regions: 17->0(69)
[2020-08-13T14:17:37.543+0000][6][gc,heap      ] GC(2) Survivor regions: 1->2(3)
[2020-08-13T14:17:37.543+0000][6][gc,heap      ] GC(2) Old regions: 2->2
[2020-08-13T14:17:37.543+0000][6][gc,heap      ] GC(2) Archive regions: 2->2
[2020-08-13T14:17:37.543+0000][6][gc,heap      ] GC(2) Humongous regions: 1->1
[2020-08-13T14:17:37.543+0000][6][gc,metaspace ] GC(2) Metaspace: 9152K(10624K)->9152K(10624K) NonClass: 8038K(9216K)->8038K(9216K) Class: 1114K(1408K)->1114K(1408K)
[2020-08-13T14:17:37.543+0000][6][gc           ] GC(2) Pause Young (Normal) (G1 Evacuation Pause) 21M->5M(256M) 6.497ms
[2020-08-13T14:17:37.543+0000][6][gc,cpu       ] GC(2) User=0.01s Sys=0.00s Real=0.00s
[2020-08-13T14:17:37.543+0000][6][safepoint    ] Safepoint "G1CollectForAllocation", Time since last: 454209512 ns, Reaching safepoint: 189253 ns, At safepoint: 6563257 ns, Total: 6752510 ns
[2020-08-13T14:17:38.391+0000][6][safepoint    ] Safepoint "ICBufferFull", Time since last: 847653947 ns, Reaching safepoint: 288039 ns, At safepoint: 4228 ns, Total: 292267 ns
[2020-08-13T14:17:39.061+0000][6][gc,start     ] GC(3) Pause Young (Normal) (G1 Evacuation Pause)
[2020-08-13T14:17:39.061+0000][6][gc,task      ] GC(3) Using 2 workers of 2 for evacuation
[2020-08-13T14:17:39.061+0000][6][gc,age       ] GC(3) Desired survivor size 4718592 bytes, new threshold 15 (max threshold 15)
[2020-08-13T14:17:39.086+0000][6][gc,age       ] GC(3) Age table with threshold 15 (max threshold 15)
[2020-08-13T14:17:39.086+0000][6][gc,age       ] GC(3) - age   1:    4271640 bytes,    4271640 total
[2020-08-13T14:17:39.086+0000][6][gc,age       ] GC(3) - age   2:     899776 bytes,    5171416 total
[2020-08-13T14:17:39.086+0000][6][gc,age       ] GC(3) - age   3:     499552 bytes,    5670968 total
[2020-08-13T14:17:39.086+0000][6][gc,phases    ] GC(3)   Pre Evacuate Collection Set: 0.1ms
[2020-08-13T14:17:39.086+0000][6][gc,phases    ] GC(3)   Merge Heap Roots: 0.0ms
[2020-08-13T14:17:39.086+0000][6][gc,phases    ] GC(3)   Evacuate Collection Set: 23.9ms
[2020-08-13T14:17:39.086+0000][6][gc,phases    ] GC(3)   Post Evacuate Collection Set: 1.4ms
[2020-08-13T14:17:39.086+0000][6][gc,phases    ] GC(3)   Other: 0.3ms
[2020-08-13T14:17:39.086+0000][6][gc,heap      ] GC(3) Eden regions: 69->0(85)
[2020-08-13T14:17:39.086+0000][6][gc,heap      ] GC(3) Survivor regions: 2->6(9)
[2020-08-13T14:17:39.086+0000][6][gc,heap      ] GC(3) Old regions: 2->2
[2020-08-13T14:17:39.086+0000][6][gc,heap      ] GC(3) Archive regions: 2->2
[2020-08-13T14:17:39.086+0000][6][gc,heap      ] GC(3) Humongous regions: 2->1
[2020-08-13T14:17:39.086+0000][6][gc,metaspace ] GC(3) Metaspace: 15257K(16000K)->15257K(16000K) NonClass: 13370K(13824K)->13370K(13824K) Class: 1887K(2176K)->1887K(2176K)
[2020-08-13T14:17:39.087+0000][6][gc           ] GC(3) Pause Young (Normal) (G1 Evacuation Pause) 75M->9M(256M) 25.751ms
[2020-08-13T14:17:39.087+0000][6][gc,cpu       ] GC(3) User=0.02s Sys=0.00s Real=0.03s
[2020-08-13T14:17:39.087+0000][6][safepoint    ] Safepoint "G1CollectForAllocation", Time since last: 669546649 ns, Reaching safepoint: 228447 ns, At safepoint: 25826645 ns, Total: 26055092 ns
[2020-08-13T14:17:39.091+0000][6][safepoint    ] Safepoint "BulkRevokeBias", Time since last: 4087992 ns, Reaching safepoint: 161633 ns, At safepoint: 70682 ns, Total: 232315 ns
[2020-08-13T14:17:39.231+0000][6][safepoint    ] Safepoint "BulkRevokeBias", Time since last: 139755818 ns, Reaching safepoint: 183854 ns, At safepoint: 60313 ns, Total: 244167 ns
[2020-08-13T14:17:39.240+0000][6][safepoint    ] Safepoint "BulkRevokeBias", Time since last: 4827517 ns, Reaching safepoint: 4000488 ns, At safepoint: 74600 ns, Total: 4075088 ns
[2020-08-13T14:17:39.831+0000][6][gc,start     ] GC(4) Pause Young (Normal) (G1 Evacuation Pause)
[2020-08-13T14:17:39.831+0000][6][gc,task      ] GC(4) Using 2 workers of 2 for evacuation
[2020-08-13T14:17:39.831+0000][6][gc,age       ] GC(4) Desired survivor size 6291456 bytes, new threshold 15 (max threshold 15)
[2020-08-13T14:17:39.847+0000][6][gc,age       ] GC(4) Age table with threshold 15 (max threshold 15)
[2020-08-13T14:17:39.847+0000][6][gc,age       ] GC(4) - age   1:    2116424 bytes,    2116424 total
[2020-08-13T14:17:39.847+0000][6][gc,age       ] GC(4) - age   2:    4223472 bytes,    6339896 total
[2020-08-13T14:17:39.847+0000][6][gc,age       ] GC(4) - age   3:     896864 bytes,    7236760 total
[2020-08-13T14:17:39.847+0000][6][gc,age       ] GC(4) - age   4:     498848 bytes,    7735608 total
[2020-08-13T14:17:39.847+0000][6][gc,phases    ] GC(4)   Pre Evacuate Collection Set: 0.0ms
[2020-08-13T14:17:39.847+0000][6][gc,phases    ] GC(4)   Merge Heap Roots: 0.0ms
[2020-08-13T14:17:39.847+0000][6][gc,phases    ] GC(4)   Evacuate Collection Set: 14.8ms
[2020-08-13T14:17:39.847+0000][6][gc,phases    ] GC(4)   Post Evacuate Collection Set: 0.9ms
[2020-08-13T14:17:39.847+0000][6][gc,phases    ] GC(4)   Other: 0.3ms
[2020-08-13T14:17:39.847+0000][6][gc,heap      ] GC(4) Eden regions: 85->0(145)
[2020-08-13T14:17:39.847+0000][6][gc,heap      ] GC(4) Survivor regions: 6->8(12)
[2020-08-13T14:17:39.847+0000][6][gc,heap      ] GC(4) Old regions: 2->2
[2020-08-13T14:17:39.847+0000][6][gc,heap      ] GC(4) Archive regions: 2->2
[2020-08-13T14:17:39.847+0000][6][gc,heap      ] GC(4) Humongous regions: 1->1
[2020-08-13T14:17:39.847+0000][6][gc,metaspace ] GC(4) Metaspace: 16954K(17792K)->16954K(17792K) NonClass: 14847K(15360K)->14847K(15360K) Class: 2107K(2432K)->2107K(2432K)
[2020-08-13T14:17:39.847+0000][6][gc           ] GC(4) Pause Young (Normal) (G1 Evacuation Pause) 94M->11M(256M) 16.264ms
[2020-08-13T14:17:39.847+0000][6][gc,cpu       ] GC(4) User=0.02s Sys=0.00s Real=0.02s
[2020-08-13T14:17:39.847+0000][6][safepoint    ] Safepoint "G1CollectForAllocation", Time since last: 590907064 ns, Reaching safepoint: 182973 ns, At safepoint: 16341780 ns, Total: 16524753 ns
[2020-08-13T14:17:40.446+0000][6][gc,start     ] GC(5) Pause Young (Normal) (G1 Evacuation Pause)
[2020-08-13T14:17:40.446+0000][6][gc,task      ] GC(5) Using 2 workers of 2 for evacuation
[2020-08-13T14:17:40.446+0000][6][gc,age       ] GC(5) Desired survivor size 10485760 bytes, new threshold 15 (max threshold 15)
[2020-08-13T14:17:40.464+0000][6][gc,age       ] GC(5) Age table with threshold 15 (max threshold 15)
[2020-08-13T14:17:40.464+0000][6][gc,age       ] GC(5) - age   1:    2272904 bytes,    2272904 total
[2020-08-13T14:17:40.464+0000][6][gc,age       ] GC(5) - age   2:    1453000 bytes,    3725904 total
[2020-08-13T14:17:40.464+0000][6][gc,age       ] GC(5) - age   3:    4223384 bytes,    7949288 total
[2020-08-13T14:17:40.464+0000][6][gc,age       ] GC(5) - age   4:     896864 bytes,    8846152 total
[2020-08-13T14:17:40.464+0000][6][gc,age       ] GC(5) - age   5:     498824 bytes,    9344976 total
[2020-08-13T14:17:40.464+0000][6][gc,phases    ] GC(5)   Pre Evacuate Collection Set: 0.0ms
[2020-08-13T14:17:40.464+0000][6][gc,phases    ] GC(5)   Merge Heap Roots: 0.0ms
[2020-08-13T14:17:40.464+0000][6][gc,phases    ] GC(5)   Evacuate Collection Set: 16.3ms
[2020-08-13T14:17:40.464+0000][6][gc,phases    ] GC(5)   Post Evacuate Collection Set: 1.2ms
[2020-08-13T14:17:40.464+0000][6][gc,phases    ] GC(5)   Other: 0.3ms
[2020-08-13T14:17:40.464+0000][6][gc,heap      ] GC(5) Eden regions: 145->0(143)
[2020-08-13T14:17:40.464+0000][6][gc,heap      ] GC(5) Survivor regions: 8->10(20)
[2020-08-13T14:17:40.464+0000][6][gc,heap      ] GC(5) Old regions: 2->2
[2020-08-13T14:17:40.464+0000][6][gc,heap      ] GC(5) Archive regions: 2->2
[2020-08-13T14:17:40.464+0000][6][gc,heap      ] GC(5) Humongous regions: 1->1
[2020-08-13T14:17:40.464+0000][6][gc,metaspace ] GC(5) Metaspace: 17367K(18432K)->17367K(18432K) NonClass: 15213K(15872K)->15213K(15872K) Class: 2154K(2560K)->2154K(2560K)
[2020-08-13T14:17:40.464+0000][6][gc           ] GC(5) Pause Young (Normal) (G1 Evacuation Pause) 156M->13M(256M) 18.076ms
[2020-08-13T14:17:40.464+0000][6][gc,cpu       ] GC(5) User=0.04s Sys=0.00s Real=0.01s
[2020-08-13T14:17:40.464+0000][6][safepoint    ] Safepoint "G1CollectForAllocation", Time since last: 598465021 ns, Reaching safepoint: 113904 ns, At safepoint: 18151657 ns, Total: 18265561 ns
[2020-08-13T14:17:40.470+0000][6][safepoint    ] Safepoint "BulkRevokeBias", Time since last: 5801691 ns, Reaching safepoint: 125004 ns, At safepoint: 50264 ns, Total: 175268 ns
[2020-08-13T14:17:40.791+0000][6][gc,start     ] GC(6) Pause Young (Normal) (G1 Evacuation Pause)
[2020-08-13T14:17:40.791+0000][6][gc,task      ] GC(6) Using 2 workers of 2 for evacuation
[2020-08-13T14:17:40.791+0000][6][gc,age       ] GC(6) Desired survivor size 10485760 bytes, new threshold 15 (max threshold 15)
[2020-08-13T14:17:40.803+0000][6][gc,age       ] GC(6) Age table with threshold 15 (max threshold 15)
[2020-08-13T14:17:40.803+0000][6][gc,age       ] GC(6) - age   1:    3209464 bytes,    3209464 total
[2020-08-13T14:17:40.803+0000][6][gc,age       ] GC(6) - age   2:    1490520 bytes,    4699984 total
[2020-08-13T14:17:40.803+0000][6][gc,age       ] GC(6) - age   3:    1452736 bytes,    6152720 total
[2020-08-13T14:17:40.803+0000][6][gc,age       ] GC(6) - age   4:    4223088 bytes,   10375808 total
[2020-08-13T14:17:40.803+0000][6][gc,age       ] GC(6) - age   5:     896864 bytes,   11272672 total
[2020-08-13T14:17:40.803+0000][6][gc,age       ] GC(6) - age   6:     498728 bytes,   11771400 total
[2020-08-13T14:17:40.803+0000][6][gc,phases    ] GC(6)   Pre Evacuate Collection Set: 0.1ms
[2020-08-13T14:17:40.803+0000][6][gc,phases    ] GC(6)   Merge Heap Roots: 0.1ms
[2020-08-13T14:17:40.803+0000][6][gc,phases    ] GC(6)   Evacuate Collection Set: 10.9ms
[2020-08-13T14:17:40.803+0000][6][gc,phases    ] GC(6)   Post Evacuate Collection Set: 1.1ms
[2020-08-13T14:17:40.803+0000][6][gc,phases    ] GC(6)   Other: 0.3ms
[2020-08-13T14:17:40.803+0000][6][gc,heap      ] GC(6) Eden regions: 143->0(141)
[2020-08-13T14:17:40.803+0000][6][gc,heap      ] GC(6) Survivor regions: 10->12(20)
[2020-08-13T14:17:40.803+0000][6][gc,heap      ] GC(6) Old regions: 2->2
[2020-08-13T14:17:40.803+0000][6][gc,heap      ] GC(6) Archive regions: 2->2
[2020-08-13T14:17:40.803+0000][6][gc,heap      ] GC(6) Humongous regions: 1->1
[2020-08-13T14:17:40.803+0000][6][gc,metaspace ] GC(6) Metaspace: 17912K(18944K)->17912K(18944K) NonClass: 15686K(16384K)->15686K(16384K) Class: 2226K(2560K)->2226K(2560K)
[2020-08-13T14:17:40.803+0000][6][gc           ] GC(6) Pause Young (Normal) (G1 Evacuation Pause) 156M->15M(256M) 12.484ms
[2020-08-13T14:17:40.803+0000][6][gc,cpu       ] GC(6) User=0.03s Sys=0.00s Real=0.01s
[2020-08-13T14:17:40.803+0000][6][safepoint    ] Safepoint "G1CollectForAllocation", Time since last: 320754979 ns, Reaching safepoint: 238486 ns, At safepoint: 12564219 ns, Total: 12802705 ns
[2020-08-13T14:17:40.815+0000][6][safepoint    ] Safepoint "BulkRevokeBias", Time since last: 10420166 ns, Reaching safepoint: 828109 ns, At safepoint: 81092 ns, Total: 909201 ns
[2020-08-13T14:17:40.815+0000][6][safepoint    ] Safepoint "BulkRevokeBias", Time since last: 99788 ns, Reaching safepoint: 98914 ns, At safepoint: 65343 ns, Total: 164257 ns
[2020-08-13T14:17:41.077+0000][6][gc,start     ] GC(7) Pause Young (Normal) (G1 Evacuation Pause)
[2020-08-13T14:17:41.077+0000][6][gc,task      ] GC(7) Using 2 workers of 2 for evacuation
[2020-08-13T14:17:41.077+0000][6][gc,age       ] GC(7) Desired survivor size 10485760 bytes, new threshold 5 (max threshold 15)
[2020-08-13T14:17:41.100+0000][6][gc,age       ] GC(7) Age table with threshold 5 (max threshold 15)
[2020-08-13T14:17:41.100+0000][6][gc,age       ] GC(7) - age   1:    1423696 bytes,    1423696 total
[2020-08-13T14:17:41.100+0000][6][gc,age       ] GC(7) - age   2:    2216656 bytes,    3640352 total
[2020-08-13T14:17:41.100+0000][6][gc,age       ] GC(7) - age   3:    1489672 bytes,    5130024 total
[2020-08-13T14:17:41.100+0000][6][gc,age       ] GC(7) - age   4:    1448352 bytes,    6578376 total
[2020-08-13T14:17:41.100+0000][6][gc,age       ] GC(7) - age   5:    4222856 bytes,   10801232 total
[2020-08-13T14:17:41.100+0000][6][gc,phases    ] GC(7)   Pre Evacuate Collection Set: 0.0ms
[2020-08-13T14:17:41.100+0000][6][gc,phases    ] GC(7)   Merge Heap Roots: 0.0ms
[2020-08-13T14:17:41.100+0000][6][gc,phases    ] GC(7)   Evacuate Collection Set: 22.0ms
[2020-08-13T14:17:41.101+0000][6][gc,phases    ] GC(7)   Post Evacuate Collection Set: 1.2ms
[2020-08-13T14:17:41.101+0000][6][gc,phases    ] GC(7)   Other: 0.3ms
[2020-08-13T14:17:41.101+0000][6][gc,heap      ] GC(7) Eden regions: 141->0(142)
[2020-08-13T14:17:41.101+0000][6][gc,heap      ] GC(7) Survivor regions: 12->11(20)
[2020-08-13T14:17:41.101+0000][6][gc,heap      ] GC(7) Old regions: 2->4
[2020-08-13T14:17:41.101+0000][6][gc,heap      ] GC(7) Archive regions: 2->2
[2020-08-13T14:17:41.101+0000][6][gc,heap      ] GC(7) Humongous regions: 1->1
[2020-08-13T14:17:41.101+0000][6][gc,metaspace ] GC(7) Metaspace: 18352K(19584K)->18352K(19584K) NonClass: 16047K(16896K)->16047K(16896K) Class: 2305K(2688K)->2305K(2688K)
[2020-08-13T14:17:41.101+0000][6][gc           ] GC(7) Pause Young (Normal) (G1 Evacuation Pause) 156M->16M(256M) 23.637ms
[2020-08-13T14:17:41.101+0000][6][gc,cpu       ] GC(7) User=0.05s Sys=0.00s Real=0.02s
[2020-08-13T14:17:41.101+0000][6][safepoint    ] Safepoint "G1CollectForAllocation", Time since last: 261773932 ns, Reaching safepoint: 88767 ns, At safepoint: 23722125 ns, Total: 23810892 ns
[2020-08-13T14:17:41.398+0000][6][gc,start     ] GC(8) Pause Young (Normal) (G1 Evacuation Pause)
[2020-08-13T14:17:41.398+0000][6][gc,task      ] GC(8) Using 2 workers of 2 for evacuation
[2020-08-13T14:17:41.398+0000][6][gc,age       ] GC(8) Desired survivor size 10485760 bytes, new threshold 5 (max threshold 15)
[2020-08-13T14:17:41.410+0000][6][gc,age       ] GC(8) Age table with threshold 5 (max threshold 15)
[2020-08-13T14:17:41.410+0000][6][gc,age       ] GC(8) - age   1:    2174264 bytes,    2174264 total
[2020-08-13T14:17:41.410+0000][6][gc,age       ] GC(8) - age   2:    1105872 bytes,    3280136 total
[2020-08-13T14:17:41.410+0000][6][gc,age       ] GC(8) - age   3:    2216368 bytes,    5496504 total
[2020-08-13T14:17:41.410+0000][6][gc,age       ] GC(8) - age   4:    1489672 bytes,    6986176 total
[2020-08-13T14:17:41.410+0000][6][gc,age       ] GC(8) - age   5:    1448352 bytes,    8434528 total
[2020-08-13T14:17:41.410+0000][6][gc,phases    ] GC(8)   Pre Evacuate Collection Set: 0.1ms
[2020-08-13T14:17:41.410+0000][6][gc,phases    ] GC(8)   Merge Heap Roots: 0.0ms
[2020-08-13T14:17:41.410+0000][6][gc,phases    ] GC(8)   Evacuate Collection Set: 10.8ms
[2020-08-13T14:17:41.410+0000][6][gc,phases    ] GC(8)   Post Evacuate Collection Set: 0.9ms
[2020-08-13T14:17:41.410+0000][6][gc,phases    ] GC(8)   Other: 0.3ms
[2020-08-13T14:17:41.410+0000][6][gc,heap      ] GC(8) Eden regions: 142->0(144)
[2020-08-13T14:17:41.410+0000][6][gc,heap      ] GC(8) Survivor regions: 11->9(20)
[2020-08-13T14:17:41.410+0000][6][gc,heap      ] GC(8) Old regions: 4->8
[2020-08-13T14:17:41.410+0000][6][gc,heap      ] GC(8) Archive regions: 2->2
[2020-08-13T14:17:41.410+0000][6][gc,heap      ] GC(8) Humongous regions: 1->1
[2020-08-13T14:17:41.410+0000][6][gc,metaspace ] GC(8) Metaspace: 19344K(20736K)->19344K(20736K) NonClass: 16944K(17920K)->16944K(17920K) Class: 2399K(2816K)->2399K(2816K)
[2020-08-13T14:17:41.410+0000][6][gc           ] GC(8) Pause Young (Normal) (G1 Evacuation Pause) 158M->17M(256M) 12.143ms
[2020-08-13T14:17:41.410+0000][6][gc,cpu       ] GC(8) User=0.02s Sys=0.00s Real=0.01s
[2020-08-13T14:17:41.410+0000][6][safepoint    ] Safepoint "G1CollectForAllocation", Time since last: 297215666 ns, Reaching safepoint: 116818 ns, At safepoint: 12225705 ns, Total: 12342523 ns
[2020-08-13T14:17:41.654+0000][6][gc,start     ] GC(9) Pause Young (Normal) (G1 Evacuation Pause)
[2020-08-13T14:17:41.654+0000][6][gc,task      ] GC(9) Using 2 workers of 2 for evacuation
[2020-08-13T14:17:41.654+0000][6][gc,age       ] GC(9) Desired survivor size 10485760 bytes, new threshold 15 (max threshold 15)
[2020-08-13T14:17:41.674+0000][6][gc,age       ] GC(9) Age table with threshold 15 (max threshold 15)
[2020-08-13T14:17:41.674+0000][6][gc,age       ] GC(9) - age   1:    1044584 bytes,    1044584 total
[2020-08-13T14:17:41.674+0000][6][gc,age       ] GC(9) - age   2:    1752568 bytes,    2797152 total
[2020-08-13T14:17:41.674+0000][6][gc,age       ] GC(9) - age   3:    1105872 bytes,    3903024 total
[2020-08-13T14:17:41.674+0000][6][gc,age       ] GC(9) - age   4:    2216368 bytes,    6119392 total
[2020-08-13T14:17:41.674+0000][6][gc,age       ] GC(9) - age   5:    1488632 bytes,    7608024 total
[2020-08-13T14:17:41.674+0000][6][gc,age       ] GC(9) - age   6:    1448352 bytes,    9056376 total
[2020-08-13T14:17:41.674+0000][6][gc,phases    ] GC(9)   Pre Evacuate Collection Set: 6.8ms
[2020-08-13T14:17:41.674+0000][6][gc,phases    ] GC(9)   Merge Heap Roots: 1.0ms
[2020-08-13T14:17:41.674+0000][6][gc,phases    ] GC(9)   Evacuate Collection Set: 11.7ms
[2020-08-13T14:17:41.674+0000][6][gc,phases    ] GC(9)   Post Evacuate Collection Set: 0.9ms
[2020-08-13T14:17:41.674+0000][6][gc,phases    ] GC(9)   Other: 0.3ms
[2020-08-13T14:17:41.674+0000][6][gc,heap      ] GC(9) Eden regions: 144->0(143)
[2020-08-13T14:17:41.674+0000][6][gc,heap      ] GC(9) Survivor regions: 9->10(20)
[2020-08-13T14:17:41.674+0000][6][gc,heap      ] GC(9) Old regions: 8->8
[2020-08-13T14:17:41.674+0000][6][gc,heap      ] GC(9) Archive regions: 2->2
[2020-08-13T14:17:41.674+0000][6][gc,heap      ] GC(9) Humongous regions: 1->1
[2020-08-13T14:17:41.674+0000][6][gc,metaspace ] GC(9) Metaspace: 19525K(20992K)->19525K(20992K) NonClass: 17101K(18176K)->17101K(18176K) Class: 2424K(2816K)->2424K(2816K)
[2020-08-13T14:17:41.674+0000][6][gc           ] GC(9) Pause Young (Normal) (G1 Evacuation Pause) 161M->18M(256M) 20.815ms
[2020-08-13T14:17:41.675+0000][6][gc,cpu       ] GC(9) User=0.02s Sys=0.00s Real=0.02s
[2020-08-13T14:17:41.675+0000][6][safepoint    ] Safepoint "G1CollectForAllocation", Time since last: 233200286 ns, Reaching safepoint: 10214951 ns, At safepoint: 20911805 ns, Total: 31126756 ns
[2020-08-13T14:17:41.870+0000][6][gc,start     ] GC(10) Pause Young (Normal) (G1 Evacuation Pause)
[2020-08-13T14:17:41.870+0000][6][gc,task      ] GC(10) Using 2 workers of 2 for evacuation
[2020-08-13T14:17:41.870+0000][6][gc,age       ] GC(10) Desired survivor size 10485760 bytes, new threshold 15 (max threshold 15)
[2020-08-13T14:17:41.879+0000][6][gc,age       ] GC(10) Age table with threshold 15 (max threshold 15)
[2020-08-13T14:17:41.879+0000][6][gc,age       ] GC(10) - age   1:    2459376 bytes,    2459376 total
[2020-08-13T14:17:41.879+0000][6][gc,age       ] GC(10) - age   2:     584640 bytes,    3044016 total
[2020-08-13T14:17:41.880+0000][6][gc,age       ] GC(10) - age   3:    1752240 bytes,    4796256 total
[2020-08-13T14:17:41.880+0000][6][gc,age       ] GC(10) - age   4:    1105848 bytes,    5902104 total
[2020-08-13T14:17:41.880+0000][6][gc,age       ] GC(10) - age   5:    2216368 bytes,    8118472 total
[2020-08-13T14:17:41.880+0000][6][gc,age       ] GC(10) - age   6:    1488632 bytes,    9607104 total
[2020-08-13T14:17:41.880+0000][6][gc,age       ] GC(10) - age   7:    1448352 bytes,   11055456 total
[2020-08-13T14:17:41.880+0000][6][gc,phases    ] GC(10)   Pre Evacuate Collection Set: 0.1ms
[2020-08-13T14:17:41.880+0000][6][gc,phases    ] GC(10)   Merge Heap Roots: 0.1ms
[2020-08-13T14:17:41.880+0000][6][gc,phases    ] GC(10)   Evacuate Collection Set: 8.1ms
[2020-08-13T14:17:41.880+0000][6][gc,phases    ] GC(10)   Post Evacuate Collection Set: 0.8ms
[2020-08-13T14:17:41.880+0000][6][gc,phases    ] GC(10)   Other: 0.3ms
[2020-08-13T14:17:41.880+0000][6][gc,heap      ] GC(10) Eden regions: 143->0(141)
[2020-08-13T14:17:41.880+0000][6][gc,heap      ] GC(10) Survivor regions: 10->12(20)
[2020-08-13T14:17:41.880+0000][6][gc,heap      ] GC(10) Old regions: 8->8
[2020-08-13T14:17:41.880+0000][6][gc,heap      ] GC(10) Archive regions: 2->2
[2020-08-13T14:17:41.880+0000][6][gc,heap      ] GC(10) Humongous regions: 1->1
[2020-08-13T14:17:41.880+0000][6][gc,metaspace ] GC(10) Metaspace: 19739K(21296K)->19739K(21296K) NonClass: 17274K(18432K)->17274K(18432K) Class: 2465K(2864K)->2465K(2864K)
[2020-08-13T14:17:41.880+0000][6][gc           ] GC(10) Pause Young (Normal) (G1 Evacuation Pause) 161M->20M(256M) 9.455ms
[2020-08-13T14:17:41.880+0000][6][gc,cpu       ] GC(10) User=0.02s Sys=0.00s Real=0.01s
[2020-08-13T14:17:41.880+0000][6][safepoint    ] Safepoint "G1CollectForAllocation", Time since last: 195124523 ns, Reaching safepoint: 545120 ns, At safepoint: 9541861 ns, Total: 10086981 ns
[2020-08-13T14:17:41.887+0000][6][gc,start     ] GC(11) Pause Young (Concurrent Start) (Metadata GC Threshold)
[2020-08-13T14:17:41.887+0000][6][gc,task      ] GC(11) Using 2 workers of 2 for evacuation
[2020-08-13T14:17:41.887+0000][6][gc,age       ] GC(11) Desired survivor size 10485760 bytes, new threshold 7 (max threshold 15)
[2020-08-13T14:17:41.894+0000][6][gc,age       ] GC(11) Age table with threshold 7 (max threshold 15)
[2020-08-13T14:17:41.894+0000][6][gc,age       ] GC(11) - age   1:     106992 bytes,     106992 total
[2020-08-13T14:17:41.894+0000][6][gc,age       ] GC(11) - age   2:     401944 bytes,     508936 total
[2020-08-13T14:17:41.894+0000][6][gc,age       ] GC(11) - age   3:     584640 bytes,    1093576 total
[2020-08-13T14:17:41.894+0000][6][gc,age       ] GC(11) - age   4:    1752240 bytes,    2845816 total
[2020-08-13T14:17:41.894+0000][6][gc,age       ] GC(11) - age   5:    1105848 bytes,    3951664 total
[2020-08-13T14:17:41.894+0000][6][gc,age       ] GC(11) - age   6:    2216368 bytes,    6168032 total
[2020-08-13T14:17:41.894+0000][6][gc,age       ] GC(11) - age   7:    1488632 bytes,    7656664 total
[2020-08-13T14:17:41.894+0000][6][gc,phases    ] GC(11)   Pre Evacuate Collection Set: 0.1ms
[2020-08-13T14:17:41.894+0000][6][gc,phases    ] GC(11)   Merge Heap Roots: 0.0ms
[2020-08-13T14:17:41.894+0000][6][gc,phases    ] GC(11)   Evacuate Collection Set: 6.2ms
[2020-08-13T14:17:41.894+0000][6][gc,phases    ] GC(11)   Post Evacuate Collection Set: 0.4ms
[2020-08-13T14:17:41.894+0000][6][gc,phases    ] GC(11)   Other: 0.3ms
[2020-08-13T14:17:41.894+0000][6][gc,heap      ] GC(11) Eden regions: 2->0(145)
[2020-08-13T14:17:41.894+0000][6][gc,heap      ] GC(11) Survivor regions: 12->8(20)
[2020-08-13T14:17:41.894+0000][6][gc,heap      ] GC(11) Old regions: 8->9
[2020-08-13T14:17:41.894+0000][6][gc,heap      ] GC(11) Archive regions: 2->2
[2020-08-13T14:17:41.894+0000][6][gc,heap      ] GC(11) Humongous regions: 1->1
[2020-08-13T14:17:41.894+0000][6][gc,metaspace ] GC(11) Metaspace: 19740K(21296K)->19740K(21296K) NonClass: 17274K(18432K)->17274K(18432K) Class: 2465K(2864K)->2465K(2864K)
[2020-08-13T14:17:41.894+0000][6][gc           ] GC(11) Pause Young (Concurrent Start) (Metadata GC Threshold) 22M->18M(256M) 7.126ms
[2020-08-13T14:17:41.894+0000][6][gc,cpu       ] GC(11) User=0.01s Sys=0.00s Real=0.00s
[2020-08-13T14:17:41.894+0000][6][gc           ] GC(12) Concurrent Cycle
[2020-08-13T14:17:41.894+0000][6][gc,marking   ] GC(12) Concurrent Clear Claimed Marks
[2020-08-13T14:17:41.894+0000][6][gc,marking   ] GC(12) Concurrent Clear Claimed Marks 0.022ms
[2020-08-13T14:17:41.894+0000][6][gc,marking   ] GC(12) Concurrent Scan Root Regions
[2020-08-13T14:17:41.894+0000][6][safepoint    ] Safepoint "CollectForMetadataAllocation", Time since last: 7194878 ns, Reaching safepoint: 53851 ns, At safepoint: 7374985 ns, Total: 7428836 ns
[2020-08-13T14:17:41.897+0000][6][gc,marking   ] GC(12) Concurrent Scan Root Regions 3.007ms
[2020-08-13T14:17:41.897+0000][6][gc,marking   ] GC(12) Concurrent Mark (5.365s)
[2020-08-13T14:17:41.897+0000][6][gc,marking   ] GC(12) Concurrent Mark From Roots
[2020-08-13T14:17:41.897+0000][6][gc,task      ] GC(12) Using 1 workers of 1 for marking
[2020-08-13T14:17:41.922+0000][6][gc,marking   ] GC(12) Concurrent Mark From Roots 24.967ms
[2020-08-13T14:17:41.922+0000][6][gc,marking   ] GC(12) Concurrent Preclean
[2020-08-13T14:17:41.922+0000][6][gc,marking   ] GC(12) Concurrent Preclean 0.054ms
[2020-08-13T14:17:41.922+0000][6][gc,marking   ] GC(12) Concurrent Mark (5.365s, 5.390s) 25.094ms
[2020-08-13T14:17:41.924+0000][6][gc,start     ] GC(12) Pause Remark
[2020-08-13T14:17:41.929+0000][6][gc           ] GC(12) Pause Remark 21M->21M(256M) 4.924ms
[2020-08-13T14:17:41.929+0000][6][gc,cpu       ] GC(12) User=0.01s Sys=0.00s Real=0.01s
[2020-08-13T14:17:41.929+0000][6][safepoint    ] Safepoint "G1Concurrent", Time since last: 28259769 ns, Reaching safepoint: 943987 ns, At safepoint: 4966196 ns, Total: 5910183 ns
[2020-08-13T14:17:41.929+0000][6][gc,marking   ] GC(12) Concurrent Rebuild Remembered Sets
[2020-08-13T14:17:41.937+0000][6][gc,marking   ] GC(12) Concurrent Rebuild Remembered Sets 7.940ms
[2020-08-13T14:17:41.937+0000][6][gc,start     ] GC(12) Pause Cleanup
[2020-08-13T14:17:41.937+0000][6][gc           ] GC(12) Pause Cleanup 24M->24M(256M) 0.107ms
[2020-08-13T14:17:41.937+0000][6][gc,cpu       ] GC(12) User=0.00s Sys=0.00s Real=0.00s
[2020-08-13T14:17:41.937+0000][6][safepoint    ] Safepoint "G1Concurrent", Time since last: 8110843 ns, Reaching safepoint: 666107 ns, At safepoint: 140383 ns, Total: 806490 ns
[2020-08-13T14:17:41.937+0000][6][gc,marking   ] GC(12) Concurrent Cleanup for Next Mark
[2020-08-13T14:17:41.938+0000][6][gc,marking   ] GC(12) Concurrent Cleanup for Next Mark 0.582ms
[2020-08-13T14:17:41.938+0000][6][gc           ] GC(12) Concurrent Cycle 43.881ms
[2020-08-13T14:17:42.121+0000][6][gc,start     ] GC(13) Pause Young (Normal) (G1 Evacuation Pause)
[2020-08-13T14:17:42.121+0000][6][gc,task      ] GC(13) Using 2 workers of 2 for evacuation
[2020-08-13T14:17:42.121+0000][6][gc,age       ] GC(13) Desired survivor size 10485760 bytes, new threshold 15 (max threshold 15)
[2020-08-13T14:17:42.132+0000][6][gc,age       ] GC(13) Age table with threshold 15 (max threshold 15)
[2020-08-13T14:17:42.132+0000][6][gc,age       ] GC(13) - age   1:     390928 bytes,     390928 total
[2020-08-13T14:17:42.132+0000][6][gc,age       ] GC(13) - age   2:      42968 bytes,     433896 total
[2020-08-13T14:17:42.132+0000][6][gc,age       ] GC(13) - age   3:     401424 bytes,     835320 total
[2020-08-13T14:17:42.132+0000][6][gc,age       ] GC(13) - age   4:     584640 bytes,    1419960 total
[2020-08-13T14:17:42.132+0000][6][gc,age       ] GC(13) - age   5:    1752144 bytes,    3172104 total
[2020-08-13T14:17:42.132+0000][6][gc,age       ] GC(13) - age   6:    1105848 bytes,    4277952 total
[2020-08-13T14:17:42.132+0000][6][gc,age       ] GC(13) - age   7:    2216368 bytes,    6494320 total
[2020-08-13T14:17:42.132+0000][6][gc,age       ] GC(13) - age   8:    1488632 bytes,    7982952 total
[2020-08-13T14:17:42.132+0000][6][gc,phases    ] GC(13)   Pre Evacuate Collection Set: 0.1ms
[2020-08-13T14:17:42.132+0000][6][gc,phases    ] GC(13)   Merge Heap Roots: 0.1ms
[2020-08-13T14:17:42.132+0000][6][gc,phases    ] GC(13)   Evacuate Collection Set: 10.5ms
[2020-08-13T14:17:42.132+0000][6][gc,phases    ] GC(13)   Post Evacuate Collection Set: 0.8ms
[2020-08-13T14:17:42.133+0000][6][gc,phases    ] GC(13)   Other: 0.3ms
[2020-08-13T14:17:42.133+0000][6][gc,heap      ] GC(13) Eden regions: 145->0(145)
[2020-08-13T14:17:42.133+0000][6][gc,heap      ] GC(13) Survivor regions: 8->8(20)
[2020-08-13T14:17:42.133+0000][6][gc,heap      ] GC(13) Old regions: 9->9
[2020-08-13T14:17:42.133+0000][6][gc,heap      ] GC(13) Archive regions: 2->2
[2020-08-13T14:17:42.133+0000][6][gc,heap      ] GC(13) Humongous regions: 1->1
[2020-08-13T14:17:42.133+0000][6][gc,metaspace ] GC(13) Metaspace: 19921K(21552K)->19921K(21552K) NonClass: 17416K(18688K)->17416K(18688K) Class: 2505K(2864K)->2505K(2864K)
[2020-08-13T14:17:42.133+0000][6][gc           ] GC(13) Pause Young (Normal) (G1 Evacuation Pause) 163M->18M(256M) 11.806ms
[2020-08-13T14:17:42.133+0000][6][gc,cpu       ] GC(13) User=0.03s Sys=0.00s Real=0.01s
[2020-08-13T14:17:42.133+0000][6][safepoint    ] Safepoint "G1CollectForAllocation", Time since last: 183194390 ns, Reaching safepoint: 101209 ns, At safepoint: 11898102 ns, Total: 11999311 ns
[2020-08-13T14:17:43.069+0000][6][safepoint    ] Safepoint "ICBufferFull", Time since last: 935961890 ns, Reaching safepoint: 735938 ns, At safepoint: 7575 ns, Total: 743513 ns
[2020-08-13T14:17:44.072+0000][6][safepoint    ] Safepoint "Cleanup", Time since last: 1000293330 ns, Reaching safepoint: 2208715 ns, At safepoint: 4358 ns, Total: 2213073 ns
[2020-08-13T14:17:44.455+0000][6][gc,start     ] GC(14) Pause Young (Normal) (G1 Evacuation Pause)
[2020-08-13T14:17:44.455+0000][6][gc,task      ] GC(14) Using 2 workers of 2 for evacuation
[2020-08-13T14:17:44.455+0000][6][gc,age       ] GC(14) Desired survivor size 10485760 bytes, new threshold 15 (max threshold 15)
[2020-08-13T14:17:44.501+0000][6][gc,age       ] GC(14) Age table with threshold 15 (max threshold 15)
[2020-08-13T14:17:44.501+0000][6][gc,age       ] GC(14) - age   1:   12955184 bytes,   12955184 total
[2020-08-13T14:17:44.501+0000][6][gc,age       ] GC(14) - age   2:     369976 bytes,   13325160 total
[2020-08-13T14:17:44.501+0000][6][gc,age       ] GC(14) - age   3:      42968 bytes,   13368128 total
[2020-08-13T14:17:44.501+0000][6][gc,age       ] GC(14) - age   4:     398496 bytes,   13766624 total
[2020-08-13T14:17:44.501+0000][6][gc,age       ] GC(14) - age   5:     584512 bytes,   14351136 total
[2020-08-13T14:17:44.501+0000][6][gc,age       ] GC(14) - age   6:    1748552 bytes,   16099688 total
[2020-08-13T14:17:44.501+0000][6][gc,age       ] GC(14) - age   7:    1098968 bytes,   17198656 total
[2020-08-13T14:17:44.501+0000][6][gc,age       ] GC(14) - age   8:    2207984 bytes,   19406640 total
[2020-08-13T14:17:44.501+0000][6][gc,age       ] GC(14) - age   9:    1484264 bytes,   20890904 total
[2020-08-13T14:17:44.501+0000][6][gc,phases    ] GC(14)   Pre Evacuate Collection Set: 0.0ms
[2020-08-13T14:17:44.501+0000][6][gc,phases    ] GC(14)   Merge Heap Roots: 0.1ms
[2020-08-13T14:17:44.501+0000][6][gc,phases    ] GC(14)   Evacuate Collection Set: 40.6ms
[2020-08-13T14:17:44.501+0000][6][gc,phases    ] GC(14)   Post Evacuate Collection Set: 4.4ms
[2020-08-13T14:17:44.501+0000][6][gc,phases    ] GC(14)   Other: 0.3ms
[2020-08-13T14:17:44.501+0000][6][gc,heap      ] GC(14) Eden regions: 145->0(133)
[2020-08-13T14:17:44.501+0000][6][gc,heap      ] GC(14) Survivor regions: 8->20(20)
[2020-08-13T14:17:44.501+0000][6][gc,heap      ] GC(14) Old regions: 9->12
[2020-08-13T14:17:44.501+0000][6][gc,heap      ] GC(14) Archive regions: 2->2
[2020-08-13T14:17:44.501+0000][6][gc,heap      ] GC(14) Humongous regions: 1->1
[2020-08-13T14:17:44.501+0000][6][gc,metaspace ] GC(14) Metaspace: 28051K(30512K)->28051K(30512K) NonClass: 24454K(26112K)->24454K(26112K) Class: 3597K(4400K)->3597K(4400K)
[2020-08-13T14:17:44.501+0000][6][gc           ] GC(14) Pause Young (Normal) (G1 Evacuation Pause) 163M->33M(256M) 45.578ms
[2020-08-13T14:17:44.501+0000][6][gc,cpu       ] GC(14) User=0.06s Sys=0.00s Real=0.05s
[2020-08-13T14:17:44.501+0000][6][safepoint    ] Safepoint "G1CollectForAllocation", Time since last: 383417848 ns, Reaching safepoint: 79177 ns, At safepoint: 45659159 ns, Total: 45738336 ns
[2020-08-13T14:17:45.502+0000][6][safepoint    ] Safepoint "Cleanup", Time since last: 1000439485 ns, Reaching safepoint: 384710 ns, At safepoint: 2996 ns, Total: 387706 ns
[2020-08-13T14:17:45.589+0000][6][gc,start     ] GC(15) Pause Young (Concurrent Start) (Metadata GC Threshold)
[2020-08-13T14:17:45.589+0000][6][gc,task      ] GC(15) Using 2 workers of 2 for evacuation
[2020-08-13T14:17:45.589+0000][6][gc,age       ] GC(15) Desired survivor size 10485760 bytes, new threshold 1 (max threshold 15)
[2020-08-13T14:17:45.673+0000][6][gc,age       ] GC(15) Age table with threshold 1 (max threshold 15)
[2020-08-13T14:17:45.673+0000][6][gc,age       ] GC(15) - age   1:   13622440 bytes,   13622440 total
[2020-08-13T14:17:45.673+0000][6][gc,phases    ] GC(15)   Pre Evacuate Collection Set: 0.4ms
[2020-08-13T14:17:45.673+0000][6][gc,phases    ] GC(15)   Merge Heap Roots: 0.2ms
[2020-08-13T14:17:45.673+0000][6][gc,phases    ] GC(15)   Evacuate Collection Set: 81.7ms
[2020-08-13T14:17:45.673+0000][6][gc,phases    ] GC(15)   Post Evacuate Collection Set: 1.7ms
[2020-08-13T14:17:45.673+0000][6][gc,phases    ] GC(15)   Other: 0.3ms
[2020-08-13T14:17:45.673+0000][6][gc,heap      ] GC(15) Eden regions: 133->0(117)
[2020-08-13T14:17:45.673+0000][6][gc,heap      ] GC(15) Survivor regions: 20->14(20)
[2020-08-13T14:17:45.673+0000][6][gc,heap      ] GC(15) Old regions: 12->32
[2020-08-13T14:17:45.673+0000][6][gc,heap      ] GC(15) Archive regions: 2->2
[2020-08-13T14:17:45.673+0000][6][gc,heap      ] GC(15) Humongous regions: 1->1
[2020-08-13T14:17:45.673+0000][6][gc,metaspace ] GC(15) Metaspace: 32873K(35920K)->32873K(35920K) NonClass: 28530K(30624K)->28530K(30624K) Class: 4342K(5296K)->4342K(5296K)
[2020-08-13T14:17:45.673+0000][6][gc           ] GC(15) Pause Young (Concurrent Start) (Metadata GC Threshold) 166M->46M(256M) 84.335ms
[2020-08-13T14:17:45.673+0000][6][gc,cpu       ] GC(15) User=0.16s Sys=0.00s Real=0.08s
[2020-08-13T14:17:45.673+0000][6][gc           ] GC(16) Concurrent Cycle
[2020-08-13T14:17:45.673+0000][6][gc,marking   ] GC(16) Concurrent Clear Claimed Marks
[2020-08-13T14:17:45.673+0000][6][safepoint    ] Safepoint "CollectForMetadataAllocation", Time since last: 86659387 ns, Reaching safepoint: 92082 ns, At safepoint: 84509864 ns, Total: 84601946 ns
[2020-08-13T14:17:45.673+0000][6][gc,marking   ] GC(16) Concurrent Clear Claimed Marks 0.336ms
[2020-08-13T14:17:45.673+0000][6][gc,marking   ] GC(16) Concurrent Scan Root Regions
[2020-08-13T14:17:45.725+0000][6][gc,marking   ] GC(16) Concurrent Scan Root Regions 51.232ms
[2020-08-13T14:17:45.725+0000][6][gc,marking   ] GC(16) Concurrent Mark (9.193s)
[2020-08-13T14:17:45.725+0000][6][gc,marking   ] GC(16) Concurrent Mark From Roots
[2020-08-13T14:17:45.725+0000][6][gc,task      ] GC(16) Using 1 workers of 1 for marking
[2020-08-13T14:17:45.726+0000][6][safepoint    ] Safepoint "CollectForMetadataAllocation", Time since last: 51769406 ns, Reaching safepoint: 836186 ns, At safepoint: 133379 ns, Total: 969565 ns
[2020-08-13T14:17:45.771+0000][6][safepoint    ] Safepoint "CollectForMetadataAllocation", Time since last: 44823535 ns, Reaching safepoint: 85030 ns, At safepoint: 128319 ns, Total: 213349 ns
[2020-08-13T14:17:45.776+0000][6][safepoint    ] Safepoint "CollectForMetadataAllocation", Time since last: 4800626 ns, Reaching safepoint: 160862 ns, At safepoint: 6612 ns, Total: 167474 ns
[2020-08-13T14:17:45.783+0000][6][gc,marking   ] GC(16) Concurrent Mark From Roots 58.324ms
[2020-08-13T14:17:45.783+0000][6][gc,marking   ] GC(16) Concurrent Preclean
[2020-08-13T14:17:45.783+0000][6][gc,marking   ] GC(16) Concurrent Preclean 0.109ms
[2020-08-13T14:17:45.783+0000][6][gc,marking   ] GC(16) Concurrent Mark (9.193s, 9.251s) 58.508ms
[2020-08-13T14:17:45.783+0000][6][gc,start     ] GC(16) Pause Remark
[2020-08-13T14:17:45.789+0000][6][gc           ] GC(16) Pause Remark 51M->51M(256M) 5.990ms
[2020-08-13T14:17:45.789+0000][6][gc,cpu       ] GC(16) User=0.01s Sys=0.00s Real=0.01s
[2020-08-13T14:17:45.789+0000][6][safepoint    ] Safepoint "G1Concurrent", Time since last: 7380907 ns, Reaching safepoint: 62507 ns, At safepoint: 6083958 ns, Total: 6146465 ns
[2020-08-13T14:17:45.789+0000][6][gc,marking   ] GC(16) Concurrent Rebuild Remembered Sets
[2020-08-13T14:17:45.853+0000][6][gc,marking   ] GC(16) Concurrent Rebuild Remembered Sets 63.784ms
[2020-08-13T14:17:45.854+0000][6][gc,start     ] GC(16) Pause Cleanup
[2020-08-13T14:17:45.854+0000][6][gc           ] GC(16) Pause Cleanup 55M->55M(256M) 0.100ms
[2020-08-13T14:17:45.854+0000][6][gc,cpu       ] GC(16) User=0.00s Sys=0.00s Real=0.00s
[2020-08-13T14:17:45.854+0000][6][safepoint    ] Safepoint "G1Concurrent", Time since last: 63912658 ns, Reaching safepoint: 863015 ns, At safepoint: 135955 ns, Total: 998970 ns
[2020-08-13T14:17:45.854+0000][6][gc,marking   ] GC(16) Concurrent Cleanup for Next Mark
[2020-08-13T14:17:45.855+0000][6][gc,marking   ] GC(16) Concurrent Cleanup for Next Mark 0.603ms
[2020-08-13T14:17:45.855+0000][6][gc           ] GC(16) Concurrent Cycle 181.903ms
[2020-08-13T14:17:46.142+0000][6][gc,start     ] GC(17) Pause Young (Concurrent Start) (G1 Evacuation Pause)
[2020-08-13T14:17:46.142+0000][6][gc,task      ] GC(17) Using 2 workers of 2 for evacuation
[2020-08-13T14:17:46.142+0000][6][gc,age       ] GC(17) Desired survivor size 8912896 bytes, new threshold 1 (max threshold 15)
[2020-08-13T14:17:46.162+0000][6][gc,age       ] GC(17) Age table with threshold 1 (max threshold 15)
[2020-08-13T14:17:46.162+0000][6][gc,age       ] GC(17) - age   1:    1902984 bytes,    1902984 total
[2020-08-13T14:17:46.162+0000][6][gc,phases    ] GC(17)   Pre Evacuate Collection Set: 0.4ms
[2020-08-13T14:17:46.162+0000][6][gc,phases    ] GC(17)   Merge Heap Roots: 0.1ms
[2020-08-13T14:17:46.162+0000][6][gc,phases    ] GC(17)   Evacuate Collection Set: 18.7ms
[2020-08-13T14:17:46.162+0000][6][gc,phases    ] GC(17)   Post Evacuate Collection Set: 1.0ms
[2020-08-13T14:17:46.162+0000][6][gc,phases    ] GC(17)   Other: 0.3ms
[2020-08-13T14:17:46.162+0000][6][gc,heap      ] GC(17) Eden regions: 117->0(119)
[2020-08-13T14:17:46.162+0000][6][gc,heap      ] GC(17) Survivor regions: 14->3(17)
[2020-08-13T14:17:46.162+0000][6][gc,heap      ] GC(17) Old regions: 32->45
[2020-08-13T14:17:46.162+0000][6][gc,heap      ] GC(17) Archive regions: 2->2
[2020-08-13T14:17:46.162+0000][6][gc,heap      ] GC(17) Humongous regions: 1->1
[2020-08-13T14:17:46.162+0000][6][gc,metaspace ] GC(17) Metaspace: 34090K(37276K)->34090K(37276K) NonClass: 29621K(31852K)->29621K(31852K) Class: 4469K(5424K)->4469K(5424K)
[2020-08-13T14:17:46.162+0000][6][gc           ] GC(17) Pause Young (Concurrent Start) (G1 Evacuation Pause) 163M->48M(256M) 20.485ms
[2020-08-13T14:17:46.162+0000][6][gc,cpu       ] GC(17) User=0.04s Sys=0.00s Real=0.02s
[2020-08-13T14:17:46.162+0000][6][gc           ] GC(18) Concurrent Cycle
[2020-08-13T14:17:46.162+0000][6][safepoint    ] Safepoint "G1CollectForAllocation", Time since last: 283273888 ns, Reaching safepoint: 4129961 ns, At safepoint: 20581727 ns, Total: 24711688 ns
[2020-08-13T14:17:46.162+0000][6][gc,marking   ] GC(18) Concurrent Clear Claimed Marks
[2020-08-13T14:17:46.163+0000][6][gc,marking   ] GC(18) Concurrent Clear Claimed Marks 0.386ms
[2020-08-13T14:17:46.163+0000][6][gc,marking   ] GC(18) Concurrent Scan Root Regions
[2020-08-13T14:17:46.196+0000][6][gc,marking   ] GC(18) Concurrent Scan Root Regions 33.146ms
[2020-08-13T14:17:46.196+0000][6][gc,marking   ] GC(18) Concurrent Mark (9.664s)
[2020-08-13T14:17:46.196+0000][6][gc,marking   ] GC(18) Concurrent Mark From Roots
[2020-08-13T14:17:46.196+0000][6][gc,task      ] GC(18) Using 1 workers of 1 for marking
[2020-08-13T14:17:46.271+0000][6][gc,marking   ] GC(18) Concurrent Mark From Roots 74.764ms
[2020-08-13T14:17:46.271+0000][6][gc,marking   ] GC(18) Concurrent Preclean
[2020-08-13T14:17:46.271+0000][6][gc,marking   ] GC(18) Concurrent Preclean 0.139ms
[2020-08-13T14:17:46.271+0000][6][gc,marking   ] GC(18) Concurrent Mark (9.664s, 9.739s) 74.989ms
[2020-08-13T14:17:46.274+0000][6][gc,start     ] GC(18) Pause Remark
[2020-08-13T14:17:46.279+0000][6][gc           ] GC(18) Pause Remark 52M->52M(256M) 5.078ms
[2020-08-13T14:17:46.279+0000][6][gc,cpu       ] GC(18) User=0.00s Sys=0.00s Real=0.01s
[2020-08-13T14:17:46.279+0000][6][safepoint    ] Safepoint "G1Concurrent", Time since last: 111378278 ns, Reaching safepoint: 172883 ns, At safepoint: 5186939 ns, Total: 5359822 ns
[2020-08-13T14:17:46.279+0000][6][gc,marking   ] GC(18) Concurrent Rebuild Remembered Sets
[2020-08-13T14:17:46.399+0000][6][gc,marking   ] GC(18) Concurrent Rebuild Remembered Sets 119.631ms
[2020-08-13T14:17:46.400+0000][6][gc,start     ] GC(18) Pause Cleanup
[2020-08-13T14:17:46.400+0000][6][gc           ] GC(18) Pause Cleanup 61M->61M(256M) 0.132ms
[2020-08-13T14:17:46.400+0000][6][gc,cpu       ] GC(18) User=0.00s Sys=0.00s Real=0.00s
[2020-08-13T14:17:46.400+0000][6][safepoint    ] Safepoint "G1Concurrent", Time since last: 119749228 ns, Reaching safepoint: 1393689 ns, At safepoint: 164899 ns, Total: 1558588 ns
[2020-08-13T14:17:46.400+0000][6][gc,marking   ] GC(18) Concurrent Cleanup for Next Mark
[2020-08-13T14:17:46.409+0000][6][gc,marking   ] GC(18) Concurrent Cleanup for Next Mark 8.290ms
[2020-08-13T14:17:46.409+0000][6][gc           ] GC(18) Concurrent Cycle 246.449ms
[2020-08-13T14:17:47.396+0000][6][gc,start     ] GC(19) Pause Young (Normal) (G1 Evacuation Pause)
[2020-08-13T14:17:47.396+0000][6][gc,task      ] GC(19) Using 2 workers of 2 for evacuation
[2020-08-13T14:17:47.396+0000][6][gc,age       ] GC(19) Desired survivor size 8388608 bytes, new threshold 15 (max threshold 15)
[2020-08-13T14:17:47.413+0000][6][gc,age       ] GC(19) Age table with threshold 15 (max threshold 15)
[2020-08-13T14:17:47.413+0000][6][gc,age       ] GC(19) - age   1:    4829472 bytes,    4829472 total
[2020-08-13T14:17:47.413+0000][6][gc,age       ] GC(19) - age   2:    1895552 bytes,    6725024 total
[2020-08-13T14:17:47.413+0000][6][gc,phases    ] GC(19)   Pre Evacuate Collection Set: 0.1ms
[2020-08-13T14:17:47.413+0000][6][gc,phases    ] GC(19)   Merge Heap Roots: 0.2ms
[2020-08-13T14:17:47.413+0000][6][gc,phases    ] GC(19)   Evacuate Collection Set: 13.9ms
[2020-08-13T14:17:47.413+0000][6][gc,phases    ] GC(19)   Post Evacuate Collection Set: 2.7ms
[2020-08-13T14:17:47.413+0000][6][gc,phases    ] GC(19)   Other: 0.2ms
[2020-08-13T14:17:47.413+0000][6][gc,heap      ] GC(19) Eden regions: 119->0(116)
[2020-08-13T14:17:47.413+0000][6][gc,heap      ] GC(19) Survivor regions: 3->7(16)
[2020-08-13T14:17:47.413+0000][6][gc,heap      ] GC(19) Old regions: 45->45
[2020-08-13T14:17:47.413+0000][6][gc,heap      ] GC(19) Archive regions: 2->2
[2020-08-13T14:17:47.413+0000][6][gc,heap      ] GC(19) Humongous regions: 1->1
[2020-08-13T14:17:47.413+0000][6][gc,metaspace ] GC(19) Metaspace: 49756K(54684K)->49756K(54684K) NonClass: 42913K(45932K)->42913K(45932K) Class: 6843K(8752K)->6843K(8752K)
[2020-08-13T14:17:47.413+0000][6][gc           ] GC(19) Pause Young (Normal) (G1 Evacuation Pause) 167M->52M(256M) 17.247ms
[2020-08-13T14:17:47.413+0000][6][gc,cpu       ] GC(19) User=0.02s Sys=0.00s Real=0.01s
[2020-08-13T14:17:47.413+0000][6][safepoint    ] Safepoint "G1CollectForAllocation", Time since last: 995369985 ns, Reaching safepoint: 260248 ns, At safepoint: 17335720 ns, Total: 17595968 ns
[2020-08-13T14:17:47.967+0000][6][safepoint    ] Safepoint "BulkRevokeBias", Time since last: 553042596 ns, Reaching safepoint: 1055766 ns, At safepoint: 54312 ns, Total: 1110078 ns
[2020-08-13T14:17:47.975+0000][6][gc,heap,exit ] Heap
[2020-08-13T14:17:47.975+0000][6][gc,heap,exit ]  garbage-first heap   total 262144K, used 145201K [0x00000000f0000000, 0x0000000100000000)
[2020-08-13T14:17:47.975+0000][6][gc,heap,exit ]   region size 1024K, 97 young (99328K), 7 survivors (7168K)
[2020-08-13T14:17:47.975+0000][6][gc,heap,exit ]  Metaspace       used 56117K, capacity 61135K, committed 61468K, reserved 1101824K
[2020-08-13T14:17:47.975+0000][6][gc,heap,exit ]   class space    used 7830K, capacity 9820K, committed 9904K, reserved 1048576K
