[2020-08-13T13:08:53.273+0000][6][gc,heap] Heap region size: 1M
[2020-08-13T13:08:53.273+0000][6][gc,heap,coops] Heap address: 0x00000000f0000000, size: 256 MB, Compressed Oops mode: 32-bit
[2020-08-13T13:08:53.418+0000][6][gc           ] Using G1
[2020-08-13T13:08:53.418+0000][6][gc,cds       ] Mark closed archive regions in map: [0x00000000fff00000, 0x00000000fff7eff8]
[2020-08-13T13:08:53.418+0000][6][gc,cds       ] Mark open archive regions in map: [0x00000000ffe00000, 0x00000000ffe51ff8]
[2020-08-13T13:08:53.460+0000][6][gc           ] Periodic GC disabled
[2020-08-13T13:08:54.310+0000][6][gc,start     ] GC(0) Pause Young (Normal) (G1 Evacuation Pause)
[2020-08-13T13:08:54.310+0000][6][gc,task      ] GC(0) Using 2 workers of 2 for evacuation
[2020-08-13T13:08:54.310+0000][6][gc,age       ] GC(0) Desired survivor size 1048576 bytes, new threshold 15 (max threshold 15)
[2020-08-13T13:08:54.333+0000][6][gc,age       ] GC(0) Age table with threshold 15 (max threshold 15)
[2020-08-13T13:08:54.333+0000][6][gc,age       ] GC(0) - age   1:    2045088 bytes,    2045088 total
[2020-08-13T13:08:54.333+0000][6][gc,phases    ] GC(0)   Pre Evacuate Collection Set: 0.0ms
[2020-08-13T13:08:54.333+0000][6][gc,phases    ] GC(0)   Merge Heap Roots: 0.0ms
[2020-08-13T13:08:54.333+0000][6][gc,phases    ] GC(0)   Evacuate Collection Set: 22.4ms
[2020-08-13T13:08:54.333+0000][6][gc,phases    ] GC(0)   Post Evacuate Collection Set: 0.4ms
[2020-08-13T13:08:54.333+0000][6][gc,phases    ] GC(0)   Other: 0.4ms
[2020-08-13T13:08:54.333+0000][6][gc,heap      ] GC(0) Eden regions: 12->0(10)
[2020-08-13T13:08:54.333+0000][6][gc,heap      ] GC(0) Survivor regions: 0->2(2)
[2020-08-13T13:08:54.333+0000][6][gc,heap      ] GC(0) Old regions: 0->0
[2020-08-13T13:08:54.333+0000][6][gc,heap      ] GC(0) Archive regions: 2->2
[2020-08-13T13:08:54.333+0000][6][gc,heap      ] GC(0) Humongous regions: 1->1
[2020-08-13T13:08:54.334+0000][6][gc,metaspace ] GC(0) Metaspace: 2560K(5760K)->2560K(5760K) NonClass: 2284K(5120K)->2284K(5120K) Class: 276K(640K)->276K(640K)
[2020-08-13T13:08:54.334+0000][6][gc           ] GC(0) Pause Young (Normal) (G1 Evacuation Pause) 13M->3M(256M) 23.429ms
[2020-08-13T13:08:54.334+0000][6][gc,cpu       ] GC(0) User=0.00s Sys=0.00s Real=0.02s
[2020-08-13T13:08:54.334+0000][6][safepoint    ] Safepoint "G1CollectForAllocation", Time since last: 859919160 ns, Reaching safepoint: 398455 ns, At safepoint: 23512767 ns, Total: 23911222 ns
[2020-08-13T13:08:55.450+0000][6][gc,start     ] GC(1) Pause Young (Normal) (G1 Evacuation Pause)
[2020-08-13T13:08:55.450+0000][6][gc,task      ] GC(1) Using 2 workers of 2 for evacuation
[2020-08-13T13:08:55.450+0000][6][gc,age       ] GC(1) Desired survivor size 1048576 bytes, new threshold 1 (max threshold 15)
[2020-08-13T13:08:55.480+0000][6][gc,age       ] GC(1) Age table with threshold 1 (max threshold 15)
[2020-08-13T13:08:55.480+0000][6][gc,age       ] GC(1) - age   1:     582800 bytes,     582800 total
[2020-08-13T13:08:55.480+0000][6][gc,phases    ] GC(1)   Pre Evacuate Collection Set: 0.1ms
[2020-08-13T13:08:55.480+0000][6][gc,phases    ] GC(1)   Merge Heap Roots: 0.1ms
[2020-08-13T13:08:55.480+0000][6][gc,phases    ] GC(1)   Evacuate Collection Set: 28.6ms
[2020-08-13T13:08:55.480+0000][6][gc,phases    ] GC(1)   Post Evacuate Collection Set: 0.5ms
[2020-08-13T13:08:55.480+0000][6][gc,phases    ] GC(1)   Other: 0.3ms
[2020-08-13T13:08:55.480+0000][6][gc,heap      ] GC(1) Eden regions: 10->0(17)
[2020-08-13T13:08:55.480+0000][6][gc,heap      ] GC(1) Survivor regions: 2->1(2)
[2020-08-13T13:08:55.480+0000][6][gc,heap      ] GC(1) Old regions: 0->2
[2020-08-13T13:08:55.480+0000][6][gc,heap      ] GC(1) Archive regions: 2->2
[2020-08-13T13:08:55.480+0000][6][gc,heap      ] GC(1) Humongous regions: 1->1
[2020-08-13T13:08:55.480+0000][6][gc,metaspace ] GC(1) Metaspace: 5488K(8448K)->5488K(8448K) NonClass: 4880K(7424K)->4880K(7424K) Class: 607K(1024K)->607K(1024K)
[2020-08-13T13:08:55.480+0000][6][gc           ] GC(1) Pause Young (Normal) (G1 Evacuation Pause) 13M->4M(256M) 29.669ms
[2020-08-13T13:08:55.480+0000][6][gc,cpu       ] GC(1) User=0.01s Sys=0.00s Real=0.03s
[2020-08-13T13:08:55.480+0000][6][safepoint    ] Safepoint "G1CollectForAllocation", Time since last: 1116564959 ns, Reaching safepoint: 222277 ns, At safepoint: 29776760 ns, Total: 29999037 ns
[2020-08-13T13:08:56.587+0000][6][gc,start     ] GC(2) Pause Young (Normal) (G1 Evacuation Pause)
[2020-08-13T13:08:56.587+0000][6][gc,task      ] GC(2) Using 2 workers of 2 for evacuation
[2020-08-13T13:08:56.587+0000][6][gc,age       ] GC(2) Desired survivor size 1572864 bytes, new threshold 15 (max threshold 15)
[2020-08-13T13:08:56.617+0000][6][gc,age       ] GC(2) Age table with threshold 15 (max threshold 15)
[2020-08-13T13:08:56.617+0000][6][gc,age       ] GC(2) - age   1:     969168 bytes,     969168 total
[2020-08-13T13:08:56.617+0000][6][gc,age       ] GC(2) - age   2:     540880 bytes,    1510048 total
[2020-08-13T13:08:56.617+0000][6][gc,phases    ] GC(2)   Pre Evacuate Collection Set: 0.1ms
[2020-08-13T13:08:56.617+0000][6][gc,phases    ] GC(2)   Merge Heap Roots: 0.0ms
[2020-08-13T13:08:56.617+0000][6][gc,phases    ] GC(2)   Evacuate Collection Set: 28.8ms
[2020-08-13T13:08:56.617+0000][6][gc,phases    ] GC(2)   Post Evacuate Collection Set: 0.5ms
[2020-08-13T13:08:56.617+0000][6][gc,phases    ] GC(2)   Other: 0.3ms
[2020-08-13T13:08:56.617+0000][6][gc,heap      ] GC(2) Eden regions: 17->0(91)
[2020-08-13T13:08:56.617+0000][6][gc,heap      ] GC(2) Survivor regions: 1->2(3)
[2020-08-13T13:08:56.617+0000][6][gc,heap      ] GC(2) Old regions: 2->2
[2020-08-13T13:08:56.617+0000][6][gc,heap      ] GC(2) Archive regions: 2->2
[2020-08-13T13:08:56.617+0000][6][gc,heap      ] GC(2) Humongous regions: 1->1
[2020-08-13T13:08:56.617+0000][6][gc,metaspace ] GC(2) Metaspace: 8848K(11008K)->8848K(11008K) NonClass: 7661K(9472K)->7661K(9472K) Class: 1187K(1536K)->1187K(1536K)
[2020-08-13T13:08:56.617+0000][6][gc           ] GC(2) Pause Young (Normal) (G1 Evacuation Pause) 21M->5M(256M) 29.821ms
[2020-08-13T13:08:56.617+0000][6][gc,cpu       ] GC(2) User=0.01s Sys=0.00s Real=0.03s
[2020-08-13T13:08:56.617+0000][6][safepoint    ] Safepoint "G1CollectForAllocation", Time since last: 1106645644 ns, Reaching safepoint: 170920 ns, At safepoint: 29894281 ns, Total: 30065201 ns
[2020-08-13T13:08:56.746+0000][6][gc,heap,exit ] Heap
[2020-08-13T13:08:56.746+0000][6][gc,heap,exit ]  garbage-first heap   total 262144K, used 7422K [0x00000000f0000000, 0x0000000100000000)
[2020-08-13T13:08:56.746+0000][6][gc,heap,exit ]   region size 1024K, 5 young (5120K), 2 survivors (2048K)
[2020-08-13T13:08:56.746+0000][6][gc,heap,exit ]  Metaspace       used 9153K, capacity 10702K, committed 11008K, reserved 1058816K
[2020-08-13T13:08:56.746+0000][6][gc,heap,exit ]   class space    used 1234K, capacity 1484K, committed 1536K, reserved 1048576K
