[2020-08-13T14:17:50.178+0000][7][gc,heap] Heap region size: 1M
[2020-08-13T14:17:50.178+0000][7][gc,heap,coops] Heap address: 0x00000000f0000000, size: 256 MB, Compressed Oops mode: 32-bit
[2020-08-13T14:17:50.271+0000][7][gc           ] Using G1
[2020-08-13T14:17:50.271+0000][7][gc,cds       ] Mark closed archive regions in map: [0x00000000fff00000, 0x00000000fff7eff8]
[2020-08-13T14:17:50.271+0000][7][gc,cds       ] Mark open archive regions in map: [0x00000000ffe00000, 0x00000000ffe51ff8]
[2020-08-13T14:17:50.287+0000][7][gc           ] Periodic GC disabled
[2020-08-13T14:17:50.534+0000][7][gc,start     ] GC(0) Pause Young (Normal) (G1 Evacuation Pause)
[2020-08-13T14:17:50.534+0000][7][gc,task      ] GC(0) Using 2 workers of 2 for evacuation
[2020-08-13T14:17:50.534+0000][7][gc,age       ] GC(0) Desired survivor size 1048576 bytes, new threshold 15 (max threshold 15)
[2020-08-13T14:17:50.538+0000][7][gc,age       ] GC(0) Age table with threshold 15 (max threshold 15)
[2020-08-13T14:17:50.538+0000][7][gc,age       ] GC(0) - age   1:    2045088 bytes,    2045088 total
[2020-08-13T14:17:50.538+0000][7][gc,phases    ] GC(0)   Pre Evacuate Collection Set: 0.1ms
[2020-08-13T14:17:50.538+0000][7][gc,phases    ] GC(0)   Merge Heap Roots: 0.0ms
[2020-08-13T14:17:50.538+0000][7][gc,phases    ] GC(0)   Evacuate Collection Set: 2.6ms
[2020-08-13T14:17:50.538+0000][7][gc,phases    ] GC(0)   Post Evacuate Collection Set: 0.6ms
[2020-08-13T14:17:50.538+0000][7][gc,phases    ] GC(0)   Other: 0.4ms
[2020-08-13T14:17:50.538+0000][7][gc,heap      ] GC(0) Eden regions: 12->0(10)
[2020-08-13T14:17:50.538+0000][7][gc,heap      ] GC(0) Survivor regions: 0->2(2)
[2020-08-13T14:17:50.538+0000][7][gc,heap      ] GC(0) Old regions: 0->0
[2020-08-13T14:17:50.538+0000][7][gc,heap      ] GC(0) Archive regions: 2->2
[2020-08-13T14:17:50.538+0000][7][gc,heap      ] GC(0) Humongous regions: 1->1
[2020-08-13T14:17:50.538+0000][7][gc,metaspace ] GC(0) Metaspace: 2526K(5760K)->2526K(5760K) NonClass: 2249K(5120K)->2249K(5120K) Class: 276K(640K)->276K(640K)
[2020-08-13T14:17:50.538+0000][7][gc           ] GC(0) Pause Young (Normal) (G1 Evacuation Pause) 13M->3M(256M) 3.775ms
[2020-08-13T14:17:50.538+0000][7][gc,cpu       ] GC(0) User=0.00s Sys=0.00s Real=0.01s
[2020-08-13T14:17:50.538+0000][7][safepoint    ] Safepoint "G1CollectForAllocation", Time since last: 252314696 ns, Reaching safepoint: 229280 ns, At safepoint: 3844867 ns, Total: 4074147 ns
[2020-08-13T14:17:50.782+0000][7][gc,start     ] GC(1) Pause Young (Normal) (G1 Evacuation Pause)
[2020-08-13T14:17:50.782+0000][7][gc,task      ] GC(1) Using 2 workers of 2 for evacuation
[2020-08-13T14:17:50.782+0000][7][gc,age       ] GC(1) Desired survivor size 1048576 bytes, new threshold 1 (max threshold 15)
[2020-08-13T14:17:50.787+0000][7][gc,age       ] GC(1) Age table with threshold 1 (max threshold 15)
[2020-08-13T14:17:50.787+0000][7][gc,age       ] GC(1) - age   1:     574128 bytes,     574128 total
[2020-08-13T14:17:50.787+0000][7][gc,phases    ] GC(1)   Pre Evacuate Collection Set: 0.1ms
[2020-08-13T14:17:50.787+0000][7][gc,phases    ] GC(1)   Merge Heap Roots: 0.0ms
[2020-08-13T14:17:50.787+0000][7][gc,phases    ] GC(1)   Evacuate Collection Set: 4.2ms
[2020-08-13T14:17:50.787+0000][7][gc,phases    ] GC(1)   Post Evacuate Collection Set: 0.3ms
[2020-08-13T14:17:50.787+0000][7][gc,phases    ] GC(1)   Other: 0.2ms
[2020-08-13T14:17:50.787+0000][7][gc,heap      ] GC(1) Eden regions: 10->0(17)
[2020-08-13T14:17:50.787+0000][7][gc,heap      ] GC(1) Survivor regions: 2->1(2)
[2020-08-13T14:17:50.787+0000][7][gc,heap      ] GC(1) Old regions: 0->2
[2020-08-13T14:17:50.787+0000][7][gc,heap      ] GC(1) Archive regions: 2->2
[2020-08-13T14:17:50.787+0000][7][gc,heap      ] GC(1) Humongous regions: 1->1
[2020-08-13T14:17:50.787+0000][7][gc,metaspace ] GC(1) Metaspace: 5465K(8320K)->5465K(8320K) NonClass: 4862K(7424K)->4862K(7424K) Class: 603K(896K)->603K(896K)
[2020-08-13T14:17:50.787+0000][7][gc           ] GC(1) Pause Young (Normal) (G1 Evacuation Pause) 13M->4M(256M) 4.912ms
[2020-08-13T14:17:50.787+0000][7][gc,cpu       ] GC(1) User=0.01s Sys=0.00s Real=0.01s
[2020-08-13T14:17:50.787+0000][7][safepoint    ] Safepoint "G1CollectForAllocation", Time since last: 244314109 ns, Reaching safepoint: 132559 ns, At safepoint: 4982256 ns, Total: 5114815 ns
[2020-08-13T14:17:51.265+0000][7][gc,start     ] GC(2) Pause Young (Normal) (G1 Evacuation Pause)
[2020-08-13T14:17:51.265+0000][7][gc,task      ] GC(2) Using 2 workers of 2 for evacuation
[2020-08-13T14:17:51.265+0000][7][gc,age       ] GC(2) Desired survivor size 1572864 bytes, new threshold 15 (max threshold 15)
[2020-08-13T14:17:51.269+0000][7][gc,age       ] GC(2) Age table with threshold 15 (max threshold 15)
[2020-08-13T14:17:51.269+0000][7][gc,age       ] GC(2) - age   1:    1070312 bytes,    1070312 total
[2020-08-13T14:17:51.269+0000][7][gc,age       ] GC(2) - age   2:     528024 bytes,    1598336 total
[2020-08-13T14:17:51.269+0000][7][gc,phases    ] GC(2)   Pre Evacuate Collection Set: 0.1ms
[2020-08-13T14:17:51.269+0000][7][gc,phases    ] GC(2)   Merge Heap Roots: 0.0ms
[2020-08-13T14:17:51.269+0000][7][gc,phases    ] GC(2)   Evacuate Collection Set: 3.8ms
[2020-08-13T14:17:51.269+0000][7][gc,phases    ] GC(2)   Post Evacuate Collection Set: 0.4ms
[2020-08-13T14:17:51.269+0000][7][gc,phases    ] GC(2)   Other: 0.2ms
[2020-08-13T14:17:51.269+0000][7][gc,heap      ] GC(2) Eden regions: 17->0(59)
[2020-08-13T14:17:51.269+0000][7][gc,heap      ] GC(2) Survivor regions: 1->2(3)
[2020-08-13T14:17:51.269+0000][7][gc,heap      ] GC(2) Old regions: 2->2
[2020-08-13T14:17:51.269+0000][7][gc,heap      ] GC(2) Archive regions: 2->2
[2020-08-13T14:17:51.269+0000][7][gc,heap      ] GC(2) Humongous regions: 1->1
[2020-08-13T14:17:51.269+0000][7][gc,metaspace ] GC(2) Metaspace: 9730K(10880K)->9730K(10880K) NonClass: 8536K(9472K)->8536K(9472K) Class: 1194K(1408K)->1194K(1408K)
[2020-08-13T14:17:51.269+0000][7][gc           ] GC(2) Pause Young (Normal) (G1 Evacuation Pause) 21M->5M(256M) 4.579ms
[2020-08-13T14:17:51.269+0000][7][gc,cpu       ] GC(2) User=0.01s Sys=0.00s Real=0.01s
[2020-08-13T14:17:51.269+0000][7][safepoint    ] Safepoint "G1CollectForAllocation", Time since last: 477457950 ns, Reaching safepoint: 217958 ns, At safepoint: 4639273 ns, Total: 4857231 ns
[2020-08-13T14:17:51.910+0000][7][safepoint    ] Safepoint "ICBufferFull", Time since last: 640170541 ns, Reaching safepoint: 318506 ns, At safepoint: 7895 ns, Total: 326401 ns
[2020-08-13T14:17:52.250+0000][7][gc,start     ] GC(3) Pause Young (Normal) (G1 Evacuation Pause)
[2020-08-13T14:17:52.250+0000][7][gc,task      ] GC(3) Using 2 workers of 2 for evacuation
[2020-08-13T14:17:52.250+0000][7][gc,age       ] GC(3) Desired survivor size 4194304 bytes, new threshold 15 (max threshold 15)
[2020-08-13T14:17:52.259+0000][7][gc,age       ] GC(3) Age table with threshold 15 (max threshold 15)
[2020-08-13T14:17:52.259+0000][7][gc,age       ] GC(3) - age   1:    2966408 bytes,    2966408 total
[2020-08-13T14:17:52.259+0000][7][gc,age       ] GC(3) - age   2:    1013144 bytes,    3979552 total
[2020-08-13T14:17:52.259+0000][7][gc,age       ] GC(3) - age   3:     525144 bytes,    4504696 total
[2020-08-13T14:17:52.259+0000][7][gc,phases    ] GC(3)   Pre Evacuate Collection Set: 0.1ms
[2020-08-13T14:17:52.259+0000][7][gc,phases    ] GC(3)   Merge Heap Roots: 0.1ms
[2020-08-13T14:17:52.259+0000][7][gc,phases    ] GC(3)   Evacuate Collection Set: 7.4ms
[2020-08-13T14:17:52.259+0000][7][gc,phases    ] GC(3)   Post Evacuate Collection Set: 0.7ms
[2020-08-13T14:17:52.259+0000][7][gc,phases    ] GC(3)   Other: 0.2ms
[2020-08-13T14:17:52.259+0000][7][gc,heap      ] GC(3) Eden regions: 59->0(148)
[2020-08-13T14:17:52.259+0000][7][gc,heap      ] GC(3) Survivor regions: 2->5(8)
[2020-08-13T14:17:52.259+0000][7][gc,heap      ] GC(3) Old regions: 2->2
[2020-08-13T14:17:52.259+0000][7][gc,heap      ] GC(3) Archive regions: 2->2
[2020-08-13T14:17:52.259+0000][7][gc,heap      ] GC(3) Humongous regions: 1->1
[2020-08-13T14:17:52.259+0000][7][gc,metaspace ] GC(3) Metaspace: 14199K(15104K)->14199K(15104K) NonClass: 12485K(13056K)->12485K(13056K) Class: 1714K(2048K)->1714K(2048K)
[2020-08-13T14:17:52.259+0000][7][gc           ] GC(3) Pause Young (Normal) (G1 Evacuation Pause) 64M->8M(256M) 8.534ms
[2020-08-13T14:17:52.259+0000][7][gc,cpu       ] GC(3) User=0.02s Sys=0.00s Real=0.01s
[2020-08-13T14:17:52.259+0000][7][safepoint    ] Safepoint "G1CollectForAllocation", Time since last: 340206821 ns, Reaching safepoint: 161302 ns, At safepoint: 8606821 ns, Total: 8768123 ns
[2020-08-13T14:17:52.264+0000][7][safepoint    ] Safepoint "BulkRevokeBias", Time since last: 5288459 ns, Reaching safepoint: 162424 ns, At safepoint: 57398 ns, Total: 219822 ns
[2020-08-13T14:17:52.839+0000][7][gc,start     ] GC(4) Pause Young (Normal) (G1 Evacuation Pause)
[2020-08-13T14:17:52.839+0000][7][gc,task      ] GC(4) Using 2 workers of 2 for evacuation
[2020-08-13T14:17:52.839+0000][7][gc,age       ] GC(4) Desired survivor size 10485760 bytes, new threshold 15 (max threshold 15)
[2020-08-13T14:17:52.848+0000][7][gc,age       ] GC(4) Age table with threshold 15 (max threshold 15)
[2020-08-13T14:17:52.848+0000][7][gc,age       ] GC(4) - age   1:    3750080 bytes,    3750080 total
[2020-08-13T14:17:52.848+0000][7][gc,age       ] GC(4) - age   2:    2913232 bytes,    6663312 total
[2020-08-13T14:17:52.848+0000][7][gc,age       ] GC(4) - age   3:     997832 bytes,    7661144 total
[2020-08-13T14:17:52.848+0000][7][gc,age       ] GC(4) - age   4:     522136 bytes,    8183280 total
[2020-08-13T14:17:52.848+0000][7][gc,phases    ] GC(4)   Pre Evacuate Collection Set: 0.0ms
[2020-08-13T14:17:52.848+0000][7][gc,phases    ] GC(4)   Merge Heap Roots: 0.0ms
[2020-08-13T14:17:52.848+0000][7][gc,phases    ] GC(4)   Evacuate Collection Set: 7.6ms
[2020-08-13T14:17:52.848+0000][7][gc,phases    ] GC(4)   Post Evacuate Collection Set: 0.9ms
[2020-08-13T14:17:52.848+0000][7][gc,phases    ] GC(4)   Other: 0.3ms
[2020-08-13T14:17:52.848+0000][7][gc,heap      ] GC(4) Eden regions: 148->0(144)
[2020-08-13T14:17:52.848+0000][7][gc,heap      ] GC(4) Survivor regions: 5->9(20)
[2020-08-13T14:17:52.848+0000][7][gc,heap      ] GC(4) Old regions: 2->2
[2020-08-13T14:17:52.848+0000][7][gc,heap      ] GC(4) Archive regions: 2->2
[2020-08-13T14:17:52.848+0000][7][gc,heap      ] GC(4) Humongous regions: 2->1
[2020-08-13T14:17:52.848+0000][7][gc,metaspace ] GC(4) Metaspace: 16994K(17792K)->16994K(17792K) NonClass: 14885K(15360K)->14885K(15360K) Class: 2109K(2432K)->2109K(2432K)
[2020-08-13T14:17:52.848+0000][7][gc           ] GC(4) Pause Young (Normal) (G1 Evacuation Pause) 157M->12M(256M) 9.017ms
[2020-08-13T14:17:52.848+0000][7][gc,cpu       ] GC(4) User=0.02s Sys=0.00s Real=0.01s
[2020-08-13T14:17:52.848+0000][7][safepoint    ] Safepoint "G1CollectForAllocation", Time since last: 574309396 ns, Reaching safepoint: 234488 ns, At safepoint: 9091368 ns, Total: 9325856 ns
[2020-08-13T14:17:52.854+0000][7][safepoint    ] Safepoint "BulkRevokeBias", Time since last: 5488343 ns, Reaching safepoint: 136386 ns, At safepoint: 75271 ns, Total: 211657 ns
[2020-08-13T14:17:52.854+0000][7][safepoint    ] Safepoint "BulkRevokeBias", Time since last: 45495 ns, Reaching safepoint: 96591 ns, At safepoint: 58970 ns, Total: 155561 ns
[2020-08-13T14:17:53.247+0000][7][gc,start     ] GC(5) Pause Young (Normal) (G1 Evacuation Pause)
[2020-08-13T14:17:53.247+0000][7][gc,task      ] GC(5) Using 2 workers of 2 for evacuation
[2020-08-13T14:17:53.247+0000][7][gc,age       ] GC(5) Desired survivor size 10485760 bytes, new threshold 15 (max threshold 15)
[2020-08-13T14:17:53.268+0000][7][gc,age       ] GC(5) Age table with threshold 15 (max threshold 15)
[2020-08-13T14:17:53.268+0000][7][gc,age       ] GC(5) - age   1:    3453632 bytes,    3453632 total
[2020-08-13T14:17:53.268+0000][7][gc,age       ] GC(5) - age   2:    2920560 bytes,    6374192 total
[2020-08-13T14:17:53.268+0000][7][gc,age       ] GC(5) - age   3:    2912928 bytes,    9287120 total
[2020-08-13T14:17:53.268+0000][7][gc,age       ] GC(5) - age   4:     997832 bytes,   10284952 total
[2020-08-13T14:17:53.268+0000][7][gc,age       ] GC(5) - age   5:     522112 bytes,   10807064 total
[2020-08-13T14:17:53.268+0000][7][gc,phases    ] GC(5)   Pre Evacuate Collection Set: 0.0ms
[2020-08-13T14:17:53.268+0000][7][gc,phases    ] GC(5)   Merge Heap Roots: 0.0ms
[2020-08-13T14:17:53.268+0000][7][gc,phases    ] GC(5)   Evacuate Collection Set: 19.7ms
[2020-08-13T14:17:53.268+0000][7][gc,phases    ] GC(5)   Post Evacuate Collection Set: 1.2ms
[2020-08-13T14:17:53.268+0000][7][gc,phases    ] GC(5)   Other: 0.3ms
[2020-08-13T14:17:53.268+0000][7][gc,heap      ] GC(5) Eden regions: 144->0(142)
[2020-08-13T14:17:53.268+0000][7][gc,heap      ] GC(5) Survivor regions: 9->11(20)
[2020-08-13T14:17:53.268+0000][7][gc,heap      ] GC(5) Old regions: 2->2
[2020-08-13T14:17:53.268+0000][7][gc,heap      ] GC(5) Archive regions: 2->2
[2020-08-13T14:17:53.268+0000][7][gc,heap      ] GC(5) Humongous regions: 1->1
[2020-08-13T14:17:53.268+0000][7][gc,metaspace ] GC(5) Metaspace: 17647K(18688K)->17647K(18688K) NonClass: 15454K(16128K)->15454K(16128K) Class: 2192K(2560K)->2192K(2560K)
[2020-08-13T14:17:53.268+0000][7][gc           ] GC(5) Pause Young (Normal) (G1 Evacuation Pause) 156M->14M(256M) 21.384ms
[2020-08-13T14:17:53.268+0000][7][gc,cpu       ] GC(5) User=0.04s Sys=0.00s Real=0.02s
[2020-08-13T14:17:53.268+0000][7][safepoint    ] Safepoint "G1CollectForAllocation", Time since last: 392657874 ns, Reaching safepoint: 124663 ns, At safepoint: 21455953 ns, Total: 21580616 ns
[2020-08-13T14:17:53.270+0000][7][safepoint    ] Safepoint "BulkRevokeBias", Time since last: 1470483 ns, Reaching safepoint: 132768 ns, At safepoint: 93205 ns, Total: 225973 ns
[2020-08-13T14:17:53.590+0000][7][gc,start     ] GC(6) Pause Young (Normal) (G1 Evacuation Pause)
[2020-08-13T14:17:53.590+0000][7][gc,task      ] GC(6) Using 2 workers of 2 for evacuation
[2020-08-13T14:17:53.590+0000][7][gc,age       ] GC(6) Desired survivor size 10485760 bytes, new threshold 5 (max threshold 15)
[2020-08-13T14:17:53.609+0000][7][gc,age       ] GC(6) Age table with threshold 5 (max threshold 15)
[2020-08-13T14:17:53.609+0000][7][gc,age       ] GC(6) - age   1:    1917104 bytes,    1917104 total
[2020-08-13T14:17:53.609+0000][7][gc,age       ] GC(6) - age   2:    2710608 bytes,    4627712 total
[2020-08-13T14:17:53.609+0000][7][gc,age       ] GC(6) - age   3:    2916368 bytes,    7544080 total
[2020-08-13T14:17:53.609+0000][7][gc,age       ] GC(6) - age   4:    2912728 bytes,   10456808 total
[2020-08-13T14:17:53.609+0000][7][gc,age       ] GC(6) - age   5:     997832 bytes,   11454640 total
[2020-08-13T14:17:53.609+0000][7][gc,phases    ] GC(6)   Pre Evacuate Collection Set: 0.1ms
[2020-08-13T14:17:53.609+0000][7][gc,phases    ] GC(6)   Merge Heap Roots: 0.0ms
[2020-08-13T14:17:53.609+0000][7][gc,phases    ] GC(6)   Evacuate Collection Set: 17.9ms
[2020-08-13T14:17:53.609+0000][7][gc,phases    ] GC(6)   Post Evacuate Collection Set: 1.0ms
[2020-08-13T14:17:53.609+0000][7][gc,phases    ] GC(6)   Other: 0.3ms
[2020-08-13T14:17:53.609+0000][7][gc,heap      ] GC(6) Eden regions: 142->0(141)
[2020-08-13T14:17:53.609+0000][7][gc,heap      ] GC(6) Survivor regions: 11->12(20)
[2020-08-13T14:17:53.609+0000][7][gc,heap      ] GC(6) Old regions: 2->3
[2020-08-13T14:17:53.609+0000][7][gc,heap      ] GC(6) Archive regions: 2->2
[2020-08-13T14:17:53.609+0000][7][gc,heap      ] GC(6) Humongous regions: 1->1
[2020-08-13T14:17:53.609+0000][7][gc,metaspace ] GC(6) Metaspace: 18089K(19328K)->18089K(19328K) NonClass: 15815K(16640K)->15815K(16640K) Class: 2273K(2688K)->2273K(2688K)
[2020-08-13T14:17:53.609+0000][7][gc           ] GC(6) Pause Young (Normal) (G1 Evacuation Pause) 156M->15M(256M) 19.450ms
[2020-08-13T14:17:53.609+0000][7][gc,cpu       ] GC(6) User=0.03s Sys=0.00s Real=0.02s
[2020-08-13T14:17:53.609+0000][7][safepoint    ] Safepoint "G1CollectForAllocation", Time since last: 319904005 ns, Reaching safepoint: 103855 ns, At safepoint: 19523125 ns, Total: 19626980 ns
[2020-08-13T14:17:54.061+0000][7][gc,start     ] GC(7) Pause Young (Normal) (G1 Evacuation Pause)
[2020-08-13T14:17:54.061+0000][7][gc,task      ] GC(7) Using 2 workers of 2 for evacuation
[2020-08-13T14:17:54.061+0000][7][gc,age       ] GC(7) Desired survivor size 10485760 bytes, new threshold 5 (max threshold 15)
[2020-08-13T14:17:54.085+0000][7][gc,age       ] GC(7) Age table with threshold 5 (max threshold 15)
[2020-08-13T14:17:54.085+0000][7][gc,age       ] GC(7) - age   1:    1817192 bytes,    1817192 total
[2020-08-13T14:17:54.085+0000][7][gc,age       ] GC(7) - age   2:    1550440 bytes,    3367632 total
[2020-08-13T14:17:54.085+0000][7][gc,age       ] GC(7) - age   3:    2710608 bytes,    6078240 total
[2020-08-13T14:17:54.085+0000][7][gc,age       ] GC(7) - age   4:    2916272 bytes,    8994512 total
[2020-08-13T14:17:54.085+0000][7][gc,age       ] GC(7) - age   5:    2912520 bytes,   11907032 total
[2020-08-13T14:17:54.085+0000][7][gc,phases    ] GC(7)   Pre Evacuate Collection Set: 0.1ms
[2020-08-13T14:17:54.085+0000][7][gc,phases    ] GC(7)   Merge Heap Roots: 0.0ms
[2020-08-13T14:17:54.085+0000][7][gc,phases    ] GC(7)   Evacuate Collection Set: 22.7ms
[2020-08-13T14:17:54.085+0000][7][gc,phases    ] GC(7)   Post Evacuate Collection Set: 1.4ms
[2020-08-13T14:17:54.085+0000][7][gc,phases    ] GC(7)   Other: 0.3ms
[2020-08-13T14:17:54.085+0000][7][gc,heap      ] GC(7) Eden regions: 141->0(141)
[2020-08-13T14:17:54.085+0000][7][gc,heap      ] GC(7) Survivor regions: 12->12(20)
[2020-08-13T14:17:54.085+0000][7][gc,heap      ] GC(7) Old regions: 3->4
[2020-08-13T14:17:54.085+0000][7][gc,heap      ] GC(7) Archive regions: 2->2
[2020-08-13T14:17:54.085+0000][7][gc,heap      ] GC(7) Humongous regions: 1->1
[2020-08-13T14:17:54.085+0000][7][gc,metaspace ] GC(7) Metaspace: 18300K(19584K)->18300K(19584K) NonClass: 15999K(16896K)->15999K(16896K) Class: 2300K(2688K)->2300K(2688K)
[2020-08-13T14:17:54.085+0000][7][gc           ] GC(7) Pause Young (Normal) (G1 Evacuation Pause) 156M->17M(256M) 24.597ms
[2020-08-13T14:17:54.085+0000][7][gc,cpu       ] GC(7) User=0.03s Sys=0.00s Real=0.02s
[2020-08-13T14:17:54.085+0000][7][safepoint    ] Safepoint "G1CollectForAllocation", Time since last: 451150565 ns, Reaching safepoint: 84368 ns, At safepoint: 24681982 ns, Total: 24766350 ns
[2020-08-13T14:17:54.199+0000][7][safepoint    ] Safepoint "BulkRevokeBias", Time since last: 102326365 ns, Reaching safepoint: 11023674 ns, At safepoint: 92353 ns, Total: 11116027 ns
[2020-08-13T14:17:54.203+0000][7][safepoint    ] Safepoint "BulkRevokeBias", Time since last: 85440 ns, Reaching safepoint: 3539556 ns, At safepoint: 66544 ns, Total: 3606100 ns
[2020-08-13T14:17:54.710+0000][7][gc,start     ] GC(8) Pause Young (Normal) (G1 Evacuation Pause)
[2020-08-13T14:17:54.710+0000][7][gc,task      ] GC(8) Using 2 workers of 2 for evacuation
[2020-08-13T14:17:54.710+0000][7][gc,age       ] GC(8) Desired survivor size 10485760 bytes, new threshold 5 (max threshold 15)
[2020-08-13T14:17:54.728+0000][7][gc,age       ] GC(8) Age table with threshold 5 (max threshold 15)
[2020-08-13T14:17:54.729+0000][7][gc,age       ] GC(8) - age   1:    3803424 bytes,    3803424 total
[2020-08-13T14:17:54.729+0000][7][gc,age       ] GC(8) - age   2:     579592 bytes,    4383016 total
[2020-08-13T14:17:54.729+0000][7][gc,age       ] GC(8) - age   3:    1549448 bytes,    5932464 total
[2020-08-13T14:17:54.729+0000][7][gc,age       ] GC(8) - age   4:    2710272 bytes,    8642736 total
[2020-08-13T14:17:54.729+0000][7][gc,age       ] GC(8) - age   5:    2916176 bytes,   11558912 total
[2020-08-13T14:17:54.729+0000][7][gc,phases    ] GC(8)   Pre Evacuate Collection Set: 0.1ms
[2020-08-13T14:17:54.729+0000][7][gc,phases    ] GC(8)   Merge Heap Roots: 0.1ms
[2020-08-13T14:17:54.729+0000][7][gc,phases    ] GC(8)   Evacuate Collection Set: 15.2ms
[2020-08-13T14:17:54.729+0000][7][gc,phases    ] GC(8)   Post Evacuate Collection Set: 2.6ms
[2020-08-13T14:17:54.729+0000][7][gc,phases    ] GC(8)   Other: 0.3ms
[2020-08-13T14:17:54.729+0000][7][gc,heap      ] GC(8) Eden regions: 141->0(141)
[2020-08-13T14:17:54.729+0000][7][gc,heap      ] GC(8) Survivor regions: 12->12(20)
[2020-08-13T14:17:54.729+0000][7][gc,heap      ] GC(8) Old regions: 4->7
[2020-08-13T14:17:54.729+0000][7][gc,heap      ] GC(8) Archive regions: 2->2
[2020-08-13T14:17:54.729+0000][7][gc,heap      ] GC(8) Humongous regions: 1->1
[2020-08-13T14:17:54.729+0000][7][gc,metaspace ] GC(8) Metaspace: 19307K(20736K)->19307K(20736K) NonClass: 16911K(17920K)->16911K(17920K) Class: 2396K(2816K)->2396K(2816K)
[2020-08-13T14:17:54.729+0000][7][gc           ] GC(8) Pause Young (Normal) (G1 Evacuation Pause) 158M->19M(256M) 18.375ms
[2020-08-13T14:17:54.729+0000][7][gc,cpu       ] GC(8) User=0.03s Sys=0.00s Real=0.02s
[2020-08-13T14:17:54.729+0000][7][safepoint    ] Safepoint "G1CollectForAllocation", Time since last: 507693769 ns, Reaching safepoint: 135362 ns, At safepoint: 18456790 ns, Total: 18592152 ns
[2020-08-13T14:17:55.110+0000][7][gc,start     ] GC(9) Pause Young (Normal) (G1 Evacuation Pause)
[2020-08-13T14:17:55.110+0000][7][gc,task      ] GC(9) Using 2 workers of 2 for evacuation
[2020-08-13T14:17:55.110+0000][7][gc,age       ] GC(9) Desired survivor size 10485760 bytes, new threshold 5 (max threshold 15)
[2020-08-13T14:17:55.122+0000][7][gc,age       ] GC(9) Age table with threshold 5 (max threshold 15)
[2020-08-13T14:17:55.123+0000][7][gc,age       ] GC(9) - age   1:     441080 bytes,     441080 total
[2020-08-13T14:17:55.123+0000][7][gc,age       ] GC(9) - age   2:    1622768 bytes,    2063848 total
[2020-08-13T14:17:55.123+0000][7][gc,age       ] GC(9) - age   3:     579440 bytes,    2643288 total
[2020-08-13T14:17:55.123+0000][7][gc,age       ] GC(9) - age   4:    1549448 bytes,    4192736 total
[2020-08-13T14:17:55.123+0000][7][gc,age       ] GC(9) - age   5:    2709232 bytes,    6901968 total
[2020-08-13T14:17:55.123+0000][7][gc,phases    ] GC(9)   Pre Evacuate Collection Set: 0.1ms
[2020-08-13T14:17:55.123+0000][7][gc,phases    ] GC(9)   Merge Heap Roots: 0.0ms
[2020-08-13T14:17:55.123+0000][7][gc,phases    ] GC(9)   Evacuate Collection Set: 11.0ms
[2020-08-13T14:17:55.123+0000][7][gc,phases    ] GC(9)   Post Evacuate Collection Set: 0.9ms
[2020-08-13T14:17:55.123+0000][7][gc,phases    ] GC(9)   Other: 0.3ms
[2020-08-13T14:17:55.123+0000][7][gc,heap      ] GC(9) Eden regions: 141->0(145)
[2020-08-13T14:17:55.123+0000][7][gc,heap      ] GC(9) Survivor regions: 12->8(20)
[2020-08-13T14:17:55.123+0000][7][gc,heap      ] GC(9) Old regions: 7->10
[2020-08-13T14:17:55.123+0000][7][gc,heap      ] GC(9) Archive regions: 2->2
[2020-08-13T14:17:55.123+0000][7][gc,heap      ] GC(9) Humongous regions: 1->1
[2020-08-13T14:17:55.123+0000][7][gc,metaspace ] GC(9) Metaspace: 19462K(20992K)->19462K(20992K) NonClass: 17044K(18176K)->17044K(18176K) Class: 2417K(2816K)->2417K(2816K)
[2020-08-13T14:17:55.123+0000][7][gc           ] GC(9) Pause Young (Normal) (G1 Evacuation Pause) 160M->19M(256M) 12.373ms
[2020-08-13T14:17:55.123+0000][7][gc,cpu       ] GC(9) User=0.01s Sys=0.00s Real=0.01s
[2020-08-13T14:17:55.123+0000][7][safepoint    ] Safepoint "G1CollectForAllocation", Time since last: 381352391 ns, Reaching safepoint: 137256 ns, At safepoint: 12446609 ns, Total: 12583865 ns
[2020-08-13T14:17:55.547+0000][7][gc,start     ] GC(10) Pause Young (Concurrent Start) (Metadata GC Threshold)
[2020-08-13T14:17:55.547+0000][7][gc,task      ] GC(10) Using 2 workers of 2 for evacuation
[2020-08-13T14:17:55.547+0000][7][gc,age       ] GC(10) Desired survivor size 10485760 bytes, new threshold 15 (max threshold 15)
[2020-08-13T14:17:55.556+0000][7][gc,age       ] GC(10) Age table with threshold 15 (max threshold 15)
[2020-08-13T14:17:55.556+0000][7][gc,age       ] GC(10) - age   1:     592800 bytes,     592800 total
[2020-08-13T14:17:55.556+0000][7][gc,age       ] GC(10) - age   2:     418912 bytes,    1011712 total
[2020-08-13T14:17:55.556+0000][7][gc,age       ] GC(10) - age   3:    1622704 bytes,    2634416 total
[2020-08-13T14:17:55.556+0000][7][gc,age       ] GC(10) - age   4:     579416 bytes,    3213832 total
[2020-08-13T14:17:55.556+0000][7][gc,age       ] GC(10) - age   5:    1549424 bytes,    4763256 total
[2020-08-13T14:17:55.556+0000][7][gc,age       ] GC(10) - age   6:    2709208 bytes,    7472464 total
[2020-08-13T14:17:55.556+0000][7][gc,phases    ] GC(10)   Pre Evacuate Collection Set: 0.2ms
[2020-08-13T14:17:55.556+0000][7][gc,phases    ] GC(10)   Merge Heap Roots: 0.0ms
[2020-08-13T14:17:55.556+0000][7][gc,phases    ] GC(10)   Evacuate Collection Set: 7.9ms
[2020-08-13T14:17:55.556+0000][7][gc,phases    ] GC(10)   Post Evacuate Collection Set: 0.7ms
[2020-08-13T14:17:55.556+0000][7][gc,phases    ] GC(10)   Other: 0.3ms
[2020-08-13T14:17:55.556+0000][7][gc,heap      ] GC(10) Eden regions: 145->0(145)
[2020-08-13T14:17:55.556+0000][7][gc,heap      ] GC(10) Survivor regions: 8->8(20)
[2020-08-13T14:17:55.556+0000][7][gc,heap      ] GC(10) Old regions: 10->10
[2020-08-13T14:17:55.556+0000][7][gc,heap      ] GC(10) Archive regions: 2->2
[2020-08-13T14:17:55.556+0000][7][gc,heap      ] GC(10) Humongous regions: 1->1
[2020-08-13T14:17:55.556+0000][7][gc,metaspace ] GC(10) Metaspace: 19760K(21296K)->19760K(21296K) NonClass: 17285K(18432K)->17285K(18432K) Class: 2475K(2864K)->2475K(2864K)
[2020-08-13T14:17:55.556+0000][7][gc           ] GC(10) Pause Young (Concurrent Start) (Metadata GC Threshold) 164M->19M(256M) 9.246ms
[2020-08-13T14:17:55.556+0000][7][gc,cpu       ] GC(10) User=0.01s Sys=0.00s Real=0.01s
[2020-08-13T14:17:55.556+0000][7][safepoint    ] Safepoint "CollectForMetadataAllocation", Time since last: 423745897 ns, Reaching safepoint: 211716 ns, At safepoint: 9460730 ns, Total: 9672446 ns
[2020-08-13T14:17:55.556+0000][7][gc           ] GC(11) Concurrent Cycle
[2020-08-13T14:17:55.556+0000][7][gc,marking   ] GC(11) Concurrent Clear Claimed Marks
[2020-08-13T14:17:55.556+0000][7][gc,marking   ] GC(11) Concurrent Clear Claimed Marks 0.024ms
[2020-08-13T14:17:55.556+0000][7][gc,marking   ] GC(11) Concurrent Scan Root Regions
[2020-08-13T14:17:55.562+0000][7][gc,marking   ] GC(11) Concurrent Scan Root Regions 6.219ms
[2020-08-13T14:17:55.565+0000][7][gc,marking   ] GC(11) Concurrent Mark (5.393s)
[2020-08-13T14:17:55.565+0000][7][gc,marking   ] GC(11) Concurrent Mark From Roots
[2020-08-13T14:17:55.565+0000][7][gc,task      ] GC(11) Using 1 workers of 1 for marking
[2020-08-13T14:17:55.587+0000][7][gc,marking   ] GC(11) Concurrent Mark From Roots 22.369ms
[2020-08-13T14:17:55.587+0000][7][gc,marking   ] GC(11) Concurrent Preclean
[2020-08-13T14:17:55.587+0000][7][gc,marking   ] GC(11) Concurrent Preclean 0.080ms
[2020-08-13T14:17:55.587+0000][7][gc,marking   ] GC(11) Concurrent Mark (5.393s, 5.416s) 22.524ms
[2020-08-13T14:17:55.592+0000][7][gc,start     ] GC(11) Pause Remark
[2020-08-13T14:17:55.599+0000][7][gc           ] GC(11) Pause Remark 30M->30M(256M) 7.275ms
[2020-08-13T14:17:55.599+0000][7][gc,cpu       ] GC(11) User=0.01s Sys=0.00s Real=0.01s
[2020-08-13T14:17:55.599+0000][7][safepoint    ] Safepoint "G1Concurrent", Time since last: 31159717 ns, Reaching safepoint: 4553354 ns, At safepoint: 7330862 ns, Total: 11884216 ns
[2020-08-13T14:17:55.599+0000][7][gc,marking   ] GC(11) Concurrent Rebuild Remembered Sets
[2020-08-13T14:17:55.634+0000][7][gc,marking   ] GC(11) Concurrent Rebuild Remembered Sets 35.111ms
[2020-08-13T14:17:55.636+0000][7][gc,start     ] GC(11) Pause Cleanup
[2020-08-13T14:17:55.636+0000][7][gc           ] GC(11) Pause Cleanup 34M->34M(256M) 0.092ms
[2020-08-13T14:17:55.636+0000][7][gc,cpu       ] GC(11) User=0.00s Sys=0.00s Real=0.00s
[2020-08-13T14:17:55.636+0000][7][safepoint    ] Safepoint "G1Concurrent", Time since last: 35785998 ns, Reaching safepoint: 686955 ns, At safepoint: 126017 ns, Total: 812972 ns
[2020-08-13T14:17:55.636+0000][7][gc,marking   ] GC(11) Concurrent Cleanup for Next Mark
[2020-08-13T14:17:55.644+0000][7][gc,marking   ] GC(11) Concurrent Cleanup for Next Mark 8.447ms
[2020-08-13T14:17:55.644+0000][7][gc           ] GC(11) Concurrent Cycle 88.149ms
[2020-08-13T14:17:55.787+0000][7][gc,heap,exit ] Heap
[2020-08-13T14:17:55.787+0000][7][gc,heap,exit ]  garbage-first heap   total 262144K, used 104961K [0x00000000f0000000, 0x0000000100000000)
[2020-08-13T14:17:55.787+0000][7][gc,heap,exit ]   region size 1024K, 93 young (95232K), 8 survivors (8192K)
[2020-08-13T14:17:55.787+0000][7][gc,heap,exit ]  Metaspace       used 19899K, capacity 21490K, committed 21552K, reserved 1069056K
[2020-08-13T14:17:55.787+0000][7][gc,heap,exit ]   class space    used 2502K, capacity 2852K, committed 2864K, reserved 1048576K
