[2020-08-13T14:12:21.548+0000][6][gc,heap] Heap region size: 1M
[2020-08-13T14:12:21.548+0000][6][gc,heap,coops] Heap address: 0x00000000f0000000, size: 256 MB, Compressed Oops mode: 32-bit
[2020-08-13T14:12:21.754+0000][6][gc           ] Using G1
[2020-08-13T14:12:21.754+0000][6][gc,cds       ] Mark closed archive regions in map: [0x00000000fff00000, 0x00000000fff7eff8]
[2020-08-13T14:12:21.754+0000][6][gc,cds       ] Mark open archive regions in map: [0x00000000ffe00000, 0x00000000ffe51ff8]
[2020-08-13T14:12:21.790+0000][6][gc           ] Periodic GC disabled
[2020-08-13T14:12:22.567+0000][6][gc,start     ] GC(0) Pause Young (Normal) (G1 Evacuation Pause)
[2020-08-13T14:12:22.568+0000][6][gc,task      ] GC(0) Using 2 workers of 2 for evacuation
[2020-08-13T14:12:22.568+0000][6][gc,age       ] GC(0) Desired survivor size 1048576 bytes, new threshold 15 (max threshold 15)
[2020-08-13T14:12:22.601+0000][6][gc,age       ] GC(0) Age table with threshold 15 (max threshold 15)
[2020-08-13T14:12:22.602+0000][6][gc,age       ] GC(0) - age   1:    2045088 bytes,    2045088 total
[2020-08-13T14:12:22.602+0000][6][gc,phases    ] GC(0)   Pre Evacuate Collection Set: 0.1ms
[2020-08-13T14:12:22.602+0000][6][gc,phases    ] GC(0)   Merge Heap Roots: 0.0ms
[2020-08-13T14:12:22.602+0000][6][gc,phases    ] GC(0)   Evacuate Collection Set: 32.2ms
[2020-08-13T14:12:22.602+0000][6][gc,phases    ] GC(0)   Post Evacuate Collection Set: 0.4ms
[2020-08-13T14:12:22.602+0000][6][gc,phases    ] GC(0)   Other: 2.2ms
[2020-08-13T14:12:22.602+0000][6][gc,heap      ] GC(0) Eden regions: 12->0(10)
[2020-08-13T14:12:22.602+0000][6][gc,heap      ] GC(0) Survivor regions: 0->2(2)
[2020-08-13T14:12:22.602+0000][6][gc,heap      ] GC(0) Old regions: 0->0
[2020-08-13T14:12:22.602+0000][6][gc,heap      ] GC(0) Archive regions: 2->2
[2020-08-13T14:12:22.602+0000][6][gc,heap      ] GC(0) Humongous regions: 1->1
[2020-08-13T14:12:22.602+0000][6][gc,metaspace ] GC(0) Metaspace: 2545K(5760K)->2545K(5760K) NonClass: 2269K(5120K)->2269K(5120K) Class: 276K(640K)->276K(640K)
[2020-08-13T14:12:22.602+0000][6][gc           ] GC(0) Pause Young (Normal) (G1 Evacuation Pause) 13M->3M(256M) 35.053ms
[2020-08-13T14:12:22.602+0000][6][gc,cpu       ] GC(0) User=0.01s Sys=0.01s Real=0.03s
[2020-08-13T14:12:22.602+0000][6][safepoint    ] Safepoint "G1CollectForAllocation", Time since last: 779924608 ns, Reaching safepoint: 5051565 ns, At safepoint: 35137095 ns, Total: 40188660 ns
[2020-08-13T14:12:23.049+0000][6][gc,heap,exit ] Heap
[2020-08-13T14:12:23.049+0000][6][gc,heap,exit ]  garbage-first heap   total 262144K, used 11051K [0x00000000f0000000, 0x0000000100000000)
[2020-08-13T14:12:23.049+0000][6][gc,heap,exit ]   region size 1024K, 10 young (10240K), 2 survivors (2048K)
[2020-08-13T14:12:23.049+0000][6][gc,heap,exit ]  Metaspace       used 4749K, capacity 7409K, committed 7808K, reserved 1056768K
[2020-08-13T14:12:23.049+0000][6][gc,heap,exit ]   class space    used 506K, capacity 767K, committed 896K, reserved 1048576K
