[2020-08-13T14:11:39.348+0000][6][gc,heap] Heap region size: 1M
[2020-08-13T14:11:39.348+0000][6][gc,heap,coops] Heap address: 0x00000000f0000000, size: 256 MB, Compressed Oops mode: 32-bit
[2020-08-13T14:11:39.583+0000][6][gc           ] Using G1
[2020-08-13T14:11:39.583+0000][6][gc,cds       ] Mark closed archive regions in map: [0x00000000fff00000, 0x00000000fff7eff8]
[2020-08-13T14:11:39.583+0000][6][gc,cds       ] Mark open archive regions in map: [0x00000000ffe00000, 0x00000000ffe51ff8]
[2020-08-13T14:11:39.628+0000][6][gc           ] Periodic GC disabled
[2020-08-13T14:11:40.953+0000][6][gc,start     ] GC(0) Pause Young (Normal) (G1 Evacuation Pause)
[2020-08-13T14:11:40.954+0000][6][gc,task      ] GC(0) Using 2 workers of 2 for evacuation
[2020-08-13T14:11:40.954+0000][6][gc,age       ] GC(0) Desired survivor size 1048576 bytes, new threshold 15 (max threshold 15)
[2020-08-13T14:11:40.968+0000][6][gc,age       ] GC(0) Age table with threshold 15 (max threshold 15)
[2020-08-13T14:11:40.968+0000][6][gc,age       ] GC(0) - age   1:    2044840 bytes,    2044840 total
[2020-08-13T14:11:40.968+0000][6][gc,phases    ] GC(0)   Pre Evacuate Collection Set: 0.1ms
[2020-08-13T14:11:40.968+0000][6][gc,phases    ] GC(0)   Merge Heap Roots: 0.0ms
[2020-08-13T14:11:40.968+0000][6][gc,phases    ] GC(0)   Evacuate Collection Set: 14.1ms
[2020-08-13T14:11:40.968+0000][6][gc,phases    ] GC(0)   Post Evacuate Collection Set: 0.5ms
[2020-08-13T14:11:40.968+0000][6][gc,phases    ] GC(0)   Other: 0.4ms
[2020-08-13T14:11:40.968+0000][6][gc,heap      ] GC(0) Eden regions: 12->0(10)
[2020-08-13T14:11:40.968+0000][6][gc,heap      ] GC(0) Survivor regions: 0->2(2)
[2020-08-13T14:11:40.968+0000][6][gc,heap      ] GC(0) Old regions: 0->0
[2020-08-13T14:11:40.968+0000][6][gc,heap      ] GC(0) Archive regions: 2->2
[2020-08-13T14:11:40.968+0000][6][gc,heap      ] GC(0) Humongous regions: 1->1
[2020-08-13T14:11:40.968+0000][6][gc,metaspace ] GC(0) Metaspace: 2551K(5760K)->2551K(5760K) NonClass: 2274K(5120K)->2274K(5120K) Class: 276K(640K)->276K(640K)
[2020-08-13T14:11:40.968+0000][6][gc           ] GC(0) Pause Young (Normal) (G1 Evacuation Pause) 13M->3M(256M) 15.117ms
[2020-08-13T14:11:40.969+0000][6][gc,cpu       ] GC(0) User=0.01s Sys=0.00s Real=0.02s
[2020-08-13T14:11:40.969+0000][6][safepoint    ] Safepoint "G1CollectForAllocation", Time since last: 1336345015 ns, Reaching safepoint: 143399 ns, At safepoint: 15191142 ns, Total: 15334541 ns
[2020-08-13T14:11:41.956+0000][6][gc,start     ] GC(1) Pause Young (Normal) (G1 Evacuation Pause)
[2020-08-13T14:11:41.956+0000][6][gc,task      ] GC(1) Using 2 workers of 2 for evacuation
[2020-08-13T14:11:41.956+0000][6][gc,age       ] GC(1) Desired survivor size 1048576 bytes, new threshold 1 (max threshold 15)
[2020-08-13T14:11:41.993+0000][6][gc,age       ] GC(1) Age table with threshold 1 (max threshold 15)
[2020-08-13T14:11:41.993+0000][6][gc,age       ] GC(1) - age   1:     561768 bytes,     561768 total
[2020-08-13T14:11:41.993+0000][6][gc,phases    ] GC(1)   Pre Evacuate Collection Set: 0.1ms
[2020-08-13T14:11:41.993+0000][6][gc,phases    ] GC(1)   Merge Heap Roots: 0.0ms
[2020-08-13T14:11:41.993+0000][6][gc,phases    ] GC(1)   Evacuate Collection Set: 36.1ms
[2020-08-13T14:11:41.993+0000][6][gc,phases    ] GC(1)   Post Evacuate Collection Set: 0.6ms
[2020-08-13T14:11:41.993+0000][6][gc,phases    ] GC(1)   Other: 0.2ms
[2020-08-13T14:11:41.993+0000][6][gc,heap      ] GC(1) Eden regions: 10->0(16)
[2020-08-13T14:11:41.993+0000][6][gc,heap      ] GC(1) Survivor regions: 2->1(2)
[2020-08-13T14:11:41.993+0000][6][gc,heap      ] GC(1) Old regions: 0->2
[2020-08-13T14:11:41.993+0000][6][gc,heap      ] GC(1) Archive regions: 2->2
[2020-08-13T14:11:41.993+0000][6][gc,heap      ] GC(1) Humongous regions: 1->1
[2020-08-13T14:11:41.993+0000][6][gc,metaspace ] GC(1) Metaspace: 5448K(8320K)->5448K(8320K) NonClass: 4848K(7424K)->4848K(7424K) Class: 599K(896K)->599K(896K)
[2020-08-13T14:11:41.993+0000][6][gc           ] GC(1) Pause Young (Normal) (G1 Evacuation Pause) 13M->4M(256M) 37.115ms
[2020-08-13T14:11:41.993+0000][6][gc,cpu       ] GC(1) User=0.01s Sys=0.00s Real=0.03s
[2020-08-13T14:11:41.993+0000][6][safepoint    ] Safepoint "G1CollectForAllocation", Time since last: 987013340 ns, Reaching safepoint: 174107 ns, At safepoint: 37204715 ns, Total: 37378822 ns
[2020-08-13T14:11:43.457+0000][6][safepoint    ] Safepoint "Cleanup", Time since last: 1446402067 ns, Reaching safepoint: 17525322 ns, At safepoint: 5410 ns, Total: 17530732 ns
[2020-08-13T14:11:43.553+0000][6][gc,start     ] GC(2) Pause Young (Normal) (G1 Evacuation Pause)
[2020-08-13T14:11:43.553+0000][6][gc,task      ] GC(2) Using 2 workers of 2 for evacuation
[2020-08-13T14:11:43.553+0000][6][gc,age       ] GC(2) Desired survivor size 1572864 bytes, new threshold 15 (max threshold 15)
[2020-08-13T14:11:43.596+0000][6][gc,age       ] GC(2) Age table with threshold 15 (max threshold 15)
[2020-08-13T14:11:43.596+0000][6][gc,age       ] GC(2) - age   1:    1008256 bytes,    1008256 total
[2020-08-13T14:11:43.596+0000][6][gc,age       ] GC(2) - age   2:     520088 bytes,    1528344 total
[2020-08-13T14:11:43.597+0000][6][gc,phases    ] GC(2)   Pre Evacuate Collection Set: 0.0ms
[2020-08-13T14:11:43.597+0000][6][gc,phases    ] GC(2)   Merge Heap Roots: 0.0ms
[2020-08-13T14:11:43.597+0000][6][gc,phases    ] GC(2)   Evacuate Collection Set: 42.5ms
[2020-08-13T14:11:43.597+0000][6][gc,phases    ] GC(2)   Post Evacuate Collection Set: 0.7ms
[2020-08-13T14:11:43.597+0000][6][gc,phases    ] GC(2)   Other: 0.2ms
[2020-08-13T14:11:43.597+0000][6][gc,heap      ] GC(2) Eden regions: 16->0(54)
[2020-08-13T14:11:43.597+0000][6][gc,heap      ] GC(2) Survivor regions: 1->2(3)
[2020-08-13T14:11:43.597+0000][6][gc,heap      ] GC(2) Old regions: 2->2
[2020-08-13T14:11:43.597+0000][6][gc,heap      ] GC(2) Archive regions: 2->2
[2020-08-13T14:11:43.597+0000][6][gc,heap      ] GC(2) Humongous regions: 1->1
[2020-08-13T14:11:43.597+0000][6][gc,metaspace ] GC(2) Metaspace: 9377K(10624K)->9377K(10624K) NonClass: 8224K(9216K)->8224K(9216K) Class: 1152K(1408K)->1152K(1408K)
[2020-08-13T14:11:43.597+0000][6][gc           ] GC(2) Pause Young (Normal) (G1 Evacuation Pause) 20M->5M(256M) 43.627ms
[2020-08-13T14:11:43.597+0000][6][gc,cpu       ] GC(2) User=0.02s Sys=0.00s Real=0.05s
[2020-08-13T14:11:43.597+0000][6][safepoint    ] Safepoint "G1CollectForAllocation", Time since last: 96073088 ns, Reaching safepoint: 53450 ns, At safepoint: 43702166 ns, Total: 43755616 ns
[2020-08-13T14:11:45.072+0000][6][safepoint    ] Safepoint "Cleanup", Time since last: 1469956453 ns, Reaching safepoint: 5174946 ns, At safepoint: 5851 ns, Total: 5180797 ns
[2020-08-13T14:11:46.326+0000][6][safepoint    ] Safepoint "ICBufferFull", Time since last: 1253959968 ns, Reaching safepoint: 287738 ns, At safepoint: 3858 ns, Total: 291596 ns
[2020-08-13T14:11:47.119+0000][6][gc,start     ] GC(3) Pause Young (Normal) (G1 Evacuation Pause)
[2020-08-13T14:11:47.119+0000][6][gc,task      ] GC(3) Using 2 workers of 2 for evacuation
[2020-08-13T14:11:47.119+0000][6][gc,age       ] GC(3) Desired survivor size 3670016 bytes, new threshold 15 (max threshold 15)
[2020-08-13T14:11:47.181+0000][6][gc,age       ] GC(3) Age table with threshold 15 (max threshold 15)
[2020-08-13T14:11:47.181+0000][6][gc,age       ] GC(3) - age   1:    4559384 bytes,    4559384 total
[2020-08-13T14:11:47.181+0000][6][gc,age       ] GC(3) - age   2:     969104 bytes,    5528488 total
[2020-08-13T14:11:47.181+0000][6][gc,age       ] GC(3) - age   3:     517288 bytes,    6045776 total
[2020-08-13T14:11:47.181+0000][6][gc,phases    ] GC(3)   Pre Evacuate Collection Set: 0.1ms
[2020-08-13T14:11:47.181+0000][6][gc,phases    ] GC(3)   Merge Heap Roots: 0.0ms
[2020-08-13T14:11:47.181+0000][6][gc,phases    ] GC(3)   Evacuate Collection Set: 60.6ms
[2020-08-13T14:11:47.181+0000][6][gc,phases    ] GC(3)   Post Evacuate Collection Set: 1.5ms
[2020-08-13T14:11:47.181+0000][6][gc,phases    ] GC(3)   Other: 0.3ms
[2020-08-13T14:11:47.181+0000][6][gc,heap      ] GC(3) Eden regions: 54->0(70)
[2020-08-13T14:11:47.181+0000][6][gc,heap      ] GC(3) Survivor regions: 2->6(7)
[2020-08-13T14:11:47.181+0000][6][gc,heap      ] GC(3) Old regions: 2->2
[2020-08-13T14:11:47.181+0000][6][gc,heap      ] GC(3) Archive regions: 2->2
[2020-08-13T14:11:47.181+0000][6][gc,heap      ] GC(3) Humongous regions: 1->1
[2020-08-13T14:11:47.181+0000][6][gc,metaspace ] GC(3) Metaspace: 14020K(14720K)->14020K(14720K) NonClass: 12331K(12800K)->12331K(12800K) Class: 1688K(1920K)->1688K(1920K)
[2020-08-13T14:11:47.181+0000][6][gc           ] GC(3) Pause Young (Normal) (G1 Evacuation Pause) 59M->9M(256M) 62.544ms
[2020-08-13T14:11:47.181+0000][6][gc,cpu       ] GC(3) User=0.02s Sys=0.00s Real=0.06s
[2020-08-13T14:11:47.181+0000][6][safepoint    ] Safepoint "G1CollectForAllocation", Time since last: 792619918 ns, Reaching safepoint: 160882 ns, At safepoint: 62636364 ns, Total: 62797246 ns
[2020-08-13T14:11:47.189+0000][6][safepoint    ] Safepoint "BulkRevokeBias", Time since last: 4255716 ns, Reaching safepoint: 2945593 ns, At safepoint: 67196 ns, Total: 3012789 ns
[2020-08-13T14:11:48.227+0000][6][safepoint    ] Safepoint "Cleanup", Time since last: 1029868180 ns, Reaching safepoint: 7866654 ns, At safepoint: 4438 ns, Total: 7871092 ns
[2020-08-13T14:11:48.615+0000][6][gc,start     ] GC(4) Pause Young (Normal) (G1 Evacuation Pause)
[2020-08-13T14:11:48.615+0000][6][gc,task      ] GC(4) Using 2 workers of 2 for evacuation
[2020-08-13T14:11:48.615+0000][6][gc,age       ] GC(4) Desired survivor size 5242880 bytes, new threshold 2 (max threshold 15)
[2020-08-13T14:11:48.682+0000][6][gc,age       ] GC(4) Age table with threshold 2 (max threshold 15)
[2020-08-13T14:11:48.682+0000][6][gc,age       ] GC(4) - age   1:    3553056 bytes,    3553056 total
[2020-08-13T14:11:48.682+0000][6][gc,age       ] GC(4) - age   2:    2916336 bytes,    6469392 total
[2020-08-13T14:11:48.682+0000][6][gc,phases    ] GC(4)   Pre Evacuate Collection Set: 0.1ms
[2020-08-13T14:11:48.682+0000][6][gc,phases    ] GC(4)   Merge Heap Roots: 0.0ms
[2020-08-13T14:11:48.682+0000][6][gc,phases    ] GC(4)   Evacuate Collection Set: 65.8ms
[2020-08-13T14:11:48.682+0000][6][gc,phases    ] GC(4)   Post Evacuate Collection Set: 1.2ms
[2020-08-13T14:11:48.682+0000][6][gc,phases    ] GC(4)   Other: 0.3ms
[2020-08-13T14:11:48.682+0000][6][gc,heap      ] GC(4) Eden regions: 70->0(146)
[2020-08-13T14:11:48.682+0000][6][gc,heap      ] GC(4) Survivor regions: 6->7(10)
[2020-08-13T14:11:48.682+0000][6][gc,heap      ] GC(4) Old regions: 2->4
[2020-08-13T14:11:48.682+0000][6][gc,heap      ] GC(4) Archive regions: 2->2
[2020-08-13T14:11:48.682+0000][6][gc,heap      ] GC(4) Humongous regions: 2->1
[2020-08-13T14:11:48.682+0000][6][gc,metaspace ] GC(4) Metaspace: 16985K(17792K)->16985K(17792K) NonClass: 14883K(15360K)->14883K(15360K) Class: 2102K(2432K)->2102K(2432K)
[2020-08-13T14:11:48.682+0000][6][gc           ] GC(4) Pause Young (Normal) (G1 Evacuation Pause) 80M->12M(256M) 67.501ms
[2020-08-13T14:11:48.682+0000][6][gc,cpu       ] GC(4) User=0.05s Sys=0.00s Real=0.07s
[2020-08-13T14:11:48.682+0000][6][safepoint    ] Safepoint "G1CollectForAllocation", Time since last: 388141316 ns, Reaching safepoint: 165238 ns, At safepoint: 67582894 ns, Total: 67748132 ns
[2020-08-13T14:11:48.697+0000][6][safepoint    ] Safepoint "BulkRevokeBias", Time since last: 14578507 ns, Reaching safepoint: 61303 ns, At safepoint: 60995 ns, Total: 122298 ns
[2020-08-13T14:11:48.697+0000][6][safepoint    ] Safepoint "BulkRevokeBias", Time since last: 66484 ns, Reaching safepoint: 16311 ns, At safepoint: 49813 ns, Total: 66124 ns
[2020-08-13T14:11:49.751+0000][6][gc,start     ] GC(5) Pause Young (Normal) (G1 Evacuation Pause)
[2020-08-13T14:11:49.751+0000][6][gc,task      ] GC(5) Using 2 workers of 2 for evacuation
[2020-08-13T14:11:49.751+0000][6][gc,age       ] GC(5) Desired survivor size 10485760 bytes, new threshold 15 (max threshold 15)
[2020-08-13T14:11:49.795+0000][6][gc,age       ] GC(5) Age table with threshold 15 (max threshold 15)
[2020-08-13T14:11:49.795+0000][6][gc,age       ] GC(5) - age   1:    1531256 bytes,    1531256 total
[2020-08-13T14:11:49.795+0000][6][gc,age       ] GC(5) - age   2:    2630064 bytes,    4161320 total
[2020-08-13T14:11:49.795+0000][6][gc,age       ] GC(5) - age   3:    2916288 bytes,    7077608 total
[2020-08-13T14:11:49.795+0000][6][gc,phases    ] GC(5)   Pre Evacuate Collection Set: 0.1ms
[2020-08-13T14:11:49.795+0000][6][gc,phases    ] GC(5)   Merge Heap Roots: 0.1ms
[2020-08-13T14:11:49.795+0000][6][gc,phases    ] GC(5)   Evacuate Collection Set: 42.5ms
[2020-08-13T14:11:49.795+0000][6][gc,phases    ] GC(5)   Post Evacuate Collection Set: 1.2ms
[2020-08-13T14:11:49.795+0000][6][gc,phases    ] GC(5)   Other: 0.3ms
[2020-08-13T14:11:49.795+0000][6][gc,heap      ] GC(5) Eden regions: 146->0(145)
[2020-08-13T14:11:49.795+0000][6][gc,heap      ] GC(5) Survivor regions: 7->8(20)
[2020-08-13T14:11:49.795+0000][6][gc,heap      ] GC(5) Old regions: 4->4
[2020-08-13T14:11:49.795+0000][6][gc,heap      ] GC(5) Archive regions: 2->2
[2020-08-13T14:11:49.795+0000][6][gc,heap      ] GC(5) Humongous regions: 1->1
[2020-08-13T14:11:49.795+0000][6][gc,metaspace ] GC(5) Metaspace: 17340K(18432K)->17340K(18432K) NonClass: 15193K(15872K)->15193K(15872K) Class: 2146K(2560K)->2146K(2560K)
[2020-08-13T14:11:49.795+0000][6][gc           ] GC(5) Pause Young (Normal) (G1 Evacuation Pause) 158M->12M(256M) 44.286ms
[2020-08-13T14:11:49.795+0000][6][gc,cpu       ] GC(5) User=0.01s Sys=0.00s Real=0.04s
[2020-08-13T14:11:49.795+0000][6][safepoint    ] Safepoint "G1CollectForAllocation", Time since last: 1053441382 ns, Reaching safepoint: 150762 ns, At safepoint: 44365728 ns, Total: 44516490 ns
[2020-08-13T14:11:49.810+0000][6][safepoint    ] Safepoint "BulkRevokeBias", Time since last: 7467226 ns, Reaching safepoint: 7049766 ns, At safepoint: 84168 ns, Total: 7133934 ns
[2020-08-13T14:11:50.936+0000][6][gc,start     ] GC(6) Pause Young (Normal) (G1 Evacuation Pause)
[2020-08-13T14:11:50.936+0000][6][gc,task      ] GC(6) Using 2 workers of 2 for evacuation
[2020-08-13T14:11:50.936+0000][6][gc,age       ] GC(6) Desired survivor size 10485760 bytes, new threshold 15 (max threshold 15)
[2020-08-13T14:11:51.000+0000][6][gc,age       ] GC(6) Age table with threshold 15 (max threshold 15)
[2020-08-13T14:11:51.000+0000][6][gc,age       ] GC(6) - age   1:    2755128 bytes,    2755128 total
[2020-08-13T14:11:51.000+0000][6][gc,age       ] GC(6) - age   2:    1493696 bytes,    4248824 total
[2020-08-13T14:11:51.000+0000][6][gc,age       ] GC(6) - age   3:    2629800 bytes,    6878624 total
[2020-08-13T14:11:51.000+0000][6][gc,age       ] GC(6) - age   4:    2916208 bytes,    9794832 total
[2020-08-13T14:11:51.000+0000][6][gc,phases    ] GC(6)   Pre Evacuate Collection Set: 0.0ms
[2020-08-13T14:11:51.000+0000][6][gc,phases    ] GC(6)   Merge Heap Roots: 0.1ms
[2020-08-13T14:11:51.000+0000][6][gc,phases    ] GC(6)   Evacuate Collection Set: 63.0ms
[2020-08-13T14:11:51.000+0000][6][gc,phases    ] GC(6)   Post Evacuate Collection Set: 1.1ms
[2020-08-13T14:11:51.000+0000][6][gc,phases    ] GC(6)   Other: 0.3ms
[2020-08-13T14:11:51.000+0000][6][gc,heap      ] GC(6) Eden regions: 145->0(143)
[2020-08-13T14:11:51.000+0000][6][gc,heap      ] GC(6) Survivor regions: 8->10(20)
[2020-08-13T14:11:51.000+0000][6][gc,heap      ] GC(6) Old regions: 4->4
[2020-08-13T14:11:51.000+0000][6][gc,heap      ] GC(6) Archive regions: 2->2
[2020-08-13T14:11:51.000+0000][6][gc,heap      ] GC(6) Humongous regions: 1->1
[2020-08-13T14:11:51.000+0000][6][gc,metaspace ] GC(6) Metaspace: 17860K(18944K)->17860K(18944K) NonClass: 15646K(16384K)->15646K(16384K) Class: 2213K(2560K)->2213K(2560K)
[2020-08-13T14:11:51.000+0000][6][gc           ] GC(6) Pause Young (Normal) (G1 Evacuation Pause) 157M->15M(256M) 64.618ms
[2020-08-13T14:11:51.000+0000][6][gc,cpu       ] GC(6) User=0.04s Sys=0.00s Real=0.07s
[2020-08-13T14:11:51.000+0000][6][safepoint    ] Safepoint "G1CollectForAllocation", Time since last: 1125489662 ns, Reaching safepoint: 225653 ns, At safepoint: 64699095 ns, Total: 64924748 ns
[2020-08-13T14:11:52.039+0000][6][safepoint    ] Safepoint "Cleanup", Time since last: 1038495739 ns, Reaching safepoint: 108623 ns, At safepoint: 2705 ns, Total: 111328 ns
[2020-08-13T14:11:52.185+0000][6][gc,start     ] GC(7) Pause Young (Normal) (G1 Evacuation Pause)
[2020-08-13T14:11:52.185+0000][6][gc,task      ] GC(7) Using 2 workers of 2 for evacuation
[2020-08-13T14:11:52.185+0000][6][gc,age       ] GC(7) Desired survivor size 10485760 bytes, new threshold 15 (max threshold 15)
[2020-08-13T14:11:52.228+0000][6][gc,age       ] GC(7) Age table with threshold 15 (max threshold 15)
[2020-08-13T14:11:52.228+0000][6][gc,age       ] GC(7) - age   1:    1371360 bytes,    1371360 total
[2020-08-13T14:11:52.228+0000][6][gc,age       ] GC(7) - age   2:    2070448 bytes,    3441808 total
[2020-08-13T14:11:52.228+0000][6][gc,age       ] GC(7) - age   3:    1492880 bytes,    4934688 total
[2020-08-13T14:11:52.228+0000][6][gc,age       ] GC(7) - age   4:    2625568 bytes,    7560256 total
[2020-08-13T14:11:52.228+0000][6][gc,age       ] GC(7) - age   5:    2916208 bytes,   10476464 total
[2020-08-13T14:11:52.228+0000][6][gc,phases    ] GC(7)   Pre Evacuate Collection Set: 0.0ms
[2020-08-13T14:11:52.228+0000][6][gc,phases    ] GC(7)   Merge Heap Roots: 0.1ms
[2020-08-13T14:11:52.228+0000][6][gc,phases    ] GC(7)   Evacuate Collection Set: 41.6ms
[2020-08-13T14:11:52.228+0000][6][gc,phases    ] GC(7)   Post Evacuate Collection Set: 1.3ms
[2020-08-13T14:11:52.228+0000][6][gc,phases    ] GC(7)   Other: 0.3ms
[2020-08-13T14:11:52.228+0000][6][gc,heap      ] GC(7) Eden regions: 143->0(142)
[2020-08-13T14:11:52.228+0000][6][gc,heap      ] GC(7) Survivor regions: 10->11(20)
[2020-08-13T14:11:52.228+0000][6][gc,heap      ] GC(7) Old regions: 4->4
[2020-08-13T14:11:52.228+0000][6][gc,heap      ] GC(7) Archive regions: 2->2
[2020-08-13T14:11:52.228+0000][6][gc,heap      ] GC(7) Humongous regions: 1->1
[2020-08-13T14:11:52.228+0000][6][gc,metaspace ] GC(7) Metaspace: 18260K(19584K)->18260K(19584K) NonClass: 15967K(16896K)->15967K(16896K) Class: 2292K(2688K)->2292K(2688K)
[2020-08-13T14:11:52.228+0000][6][gc           ] GC(7) Pause Young (Normal) (G1 Evacuation Pause) 158M->15M(256M) 43.346ms
[2020-08-13T14:11:52.228+0000][6][gc,cpu       ] GC(7) User=0.02s Sys=0.00s Real=0.05s
[2020-08-13T14:11:52.228+0000][6][safepoint    ] Safepoint "G1CollectForAllocation", Time since last: 145940753 ns, Reaching safepoint: 71735 ns, At safepoint: 43422313 ns, Total: 43494048 ns
[2020-08-13T14:11:52.305+0000][6][safepoint    ] Safepoint "BulkRevokeBias", Time since last: 64867170 ns, Reaching safepoint: 11647020 ns, At safepoint: 116046 ns, Total: 11763066 ns
[2020-08-13T14:11:52.313+0000][6][safepoint    ] Safepoint "BulkRevokeBias", Time since last: 97293 ns, Reaching safepoint: 7735748 ns, At safepoint: 106610 ns, Total: 7842358 ns
[2020-08-13T14:11:53.319+0000][6][safepoint    ] Safepoint "Cleanup", Time since last: 1003835215 ns, Reaching safepoint: 2253798 ns, At safepoint: 3687 ns, Total: 2257485 ns
[2020-08-13T14:11:53.403+0000][6][gc,start     ] GC(8) Pause Young (Normal) (G1 Evacuation Pause)
[2020-08-13T14:11:53.403+0000][6][gc,task      ] GC(8) Using 2 workers of 2 for evacuation
[2020-08-13T14:11:53.403+0000][6][gc,age       ] GC(8) Desired survivor size 10485760 bytes, new threshold 15 (max threshold 15)
[2020-08-13T14:11:53.522+0000][6][gc,age       ] GC(8) Age table with threshold 15 (max threshold 15)
[2020-08-13T14:11:53.522+0000][6][gc,age       ] GC(8) - age   1:    1508504 bytes,    1508504 total
[2020-08-13T14:11:53.522+0000][6][gc,age       ] GC(8) - age   2:    1201440 bytes,    2709944 total
[2020-08-13T14:11:53.522+0000][6][gc,age       ] GC(8) - age   3:    2070136 bytes,    4780080 total
[2020-08-13T14:11:53.522+0000][6][gc,age       ] GC(8) - age   4:    1492544 bytes,    6272624 total
[2020-08-13T14:11:53.522+0000][6][gc,age       ] GC(8) - age   5:    2625280 bytes,    8897904 total
[2020-08-13T14:11:53.522+0000][6][gc,age       ] GC(8) - age   6:    2915904 bytes,   11813808 total
[2020-08-13T14:11:53.522+0000][6][gc,phases    ] GC(8)   Pre Evacuate Collection Set: 0.0ms
[2020-08-13T14:11:53.522+0000][6][gc,phases    ] GC(8)   Merge Heap Roots: 0.1ms
[2020-08-13T14:11:53.522+0000][6][gc,phases    ] GC(8)   Evacuate Collection Set: 94.6ms
[2020-08-13T14:11:53.522+0000][6][gc,phases    ] GC(8)   Post Evacuate Collection Set: 24.0ms
[2020-08-13T14:11:53.522+0000][6][gc,phases    ] GC(8)   Other: 0.3ms
[2020-08-13T14:11:53.522+0000][6][gc,heap      ] GC(8) Eden regions: 142->0(141)
[2020-08-13T14:11:53.522+0000][6][gc,heap      ] GC(8) Survivor regions: 11->12(20)
[2020-08-13T14:11:53.522+0000][6][gc,heap      ] GC(8) Old regions: 4->4
[2020-08-13T14:11:53.522+0000][6][gc,heap      ] GC(8) Archive regions: 2->2
[2020-08-13T14:11:53.522+0000][6][gc,heap      ] GC(8) Humongous regions: 1->1
[2020-08-13T14:11:53.522+0000][6][gc,metaspace ] GC(8) Metaspace: 19345K(20736K)->19345K(20736K) NonClass: 16955K(17920K)->16955K(17920K) Class: 2390K(2816K)->2390K(2816K)
[2020-08-13T14:11:53.522+0000][6][gc           ] GC(8) Pause Young (Normal) (G1 Evacuation Pause) 157M->16M(256M) 119.130ms
[2020-08-13T14:11:53.522+0000][6][gc,cpu       ] GC(8) User=0.02s Sys=0.00s Real=0.12s
[2020-08-13T14:11:53.522+0000][6][safepoint    ] Safepoint "G1CollectForAllocation", Time since last: 83804175 ns, Reaching safepoint: 86492 ns, At safepoint: 119213178 ns, Total: 119299670 ns
[2020-08-13T14:11:54.503+0000][6][gc,start     ] GC(9) Pause Young (Normal) (G1 Evacuation Pause)
[2020-08-13T14:11:54.503+0000][6][gc,task      ] GC(9) Using 2 workers of 2 for evacuation
[2020-08-13T14:11:54.503+0000][6][gc,age       ] GC(9) Desired survivor size 10485760 bytes, new threshold 6 (max threshold 15)
[2020-08-13T14:11:54.547+0000][6][gc,age       ] GC(9) Age table with threshold 6 (max threshold 15)
[2020-08-13T14:11:54.547+0000][6][gc,age       ] GC(9) - age   1:    1983640 bytes,    1983640 total
[2020-08-13T14:11:54.547+0000][6][gc,age       ] GC(9) - age   2:     998096 bytes,    2981736 total
[2020-08-13T14:11:54.547+0000][6][gc,age       ] GC(9) - age   3:    1201120 bytes,    4182856 total
[2020-08-13T14:11:54.547+0000][6][gc,age       ] GC(9) - age   4:    2070136 bytes,    6252992 total
[2020-08-13T14:11:54.547+0000][6][gc,age       ] GC(9) - age   5:    1491504 bytes,    7744496 total
[2020-08-13T14:11:54.547+0000][6][gc,age       ] GC(9) - age   6:    2625280 bytes,   10369776 total
[2020-08-13T14:11:54.547+0000][6][gc,phases    ] GC(9)   Pre Evacuate Collection Set: 0.1ms
[2020-08-13T14:11:54.547+0000][6][gc,phases    ] GC(9)   Merge Heap Roots: 0.1ms
[2020-08-13T14:11:54.547+0000][6][gc,phases    ] GC(9)   Evacuate Collection Set: 39.0ms
[2020-08-13T14:11:54.547+0000][6][gc,phases    ] GC(9)   Post Evacuate Collection Set: 5.0ms
[2020-08-13T14:11:54.547+0000][6][gc,phases    ] GC(9)   Other: 0.3ms
[2020-08-13T14:11:54.547+0000][6][gc,heap      ] GC(9) Eden regions: 141->0(142)
[2020-08-13T14:11:54.547+0000][6][gc,heap      ] GC(9) Survivor regions: 12->11(20)
[2020-08-13T14:11:54.547+0000][6][gc,heap      ] GC(9) Old regions: 4->7
[2020-08-13T14:11:54.547+0000][6][gc,heap      ] GC(9) Archive regions: 2->2
[2020-08-13T14:11:54.547+0000][6][gc,heap      ] GC(9) Humongous regions: 1->1
[2020-08-13T14:11:54.547+0000][6][gc,metaspace ] GC(9) Metaspace: 19552K(20992K)->19552K(20992K) NonClass: 17132K(18176K)->17132K(18176K) Class: 2420K(2816K)->2420K(2816K)
[2020-08-13T14:11:54.547+0000][6][gc           ] GC(9) Pause Young (Normal) (G1 Evacuation Pause) 157M->18M(256M) 44.542ms
[2020-08-13T14:11:54.547+0000][6][gc,cpu       ] GC(9) User=0.02s Sys=0.00s Real=0.05s
[2020-08-13T14:11:54.547+0000][6][safepoint    ] Safepoint "G1CollectForAllocation", Time since last: 980372611 ns, Reaching safepoint: 269284 ns, At safepoint: 44619904 ns, Total: 44889188 ns
[2020-08-13T14:11:55.263+0000][6][gc,start     ] GC(10) Pause Young (Normal) (G1 Evacuation Pause)
[2020-08-13T14:11:55.263+0000][6][gc,task      ] GC(10) Using 2 workers of 2 for evacuation
[2020-08-13T14:11:55.263+0000][6][gc,age       ] GC(10) Desired survivor size 10485760 bytes, new threshold 15 (max threshold 15)
[2020-08-13T14:11:55.359+0000][6][gc,age       ] GC(10) Age table with threshold 15 (max threshold 15)
[2020-08-13T14:11:55.359+0000][6][gc,age       ] GC(10) - age   1:     623400 bytes,     623400 total
[2020-08-13T14:11:55.359+0000][6][gc,age       ] GC(10) - age   2:    1383800 bytes,    2007200 total
[2020-08-13T14:11:55.359+0000][6][gc,age       ] GC(10) - age   3:     997832 bytes,    3005032 total
[2020-08-13T14:11:55.359+0000][6][gc,age       ] GC(10) - age   4:    1201072 bytes,    4206104 total
[2020-08-13T14:11:55.359+0000][6][gc,age       ] GC(10) - age   5:    2070136 bytes,    6276240 total
[2020-08-13T14:11:55.359+0000][6][gc,age       ] GC(10) - age   6:    1491504 bytes,    7767744 total
[2020-08-13T14:11:55.359+0000][6][gc,age       ] GC(10) - age   7:    2625280 bytes,   10393024 total
[2020-08-13T14:11:55.359+0000][6][gc,phases    ] GC(10)   Pre Evacuate Collection Set: 0.1ms
[2020-08-13T14:11:55.359+0000][6][gc,phases    ] GC(10)   Merge Heap Roots: 0.1ms
[2020-08-13T14:11:55.359+0000][6][gc,phases    ] GC(10)   Evacuate Collection Set: 89.3ms
[2020-08-13T14:11:55.359+0000][6][gc,phases    ] GC(10)   Post Evacuate Collection Set: 6.0ms
[2020-08-13T14:11:55.359+0000][6][gc,phases    ] GC(10)   Other: 0.4ms
[2020-08-13T14:11:55.359+0000][6][gc,heap      ] GC(10) Eden regions: 142->0(142)
[2020-08-13T14:11:55.359+0000][6][gc,heap      ] GC(10) Survivor regions: 11->11(20)
[2020-08-13T14:11:55.359+0000][6][gc,heap      ] GC(10) Old regions: 7->7
[2020-08-13T14:11:55.359+0000][6][gc,heap      ] GC(10) Archive regions: 2->2
[2020-08-13T14:11:55.359+0000][6][gc,heap      ] GC(10) Humongous regions: 1->1
[2020-08-13T14:11:55.359+0000][6][gc,metaspace ] GC(10) Metaspace: 19744K(21296K)->19744K(21296K) NonClass: 17287K(18432K)->17287K(18432K) Class: 2457K(2864K)->2457K(2864K)
[2020-08-13T14:11:55.359+0000][6][gc           ] GC(10) Pause Young (Normal) (G1 Evacuation Pause) 160M->18M(256M) 95.840ms
[2020-08-13T14:11:55.359+0000][6][gc,cpu       ] GC(10) User=0.02s Sys=0.00s Real=0.10s
[2020-08-13T14:11:55.359+0000][6][safepoint    ] Safepoint "G1CollectForAllocation", Time since last: 715664122 ns, Reaching safepoint: 170088 ns, At safepoint: 95922657 ns, Total: 96092745 ns
[2020-08-13T14:11:55.446+0000][6][gc,start     ] GC(11) Pause Young (Concurrent Start) (Metadata GC Threshold)
[2020-08-13T14:11:55.446+0000][6][gc,task      ] GC(11) Using 2 workers of 2 for evacuation
[2020-08-13T14:11:55.446+0000][6][gc,age       ] GC(11) Desired survivor size 10485760 bytes, new threshold 15 (max threshold 15)
[2020-08-13T14:11:55.488+0000][6][gc,age       ] GC(11) Age table with threshold 15 (max threshold 15)
[2020-08-13T14:11:55.488+0000][6][gc,age       ] GC(11) - age   1:      57936 bytes,      57936 total
[2020-08-13T14:11:55.488+0000][6][gc,age       ] GC(11) - age   2:     425712 bytes,     483648 total
[2020-08-13T14:11:55.488+0000][6][gc,age       ] GC(11) - age   3:    1383800 bytes,    1867448 total
[2020-08-13T14:11:55.488+0000][6][gc,age       ] GC(11) - age   4:     997832 bytes,    2865280 total
[2020-08-13T14:11:55.488+0000][6][gc,age       ] GC(11) - age   5:    1201072 bytes,    4066352 total
[2020-08-13T14:11:55.488+0000][6][gc,age       ] GC(11) - age   6:    2070136 bytes,    6136488 total
[2020-08-13T14:11:55.488+0000][6][gc,age       ] GC(11) - age   7:    1491504 bytes,    7627992 total
[2020-08-13T14:11:55.488+0000][6][gc,age       ] GC(11) - age   8:    2625280 bytes,   10253272 total
[2020-08-13T14:11:55.488+0000][6][gc,phases    ] GC(11)   Pre Evacuate Collection Set: 0.2ms
[2020-08-13T14:11:55.488+0000][6][gc,phases    ] GC(11)   Merge Heap Roots: 0.0ms
[2020-08-13T14:11:55.488+0000][6][gc,phases    ] GC(11)   Evacuate Collection Set: 40.5ms
[2020-08-13T14:11:55.488+0000][6][gc,phases    ] GC(11)   Post Evacuate Collection Set: 1.0ms
[2020-08-13T14:11:55.488+0000][6][gc,phases    ] GC(11)   Other: 0.3ms
[2020-08-13T14:11:55.488+0000][6][gc,heap      ] GC(11) Eden regions: 13->0(143)
[2020-08-13T14:11:55.488+0000][6][gc,heap      ] GC(11) Survivor regions: 11->10(20)
[2020-08-13T14:11:55.488+0000][6][gc,heap      ] GC(11) Old regions: 7->7
[2020-08-13T14:11:55.488+0000][6][gc,heap      ] GC(11) Archive regions: 2->2
[2020-08-13T14:11:55.488+0000][6][gc,heap      ] GC(11) Humongous regions: 1->1
[2020-08-13T14:11:55.488+0000][6][gc,metaspace ] GC(11) Metaspace: 19764K(21296K)->19764K(21296K) NonClass: 17304K(18432K)->17304K(18432K) Class: 2460K(2864K)->2460K(2864K)
[2020-08-13T14:11:55.488+0000][6][gc           ] GC(11) Pause Young (Concurrent Start) (Metadata GC Threshold) 31M->17M(256M) 42.147ms
[2020-08-13T14:11:55.488+0000][6][gc,cpu       ] GC(11) User=0.02s Sys=0.00s Real=0.04s
[2020-08-13T14:11:55.488+0000][6][safepoint    ] Safepoint "CollectForMetadataAllocation", Time since last: 86630835 ns, Reaching safepoint: 86621 ns, At safepoint: 42365144 ns, Total: 42451765 ns
[2020-08-13T14:11:55.493+0000][6][gc           ] GC(12) Concurrent Cycle
[2020-08-13T14:11:55.493+0000][6][gc,marking   ] GC(12) Concurrent Clear Claimed Marks
[2020-08-13T14:11:55.493+0000][6][gc,marking   ] GC(12) Concurrent Clear Claimed Marks 0.136ms
[2020-08-13T14:11:55.493+0000][6][gc,marking   ] GC(12) Concurrent Scan Root Regions
[2020-08-13T14:11:55.496+0000][6][gc,marking   ] GC(12) Concurrent Scan Root Regions 3.646ms
[2020-08-13T14:11:55.497+0000][6][gc,marking   ] GC(12) Concurrent Mark (16.156s)
[2020-08-13T14:11:55.497+0000][6][gc,marking   ] GC(12) Concurrent Mark From Roots
[2020-08-13T14:11:55.497+0000][6][gc,task      ] GC(12) Using 1 workers of 1 for marking
[2020-08-13T14:11:55.563+0000][6][gc,marking   ] GC(12) Concurrent Mark From Roots 66.414ms
[2020-08-13T14:11:55.563+0000][6][gc,marking   ] GC(12) Concurrent Preclean
[2020-08-13T14:11:55.563+0000][6][gc,marking   ] GC(12) Concurrent Preclean 0.081ms
[2020-08-13T14:11:55.563+0000][6][gc,marking   ] GC(12) Concurrent Mark (16.156s, 16.222s) 66.579ms
[2020-08-13T14:11:55.565+0000][6][gc,start     ] GC(12) Pause Remark
[2020-08-13T14:11:55.586+0000][6][gc           ] GC(12) Pause Remark 29M->29M(256M) 20.348ms
[2020-08-13T14:11:55.586+0000][6][gc,cpu       ] GC(12) User=0.01s Sys=0.00s Real=0.03s
[2020-08-13T14:11:55.586+0000][6][safepoint    ] Safepoint "G1Concurrent", Time since last: 75041103 ns, Reaching safepoint: 2266132 ns, At safepoint: 20443804 ns, Total: 22709936 ns
[2020-08-13T14:11:55.586+0000][6][gc,marking   ] GC(12) Concurrent Rebuild Remembered Sets
[2020-08-13T14:11:55.626+0000][6][gc,marking   ] GC(12) Concurrent Rebuild Remembered Sets 39.784ms
[2020-08-13T14:11:55.630+0000][6][gc,start     ] GC(12) Pause Cleanup
[2020-08-13T14:11:55.630+0000][6][gc           ] GC(12) Pause Cleanup 38M->38M(256M) 0.149ms
[2020-08-13T14:11:55.630+0000][6][gc,cpu       ] GC(12) User=0.00s Sys=0.00s Real=0.00s
[2020-08-13T14:11:55.630+0000][6][safepoint    ] Safepoint "G1Concurrent", Time since last: 39904819 ns, Reaching safepoint: 3886544 ns, At safepoint: 190015 ns, Total: 4076559 ns
[2020-08-13T14:11:55.630+0000][6][gc,marking   ] GC(12) Concurrent Cleanup for Next Mark
[2020-08-13T14:11:55.630+0000][6][gc,marking   ] GC(12) Concurrent Cleanup for Next Mark 0.608ms
[2020-08-13T14:11:55.630+0000][6][gc           ] GC(12) Concurrent Cycle 137.824ms
[2020-08-13T14:11:56.502+0000][6][gc,start     ] GC(13) Pause Young (Normal) (G1 Evacuation Pause)
[2020-08-13T14:11:56.502+0000][6][gc,task      ] GC(13) Using 2 workers of 2 for evacuation
[2020-08-13T14:11:56.502+0000][6][gc,age       ] GC(13) Desired survivor size 10485760 bytes, new threshold 15 (max threshold 15)
[2020-08-13T14:11:56.586+0000][6][gc,age       ] GC(13) Age table with threshold 15 (max threshold 15)
[2020-08-13T14:11:56.586+0000][6][gc,age       ] GC(13) - age   1:    1124056 bytes,    1124056 total
[2020-08-13T14:11:56.586+0000][6][gc,age       ] GC(13) - age   2:      40032 bytes,    1164088 total
[2020-08-13T14:11:56.586+0000][6][gc,age       ] GC(13) - age   3:     425456 bytes,    1589544 total
[2020-08-13T14:11:56.586+0000][6][gc,age       ] GC(13) - age   4:    1383800 bytes,    2973344 total
[2020-08-13T14:11:56.586+0000][6][gc,age       ] GC(13) - age   5:     997736 bytes,    3971080 total
[2020-08-13T14:11:56.586+0000][6][gc,age       ] GC(13) - age   6:    1201072 bytes,    5172152 total
[2020-08-13T14:11:56.586+0000][6][gc,age       ] GC(13) - age   7:    2070136 bytes,    7242288 total
[2020-08-13T14:11:56.586+0000][6][gc,age       ] GC(13) - age   8:    1491504 bytes,    8733792 total
[2020-08-13T14:11:56.586+0000][6][gc,age       ] GC(13) - age   9:    2624368 bytes,   11358160 total
[2020-08-13T14:11:56.586+0000][6][gc,phases    ] GC(13)   Pre Evacuate Collection Set: 0.1ms
[2020-08-13T14:11:56.586+0000][6][gc,phases    ] GC(13)   Merge Heap Roots: 0.1ms
[2020-08-13T14:11:56.586+0000][6][gc,phases    ] GC(13)   Evacuate Collection Set: 70.0ms
[2020-08-13T14:11:56.586+0000][6][gc,phases    ] GC(13)   Post Evacuate Collection Set: 13.3ms
[2020-08-13T14:11:56.586+0000][6][gc,phases    ] GC(13)   Other: 0.3ms
[2020-08-13T14:11:56.586+0000][6][gc,heap      ] GC(13) Eden regions: 143->0(141)
[2020-08-13T14:11:56.586+0000][6][gc,heap      ] GC(13) Survivor regions: 10->12(20)
[2020-08-13T14:11:56.586+0000][6][gc,heap      ] GC(13) Old regions: 7->7
[2020-08-13T14:11:56.586+0000][6][gc,heap      ] GC(13) Archive regions: 2->2
[2020-08-13T14:11:56.586+0000][6][gc,heap      ] GC(13) Humongous regions: 1->1
[2020-08-13T14:11:56.586+0000][6][gc,metaspace ] GC(13) Metaspace: 19947K(21808K)->19947K(21808K) NonClass: 17445K(18944K)->17445K(18944K) Class: 2501K(2864K)->2501K(2864K)
[2020-08-13T14:11:56.586+0000][6][gc           ] GC(13) Pause Young (Normal) (G1 Evacuation Pause) 160M->19M(256M) 83.838ms
[2020-08-13T14:11:56.586+0000][6][gc,cpu       ] GC(13) User=0.05s Sys=0.00s Real=0.09s
[2020-08-13T14:11:56.586+0000][6][safepoint    ] Safepoint "G1CollectForAllocation", Time since last: 872462639 ns, Reaching safepoint: 64260 ns, At safepoint: 83914110 ns, Total: 83978370 ns
[2020-08-13T14:11:58.551+0000][6][safepoint    ] Safepoint "Cleanup", Time since last: 1963352351 ns, Reaching safepoint: 1247956 ns, At safepoint: 3867 ns, Total: 1251823 ns
[2020-08-13T14:12:00.058+0000][6][safepoint    ] Safepoint "Cleanup", Time since last: 1503749473 ns, Reaching safepoint: 3660672 ns, At safepoint: 4248 ns, Total: 3664920 ns
[2020-08-13T14:12:01.077+0000][6][safepoint    ] Safepoint "Cleanup", Time since last: 1012349251 ns, Reaching safepoint: 6137006 ns, At safepoint: 8977 ns, Total: 6145983 ns
[2020-08-13T14:12:02.081+0000][6][safepoint    ] Safepoint "Cleanup", Time since last: 1003843320 ns, Reaching safepoint: 210244 ns, At safepoint: 4769 ns, Total: 215013 ns
[2020-08-13T14:12:02.213+0000][6][gc,start     ] GC(14) Pause Young (Normal) (G1 Evacuation Pause)
[2020-08-13T14:12:02.213+0000][6][gc,task      ] GC(14) Using 2 workers of 2 for evacuation
[2020-08-13T14:12:02.213+0000][6][gc,age       ] GC(14) Desired survivor size 10485760 bytes, new threshold 9 (max threshold 15)
[2020-08-13T14:12:02.308+0000][6][gc,age       ] GC(14) Age table with threshold 9 (max threshold 15)
[2020-08-13T14:12:02.308+0000][6][gc,age       ] GC(14) - age   1:   12103584 bytes,   12103584 total
[2020-08-13T14:12:02.308+0000][6][gc,age       ] GC(14) - age   2:     331616 bytes,   12435200 total
[2020-08-13T14:12:02.308+0000][6][gc,age       ] GC(14) - age   3:      39936 bytes,   12475136 total
[2020-08-13T14:12:02.308+0000][6][gc,age       ] GC(14) - age   4:     422568 bytes,   12897704 total
[2020-08-13T14:12:02.308+0000][6][gc,age       ] GC(14) - age   5:    1383304 bytes,   14281008 total
[2020-08-13T14:12:02.308+0000][6][gc,age       ] GC(14) - age   6:     993704 bytes,   15274712 total
[2020-08-13T14:12:02.308+0000][6][gc,age       ] GC(14) - age   7:    1194216 bytes,   16468928 total
[2020-08-13T14:12:02.308+0000][6][gc,age       ] GC(14) - age   8:    2059312 bytes,   18528240 total
[2020-08-13T14:12:02.308+0000][6][gc,age       ] GC(14) - age   9:    1489360 bytes,   20017600 total
[2020-08-13T14:12:02.308+0000][6][gc,phases    ] GC(14)   Pre Evacuate Collection Set: 0.1ms
[2020-08-13T14:12:02.308+0000][6][gc,phases    ] GC(14)   Merge Heap Roots: 0.1ms
[2020-08-13T14:12:02.308+0000][6][gc,phases    ] GC(14)   Evacuate Collection Set: 91.6ms
[2020-08-13T14:12:02.308+0000][6][gc,phases    ] GC(14)   Post Evacuate Collection Set: 2.6ms
[2020-08-13T14:12:02.308+0000][6][gc,phases    ] GC(14)   Other: 0.3ms
[2020-08-13T14:12:02.308+0000][6][gc,heap      ] GC(14) Eden regions: 141->0(133)
[2020-08-13T14:12:02.308+0000][6][gc,heap      ] GC(14) Survivor regions: 12->20(20)
[2020-08-13T14:12:02.308+0000][6][gc,heap      ] GC(14) Old regions: 7->9
[2020-08-13T14:12:02.308+0000][6][gc,heap      ] GC(14) Archive regions: 2->2
[2020-08-13T14:12:02.308+0000][6][gc,heap      ] GC(14) Humongous regions: 1->1
[2020-08-13T14:12:02.308+0000][6][gc,metaspace ] GC(14) Metaspace: 28087K(30768K)->28087K(30768K) NonClass: 24489K(26368K)->24489K(26368K) Class: 3598K(4400K)->3598K(4400K)
[2020-08-13T14:12:02.308+0000][6][gc           ] GC(14) Pause Young (Normal) (G1 Evacuation Pause) 160M->30M(256M) 94.785ms
[2020-08-13T14:12:02.308+0000][6][gc,cpu       ] GC(14) User=0.05s Sys=0.00s Real=0.10s
[2020-08-13T14:12:02.308+0000][6][safepoint    ] Safepoint "G1CollectForAllocation", Time since last: 132268634 ns, Reaching safepoint: 77014 ns, At safepoint: 94863764 ns, Total: 94940778 ns
[2020-08-13T14:12:03.643+0000][6][safepoint    ] Safepoint "Cleanup", Time since last: 1327586894 ns, Reaching safepoint: 7227397 ns, At safepoint: 4679 ns, Total: 7232076 ns
[2020-08-13T14:12:04.664+0000][6][safepoint    ] Safepoint "Cleanup", Time since last: 1005800924 ns, Reaching safepoint: 15084784 ns, At safepoint: 8917 ns, Total: 15093701 ns
[2020-08-13T14:12:05.682+0000][6][safepoint    ] Safepoint "Cleanup", Time since last: 1003864009 ns, Reaching safepoint: 14136289 ns, At safepoint: 7784 ns, Total: 14144073 ns
[2020-08-13T14:12:06.141+0000][6][gc,start     ] GC(15) Pause Young (Normal) (G1 Evacuation Pause)
[2020-08-13T14:12:06.141+0000][6][gc,task      ] GC(15) Using 2 workers of 2 for evacuation
[2020-08-13T14:12:06.141+0000][6][gc,age       ] GC(15) Desired survivor size 10485760 bytes, new threshold 1 (max threshold 15)
[2020-08-13T14:12:06.395+0000][6][gc,age       ] GC(15) Age table with threshold 1 (max threshold 15)
[2020-08-13T14:12:06.395+0000][6][gc,age       ] GC(15) - age   1:   16360728 bytes,   16360728 total
[2020-08-13T14:12:06.395+0000][6][gc,mmu       ] GC(15) MMU target violated: 201.0ms (200.0ms/201.0ms)
[2020-08-13T14:12:06.395+0000][6][gc,phases    ] GC(15)   Pre Evacuate Collection Set: 0.1ms
[2020-08-13T14:12:06.395+0000][6][gc,phases    ] GC(15)   Merge Heap Roots: 0.1ms
[2020-08-13T14:12:06.395+0000][6][gc,phases    ] GC(15)   Evacuate Collection Set: 252.0ms
[2020-08-13T14:12:06.395+0000][6][gc,phases    ] GC(15)   Post Evacuate Collection Set: 2.0ms
[2020-08-13T14:12:06.395+0000][6][gc,phases    ] GC(15)   Other: 0.3ms
[2020-08-13T14:12:06.395+0000][6][gc,heap      ] GC(15) Eden regions: 133->0(118)
[2020-08-13T14:12:06.395+0000][6][gc,heap      ] GC(15) Survivor regions: 20->17(20)
[2020-08-13T14:12:06.395+0000][6][gc,heap      ] GC(15) Old regions: 9->29
[2020-08-13T14:12:06.395+0000][6][gc,heap      ] GC(15) Archive regions: 2->2
[2020-08-13T14:12:06.395+0000][6][gc,heap      ] GC(15) Humongous regions: 1->1
[2020-08-13T14:12:06.395+0000][6][gc,metaspace ] GC(15) Metaspace: 29466K(32304K)->29466K(32304K) NonClass: 25689K(27648K)->25689K(27648K) Class: 3777K(4656K)->3777K(4656K)
[2020-08-13T14:12:06.395+0000][6][gc           ] GC(15) Pause Young (Normal) (G1 Evacuation Pause) 163M->46M(256M) 254.455ms
[2020-08-13T14:12:06.395+0000][6][gc,cpu       ] GC(15) User=0.18s Sys=0.00s Real=0.25s
[2020-08-13T14:12:06.395+0000][6][safepoint    ] Safepoint "G1CollectForAllocation", Time since last: 458872701 ns, Reaching safepoint: 151383 ns, At safepoint: 254537984 ns, Total: 254689367 ns
[2020-08-13T14:12:07.414+0000][6][safepoint    ] Safepoint "Cleanup", Time since last: 1018346384 ns, Reaching safepoint: 357520 ns, At safepoint: 3396 ns, Total: 360916 ns
[2020-08-13T14:12:07.434+0000][6][gc,start     ] GC(16) Pause Young (Concurrent Start) (Metadata GC Threshold)
[2020-08-13T14:12:07.434+0000][6][gc,task      ] GC(16) Using 2 workers of 2 for evacuation
[2020-08-13T14:12:07.434+0000][6][gc,age       ] GC(16) Desired survivor size 8912896 bytes, new threshold 1 (max threshold 15)
[2020-08-13T14:12:07.510+0000][6][gc,age       ] GC(16) Age table with threshold 1 (max threshold 15)
[2020-08-13T14:12:07.510+0000][6][gc,age       ] GC(16) - age   1:    1164840 bytes,    1164840 total
[2020-08-13T14:12:07.510+0000][6][gc,phases    ] GC(16)   Pre Evacuate Collection Set: 0.4ms
[2020-08-13T14:12:07.510+0000][6][gc,phases    ] GC(16)   Merge Heap Roots: 0.1ms
[2020-08-13T14:12:07.510+0000][6][gc,phases    ] GC(16)   Evacuate Collection Set: 71.6ms
[2020-08-13T14:12:07.510+0000][6][gc,phases    ] GC(16)   Post Evacuate Collection Set: 3.9ms
[2020-08-13T14:12:07.510+0000][6][gc,phases    ] GC(16)   Other: 0.3ms
[2020-08-13T14:12:07.510+0000][6][gc,heap      ] GC(16) Eden regions: 33->0(120)
[2020-08-13T14:12:07.510+0000][6][gc,heap      ] GC(16) Survivor regions: 17->2(17)
[2020-08-13T14:12:07.510+0000][6][gc,heap      ] GC(16) Old regions: 29->44
[2020-08-13T14:12:07.510+0000][6][gc,heap      ] GC(16) Archive regions: 2->2
[2020-08-13T14:12:07.510+0000][6][gc,heap      ] GC(16) Humongous regions: 1->1
[2020-08-13T14:12:07.510+0000][6][gc,metaspace ] GC(16) Metaspace: 32801K(35920K)->32801K(35920K) NonClass: 28481K(30624K)->28481K(30624K) Class: 4319K(5296K)->4319K(5296K)
[2020-08-13T14:12:07.510+0000][6][gc           ] GC(16) Pause Young (Concurrent Start) (Metadata GC Threshold) 78M->47M(256M) 76.326ms
[2020-08-13T14:12:07.510+0000][6][gc,cpu       ] GC(16) User=0.04s Sys=0.00s Real=0.08s
[2020-08-13T14:12:07.510+0000][6][safepoint    ] Safepoint "CollectForMetadataAllocation", Time since last: 19350378 ns, Reaching safepoint: 69651 ns, At safepoint: 76531482 ns, Total: 76601133 ns
[2020-08-13T14:12:07.510+0000][6][gc           ] GC(17) Concurrent Cycle
[2020-08-13T14:12:07.510+0000][6][gc,marking   ] GC(17) Concurrent Clear Claimed Marks
[2020-08-13T14:12:07.510+0000][6][gc,marking   ] GC(17) Concurrent Clear Claimed Marks 0.332ms
[2020-08-13T14:12:07.510+0000][6][gc,marking   ] GC(17) Concurrent Scan Root Regions
[2020-08-13T14:12:07.595+0000][6][gc,marking   ] GC(17) Concurrent Scan Root Regions 84.156ms
[2020-08-13T14:12:07.595+0000][6][gc,marking   ] GC(17) Concurrent Mark (28.254s)
[2020-08-13T14:12:07.595+0000][6][gc,marking   ] GC(17) Concurrent Mark From Roots
[2020-08-13T14:12:07.595+0000][6][gc,task      ] GC(17) Using 1 workers of 1 for marking
[2020-08-13T14:12:07.629+0000][6][safepoint    ] Safepoint "CollectForMetadataAllocation", Time since last: 118331769 ns, Reaching safepoint: 106789 ns, At safepoint: 130344 ns, Total: 237133 ns
[2020-08-13T14:12:07.718+0000][6][safepoint    ] Safepoint "CollectForMetadataAllocation", Time since last: 88678147 ns, Reaching safepoint: 127909 ns, At safepoint: 135715 ns, Total: 263624 ns
[2020-08-13T14:12:07.815+0000][6][safepoint    ] Safepoint "CollectForMetadataAllocation", Time since last: 96771976 ns, Reaching safepoint: 99475 ns, At safepoint: 124914 ns, Total: 224389 ns
[2020-08-13T14:12:07.819+0000][6][gc,marking   ] GC(17) Concurrent Mark From Roots 224.397ms
[2020-08-13T14:12:07.819+0000][6][gc,marking   ] GC(17) Concurrent Preclean
[2020-08-13T14:12:07.819+0000][6][gc,marking   ] GC(17) Concurrent Preclean 0.173ms
[2020-08-13T14:12:07.819+0000][6][gc,marking   ] GC(17) Concurrent Mark (28.254s, 28.478s) 224.646ms
[2020-08-13T14:12:07.819+0000][6][gc,start     ] GC(17) Pause Remark
[2020-08-13T14:12:07.864+0000][6][gc           ] GC(17) Pause Remark 53M->53M(256M) 44.476ms
[2020-08-13T14:12:07.864+0000][6][gc,cpu       ] GC(17) User=0.01s Sys=0.00s Real=0.04s
[2020-08-13T14:12:07.864+0000][6][safepoint    ] Safepoint "G1Concurrent", Time since last: 4783604 ns, Reaching safepoint: 57918 ns, At safepoint: 44586702 ns, Total: 44644620 ns
[2020-08-13T14:12:07.864+0000][6][gc,marking   ] GC(17) Concurrent Rebuild Remembered Sets
[2020-08-13T14:12:08.171+0000][6][gc,marking   ] GC(17) Concurrent Rebuild Remembered Sets 306.918ms
[2020-08-13T14:12:08.175+0000][6][gc,start     ] GC(17) Pause Cleanup
[2020-08-13T14:12:08.175+0000][6][gc           ] GC(17) Pause Cleanup 82M->82M(256M) 0.147ms
[2020-08-13T14:12:08.175+0000][6][gc,cpu       ] GC(17) User=0.00s Sys=0.00s Real=0.00s
[2020-08-13T14:12:08.175+0000][6][safepoint    ] Safepoint "G1Concurrent", Time since last: 307083020 ns, Reaching safepoint: 3486726 ns, At safepoint: 209853 ns, Total: 3696579 ns
[2020-08-13T14:12:08.175+0000][6][gc,marking   ] GC(17) Concurrent Cleanup for Next Mark
[2020-08-13T14:12:08.175+0000][6][gc,marking   ] GC(17) Concurrent Cleanup for Next Mark 0.596ms
[2020-08-13T14:12:08.175+0000][6][gc           ] GC(17) Concurrent Cycle 665.322ms
[2020-08-13T14:12:09.147+0000][6][gc,start     ] GC(18) Pause Young (Concurrent Start) (G1 Evacuation Pause)
[2020-08-13T14:12:09.147+0000][6][gc,task      ] GC(18) Using 2 workers of 2 for evacuation
[2020-08-13T14:12:09.147+0000][6][gc,age       ] GC(18) Desired survivor size 8388608 bytes, new threshold 15 (max threshold 15)
[2020-08-13T14:12:09.299+0000][6][gc,age       ] GC(18) Age table with threshold 15 (max threshold 15)
[2020-08-13T14:12:09.299+0000][6][gc,age       ] GC(18) - age   1:    1989424 bytes,    1989424 total
[2020-08-13T14:12:09.299+0000][6][gc,age       ] GC(18) - age   2:    1082624 bytes,    3072048 total
[2020-08-13T14:12:09.300+0000][6][gc,phases    ] GC(18)   Pre Evacuate Collection Set: 0.4ms
[2020-08-13T14:12:09.300+0000][6][gc,phases    ] GC(18)   Merge Heap Roots: 0.1ms
[2020-08-13T14:12:09.300+0000][6][gc,phases    ] GC(18)   Evacuate Collection Set: 150.7ms
[2020-08-13T14:12:09.300+0000][6][gc,phases    ] GC(18)   Post Evacuate Collection Set: 1.2ms
[2020-08-13T14:12:09.300+0000][6][gc,phases    ] GC(18)   Other: 0.3ms
[2020-08-13T14:12:09.300+0000][6][gc,heap      ] GC(18) Eden regions: 120->0(122)
[2020-08-13T14:12:09.300+0000][6][gc,heap      ] GC(18) Survivor regions: 2->4(16)
[2020-08-13T14:12:09.300+0000][6][gc,heap      ] GC(18) Old regions: 44->44
[2020-08-13T14:12:09.300+0000][6][gc,heap      ] GC(18) Archive regions: 2->2
[2020-08-13T14:12:09.300+0000][6][gc,heap      ] GC(18) Humongous regions: 1->1
[2020-08-13T14:12:09.300+0000][6][gc,metaspace ] GC(18) Metaspace: 34272K(37608K)->34272K(37608K) NonClass: 29781K(32160K)->29781K(32160K) Class: 4490K(5448K)->4490K(5448K)
[2020-08-13T14:12:09.300+0000][6][gc           ] GC(18) Pause Young (Concurrent Start) (G1 Evacuation Pause) 167M->49M(256M) 152.778ms
[2020-08-13T14:12:09.300+0000][6][gc,cpu       ] GC(18) User=0.02s Sys=0.00s Real=0.15s
[2020-08-13T14:12:09.300+0000][6][safepoint    ] Safepoint "G1CollectForAllocation", Time since last: 971932554 ns, Reaching safepoint: 180107 ns, At safepoint: 152869081 ns, Total: 153049188 ns
[2020-08-13T14:12:09.300+0000][6][gc           ] GC(19) Concurrent Cycle
[2020-08-13T14:12:09.300+0000][6][gc,marking   ] GC(19) Concurrent Clear Claimed Marks
[2020-08-13T14:12:09.300+0000][6][gc,marking   ] GC(19) Concurrent Clear Claimed Marks 0.350ms
[2020-08-13T14:12:09.300+0000][6][gc,marking   ] GC(19) Concurrent Scan Root Regions
[2020-08-13T14:12:09.305+0000][6][gc,marking   ] GC(19) Concurrent Scan Root Regions 5.061ms
[2020-08-13T14:12:09.305+0000][6][gc,marking   ] GC(19) Concurrent Mark (29.964s)
[2020-08-13T14:12:09.305+0000][6][gc,marking   ] GC(19) Concurrent Mark From Roots
[2020-08-13T14:12:09.305+0000][6][gc,task      ] GC(19) Using 1 workers of 1 for marking
[2020-08-13T14:12:09.785+0000][6][gc,marking   ] GC(19) Concurrent Mark From Roots 480.076ms
[2020-08-13T14:12:09.785+0000][6][gc,marking   ] GC(19) Concurrent Preclean
[2020-08-13T14:12:09.786+0000][6][gc,marking   ] GC(19) Concurrent Preclean 0.189ms
[2020-08-13T14:12:09.786+0000][6][gc,marking   ] GC(19) Concurrent Mark (29.964s, 30.445s) 480.357ms
[2020-08-13T14:12:09.797+0000][6][gc,start     ] GC(19) Pause Remark
[2020-08-13T14:12:09.832+0000][6][gc           ] GC(19) Pause Remark 55M->55M(256M) 35.015ms
[2020-08-13T14:12:09.832+0000][6][gc,cpu       ] GC(19) User=0.01s Sys=0.00s Real=0.03s
[2020-08-13T14:12:09.832+0000][6][safepoint    ] Safepoint "G1Concurrent", Time since last: 485922049 ns, Reaching safepoint: 11180316 ns, At safepoint: 35118701 ns, Total: 46299017 ns
[2020-08-13T14:12:09.832+0000][6][gc,marking   ] GC(19) Concurrent Rebuild Remembered Sets
[2020-08-13T14:12:10.203+0000][6][gc,marking   ] GC(19) Concurrent Rebuild Remembered Sets 371.308ms
[2020-08-13T14:12:10.210+0000][6][gc,start     ] GC(19) Pause Cleanup
[2020-08-13T14:12:10.210+0000][6][gc           ] GC(19) Pause Cleanup 62M->62M(256M) 0.208ms
[2020-08-13T14:12:10.211+0000][6][gc,cpu       ] GC(19) User=0.00s Sys=0.00s Real=0.00s
[2020-08-13T14:12:10.211+0000][6][safepoint    ] Safepoint "G1Concurrent", Time since last: 371474731 ns, Reaching safepoint: 6869918 ns, At safepoint: 257582 ns, Total: 7127500 ns
[2020-08-13T14:12:10.211+0000][6][gc,marking   ] GC(19) Concurrent Cleanup for Next Mark
[2020-08-13T14:12:10.211+0000][6][gc,marking   ] GC(19) Concurrent Cleanup for Next Mark 0.614ms
[2020-08-13T14:12:10.211+0000][6][gc           ] GC(19) Concurrent Cycle 911.456ms
[2020-08-13T14:12:11.753+0000][6][safepoint    ] Safepoint "Cleanup", Time since last: 1542110803 ns, Reaching safepoint: 468517 ns, At safepoint: 3006 ns, Total: 471523 ns
[2020-08-13T14:12:13.325+0000][6][safepoint    ] Safepoint "Cleanup", Time since last: 1571363043 ns, Reaching safepoint: 616755 ns, At safepoint: 3606 ns, Total: 620361 ns
[2020-08-13T14:12:14.197+0000][6][gc,start     ] GC(20) Pause Young (Normal) (G1 Evacuation Pause)
[2020-08-13T14:12:14.197+0000][6][gc,task      ] GC(20) Using 2 workers of 2 for evacuation
[2020-08-13T14:12:14.197+0000][6][gc,age       ] GC(20) Desired survivor size 8388608 bytes, new threshold 15 (max threshold 15)
[2020-08-13T14:12:14.330+0000][6][gc,age       ] GC(20) Age table with threshold 15 (max threshold 15)
[2020-08-13T14:12:14.330+0000][6][gc,age       ] GC(20) - age   1:    4823712 bytes,    4823712 total
[2020-08-13T14:12:14.330+0000][6][gc,age       ] GC(20) - age   2:    1968000 bytes,    6791712 total
[2020-08-13T14:12:14.330+0000][6][gc,age       ] GC(20) - age   3:    1077104 bytes,    7868816 total
[2020-08-13T14:12:14.330+0000][6][gc,phases    ] GC(20)   Pre Evacuate Collection Set: 0.1ms
[2020-08-13T14:12:14.330+0000][6][gc,phases    ] GC(20)   Merge Heap Roots: 0.2ms
[2020-08-13T14:12:14.330+0000][6][gc,phases    ] GC(20)   Evacuate Collection Set: 52.6ms
[2020-08-13T14:12:14.330+0000][6][gc,phases    ] GC(20)   Post Evacuate Collection Set: 80.5ms
[2020-08-13T14:12:14.330+0000][6][gc,phases    ] GC(20)   Other: 0.3ms
[2020-08-13T14:12:14.330+0000][6][gc,heap      ] GC(20) Eden regions: 122->0(119)
[2020-08-13T14:12:14.330+0000][6][gc,heap      ] GC(20) Survivor regions: 4->8(16)
[2020-08-13T14:12:14.330+0000][6][gc,heap      ] GC(20) Old regions: 44->44
[2020-08-13T14:12:14.331+0000][6][gc,heap      ] GC(20) Archive regions: 2->2
[2020-08-13T14:12:14.331+0000][6][gc,heap      ] GC(20) Humongous regions: 1->1
[2020-08-13T14:12:14.331+0000][6][gc,metaspace ] GC(20) Metaspace: 49952K(54760K)->49952K(54760K) NonClass: 43066K(45984K)->43066K(45984K) Class: 6885K(8776K)->6885K(8776K)
[2020-08-13T14:12:14.331+0000][6][gc           ] GC(20) Pause Young (Normal) (G1 Evacuation Pause) 171M->53M(256M) 133.699ms
[2020-08-13T14:12:14.331+0000][6][gc,cpu       ] GC(20) User=0.05s Sys=0.00s Real=0.13s
[2020-08-13T14:12:14.331+0000][6][safepoint    ] Safepoint "G1CollectForAllocation", Time since last: 871548438 ns, Reaching safepoint: 177853 ns, At safepoint: 133782638 ns, Total: 133960491 ns
[2020-08-13T14:12:15.365+0000][6][safepoint    ] Safepoint "Cleanup", Time since last: 1033032011 ns, Reaching safepoint: 1137770 ns, At safepoint: 3707 ns, Total: 1141477 ns
[2020-08-13T14:12:16.014+0000][6][gc,heap,exit ] Heap
[2020-08-13T14:12:16.014+0000][6][gc,heap,exit ]  garbage-first heap   total 262144K, used 140792K [0x00000000f0000000, 0x0000000100000000)
[2020-08-13T14:12:16.014+0000][6][gc,heap,exit ]   region size 1024K, 93 young (95232K), 8 survivors (8192K)
[2020-08-13T14:12:16.014+0000][6][gc,heap,exit ]  Metaspace       used 56164K, capacity 61230K, committed 61544K, reserved 1101824K
[2020-08-13T14:12:16.014+0000][6][gc,heap,exit ]   class space    used 7834K, capacity 9852K, committed 9928K, reserved 1048576K
