[2020-08-13T13:44:18.316+0000][6][gc,heap] Heap region size: 1M
[2020-08-13T13:44:18.317+0000][6][gc,heap,coops] Heap address: 0x00000000e0000000, size: 512 MB, Compressed Oops mode: 32-bit
[2020-08-13T13:44:18.570+0000][6][gc           ] Using G1
[2020-08-13T13:44:18.570+0000][6][gc,cds       ] Mark closed archive regions in map: [0x00000000fff00000, 0x00000000fff7eff8]
[2020-08-13T13:44:18.570+0000][6][gc,cds       ] Mark open archive regions in map: [0x00000000ffe00000, 0x00000000ffe51ff8]
[2020-08-13T13:44:18.614+0000][6][gc           ] Periodic GC disabled
[2020-08-13T13:44:20.048+0000][6][safepoint    ] Safepoint "Cleanup", Time since last: 1453865007 ns, Reaching safepoint: 225752 ns, At safepoint: 2465 ns, Total: 228217 ns
[2020-08-13T13:44:20.394+0000][6][gc,start     ] GC(0) Pause Young (Normal) (G1 Evacuation Pause)
[2020-08-13T13:44:20.394+0000][6][gc,task      ] GC(0) Using 2 workers of 2 for evacuation
[2020-08-13T13:44:20.394+0000][6][gc,age       ] GC(0) Desired survivor size 2097152 bytes, new threshold 15 (max threshold 15)
[2020-08-13T13:44:20.435+0000][6][gc,age       ] GC(0) Age table with threshold 15 (max threshold 15)
[2020-08-13T13:44:20.435+0000][6][gc,age       ] GC(0) - age   1:    2818064 bytes,    2818064 total
[2020-08-13T13:44:20.435+0000][6][gc,phases    ] GC(0)   Pre Evacuate Collection Set: 0.1ms
[2020-08-13T13:44:20.435+0000][6][gc,phases    ] GC(0)   Merge Heap Roots: 0.0ms
[2020-08-13T13:44:20.435+0000][6][gc,phases    ] GC(0)   Evacuate Collection Set: 39.4ms
[2020-08-13T13:44:20.435+0000][6][gc,phases    ] GC(0)   Post Evacuate Collection Set: 0.7ms
[2020-08-13T13:44:20.435+0000][6][gc,phases    ] GC(0)   Other: 0.4ms
[2020-08-13T13:44:20.435+0000][6][gc,heap      ] GC(0) Eden regions: 25->0(22)
[2020-08-13T13:44:20.435+0000][6][gc,heap      ] GC(0) Survivor regions: 0->3(4)
[2020-08-13T13:44:20.435+0000][6][gc,heap      ] GC(0) Old regions: 0->0
[2020-08-13T13:44:20.435+0000][6][gc,heap      ] GC(0) Archive regions: 2->2
[2020-08-13T13:44:20.435+0000][6][gc,heap      ] GC(0) Humongous regions: 1->1
[2020-08-13T13:44:20.435+0000][6][gc,metaspace ] GC(0) Metaspace: 6250K(8704K)->6250K(8704K) NonClass: 5531K(7680K)->5531K(7680K) Class: 719K(1024K)->719K(1024K)
[2020-08-13T13:44:20.435+0000][6][gc           ] GC(0) Pause Young (Normal) (G1 Evacuation Pause) 26M->4M(512M) 40.608ms
[2020-08-13T13:44:20.435+0000][6][gc,cpu       ] GC(0) User=0.01s Sys=0.00s Real=0.04s
[2020-08-13T13:44:20.435+0000][6][safepoint    ] Safepoint "G1CollectForAllocation", Time since last: 346183000 ns, Reaching safepoint: 63900 ns, At safepoint: 40681219 ns, Total: 40745119 ns
[2020-08-13T13:44:21.759+0000][6][safepoint    ] Safepoint "Cleanup", Time since last: 1324371084 ns, Reaching safepoint: 207348 ns, At safepoint: 2795 ns, Total: 210143 ns
[2020-08-13T13:44:22.772+0000][6][safepoint    ] Safepoint "Cleanup", Time since last: 1009257702 ns, Reaching safepoint: 3396397 ns, At safepoint: 2866 ns, Total: 3399263 ns
[2020-08-13T13:44:22.801+0000][6][gc,start     ] GC(1) Pause Young (Normal) (G1 Evacuation Pause)
[2020-08-13T13:44:22.801+0000][6][gc,task      ] GC(1) Using 2 workers of 2 for evacuation
[2020-08-13T13:44:22.801+0000][6][gc,age       ] GC(1) Desired survivor size 2097152 bytes, new threshold 1 (max threshold 15)
[2020-08-13T13:44:22.831+0000][6][gc,age       ] GC(1) Age table with threshold 1 (max threshold 15)
[2020-08-13T13:44:22.831+0000][6][gc,age       ] GC(1) - age   1:    1828992 bytes,    1828992 total
[2020-08-13T13:44:22.831+0000][6][gc,phases    ] GC(1)   Pre Evacuate Collection Set: 0.1ms
[2020-08-13T13:44:22.831+0000][6][gc,phases    ] GC(1)   Merge Heap Roots: 0.0ms
[2020-08-13T13:44:22.831+0000][6][gc,phases    ] GC(1)   Evacuate Collection Set: 28.7ms
[2020-08-13T13:44:22.831+0000][6][gc,phases    ] GC(1)   Post Evacuate Collection Set: 1.0ms
[2020-08-13T13:44:22.831+0000][6][gc,phases    ] GC(1)   Other: 0.3ms
[2020-08-13T13:44:22.831+0000][6][gc,heap      ] GC(1) Eden regions: 22->0(26)
[2020-08-13T13:44:22.831+0000][6][gc,heap      ] GC(1) Survivor regions: 3->2(4)
[2020-08-13T13:44:22.831+0000][6][gc,heap      ] GC(1) Old regions: 0->3
[2020-08-13T13:44:22.831+0000][6][gc,heap      ] GC(1) Archive regions: 2->2
[2020-08-13T13:44:22.831+0000][6][gc,heap      ] GC(1) Humongous regions: 1->1
[2020-08-13T13:44:22.831+0000][6][gc,metaspace ] GC(1) Metaspace: 11514K(12160K)->11514K(12160K) NonClass: 10087K(10496K)->10087K(10496K) Class: 1426K(1664K)->1426K(1664K)
[2020-08-13T13:44:22.831+0000][6][gc           ] GC(1) Pause Young (Normal) (G1 Evacuation Pause) 26M->6M(512M) 30.165ms
[2020-08-13T13:44:22.831+0000][6][gc,cpu       ] GC(1) User=0.03s Sys=0.00s Real=0.03s
[2020-08-13T13:44:22.831+0000][6][safepoint    ] Safepoint "G1CollectForAllocation", Time since last: 28495619 ns, Reaching safepoint: 78016 ns, At safepoint: 30250765 ns, Total: 30328781 ns
[2020-08-13T13:44:23.874+0000][6][safepoint    ] Safepoint "Cleanup", Time since last: 1043171633 ns, Reaching safepoint: 178625 ns, At safepoint: 2524 ns, Total: 181149 ns
[2020-08-13T13:44:24.659+0000][6][gc,start     ] GC(2) Pause Young (Normal) (G1 Evacuation Pause)
[2020-08-13T13:44:24.659+0000][6][gc,task      ] GC(2) Using 2 workers of 2 for evacuation
[2020-08-13T13:44:24.659+0000][6][gc,age       ] GC(2) Desired survivor size 2097152 bytes, new threshold 15 (max threshold 15)
[2020-08-13T13:44:24.692+0000][6][gc,age       ] GC(2) Age table with threshold 15 (max threshold 15)
[2020-08-13T13:44:24.692+0000][6][gc,age       ] GC(2) - age   1:    1650528 bytes,    1650528 total
[2020-08-13T13:44:24.692+0000][6][gc,age       ] GC(2) - age   2:    1737432 bytes,    3387960 total
[2020-08-13T13:44:24.692+0000][6][gc,phases    ] GC(2)   Pre Evacuate Collection Set: 0.1ms
[2020-08-13T13:44:24.692+0000][6][gc,phases    ] GC(2)   Merge Heap Roots: 0.1ms
[2020-08-13T13:44:24.692+0000][6][gc,phases    ] GC(2)   Evacuate Collection Set: 28.0ms
[2020-08-13T13:44:24.692+0000][6][gc,phases    ] GC(2)   Post Evacuate Collection Set: 5.0ms
[2020-08-13T13:44:24.692+0000][6][gc,phases    ] GC(2)   Other: 0.3ms
[2020-08-13T13:44:24.692+0000][6][gc,heap      ] GC(2) Eden regions: 26->0(50)
[2020-08-13T13:44:24.692+0000][6][gc,heap      ] GC(2) Survivor regions: 2->4(4)
[2020-08-13T13:44:24.692+0000][6][gc,heap      ] GC(2) Old regions: 3->3
[2020-08-13T13:44:24.692+0000][6][gc,heap      ] GC(2) Archive regions: 2->2
[2020-08-13T13:44:24.692+0000][6][gc,heap      ] GC(2) Humongous regions: 1->1
[2020-08-13T13:44:24.692+0000][6][gc,metaspace ] GC(2) Metaspace: 13846K(14464K)->13846K(14464K) NonClass: 12170K(12544K)->12170K(12544K) Class: 1676K(1920K)->1676K(1920K)
[2020-08-13T13:44:24.692+0000][6][gc           ] GC(2) Pause Young (Normal) (G1 Evacuation Pause) 32M->7M(512M) 33.546ms
[2020-08-13T13:44:24.692+0000][6][gc,cpu       ] GC(2) User=0.02s Sys=0.00s Real=0.03s
[2020-08-13T13:44:24.692+0000][6][safepoint    ] Safepoint "G1CollectForAllocation", Time since last: 759075611 ns, Reaching safepoint: 25440740 ns, At safepoint: 33641392 ns, Total: 59082132 ns
[2020-08-13T13:44:24.699+0000][6][safepoint    ] Safepoint "BulkRevokeBias", Time since last: 6362550 ns, Reaching safepoint: 114664 ns, At safepoint: 38362 ns, Total: 153026 ns
[2020-08-13T13:44:25.804+0000][6][safepoint    ] Safepoint "Cleanup", Time since last: 1101510775 ns, Reaching safepoint: 3311419 ns, At safepoint: 5079 ns, Total: 3316498 ns
[2020-08-13T13:44:26.002+0000][6][gc,start     ] GC(3) Pause Young (Normal) (G1 Evacuation Pause)
[2020-08-13T13:44:26.002+0000][6][gc,task      ] GC(3) Using 2 workers of 2 for evacuation
[2020-08-13T13:44:26.002+0000][6][gc,age       ] GC(3) Desired survivor size 3670016 bytes, new threshold 15 (max threshold 15)
[2020-08-13T13:44:26.048+0000][6][gc,age       ] GC(3) Age table with threshold 15 (max threshold 15)
[2020-08-13T13:44:26.048+0000][6][gc,age       ] GC(3) - age   1:    2355872 bytes,    2355872 total
[2020-08-13T13:44:26.048+0000][6][gc,age       ] GC(3) - age   2:    1578288 bytes,    3934160 total
[2020-08-13T13:44:26.048+0000][6][gc,age       ] GC(3) - age   3:    1717352 bytes,    5651512 total
[2020-08-13T13:44:26.048+0000][6][gc,phases    ] GC(3)   Pre Evacuate Collection Set: 0.1ms
[2020-08-13T13:44:26.048+0000][6][gc,phases    ] GC(3)   Merge Heap Roots: 0.0ms
[2020-08-13T13:44:26.048+0000][6][gc,phases    ] GC(3)   Evacuate Collection Set: 44.5ms
[2020-08-13T13:44:26.048+0000][6][gc,phases    ] GC(3)   Post Evacuate Collection Set: 1.0ms
[2020-08-13T13:44:26.048+0000][6][gc,phases    ] GC(3)   Other: 0.3ms
[2020-08-13T13:44:26.048+0000][6][gc,heap      ] GC(3) Eden regions: 50->0(82)
[2020-08-13T13:44:26.048+0000][6][gc,heap      ] GC(3) Survivor regions: 4->6(7)
[2020-08-13T13:44:26.048+0000][6][gc,heap      ] GC(3) Old regions: 3->3
[2020-08-13T13:44:26.048+0000][6][gc,heap      ] GC(3) Archive regions: 2->2
[2020-08-13T13:44:26.048+0000][6][gc,heap      ] GC(3) Humongous regions: 2->1
[2020-08-13T13:44:26.048+0000][6][gc,metaspace ] GC(3) Metaspace: 15722K(16640K)->15722K(16640K) NonClass: 13780K(14336K)->13780K(14336K) Class: 1942K(2304K)->1942K(2304K)
[2020-08-13T13:44:26.048+0000][6][gc           ] GC(3) Pause Young (Normal) (G1 Evacuation Pause) 58M->10M(512M) 46.044ms
[2020-08-13T13:44:26.048+0000][6][gc,cpu       ] GC(3) User=0.02s Sys=0.00s Real=0.05s
[2020-08-13T13:44:26.048+0000][6][safepoint    ] Safepoint "G1CollectForAllocation", Time since last: 197889288 ns, Reaching safepoint: 214361 ns, At safepoint: 46144736 ns, Total: 46359097 ns
[2020-08-13T13:44:26.278+0000][6][safepoint    ] Safepoint "BulkRevokeBias", Time since last: 212714417 ns, Reaching safepoint: 16956009 ns, At safepoint: 81413 ns, Total: 17037422 ns
[2020-08-13T13:44:26.288+0000][6][safepoint    ] Safepoint "BulkRevokeBias", Time since last: 91120 ns, Reaching safepoint: 9835411 ns, At safepoint: 80180 ns, Total: 9915591 ns
[2020-08-13T13:44:27.305+0000][6][safepoint    ] Safepoint "Cleanup", Time since last: 1007280731 ns, Reaching safepoint: 9611631 ns, At safepoint: 8987 ns, Total: 9620618 ns
[2020-08-13T13:44:27.452+0000][6][gc,start     ] GC(4) Pause Young (Normal) (G1 Evacuation Pause)
[2020-08-13T13:44:27.452+0000][6][gc,task      ] GC(4) Using 2 workers of 2 for evacuation
[2020-08-13T13:44:27.452+0000][6][gc,age       ] GC(4) Desired survivor size 5767168 bytes, new threshold 15 (max threshold 15)
[2020-08-13T13:44:27.491+0000][6][gc,age       ] GC(4) Age table with threshold 15 (max threshold 15)
[2020-08-13T13:44:27.491+0000][6][gc,age       ] GC(4) - age   1:    1647440 bytes,    1647440 total
[2020-08-13T13:44:27.491+0000][6][gc,age       ] GC(4) - age   2:    1684344 bytes,    3331784 total
[2020-08-13T13:44:27.491+0000][6][gc,age       ] GC(4) - age   3:    1578248 bytes,    4910032 total
[2020-08-13T13:44:27.491+0000][6][gc,age       ] GC(4) - age   4:    1717256 bytes,    6627288 total
[2020-08-13T13:44:27.491+0000][6][gc,phases    ] GC(4)   Pre Evacuate Collection Set: 0.1ms
[2020-08-13T13:44:27.491+0000][6][gc,phases    ] GC(4)   Merge Heap Roots: 0.0ms
[2020-08-13T13:44:27.491+0000][6][gc,phases    ] GC(4)   Evacuate Collection Set: 37.5ms
[2020-08-13T13:44:27.491+0000][6][gc,phases    ] GC(4)   Post Evacuate Collection Set: 1.1ms
[2020-08-13T13:44:27.491+0000][6][gc,phases    ] GC(4)   Other: 0.3ms
[2020-08-13T13:44:27.491+0000][6][gc,heap      ] GC(4) Eden regions: 82->0(300)
[2020-08-13T13:44:27.491+0000][6][gc,heap      ] GC(4) Survivor regions: 6->7(11)
[2020-08-13T13:44:27.491+0000][6][gc,heap      ] GC(4) Old regions: 3->3
[2020-08-13T13:44:27.491+0000][6][gc,heap      ] GC(4) Archive regions: 2->2
[2020-08-13T13:44:27.491+0000][6][gc,heap      ] GC(4) Humongous regions: 1->1
[2020-08-13T13:44:27.491+0000][6][gc,metaspace ] GC(4) Metaspace: 17113K(18048K)->17113K(18048K) NonClass: 15005K(15616K)->15005K(15616K) Class: 2108K(2432K)->2108K(2432K)
[2020-08-13T13:44:27.491+0000][6][gc           ] GC(4) Pause Young (Normal) (G1 Evacuation Pause) 92M->11M(512M) 39.086ms
[2020-08-13T13:44:27.491+0000][6][gc,cpu       ] GC(4) User=0.02s Sys=0.00s Real=0.04s
[2020-08-13T13:44:27.491+0000][6][safepoint    ] Safepoint "G1CollectForAllocation", Time since last: 147334968 ns, Reaching safepoint: 82485 ns, At safepoint: 39172905 ns, Total: 39255390 ns
[2020-08-13T13:44:28.667+0000][6][safepoint    ] Safepoint "Cleanup", Time since last: 1165525721 ns, Reaching safepoint: 9948833 ns, At safepoint: 7684 ns, Total: 9956517 ns
[2020-08-13T13:44:29.653+0000][6][gc,start     ] GC(5) Pause Young (Normal) (G1 Evacuation Pause)
[2020-08-13T13:44:29.653+0000][6][gc,task      ] GC(5) Using 2 workers of 2 for evacuation
[2020-08-13T13:44:29.653+0000][6][gc,age       ] GC(5) Desired survivor size 20447232 bytes, new threshold 15 (max threshold 15)
[2020-08-13T13:44:29.721+0000][6][gc,age       ] GC(5) Age table with threshold 15 (max threshold 15)
[2020-08-13T13:44:29.721+0000][6][gc,age       ] GC(5) - age   1:    5237976 bytes,    5237976 total
[2020-08-13T13:44:29.721+0000][6][gc,age       ] GC(5) - age   2:    1591736 bytes,    6829712 total
[2020-08-13T13:44:29.721+0000][6][gc,age       ] GC(5) - age   3:    1683800 bytes,    8513512 total
[2020-08-13T13:44:29.721+0000][6][gc,age       ] GC(5) - age   4:    1578248 bytes,   10091760 total
[2020-08-13T13:44:29.721+0000][6][gc,age       ] GC(5) - age   5:    1717256 bytes,   11809016 total
[2020-08-13T13:44:29.721+0000][6][gc,phases    ] GC(5)   Pre Evacuate Collection Set: 0.1ms
[2020-08-13T13:44:29.721+0000][6][gc,phases    ] GC(5)   Merge Heap Roots: 0.1ms
[2020-08-13T13:44:29.721+0000][6][gc,phases    ] GC(5)   Evacuate Collection Set: 66.7ms
[2020-08-13T13:44:29.721+0000][6][gc,phases    ] GC(5)   Post Evacuate Collection Set: 1.5ms
[2020-08-13T13:44:29.721+0000][6][gc,phases    ] GC(5)   Other: 0.3ms
[2020-08-13T13:44:29.721+0000][6][gc,heap      ] GC(5) Eden regions: 300->0(295)
[2020-08-13T13:44:29.721+0000][6][gc,heap      ] GC(5) Survivor regions: 7->12(39)
[2020-08-13T13:44:29.721+0000][6][gc,heap      ] GC(5) Old regions: 3->3
[2020-08-13T13:44:29.721+0000][6][gc,heap      ] GC(5) Archive regions: 2->2
[2020-08-13T13:44:29.721+0000][6][gc,heap      ] GC(5) Humongous regions: 1->1
[2020-08-13T13:44:29.721+0000][6][gc,metaspace ] GC(5) Metaspace: 17993K(19200K)->17993K(19200K) NonClass: 15768K(16640K)->15768K(16640K) Class: 2224K(2560K)->2224K(2560K)
[2020-08-13T13:44:29.721+0000][6][gc           ] GC(5) Pause Young (Normal) (G1 Evacuation Pause) 311M->16M(512M) 68.717ms
[2020-08-13T13:44:29.721+0000][6][gc,cpu       ] GC(5) User=0.04s Sys=0.00s Real=0.07s
[2020-08-13T13:44:29.721+0000][6][safepoint    ] Safepoint "G1CollectForAllocation", Time since last: 985773743 ns, Reaching safepoint: 130164 ns, At safepoint: 68790555 ns, Total: 68920719 ns
[2020-08-13T13:44:29.726+0000][6][safepoint    ] Safepoint "BulkRevokeBias", Time since last: 1269516 ns, Reaching safepoint: 2965592 ns, At safepoint: 93164 ns, Total: 3058756 ns
[2020-08-13T13:44:29.792+0000][6][safepoint    ] Safepoint "BulkRevokeBias", Time since last: 66407966 ns, Reaching safepoint: 67195 ns, At safepoint: 74389 ns, Total: 141584 ns
[2020-08-13T13:44:29.792+0000][6][safepoint    ] Safepoint "BulkRevokeBias", Time since last: 71254 ns, Reaching safepoint: 19897 ns, At safepoint: 63008 ns, Total: 82905 ns
[2020-08-13T13:44:30.796+0000][6][safepoint    ] Safepoint "Cleanup", Time since last: 1002145569 ns, Reaching safepoint: 951351 ns, At safepoint: 3917 ns, Total: 955268 ns
[2020-08-13T13:44:31.633+0000][6][gc,start     ] GC(6) Pause Young (Normal) (G1 Evacuation Pause)
[2020-08-13T13:44:31.633+0000][6][gc,task      ] GC(6) Using 2 workers of 2 for evacuation
[2020-08-13T13:44:31.634+0000][6][gc,age       ] GC(6) Desired survivor size 20447232 bytes, new threshold 15 (max threshold 15)
[2020-08-13T13:44:31.714+0000][6][gc,age       ] GC(6) Age table with threshold 15 (max threshold 15)
[2020-08-13T13:44:31.714+0000][6][gc,age       ] GC(6) - age   1:    3335064 bytes,    3335064 total
[2020-08-13T13:44:31.714+0000][6][gc,age       ] GC(6) - age   2:    3480672 bytes,    6815736 total
[2020-08-13T13:44:31.714+0000][6][gc,age       ] GC(6) - age   3:    1587376 bytes,    8403112 total
[2020-08-13T13:44:31.714+0000][6][gc,age       ] GC(6) - age   4:    1682728 bytes,   10085840 total
[2020-08-13T13:44:31.714+0000][6][gc,age       ] GC(6) - age   5:    1578040 bytes,   11663880 total
[2020-08-13T13:44:31.714+0000][6][gc,age       ] GC(6) - age   6:    1717000 bytes,   13380880 total
[2020-08-13T13:44:31.715+0000][6][gc,phases    ] GC(6)   Pre Evacuate Collection Set: 0.1ms
[2020-08-13T13:44:31.715+0000][6][gc,phases    ] GC(6)   Merge Heap Roots: 0.1ms
[2020-08-13T13:44:31.715+0000][6][gc,phases    ] GC(6)   Evacuate Collection Set: 78.9ms
[2020-08-13T13:44:31.715+0000][6][gc,phases    ] GC(6)   Post Evacuate Collection Set: 1.7ms
[2020-08-13T13:44:31.715+0000][6][gc,phases    ] GC(6)   Other: 0.3ms
[2020-08-13T13:44:31.715+0000][6][gc,heap      ] GC(6) Eden regions: 295->0(293)
[2020-08-13T13:44:31.715+0000][6][gc,heap      ] GC(6) Survivor regions: 12->14(39)
[2020-08-13T13:44:31.715+0000][6][gc,heap      ] GC(6) Old regions: 3->3
[2020-08-13T13:44:31.715+0000][6][gc,heap      ] GC(6) Archive regions: 2->2
[2020-08-13T13:44:31.715+0000][6][gc,heap      ] GC(6) Humongous regions: 1->1
[2020-08-13T13:44:31.715+0000][6][gc,metaspace ] GC(6) Metaspace: 19456K(20992K)->19456K(20992K) NonClass: 17053K(18176K)->17053K(18176K) Class: 2402K(2816K)->2402K(2816K)
[2020-08-13T13:44:31.715+0000][6][gc           ] GC(6) Pause Young (Normal) (G1 Evacuation Pause) 311M->17M(512M) 81.219ms
[2020-08-13T13:44:31.715+0000][6][gc,cpu       ] GC(6) User=0.03s Sys=0.00s Real=0.08s
[2020-08-13T13:44:31.715+0000][6][safepoint    ] Safepoint "G1CollectForAllocation", Time since last: 837706845 ns, Reaching safepoint: 108434 ns, At safepoint: 81303237 ns, Total: 81411671 ns
[2020-08-13T13:44:32.738+0000][6][safepoint    ] Safepoint "Cleanup", Time since last: 1017929934 ns, Reaching safepoint: 5542535 ns, At safepoint: 5350 ns, Total: 5547885 ns
[2020-08-13T13:44:32.838+0000][6][gc,start     ] GC(7) Pause Young (Concurrent Start) (Metadata GC Threshold)
[2020-08-13T13:44:32.838+0000][6][gc,task      ] GC(7) Using 2 workers of 2 for evacuation
[2020-08-13T13:44:32.838+0000][6][gc,age       ] GC(7) Desired survivor size 20447232 bytes, new threshold 15 (max threshold 15)
[2020-08-13T13:44:32.887+0000][6][gc,age       ] GC(7) Age table with threshold 15 (max threshold 15)
[2020-08-13T13:44:32.887+0000][6][gc,age       ] GC(7) - age   1:     804088 bytes,     804088 total
[2020-08-13T13:44:32.887+0000][6][gc,age       ] GC(7) - age   2:    3059984 bytes,    3864072 total
[2020-08-13T13:44:32.887+0000][6][gc,age       ] GC(7) - age   3:    3479632 bytes,    7343704 total
[2020-08-13T13:44:32.887+0000][6][gc,age       ] GC(7) - age   4:    1587376 bytes,    8931080 total
[2020-08-13T13:44:32.887+0000][6][gc,age       ] GC(7) - age   5:    1682728 bytes,   10613808 total
[2020-08-13T13:44:32.887+0000][6][gc,age       ] GC(7) - age   6:    1578040 bytes,   12191848 total
[2020-08-13T13:44:32.887+0000][6][gc,age       ] GC(7) - age   7:    1717000 bytes,   13908848 total
[2020-08-13T13:44:32.887+0000][6][gc,phases    ] GC(7)   Pre Evacuate Collection Set: 0.2ms
[2020-08-13T13:44:32.887+0000][6][gc,phases    ] GC(7)   Merge Heap Roots: 0.1ms
[2020-08-13T13:44:32.887+0000][6][gc,phases    ] GC(7)   Evacuate Collection Set: 46.1ms
[2020-08-13T13:44:32.887+0000][6][gc,phases    ] GC(7)   Post Evacuate Collection Set: 2.0ms
[2020-08-13T13:44:32.887+0000][6][gc,phases    ] GC(7)   Other: 0.4ms
[2020-08-13T13:44:32.887+0000][6][gc,heap      ] GC(7) Eden regions: 237->0(293)
[2020-08-13T13:44:32.887+0000][6][gc,heap      ] GC(7) Survivor regions: 14->14(39)
[2020-08-13T13:44:32.887+0000][6][gc,heap      ] GC(7) Old regions: 3->3
[2020-08-13T13:44:32.887+0000][6][gc,heap      ] GC(7) Archive regions: 2->2
[2020-08-13T13:44:32.887+0000][6][gc,heap      ] GC(7) Humongous regions: 1->1
[2020-08-13T13:44:32.887+0000][6][gc,metaspace ] GC(7) Metaspace: 19790K(21296K)->19790K(21296K) NonClass: 17330K(18432K)->17330K(18432K) Class: 2460K(2864K)->2460K(2864K)
[2020-08-13T13:44:32.887+0000][6][gc           ] GC(7) Pause Young (Concurrent Start) (Metadata GC Threshold) 254M->18M(512M) 48.958ms
[2020-08-13T13:44:32.887+0000][6][gc,cpu       ] GC(7) User=0.02s Sys=0.00s Real=0.05s
[2020-08-13T13:44:32.887+0000][6][safepoint    ] Safepoint "CollectForMetadataAllocation", Time since last: 99904325 ns, Reaching safepoint: 84619 ns, At safepoint: 49271518 ns, Total: 49356137 ns
[2020-08-13T13:44:32.887+0000][6][gc           ] GC(8) Concurrent Cycle
[2020-08-13T13:44:32.888+0000][6][gc,marking   ] GC(8) Concurrent Clear Claimed Marks
[2020-08-13T13:44:32.888+0000][6][gc,marking   ] GC(8) Concurrent Clear Claimed Marks 0.139ms
[2020-08-13T13:44:32.888+0000][6][gc,marking   ] GC(8) Concurrent Scan Root Regions
[2020-08-13T13:44:32.893+0000][6][safepoint    ] Safepoint "CollectForMetadataAllocation", Time since last: 355045 ns, Reaching safepoint: 4895895 ns, At safepoint: 15849 ns, Total: 4911744 ns
[2020-08-13T13:44:32.894+0000][6][gc,marking   ] GC(8) Concurrent Scan Root Regions 6.764ms
[2020-08-13T13:44:32.894+0000][6][gc,marking   ] GC(8) Concurrent Mark (14.594s)
[2020-08-13T13:44:32.894+0000][6][gc,marking   ] GC(8) Concurrent Mark From Roots
[2020-08-13T13:44:32.894+0000][6][gc,task      ] GC(8) Using 1 workers of 1 for marking
[2020-08-13T13:44:32.922+0000][6][gc,marking   ] GC(8) Concurrent Mark From Roots 27.682ms
[2020-08-13T13:44:32.922+0000][6][gc,marking   ] GC(8) Concurrent Preclean
[2020-08-13T13:44:32.922+0000][6][gc,marking   ] GC(8) Concurrent Preclean 0.046ms
[2020-08-13T13:44:32.922+0000][6][gc,marking   ] GC(8) Concurrent Mark (14.594s, 14.622s) 27.804ms
[2020-08-13T13:44:32.923+0000][6][gc,start     ] GC(8) Pause Remark
[2020-08-13T13:44:32.960+0000][6][gc           ] GC(8) Pause Remark 27M->27M(512M) 37.218ms
[2020-08-13T13:44:32.960+0000][6][gc,cpu       ] GC(8) User=0.01s Sys=0.00s Real=0.04s
[2020-08-13T13:44:32.960+0000][6][safepoint    ] Safepoint "G1Concurrent", Time since last: 29576723 ns, Reaching safepoint: 672108 ns, At safepoint: 37318785 ns, Total: 37990893 ns
[2020-08-13T13:44:32.960+0000][6][gc,marking   ] GC(8) Concurrent Rebuild Remembered Sets
[2020-08-13T13:44:32.967+0000][6][gc,marking   ] GC(8) Concurrent Rebuild Remembered Sets 6.495ms
[2020-08-13T13:44:32.971+0000][6][gc,start     ] GC(8) Pause Cleanup
[2020-08-13T13:44:32.972+0000][6][gc           ] GC(8) Pause Cleanup 31M->31M(512M) 0.184ms
[2020-08-13T13:44:32.972+0000][6][gc,cpu       ] GC(8) User=0.00s Sys=0.00s Real=0.00s
[2020-08-13T13:44:32.972+0000][6][safepoint    ] Safepoint "G1Concurrent", Time since last: 6591748 ns, Reaching safepoint: 4573632 ns, At safepoint: 231633 ns, Total: 4805265 ns
[2020-08-13T13:44:32.972+0000][6][gc,marking   ] GC(8) Concurrent Cleanup for Next Mark
[2020-08-13T13:44:32.973+0000][6][gc,marking   ] GC(8) Concurrent Cleanup for Next Mark 1.167ms
[2020-08-13T13:44:32.973+0000][6][gc           ] GC(8) Concurrent Cycle 85.404ms
[2020-08-13T13:44:34.081+0000][6][safepoint    ] Safepoint "Cleanup", Time since last: 1102195767 ns, Reaching safepoint: 6909544 ns, At safepoint: 6553 ns, Total: 6916097 ns
[2020-08-13T13:44:35.245+0000][6][safepoint    ] Safepoint "Cleanup", Time since last: 1163718297 ns, Reaching safepoint: 520594 ns, At safepoint: 4148 ns, Total: 524742 ns
[2020-08-13T13:44:36.506+0000][6][safepoint    ] Safepoint "Cleanup", Time since last: 1256597423 ns, Reaching safepoint: 4565566 ns, At safepoint: 8787 ns, Total: 4574353 ns
[2020-08-13T13:44:37.514+0000][6][safepoint    ] Safepoint "Cleanup", Time since last: 1007423768 ns, Reaching safepoint: 219000 ns, At safepoint: 4488 ns, Total: 223488 ns
[2020-08-13T13:44:38.528+0000][6][safepoint    ] Safepoint "Cleanup", Time since last: 1001146639 ns, Reaching safepoint: 12761528 ns, At safepoint: 7695 ns, Total: 12769223 ns
[2020-08-13T13:44:38.782+0000][6][gc,start     ] GC(9) Pause Young (Normal) (G1 Evacuation Pause)
[2020-08-13T13:44:38.782+0000][6][gc,task      ] GC(9) Using 2 workers of 2 for evacuation
[2020-08-13T13:44:38.782+0000][6][gc,age       ] GC(9) Desired survivor size 20447232 bytes, new threshold 15 (max threshold 15)
[2020-08-13T13:44:38.952+0000][6][gc,age       ] GC(9) Age table with threshold 15 (max threshold 15)
[2020-08-13T13:44:38.952+0000][6][gc,age       ] GC(9) - age   1:   14320264 bytes,   14320264 total
[2020-08-13T13:44:38.952+0000][6][gc,age       ] GC(9) - age   2:     763048 bytes,   15083312 total
[2020-08-13T13:44:38.952+0000][6][gc,age       ] GC(9) - age   3:    3037720 bytes,   18121032 total
[2020-08-13T13:44:38.952+0000][6][gc,age       ] GC(9) - age   4:    3455096 bytes,   21576128 total
[2020-08-13T13:44:38.952+0000][6][gc,age       ] GC(9) - age   5:    1582288 bytes,   23158416 total
[2020-08-13T13:44:38.952+0000][6][gc,age       ] GC(9) - age   6:    1641040 bytes,   24799456 total
[2020-08-13T13:44:38.952+0000][6][gc,age       ] GC(9) - age   7:    1552680 bytes,   26352136 total
[2020-08-13T13:44:38.952+0000][6][gc,age       ] GC(9) - age   8:    1703232 bytes,   28055368 total
[2020-08-13T13:44:38.952+0000][6][gc,phases    ] GC(9)   Pre Evacuate Collection Set: 0.1ms
[2020-08-13T13:44:38.952+0000][6][gc,phases    ] GC(9)   Merge Heap Roots: 0.1ms
[2020-08-13T13:44:38.952+0000][6][gc,phases    ] GC(9)   Evacuate Collection Set: 107.8ms
[2020-08-13T13:44:38.952+0000][6][gc,phases    ] GC(9)   Post Evacuate Collection Set: 62.1ms
[2020-08-13T13:44:38.952+0000][6][gc,phases    ] GC(9)   Other: 0.4ms
[2020-08-13T13:44:38.952+0000][6][gc,heap      ] GC(9) Eden regions: 293->0(279)
[2020-08-13T13:44:38.952+0000][6][gc,heap      ] GC(9) Survivor regions: 14->28(39)
[2020-08-13T13:44:38.952+0000][6][gc,heap      ] GC(9) Old regions: 3->3
[2020-08-13T13:44:38.952+0000][6][gc,heap      ] GC(9) Archive regions: 2->2
[2020-08-13T13:44:38.952+0000][6][gc,heap      ] GC(9) Humongous regions: 1->1
[2020-08-13T13:44:38.952+0000][6][gc,metaspace ] GC(9) Metaspace: 28135K(30768K)->28135K(30768K) NonClass: 24531K(26368K)->24531K(26368K) Class: 3603K(4400K)->3603K(4400K)
[2020-08-13T13:44:38.952+0000][6][gc           ] GC(9) Pause Young (Normal) (G1 Evacuation Pause) 311M->31M(512M) 170.502ms
[2020-08-13T13:44:38.952+0000][6][gc,cpu       ] GC(9) User=0.07s Sys=0.00s Real=0.17s
[2020-08-13T13:44:38.952+0000][6][safepoint    ] Safepoint "G1CollectForAllocation", Time since last: 242828627 ns, Reaching safepoint: 11149520 ns, At safepoint: 170614353 ns, Total: 181763873 ns
[2020-08-13T13:44:40.498+0000][6][safepoint    ] Safepoint "Cleanup", Time since last: 1541314138 ns, Reaching safepoint: 4125703 ns, At safepoint: 9087 ns, Total: 4134790 ns
[2020-08-13T13:44:42.520+0000][6][safepoint    ] Safepoint "Cleanup", Time since last: 2010856146 ns, Reaching safepoint: 11093816 ns, At safepoint: 7364 ns, Total: 11101180 ns
[2020-08-13T13:44:44.044+0000][6][gc,start     ] GC(10) Pause Young (Concurrent Start) (Metadata GC Threshold)
[2020-08-13T13:44:44.044+0000][6][gc,task      ] GC(10) Using 2 workers of 2 for evacuation
[2020-08-13T13:44:44.044+0000][6][gc,age       ] GC(10) Desired survivor size 20447232 bytes, new threshold 4 (max threshold 15)
[2020-08-13T13:44:44.278+0000][6][gc,age       ] GC(10) Age table with threshold 4 (max threshold 15)
[2020-08-13T13:44:44.278+0000][6][gc,age       ] GC(10) - age   1:   15552776 bytes,   15552776 total
[2020-08-13T13:44:44.278+0000][6][gc,age       ] GC(10) - age   2:   13970856 bytes,   29523632 total
[2020-08-13T13:44:44.278+0000][6][gc,age       ] GC(10) - age   3:     763016 bytes,   30286648 total
[2020-08-13T13:44:44.278+0000][6][gc,age       ] GC(10) - age   4:    3031480 bytes,   33318128 total
[2020-08-13T13:44:44.278+0000][6][gc,mmu       ] GC(10) MMU target violated: 201.0ms (200.0ms/201.0ms)
[2020-08-13T13:44:44.278+0000][6][gc,phases    ] GC(10)   Pre Evacuate Collection Set: 0.4ms
[2020-08-13T13:44:44.278+0000][6][gc,phases    ] GC(10)   Merge Heap Roots: 0.1ms
[2020-08-13T13:44:44.278+0000][6][gc,phases    ] GC(10)   Evacuate Collection Set: 229.9ms
[2020-08-13T13:44:44.278+0000][6][gc,phases    ] GC(10)   Post Evacuate Collection Set: 3.2ms
[2020-08-13T13:44:44.278+0000][6][gc,phases    ] GC(10)   Other: 0.3ms
[2020-08-13T13:44:44.278+0000][6][gc,heap      ] GC(10) Eden regions: 155->0(1)
[2020-08-13T13:44:44.278+0000][6][gc,heap      ] GC(10) Survivor regions: 28->32(39)
[2020-08-13T13:44:44.278+0000][6][gc,heap      ] GC(10) Old regions: 3->13
[2020-08-13T13:44:44.278+0000][6][gc,heap      ] GC(10) Archive regions: 2->2
[2020-08-13T13:44:44.278+0000][6][gc,heap      ] GC(10) Humongous regions: 1->1
[2020-08-13T13:44:44.278+0000][6][gc,metaspace ] GC(10) Metaspace: 32740K(35920K)->32740K(35920K) NonClass: 28424K(30624K)->28424K(30624K) Class: 4316K(5296K)->4316K(5296K)
[2020-08-13T13:44:44.278+0000][6][gc           ] GC(10) Pause Young (Concurrent Start) (Metadata GC Threshold) 186M->46M(512M) 233.964ms
[2020-08-13T13:44:44.278+0000][6][gc,cpu       ] GC(10) User=0.15s Sys=0.00s Real=0.24s
[2020-08-13T13:44:44.278+0000][6][safepoint    ] Safepoint "CollectForMetadataAllocation", Time since last: 1524275343 ns, Reaching safepoint: 198843 ns, At safepoint: 234182222 ns, Total: 234381065 ns
[2020-08-13T13:44:44.278+0000][6][gc           ] GC(11) Concurrent Cycle
[2020-08-13T13:44:44.278+0000][6][gc,marking   ] GC(11) Concurrent Clear Claimed Marks
[2020-08-13T13:44:44.279+0000][6][gc,marking   ] GC(11) Concurrent Clear Claimed Marks 0.341ms
[2020-08-13T13:44:44.279+0000][6][gc,marking   ] GC(11) Concurrent Scan Root Regions
[2020-08-13T13:44:44.401+0000][6][gc,marking   ] GC(11) Concurrent Scan Root Regions 122.542ms
[2020-08-13T13:44:44.401+0000][6][gc,marking   ] GC(11) Concurrent Mark (26.101s)
[2020-08-13T13:44:44.401+0000][6][gc,marking   ] GC(11) Concurrent Mark From Roots
[2020-08-13T13:44:44.401+0000][6][gc,task      ] GC(11) Using 1 workers of 1 for marking
[2020-08-13T13:44:44.402+0000][6][gc,start     ] GC(12) Pause Young (Normal) (G1 Evacuation Pause)
[2020-08-13T13:44:44.402+0000][6][gc,task      ] GC(12) Using 2 workers of 2 for evacuation
[2020-08-13T13:44:44.402+0000][6][gc,age       ] GC(12) Desired survivor size 2621440 bytes, new threshold 1 (max threshold 15)
[2020-08-13T13:44:44.575+0000][6][gc,age       ] GC(12) Age table with threshold 1 (max threshold 15)
[2020-08-13T13:44:44.575+0000][6][gc,age       ] GC(12) - age   1:      33472 bytes,      33472 total
[2020-08-13T13:44:44.575+0000][6][gc,phases    ] GC(12)   Pre Evacuate Collection Set: 63.9ms
[2020-08-13T13:44:44.575+0000][6][gc,phases    ] GC(12)   Merge Heap Roots: 0.1ms
[2020-08-13T13:44:44.575+0000][6][gc,phases    ] GC(12)   Evacuate Collection Set: 170.9ms
[2020-08-13T13:44:44.575+0000][6][gc,phases    ] GC(12)   Post Evacuate Collection Set: 1.9ms
[2020-08-13T13:44:44.575+0000][6][gc,phases    ] GC(12)   Other: 0.2ms
[2020-08-13T13:44:44.575+0000][6][gc,heap      ] GC(12) Eden regions: 1->0(302)
[2020-08-13T13:44:44.575+0000][6][gc,heap      ] GC(12) Survivor regions: 32->1(5)
[2020-08-13T13:44:44.575+0000][6][gc,heap      ] GC(12) Old regions: 13->45
[2020-08-13T13:44:44.575+0000][6][gc,heap      ] GC(12) Archive regions: 2->2
[2020-08-13T13:44:44.575+0000][6][gc,heap      ] GC(12) Humongous regions: 1->1
[2020-08-13T13:44:44.575+0000][6][gc,metaspace ] GC(12) Metaspace: 32916K(36176K)->32916K(36176K) NonClass: 28578K(30880K)->28578K(30880K) Class: 4337K(5296K)->4337K(5296K)
[2020-08-13T13:44:44.575+0000][6][gc           ] GC(12) Pause Young (Normal) (G1 Evacuation Pause) 47M->47M(512M) 173.310ms
[2020-08-13T13:44:44.575+0000][6][gc,cpu       ] GC(12) User=0.11s Sys=0.00s Real=0.17s
[2020-08-13T13:44:44.575+0000][6][safepoint    ] Safepoint "G1CollectForAllocation", Time since last: 59154768 ns, Reaching safepoint: 91342 ns, At safepoint: 237189841 ns, Total: 237281183 ns
[2020-08-13T13:44:44.595+0000][6][gc,marking   ] GC(11) Concurrent Mark From Roots 193.900ms
[2020-08-13T13:44:44.595+0000][6][gc,marking   ] GC(11) Concurrent Preclean
[2020-08-13T13:44:44.595+0000][6][gc,marking   ] GC(11) Concurrent Preclean 0.056ms
[2020-08-13T13:44:44.595+0000][6][gc,marking   ] GC(11) Concurrent Mark (26.101s, 26.295s) 194.047ms
[2020-08-13T13:44:44.596+0000][6][gc,start     ] GC(11) Pause Remark
[2020-08-13T13:44:44.616+0000][6][gc           ] GC(11) Pause Remark 48M->48M(512M) 20.531ms
[2020-08-13T13:44:44.616+0000][6][gc,cpu       ] GC(11) User=0.01s Sys=0.00s Real=0.02s
[2020-08-13T13:44:44.616+0000][6][safepoint    ] Safepoint "G1Concurrent", Time since last: 20658039 ns, Reaching safepoint: 216946 ns, At safepoint: 20649242 ns, Total: 20866188 ns
[2020-08-13T13:44:44.616+0000][6][gc,marking   ] GC(11) Concurrent Rebuild Remembered Sets
[2020-08-13T13:44:44.792+0000][6][gc,marking   ] GC(11) Concurrent Rebuild Remembered Sets 175.079ms
[2020-08-13T13:44:44.792+0000][6][gc,start     ] GC(11) Pause Cleanup
[2020-08-13T13:44:44.793+0000][6][gc           ] GC(11) Pause Cleanup 52M->52M(512M) 0.156ms
[2020-08-13T13:44:44.793+0000][6][gc,cpu       ] GC(11) User=0.00s Sys=0.00s Real=0.00s
[2020-08-13T13:44:44.793+0000][6][safepoint    ] Safepoint "G1Concurrent", Time since last: 175217139 ns, Reaching safepoint: 746066 ns, At safepoint: 193824 ns, Total: 939890 ns
[2020-08-13T13:44:44.793+0000][6][gc,marking   ] GC(11) Concurrent Cleanup for Next Mark
[2020-08-13T13:44:44.794+0000][6][gc,marking   ] GC(11) Concurrent Cleanup for Next Mark 1.292ms
[2020-08-13T13:44:44.794+0000][6][gc           ] GC(11) Concurrent Cycle 515.427ms
[2020-08-13T13:44:45.798+0000][6][safepoint    ] Safepoint "Cleanup", Time since last: 1000092655 ns, Reaching safepoint: 5247563 ns, At safepoint: 7915 ns, Total: 5255478 ns
[2020-08-13T13:44:46.805+0000][6][safepoint    ] Safepoint "Cleanup", Time since last: 1002742637 ns, Reaching safepoint: 4169154 ns, At safepoint: 3957 ns, Total: 4173111 ns
[2020-08-13T13:44:47.944+0000][6][safepoint    ] Safepoint "Cleanup", Time since last: 1122927494 ns, Reaching safepoint: 16065812 ns, At safepoint: 8557 ns, Total: 16074369 ns
[2020-08-13T13:44:48.957+0000][6][safepoint    ] Safepoint "Cleanup", Time since last: 1006826600 ns, Reaching safepoint: 6153940 ns, At safepoint: 5941 ns, Total: 6159881 ns
[2020-08-13T13:44:50.660+0000][6][safepoint    ] Safepoint "Cleanup", Time since last: 1702897596 ns, Reaching safepoint: 284533 ns, At safepoint: 3236 ns, Total: 287769 ns
[2020-08-13T13:44:51.445+0000][6][gc,start     ] GC(13) Pause Young (Normal) (G1 Evacuation Pause)
[2020-08-13T13:44:51.445+0000][6][gc,task      ] GC(13) Using 2 workers of 2 for evacuation
[2020-08-13T13:44:51.445+0000][6][gc,age       ] GC(13) Desired survivor size 19922944 bytes, new threshold 15 (max threshold 15)
[2020-08-13T13:44:51.513+0000][6][gc,age       ] GC(13) Age table with threshold 15 (max threshold 15)
[2020-08-13T13:44:51.514+0000][6][gc,age       ] GC(13) - age   1:    7646736 bytes,    7646736 total
[2020-08-13T13:44:51.514+0000][6][gc,age       ] GC(13) - age   2:      26776 bytes,    7673512 total
[2020-08-13T13:44:51.516+0000][6][gc,phases    ] GC(13)   Pre Evacuate Collection Set: 0.1ms
[2020-08-13T13:44:51.516+0000][6][gc,phases    ] GC(13)   Merge Heap Roots: 0.3ms
[2020-08-13T13:44:51.516+0000][6][gc,phases    ] GC(13)   Evacuate Collection Set: 62.3ms
[2020-08-13T13:44:51.516+0000][6][gc,phases    ] GC(13)   Post Evacuate Collection Set: 5.9ms
[2020-08-13T13:44:51.516+0000][6][gc,phases    ] GC(13)   Other: 2.2ms
[2020-08-13T13:44:51.516+0000][6][gc,heap      ] GC(13) Eden regions: 302->0(296)
[2020-08-13T13:44:51.516+0000][6][gc,heap      ] GC(13) Survivor regions: 1->8(38)
[2020-08-13T13:44:51.516+0000][6][gc,heap      ] GC(13) Old regions: 45->45
[2020-08-13T13:44:51.516+0000][6][gc,heap      ] GC(13) Archive regions: 2->2
[2020-08-13T13:44:51.516+0000][6][gc,heap      ] GC(13) Humongous regions: 1->1
[2020-08-13T13:44:51.516+0000][6][gc,metaspace ] GC(13) Metaspace: 53703K(58908K)->53703K(58908K) NonClass: 46215K(49312K)->46215K(49312K) Class: 7487K(9596K)->7487K(9596K)
[2020-08-13T13:44:51.516+0000][6][gc           ] GC(13) Pause Young (Normal) (G1 Evacuation Pause) 349M->54M(512M) 70.917ms
[2020-08-13T13:44:51.516+0000][6][gc,cpu       ] GC(13) User=0.03s Sys=0.00s Real=0.08s
[2020-08-13T13:44:51.516+0000][6][safepoint    ] Safepoint "G1CollectForAllocation", Time since last: 783653356 ns, Reaching safepoint: 1078148 ns, At safepoint: 71007384 ns, Total: 72085532 ns
[2020-08-13T13:44:52.028+0000][6][gc,start     ] GC(14) Pause Young (Concurrent Start) (Metadata GC Threshold)
[2020-08-13T13:44:52.029+0000][6][gc,task      ] GC(14) Using 2 workers of 2 for evacuation
[2020-08-13T13:44:52.029+0000][6][gc,age       ] GC(14) Desired survivor size 19922944 bytes, new threshold 15 (max threshold 15)
[2020-08-13T13:44:52.075+0000][6][gc,age       ] GC(14) Age table with threshold 15 (max threshold 15)
[2020-08-13T13:44:52.075+0000][6][gc,age       ] GC(14) - age   1:     270240 bytes,     270240 total
[2020-08-13T13:44:52.075+0000][6][gc,age       ] GC(14) - age   2:    7478928 bytes,    7749168 total
[2020-08-13T13:44:52.075+0000][6][gc,age       ] GC(14) - age   3:      26776 bytes,    7775944 total
[2020-08-13T13:44:52.075+0000][6][gc,phases    ] GC(14)   Pre Evacuate Collection Set: 0.8ms
[2020-08-13T13:44:52.075+0000][6][gc,phases    ] GC(14)   Merge Heap Roots: 0.1ms
[2020-08-13T13:44:52.075+0000][6][gc,phases    ] GC(14)   Evacuate Collection Set: 44.3ms
[2020-08-13T13:44:52.076+0000][6][gc,phases    ] GC(14)   Post Evacuate Collection Set: 1.5ms
[2020-08-13T13:44:52.076+0000][6][gc,phases    ] GC(14)   Other: 0.4ms
[2020-08-13T13:44:52.076+0000][6][gc,heap      ] GC(14) Eden regions: 16->0(298)
[2020-08-13T13:44:52.076+0000][6][gc,heap      ] GC(14) Survivor regions: 8->8(38)
[2020-08-13T13:44:52.076+0000][6][gc,heap      ] GC(14) Old regions: 45->45
[2020-08-13T13:44:52.076+0000][6][gc,heap      ] GC(14) Archive regions: 2->2
[2020-08-13T13:44:52.076+0000][6][gc,heap      ] GC(14) Humongous regions: 1->1
[2020-08-13T13:44:52.076+0000][6][gc,metaspace ] GC(14) Metaspace: 55315K(60316K)->55315K(60316K) NonClass: 47608K(50592K)->47608K(50592K) Class: 7706K(9724K)->7706K(9724K)
[2020-08-13T13:44:52.076+0000][6][gc           ] GC(14) Pause Young (Concurrent Start) (Metadata GC Threshold) 69M->54M(512M) 47.155ms
[2020-08-13T13:44:52.076+0000][6][gc,cpu       ] GC(14) User=0.03s Sys=0.00s Real=0.05s
[2020-08-13T13:44:52.076+0000][6][safepoint    ] Safepoint "CollectForMetadataAllocation", Time since last: 512595880 ns, Reaching safepoint: 141264 ns, At safepoint: 47340254 ns, Total: 47481518 ns
[2020-08-13T13:44:52.076+0000][6][gc           ] GC(15) Concurrent Cycle
[2020-08-13T13:44:52.076+0000][6][gc,marking   ] GC(15) Concurrent Clear Claimed Marks
[2020-08-13T13:44:52.077+0000][6][gc,marking   ] GC(15) Concurrent Clear Claimed Marks 0.690ms
[2020-08-13T13:44:52.077+0000][6][gc,marking   ] GC(15) Concurrent Scan Root Regions
[2020-08-13T13:44:52.131+0000][6][gc,marking   ] GC(15) Concurrent Scan Root Regions 54.123ms
[2020-08-13T13:44:52.131+0000][6][gc,marking   ] GC(15) Concurrent Mark (33.830s)
[2020-08-13T13:44:52.131+0000][6][gc,marking   ] GC(15) Concurrent Mark From Roots
[2020-08-13T13:44:52.131+0000][6][gc,task      ] GC(15) Using 1 workers of 1 for marking
[2020-08-13T13:44:52.248+0000][6][safepoint    ] Safepoint "CollectForMetadataAllocation", Time since last: 167804203 ns, Reaching safepoint: 4214539 ns, At safepoint: 121206 ns, Total: 4335745 ns
[2020-08-13T13:44:52.459+0000][6][safepoint    ] Safepoint "CollectForMetadataAllocation", Time since last: 202394651 ns, Reaching safepoint: 8101135 ns, At safepoint: 139711 ns, Total: 8240846 ns
[2020-08-13T13:44:52.549+0000][6][safepoint    ] Safepoint "CollectForMetadataAllocation", Time since last: 90104061 ns, Reaching safepoint: 111749 ns, At safepoint: 113692 ns, Total: 225441 ns
[2020-08-13T13:44:52.550+0000][6][gc,marking   ] GC(15) Concurrent Mark From Roots 418.911ms
[2020-08-13T13:44:52.550+0000][6][gc,marking   ] GC(15) Concurrent Preclean
[2020-08-13T13:44:52.550+0000][6][gc,marking   ] GC(15) Concurrent Preclean 0.194ms
[2020-08-13T13:44:52.550+0000][6][gc,marking   ] GC(15) Concurrent Mark (33.830s, 34.250s) 419.139ms
[2020-08-13T13:44:52.565+0000][6][gc,start     ] GC(15) Pause Remark
[2020-08-13T13:44:52.610+0000][6][gc           ] GC(15) Pause Remark 62M->62M(512M) 44.363ms
[2020-08-13T13:44:52.610+0000][6][gc,cpu       ] GC(15) User=0.03s Sys=0.00s Real=0.05s
[2020-08-13T13:44:52.610+0000][6][safepoint    ] Safepoint "G1Concurrent", Time since last: 6768300 ns, Reaching safepoint: 9518948 ns, At safepoint: 44494476 ns, Total: 54013424 ns
[2020-08-13T13:44:52.610+0000][6][gc,marking   ] GC(15) Concurrent Rebuild Remembered Sets
[2020-08-13T13:44:52.815+0000][6][gc,marking   ] GC(15) Concurrent Rebuild Remembered Sets 205.030ms
[2020-08-13T13:44:52.833+0000][6][gc,start     ] GC(15) Pause Cleanup
[2020-08-13T13:44:52.834+0000][6][gc           ] GC(15) Pause Cleanup 66M->66M(512M) 0.299ms
[2020-08-13T13:44:52.834+0000][6][gc,cpu       ] GC(15) User=0.00s Sys=0.00s Real=0.00s
[2020-08-13T13:44:52.834+0000][6][safepoint    ] Safepoint "G1Concurrent", Time since last: 205162402 ns, Reaching safepoint: 18587402 ns, At safepoint: 353072 ns, Total: 18940474 ns
[2020-08-13T13:44:52.834+0000][6][gc,marking   ] GC(15) Concurrent Cleanup for Next Mark
[2020-08-13T13:44:52.846+0000][6][gc,marking   ] GC(15) Concurrent Cleanup for Next Mark 12.398ms
[2020-08-13T13:44:52.846+0000][6][gc           ] GC(15) Concurrent Cycle 770.461ms
[2020-08-13T13:44:54.220+0000][6][safepoint    ] Safepoint "Cleanup", Time since last: 1364859662 ns, Reaching safepoint: 21389328 ns, At safepoint: 24746 ns, Total: 21414074 ns
[2020-08-13T13:44:54.260+0000][6][safepoint    ] Safepoint "BulkRevokeBias", Time since last: 39013958 ns, Reaching safepoint: 412473 ns, At safepoint: 140893 ns, Total: 553366 ns
[2020-08-13T13:44:55.415+0000][6][safepoint    ] Safepoint "Cleanup", Time since last: 1155249686 ns, Reaching safepoint: 254486 ns, At safepoint: 4188 ns, Total: 258674 ns
[2020-08-13T13:44:56.369+0000][6][safepoint    ] Safepoint "BulkRevokeBias", Time since last: 952514728 ns, Reaching safepoint: 1398478 ns, At safepoint: 155851 ns, Total: 1554329 ns
[2020-08-13T13:44:57.667+0000][6][safepoint    ] Safepoint "Cleanup", Time since last: 1289721476 ns, Reaching safepoint: 7896592 ns, At safepoint: 9848 ns, Total: 7906440 ns
[2020-08-13T13:44:57.669+0000][6][safepoint    ] Safepoint "BulkRevokeBias", Time since last: 1674343 ns, Reaching safepoint: 757469 ns, At safepoint: 154518 ns, Total: 911987 ns
[2020-08-13T13:44:58.048+0000][6][safepoint    ] Safepoint "BulkRevokeBias", Time since last: 378233725 ns, Reaching safepoint: 156553 ns, At safepoint: 259596 ns, Total: 416149 ns
[2020-08-13T13:44:58.275+0000][6][safepoint    ] Safepoint "BulkRevokeBias", Time since last: 226886856 ns, Reaching safepoint: 102472 ns, At safepoint: 265056 ns, Total: 367528 ns
[2020-08-13T13:44:58.997+0000][6][safepoint    ] Safepoint "BulkRevokeBias", Time since last: 720193780 ns, Reaching safepoint: 1425568 ns, At safepoint: 343964 ns, Total: 1769532 ns
[2020-08-13T13:44:59.563+0000][6][safepoint    ] Safepoint "BulkRevokeBias", Time since last: 565360326 ns, Reaching safepoint: 373459 ns, At safepoint: 473977 ns, Total: 847436 ns
[2020-08-13T13:45:00.239+0000][6][safepoint    ] Safepoint "BulkRevokeBias", Time since last: 672099925 ns, Reaching safepoint: 3249102 ns, At safepoint: 392305 ns, Total: 3641407 ns
[2020-08-13T13:45:01.368+0000][6][safepoint    ] Safepoint "Cleanup", Time since last: 1121539335 ns, Reaching safepoint: 7013578 ns, At safepoint: 7424 ns, Total: 7021002 ns
[2020-08-13T13:45:02.130+0000][6][safepoint    ] Safepoint "ICBufferFull", Time since last: 761877725 ns, Reaching safepoint: 353161 ns, At safepoint: 5260 ns, Total: 358421 ns
[2020-08-13T13:45:03.311+0000][6][safepoint    ] Safepoint "Cleanup", Time since last: 1180839256 ns, Reaching safepoint: 350346 ns, At safepoint: 3206 ns, Total: 353552 ns
[2020-08-13T13:45:04.392+0000][6][safepoint    ] Safepoint "Cleanup", Time since last: 1081055716 ns, Reaching safepoint: 193752 ns, At safepoint: 3507 ns, Total: 197259 ns
[2020-08-13T13:45:09.393+0000][6][safepoint    ] Safepoint "Cleanup", Time since last: 5000499628 ns, Reaching safepoint: 175138 ns, At safepoint: 4489 ns, Total: 179627 ns
[2020-08-13T13:45:20.394+0000][6][safepoint    ] Safepoint "Cleanup", Time since last: 11000920934 ns, Reaching safepoint: 104747 ns, At safepoint: 4428 ns, Total: 109175 ns
[2020-08-13T13:45:22.073+0000][6][safepoint    ] Safepoint "Cleanup", Time since last: 1678842769 ns, Reaching safepoint: 114124 ns, At safepoint: 2855 ns, Total: 116979 ns
[2020-08-13T13:45:22.090+0000][6][safepoint    ] Safepoint "BulkRevokeBias", Time since last: 16311272 ns, Reaching safepoint: 78878 ns, At safepoint: 140954 ns, Total: 219832 ns
[2020-08-13T13:45:22.104+0000][6][safepoint    ] Safepoint "BulkRevokeBias", Time since last: 13890261 ns, Reaching safepoint: 76161 ns, At safepoint: 103464 ns, Total: 179625 ns
[2020-08-13T13:45:22.127+0000][6][gc,heap,exit ] Heap
[2020-08-13T13:45:22.127+0000][6][gc,heap,exit ]  garbage-first heap   total 524288K, used 360688K [0x00000000e0000000, 0x0000000100000000)
[2020-08-13T13:45:22.127+0000][6][gc,heap,exit ]   region size 1024K, 301 young (308224K), 8 survivors (8192K)
[2020-08-13T13:45:22.127+0000][6][gc,heap,exit ]  Metaspace       used 74977K, capacity 81009K, committed 81128K, reserved 1118208K
[2020-08-13T13:45:22.127+0000][6][gc,heap,exit ]   class space    used 10275K, capacity 12780K, committed 12872K, reserved 1048576K
