[2020-08-13T13:51:51.717+0000][7][gc,heap] Heap region size: 1M
[2020-08-13T13:51:51.718+0000][7][gc,heap,coops] Heap address: 0x00000000e0000000, size: 512 MB, Compressed Oops mode: 32-bit
[2020-08-13T13:51:52.102+0000][7][gc           ] Using G1
[2020-08-13T13:51:52.102+0000][7][gc,cds       ] Mark closed archive regions in map: [0x00000000fff00000, 0x00000000fff7eff8]
[2020-08-13T13:51:52.102+0000][7][gc,cds       ] Mark open archive regions in map: [0x00000000ffe00000, 0x00000000ffe51ff8]
[2020-08-13T13:51:52.136+0000][7][gc           ] Periodic GC disabled
[2020-08-13T13:51:53.353+0000][7][safepoint    ] Safepoint "Cleanup", Time since last: 1226726510 ns, Reaching safepoint: 198022 ns, At safepoint: 4007 ns, Total: 202029 ns
[2020-08-13T13:51:53.565+0000][7][gc,start     ] GC(0) Pause Young (Normal) (G1 Evacuation Pause)
[2020-08-13T13:51:53.565+0000][7][gc,task      ] GC(0) Using 2 workers of 2 for evacuation
[2020-08-13T13:51:53.565+0000][7][gc,age       ] GC(0) Desired survivor size 2097152 bytes, new threshold 15 (max threshold 15)
[2020-08-13T13:51:53.594+0000][7][gc,age       ] GC(0) Age table with threshold 15 (max threshold 15)
[2020-08-13T13:51:53.594+0000][7][gc,age       ] GC(0) - age   1:    2738080 bytes,    2738080 total
[2020-08-13T13:51:53.594+0000][7][gc,phases    ] GC(0)   Pre Evacuate Collection Set: 0.1ms
[2020-08-13T13:51:53.594+0000][7][gc,phases    ] GC(0)   Merge Heap Roots: 0.0ms
[2020-08-13T13:51:53.594+0000][7][gc,phases    ] GC(0)   Evacuate Collection Set: 27.7ms
[2020-08-13T13:51:53.594+0000][7][gc,phases    ] GC(0)   Post Evacuate Collection Set: 0.8ms
[2020-08-13T13:51:53.594+0000][7][gc,phases    ] GC(0)   Other: 0.4ms
[2020-08-13T13:51:53.594+0000][7][gc,heap      ] GC(0) Eden regions: 25->0(22)
[2020-08-13T13:51:53.594+0000][7][gc,heap      ] GC(0) Survivor regions: 0->3(4)
[2020-08-13T13:51:53.594+0000][7][gc,heap      ] GC(0) Old regions: 0->0
[2020-08-13T13:51:53.594+0000][7][gc,heap      ] GC(0) Archive regions: 2->2
[2020-08-13T13:51:53.594+0000][7][gc,heap      ] GC(0) Humongous regions: 1->1
[2020-08-13T13:51:53.594+0000][7][gc,metaspace ] GC(0) Metaspace: 6023K(8704K)->6023K(8704K) NonClass: 5336K(7680K)->5336K(7680K) Class: 687K(1024K)->687K(1024K)
[2020-08-13T13:51:53.594+0000][7][gc           ] GC(0) Pause Young (Normal) (G1 Evacuation Pause) 26M->4M(512M) 29.074ms
[2020-08-13T13:51:53.594+0000][7][gc,cpu       ] GC(0) User=0.01s Sys=0.00s Real=0.03s
[2020-08-13T13:51:53.594+0000][7][safepoint    ] Safepoint "G1CollectForAllocation", Time since last: 211972934 ns, Reaching safepoint: 68147 ns, At safepoint: 29148512 ns, Total: 29216659 ns
[2020-08-13T13:51:54.732+0000][7][safepoint    ] Safepoint "Cleanup", Time since last: 1137836962 ns, Reaching safepoint: 157554 ns, At safepoint: 3136 ns, Total: 160690 ns
[2020-08-13T13:51:56.206+0000][7][safepoint    ] Safepoint "Cleanup", Time since last: 1469634622 ns, Reaching safepoint: 4155508 ns, At safepoint: 6583 ns, Total: 4162091 ns
[2020-08-13T13:51:56.723+0000][7][gc,start     ] GC(1) Pause Young (Normal) (G1 Evacuation Pause)
[2020-08-13T13:51:56.723+0000][7][gc,task      ] GC(1) Using 2 workers of 2 for evacuation
[2020-08-13T13:51:56.723+0000][7][gc,age       ] GC(1) Desired survivor size 2097152 bytes, new threshold 1 (max threshold 15)
[2020-08-13T13:51:56.812+0000][7][gc,age       ] GC(1) Age table with threshold 1 (max threshold 15)
[2020-08-13T13:51:56.812+0000][7][gc,age       ] GC(1) - age   1:    1855304 bytes,    1855304 total
[2020-08-13T13:51:56.812+0000][7][gc,phases    ] GC(1)   Pre Evacuate Collection Set: 0.1ms
[2020-08-13T13:51:56.812+0000][7][gc,phases    ] GC(1)   Merge Heap Roots: 0.0ms
[2020-08-13T13:51:56.812+0000][7][gc,phases    ] GC(1)   Evacuate Collection Set: 87.7ms
[2020-08-13T13:51:56.812+0000][7][gc,phases    ] GC(1)   Post Evacuate Collection Set: 1.0ms
[2020-08-13T13:51:56.812+0000][7][gc,phases    ] GC(1)   Other: 0.3ms
[2020-08-13T13:51:56.812+0000][7][gc,heap      ] GC(1) Eden regions: 22->0(25)
[2020-08-13T13:51:56.812+0000][7][gc,heap      ] GC(1) Survivor regions: 3->2(4)
[2020-08-13T13:51:56.812+0000][7][gc,heap      ] GC(1) Old regions: 0->3
[2020-08-13T13:51:56.812+0000][7][gc,heap      ] GC(1) Archive regions: 2->2
[2020-08-13T13:51:56.812+0000][7][gc,heap      ] GC(1) Humongous regions: 1->1
[2020-08-13T13:51:56.812+0000][7][gc,metaspace ] GC(1) Metaspace: 11400K(12160K)->11400K(12160K) NonClass: 9979K(10496K)->9979K(10496K) Class: 1420K(1664K)->1420K(1664K)
[2020-08-13T13:51:56.812+0000][7][gc           ] GC(1) Pause Young (Normal) (G1 Evacuation Pause) 26M->6M(512M) 89.154ms
[2020-08-13T13:51:56.812+0000][7][gc,cpu       ] GC(1) User=0.02s Sys=0.00s Real=0.09s
[2020-08-13T13:51:56.812+0000][7][safepoint    ] Safepoint "G1CollectForAllocation", Time since last: 516811619 ns, Reaching safepoint: 151724 ns, At safepoint: 89237921 ns, Total: 89389645 ns
[2020-08-13T13:51:58.454+0000][7][gc,start     ] GC(2) Pause Young (Normal) (G1 Evacuation Pause)
[2020-08-13T13:51:58.454+0000][7][gc,task      ] GC(2) Using 2 workers of 2 for evacuation
[2020-08-13T13:51:58.454+0000][7][gc,age       ] GC(2) Desired survivor size 2097152 bytes, new threshold 15 (max threshold 15)
[2020-08-13T13:51:58.527+0000][7][gc,age       ] GC(2) Age table with threshold 15 (max threshold 15)
[2020-08-13T13:51:58.527+0000][7][gc,age       ] GC(2) - age   1:    1442336 bytes,    1442336 total
[2020-08-13T13:51:58.527+0000][7][gc,age       ] GC(2) - age   2:    1764696 bytes,    3207032 total
[2020-08-13T13:51:58.527+0000][7][gc,phases    ] GC(2)   Pre Evacuate Collection Set: 0.1ms
[2020-08-13T13:51:58.527+0000][7][gc,phases    ] GC(2)   Merge Heap Roots: 0.0ms
[2020-08-13T13:51:58.527+0000][7][gc,phases    ] GC(2)   Evacuate Collection Set: 60.9ms
[2020-08-13T13:51:58.527+0000][7][gc,phases    ] GC(2)   Post Evacuate Collection Set: 12.1ms
[2020-08-13T13:51:58.527+0000][7][gc,phases    ] GC(2)   Other: 0.3ms
[2020-08-13T13:51:58.527+0000][7][gc,heap      ] GC(2) Eden regions: 25->0(34)
[2020-08-13T13:51:58.527+0000][7][gc,heap      ] GC(2) Survivor regions: 2->4(4)
[2020-08-13T13:51:58.527+0000][7][gc,heap      ] GC(2) Old regions: 3->3
[2020-08-13T13:51:58.527+0000][7][gc,heap      ] GC(2) Archive regions: 2->2
[2020-08-13T13:51:58.527+0000][7][gc,heap      ] GC(2) Humongous regions: 1->1
[2020-08-13T13:51:58.527+0000][7][gc,metaspace ] GC(2) Metaspace: 13691K(14464K)->13691K(14464K) NonClass: 12021K(12544K)->12021K(12544K) Class: 1669K(1920K)->1669K(1920K)
[2020-08-13T13:51:58.527+0000][7][gc           ] GC(2) Pause Young (Normal) (G1 Evacuation Pause) 31M->7M(512M) 73.544ms
[2020-08-13T13:51:58.528+0000][7][gc,cpu       ] GC(2) User=0.02s Sys=0.00s Real=0.08s
[2020-08-13T13:51:58.528+0000][7][safepoint    ] Safepoint "G1CollectForAllocation", Time since last: 1638610821 ns, Reaching safepoint: 3268979 ns, At safepoint: 73632930 ns, Total: 76901909 ns
[2020-08-13T13:51:58.535+0000][7][safepoint    ] Safepoint "BulkRevokeBias", Time since last: 2478339 ns, Reaching safepoint: 4809012 ns, At safepoint: 117450 ns, Total: 4926462 ns
[2020-08-13T13:51:59.474+0000][7][gc,start     ] GC(3) Pause Young (Normal) (G1 Evacuation Pause)
[2020-08-13T13:51:59.474+0000][7][gc,task      ] GC(3) Using 2 workers of 2 for evacuation
[2020-08-13T13:51:59.474+0000][7][gc,age       ] GC(3) Desired survivor size 2621440 bytes, new threshold 2 (max threshold 15)
[2020-08-13T13:51:59.491+0000][7][gc,age       ] GC(3) Age table with threshold 2 (max threshold 15)
[2020-08-13T13:51:59.491+0000][7][gc,age       ] GC(3) - age   1:    1733848 bytes,    1733848 total
[2020-08-13T13:51:59.491+0000][7][gc,age       ] GC(3) - age   2:    1393688 bytes,    3127536 total
[2020-08-13T13:51:59.491+0000][7][gc,phases    ] GC(3)   Pre Evacuate Collection Set: 0.1ms
[2020-08-13T13:51:59.491+0000][7][gc,phases    ] GC(3)   Merge Heap Roots: 0.0ms
[2020-08-13T13:51:59.491+0000][7][gc,phases    ] GC(3)   Evacuate Collection Set: 16.6ms
[2020-08-13T13:51:59.491+0000][7][gc,phases    ] GC(3)   Post Evacuate Collection Set: 0.7ms
[2020-08-13T13:51:59.492+0000][7][gc,phases    ] GC(3)   Other: 0.2ms
[2020-08-13T13:51:59.492+0000][7][gc,heap      ] GC(3) Eden regions: 34->0(67)
[2020-08-13T13:51:59.492+0000][7][gc,heap      ] GC(3) Survivor regions: 4->4(5)
[2020-08-13T13:51:59.492+0000][7][gc,heap      ] GC(3) Old regions: 3->5
[2020-08-13T13:51:59.492+0000][7][gc,heap      ] GC(3) Archive regions: 2->2
[2020-08-13T13:51:59.492+0000][7][gc,heap      ] GC(3) Humongous regions: 2->1
[2020-08-13T13:51:59.492+0000][7][gc,metaspace ] GC(3) Metaspace: 14953K(15616K)->14953K(15616K) NonClass: 13129K(13568K)->13129K(13568K) Class: 1823K(2048K)->1823K(2048K)
[2020-08-13T13:51:59.492+0000][7][gc           ] GC(3) Pause Young (Normal) (G1 Evacuation Pause) 42M->9M(512M) 17.806ms
[2020-08-13T13:51:59.492+0000][7][gc,cpu       ] GC(3) User=0.01s Sys=0.00s Real=0.02s
[2020-08-13T13:51:59.492+0000][7][safepoint    ] Safepoint "G1CollectForAllocation", Time since last: 934428950 ns, Reaching safepoint: 4384237 ns, At safepoint: 17899355 ns, Total: 22283592 ns
[2020-08-13T13:51:59.631+0000][7][safepoint    ] Safepoint "BulkRevokeBias", Time since last: 139309157 ns, Reaching safepoint: 76033 ns, At safepoint: 100248 ns, Total: 176281 ns
[2020-08-13T13:51:59.639+0000][7][safepoint    ] Safepoint "BulkRevokeBias", Time since last: 3547309 ns, Reaching safepoint: 4016048 ns, At safepoint: 72947 ns, Total: 4088995 ns
[2020-08-13T13:52:00.567+0000][7][gc,start     ] GC(4) Pause Young (Normal) (G1 Evacuation Pause)
[2020-08-13T13:52:00.567+0000][7][gc,task      ] GC(4) Using 2 workers of 2 for evacuation
[2020-08-13T13:52:00.567+0000][7][gc,age       ] GC(4) Desired survivor size 4718592 bytes, new threshold 15 (max threshold 15)
[2020-08-13T13:52:00.615+0000][7][gc,age       ] GC(4) Age table with threshold 15 (max threshold 15)
[2020-08-13T13:52:00.615+0000][7][gc,age       ] GC(4) - age   1:    1863400 bytes,    1863400 total
[2020-08-13T13:52:00.615+0000][7][gc,age       ] GC(4) - age   2:    1709624 bytes,    3573024 total
[2020-08-13T13:52:00.615+0000][7][gc,age       ] GC(4) - age   3:    1393368 bytes,    4966392 total
[2020-08-13T13:52:00.616+0000][7][gc,phases    ] GC(4)   Pre Evacuate Collection Set: 0.1ms
[2020-08-13T13:52:00.616+0000][7][gc,phases    ] GC(4)   Merge Heap Roots: 0.1ms
[2020-08-13T13:52:00.616+0000][7][gc,phases    ] GC(4)   Evacuate Collection Set: 34.6ms
[2020-08-13T13:52:00.616+0000][7][gc,phases    ] GC(4)   Post Evacuate Collection Set: 13.8ms
[2020-08-13T13:52:00.616+0000][7][gc,phases    ] GC(4)   Other: 0.3ms
[2020-08-13T13:52:00.616+0000][7][gc,heap      ] GC(4) Eden regions: 67->0(119)
[2020-08-13T13:52:00.616+0000][7][gc,heap      ] GC(4) Survivor regions: 4->5(9)
[2020-08-13T13:52:00.618+0000][7][gc,heap      ] GC(4) Old regions: 5->5
[2020-08-13T13:52:00.618+0000][7][gc,heap      ] GC(4) Archive regions: 2->2
[2020-08-13T13:52:00.618+0000][7][gc,heap      ] GC(4) Humongous regions: 1->1
[2020-08-13T13:52:00.618+0000][7][gc,metaspace ] GC(4) Metaspace: 16952K(17792K)->16952K(17792K) NonClass: 14853K(15360K)->14853K(15360K) Class: 2098K(2432K)->2098K(2432K)
[2020-08-13T13:52:00.618+0000][7][gc           ] GC(4) Pause Young (Normal) (G1 Evacuation Pause) 76M->11M(512M) 50.943ms
[2020-08-13T13:52:00.618+0000][7][gc,cpu       ] GC(4) User=0.02s Sys=0.00s Real=0.05s
[2020-08-13T13:52:00.618+0000][7][safepoint    ] Safepoint "G1CollectForAllocation", Time since last: 927727706 ns, Reaching safepoint: 208180 ns, At safepoint: 51018870 ns, Total: 51227050 ns
[2020-08-13T13:52:01.650+0000][7][gc,start     ] GC(5) Pause Young (Normal) (G1 Evacuation Pause)
[2020-08-13T13:52:01.650+0000][7][gc,task      ] GC(5) Using 2 workers of 2 for evacuation
[2020-08-13T13:52:01.650+0000][7][gc,age       ] GC(5) Desired survivor size 8388608 bytes, new threshold 15 (max threshold 15)
[2020-08-13T13:52:01.698+0000][7][gc,age       ] GC(5) Age table with threshold 15 (max threshold 15)
[2020-08-13T13:52:01.698+0000][7][gc,age       ] GC(5) - age   1:    3107104 bytes,    3107104 total
[2020-08-13T13:52:01.698+0000][7][gc,age       ] GC(5) - age   2:    1513096 bytes,    4620200 total
[2020-08-13T13:52:01.698+0000][7][gc,age       ] GC(5) - age   3:    1709600 bytes,    6329800 total
[2020-08-13T13:52:01.698+0000][7][gc,age       ] GC(5) - age   4:    1393368 bytes,    7723168 total
[2020-08-13T13:52:01.698+0000][7][gc,phases    ] GC(5)   Pre Evacuate Collection Set: 0.1ms
[2020-08-13T13:52:01.698+0000][7][gc,phases    ] GC(5)   Merge Heap Roots: 0.1ms
[2020-08-13T13:52:01.698+0000][7][gc,phases    ] GC(5)   Evacuate Collection Set: 47.0ms
[2020-08-13T13:52:01.698+0000][7][gc,phases    ] GC(5)   Post Evacuate Collection Set: 0.9ms
[2020-08-13T13:52:01.698+0000][7][gc,phases    ] GC(5)   Other: 0.3ms
[2020-08-13T13:52:01.698+0000][7][gc,heap      ] GC(5) Eden regions: 119->0(299)
[2020-08-13T13:52:01.698+0000][7][gc,heap      ] GC(5) Survivor regions: 5->8(16)
[2020-08-13T13:52:01.698+0000][7][gc,heap      ] GC(5) Old regions: 5->5
[2020-08-13T13:52:01.698+0000][7][gc,heap      ] GC(5) Archive regions: 2->2
[2020-08-13T13:52:01.698+0000][7][gc,heap      ] GC(5) Humongous regions: 1->1
[2020-08-13T13:52:01.698+0000][7][gc,metaspace ] GC(5) Metaspace: 17106K(18048K)->17106K(18048K) NonClass: 14993K(15616K)->14993K(15616K) Class: 2112K(2432K)->2112K(2432K)
[2020-08-13T13:52:01.698+0000][7][gc           ] GC(5) Pause Young (Normal) (G1 Evacuation Pause) 130M->14M(512M) 48.356ms
[2020-08-13T13:52:01.698+0000][7][gc,cpu       ] GC(5) User=0.02s Sys=0.00s Real=0.05s
[2020-08-13T13:52:01.698+0000][7][safepoint    ] Safepoint "G1CollectForAllocation", Time since last: 1032131036 ns, Reaching safepoint: 106939 ns, At safepoint: 48438841 ns, Total: 48545780 ns
[2020-08-13T13:52:01.703+0000][7][safepoint    ] Safepoint "BulkRevokeBias", Time since last: 4349341 ns, Reaching safepoint: 49934 ns, At safepoint: 77305 ns, Total: 127239 ns
[2020-08-13T13:52:02.736+0000][7][safepoint    ] Safepoint "Cleanup", Time since last: 1032749903 ns, Reaching safepoint: 143589 ns, At safepoint: 2104 ns, Total: 145693 ns
[2020-08-13T13:52:03.746+0000][7][safepoint    ] Safepoint "Cleanup", Time since last: 1000849511 ns, Reaching safepoint: 9127104 ns, At safepoint: 5991 ns, Total: 9133095 ns
[2020-08-13T13:52:04.111+0000][7][gc,start     ] GC(6) Pause Young (Normal) (G1 Evacuation Pause)
[2020-08-13T13:52:04.111+0000][7][gc,task      ] GC(6) Using 2 workers of 2 for evacuation
[2020-08-13T13:52:04.111+0000][7][gc,age       ] GC(6) Desired survivor size 20447232 bytes, new threshold 15 (max threshold 15)
[2020-08-13T13:52:04.165+0000][7][gc,age       ] GC(6) Age table with threshold 15 (max threshold 15)
[2020-08-13T13:52:04.165+0000][7][gc,age       ] GC(6) - age   1:    4759192 bytes,    4759192 total
[2020-08-13T13:52:04.165+0000][7][gc,age       ] GC(6) - age   2:     375400 bytes,    5134592 total
[2020-08-13T13:52:04.165+0000][7][gc,age       ] GC(6) - age   3:    1507512 bytes,    6642104 total
[2020-08-13T13:52:04.165+0000][7][gc,age       ] GC(6) - age   4:    1709304 bytes,    8351408 total
[2020-08-13T13:52:04.165+0000][7][gc,age       ] GC(6) - age   5:    1393368 bytes,    9744776 total
[2020-08-13T13:52:04.165+0000][7][gc,phases    ] GC(6)   Pre Evacuate Collection Set: 0.1ms
[2020-08-13T13:52:04.165+0000][7][gc,phases    ] GC(6)   Merge Heap Roots: 0.1ms
[2020-08-13T13:52:04.165+0000][7][gc,phases    ] GC(6)   Evacuate Collection Set: 52.6ms
[2020-08-13T13:52:04.165+0000][7][gc,phases    ] GC(6)   Post Evacuate Collection Set: 1.4ms
[2020-08-13T13:52:04.165+0000][7][gc,phases    ] GC(6)   Other: 0.3ms
[2020-08-13T13:52:04.165+0000][7][gc,heap      ] GC(6) Eden regions: 299->0(297)
[2020-08-13T13:52:04.165+0000][7][gc,heap      ] GC(6) Survivor regions: 8->10(39)
[2020-08-13T13:52:04.165+0000][7][gc,heap      ] GC(6) Old regions: 5->5
[2020-08-13T13:52:04.165+0000][7][gc,heap      ] GC(6) Archive regions: 2->2
[2020-08-13T13:52:04.165+0000][7][gc,heap      ] GC(6) Humongous regions: 1->1
[2020-08-13T13:52:04.165+0000][7][gc,metaspace ] GC(6) Metaspace: 18195K(19584K)->18195K(19584K) NonClass: 15908K(16896K)->15908K(16896K) Class: 2286K(2688K)->2286K(2688K)
[2020-08-13T13:52:04.165+0000][7][gc           ] GC(6) Pause Young (Normal) (G1 Evacuation Pause) 313M->16M(512M) 54.551ms
[2020-08-13T13:52:04.165+0000][7][gc,cpu       ] GC(6) User=0.02s Sys=0.00s Real=0.05s
[2020-08-13T13:52:04.165+0000][7][safepoint    ] Safepoint "G1CollectForAllocation", Time since last: 364905422 ns, Reaching safepoint: 67487 ns, At safepoint: 54646941 ns, Total: 54714428 ns
[2020-08-13T13:52:04.321+0000][7][safepoint    ] Safepoint "BulkRevokeBias", Time since last: 146332264 ns, Reaching safepoint: 9045272 ns, At safepoint: 92823 ns, Total: 9138095 ns
[2020-08-13T13:52:04.325+0000][7][safepoint    ] Safepoint "BulkRevokeBias", Time since last: 3814901 ns, Reaching safepoint: 54913 ns, At safepoint: 78717 ns, Total: 133630 ns
[2020-08-13T13:52:05.330+0000][7][safepoint    ] Safepoint "Cleanup", Time since last: 1001894887 ns, Reaching safepoint: 3023190 ns, At safepoint: 3586 ns, Total: 3026776 ns
[2020-08-13T13:52:05.969+0000][7][gc,start     ] GC(7) Pause Young (Normal) (G1 Evacuation Pause)
[2020-08-13T13:52:05.969+0000][7][gc,task      ] GC(7) Using 2 workers of 2 for evacuation
[2020-08-13T13:52:05.969+0000][7][gc,age       ] GC(7) Desired survivor size 20447232 bytes, new threshold 15 (max threshold 15)
[2020-08-13T13:52:06.007+0000][7][gc,age       ] GC(7) Age table with threshold 15 (max threshold 15)
[2020-08-13T13:52:06.007+0000][7][gc,age       ] GC(7) - age   1:    3277448 bytes,    3277448 total
[2020-08-13T13:52:06.007+0000][7][gc,age       ] GC(7) - age   2:    4353112 bytes,    7630560 total
[2020-08-13T13:52:06.007+0000][7][gc,age       ] GC(7) - age   3:     375400 bytes,    8005960 total
[2020-08-13T13:52:06.007+0000][7][gc,age       ] GC(7) - age   4:    1507120 bytes,    9513080 total
[2020-08-13T13:52:06.007+0000][7][gc,age       ] GC(7) - age   5:    1708296 bytes,   11221376 total
[2020-08-13T13:52:06.007+0000][7][gc,age       ] GC(7) - age   6:    1393160 bytes,   12614536 total
[2020-08-13T13:52:06.007+0000][7][gc,phases    ] GC(7)   Pre Evacuate Collection Set: 0.1ms
[2020-08-13T13:52:06.007+0000][7][gc,phases    ] GC(7)   Merge Heap Roots: 0.1ms
[2020-08-13T13:52:06.007+0000][7][gc,phases    ] GC(7)   Evacuate Collection Set: 35.5ms
[2020-08-13T13:52:06.007+0000][7][gc,phases    ] GC(7)   Post Evacuate Collection Set: 1.9ms
[2020-08-13T13:52:06.007+0000][7][gc,phases    ] GC(7)   Other: 0.3ms
[2020-08-13T13:52:06.007+0000][7][gc,heap      ] GC(7) Eden regions: 297->0(294)
[2020-08-13T13:52:06.007+0000][7][gc,heap      ] GC(7) Survivor regions: 10->13(39)
[2020-08-13T13:52:06.007+0000][7][gc,heap      ] GC(7) Old regions: 5->5
[2020-08-13T13:52:06.007+0000][7][gc,heap      ] GC(7) Archive regions: 2->2
[2020-08-13T13:52:06.007+0000][7][gc,heap      ] GC(7) Humongous regions: 1->1
[2020-08-13T13:52:06.007+0000][7][gc,metaspace ] GC(7) Metaspace: 19488K(20992K)->19488K(20992K) NonClass: 17073K(18176K)->17073K(18176K) Class: 2414K(2816K)->2414K(2816K)
[2020-08-13T13:52:06.007+0000][7][gc           ] GC(7) Pause Young (Normal) (G1 Evacuation Pause) 313M->18M(512M) 38.053ms
[2020-08-13T13:52:06.007+0000][7][gc,cpu       ] GC(7) User=0.03s Sys=0.00s Real=0.04s
[2020-08-13T13:52:06.007+0000][7][safepoint    ] Safepoint "G1CollectForAllocation", Time since last: 638988458 ns, Reaching safepoint: 76132 ns, At safepoint: 38134713 ns, Total: 38210845 ns
[2020-08-13T13:52:06.807+0000][7][gc,start     ] GC(8) Pause Young (Concurrent Start) (Metadata GC Threshold)
[2020-08-13T13:52:06.807+0000][7][gc,task      ] GC(8) Using 2 workers of 2 for evacuation
[2020-08-13T13:52:06.807+0000][7][gc,age       ] GC(8) Desired survivor size 20447232 bytes, new threshold 15 (max threshold 15)
[2020-08-13T13:52:06.856+0000][7][gc,age       ] GC(8) Age table with threshold 15 (max threshold 15)
[2020-08-13T13:52:06.856+0000][7][gc,age       ] GC(8) - age   1:     560344 bytes,     560344 total
[2020-08-13T13:52:06.856+0000][7][gc,age       ] GC(8) - age   2:    2382144 bytes,    2942488 total
[2020-08-13T13:52:06.856+0000][7][gc,age       ] GC(8) - age   3:    4353064 bytes,    7295552 total
[2020-08-13T13:52:06.856+0000][7][gc,age       ] GC(8) - age   4:     375400 bytes,    7670952 total
[2020-08-13T13:52:06.856+0000][7][gc,age       ] GC(8) - age   5:    1507120 bytes,    9178072 total
[2020-08-13T13:52:06.856+0000][7][gc,age       ] GC(8) - age   6:    1708296 bytes,   10886368 total
[2020-08-13T13:52:06.856+0000][7][gc,age       ] GC(8) - age   7:    1393160 bytes,   12279528 total
[2020-08-13T13:52:06.856+0000][7][gc,phases    ] GC(8)   Pre Evacuate Collection Set: 0.2ms
[2020-08-13T13:52:06.856+0000][7][gc,phases    ] GC(8)   Merge Heap Roots: 0.1ms
[2020-08-13T13:52:06.856+0000][7][gc,phases    ] GC(8)   Evacuate Collection Set: 47.1ms
[2020-08-13T13:52:06.856+0000][7][gc,phases    ] GC(8)   Post Evacuate Collection Set: 1.4ms
[2020-08-13T13:52:06.856+0000][7][gc,phases    ] GC(8)   Other: 0.3ms
[2020-08-13T13:52:06.856+0000][7][gc,heap      ] GC(8) Eden regions: 176->0(294)
[2020-08-13T13:52:06.856+0000][7][gc,heap      ] GC(8) Survivor regions: 13->13(39)
[2020-08-13T13:52:06.856+0000][7][gc,heap      ] GC(8) Old regions: 5->5
[2020-08-13T13:52:06.856+0000][7][gc,heap      ] GC(8) Archive regions: 2->2
[2020-08-13T13:52:06.856+0000][7][gc,heap      ] GC(8) Humongous regions: 1->1
[2020-08-13T13:52:06.856+0000][7][gc,metaspace ] GC(8) Metaspace: 19718K(21296K)->19718K(21296K) NonClass: 17259K(18432K)->17259K(18432K) Class: 2459K(2864K)->2459K(2864K)
[2020-08-13T13:52:06.856+0000][7][gc           ] GC(8) Pause Young (Concurrent Start) (Metadata GC Threshold) 194M->18M(512M) 49.195ms
[2020-08-13T13:52:06.856+0000][7][gc,cpu       ] GC(8) User=0.02s Sys=0.00s Real=0.05s
[2020-08-13T13:52:06.856+0000][7][safepoint    ] Safepoint "CollectForMetadataAllocation", Time since last: 800094966 ns, Reaching safepoint: 91291 ns, At safepoint: 49385503 ns, Total: 49476794 ns
[2020-08-13T13:52:06.857+0000][7][gc           ] GC(9) Concurrent Cycle
[2020-08-13T13:52:06.857+0000][7][gc,marking   ] GC(9) Concurrent Clear Claimed Marks
[2020-08-13T13:52:06.857+0000][7][gc,marking   ] GC(9) Concurrent Clear Claimed Marks 0.121ms
[2020-08-13T13:52:06.857+0000][7][gc,marking   ] GC(9) Concurrent Scan Root Regions
[2020-08-13T13:52:06.885+0000][7][gc,marking   ] GC(9) Concurrent Scan Root Regions 27.849ms
[2020-08-13T13:52:06.885+0000][7][gc,marking   ] GC(9) Concurrent Mark (15.177s)
[2020-08-13T13:52:06.885+0000][7][gc,marking   ] GC(9) Concurrent Mark From Roots
[2020-08-13T13:52:06.885+0000][7][gc,task      ] GC(9) Using 1 workers of 1 for marking
[2020-08-13T13:52:06.945+0000][7][gc,marking   ] GC(9) Concurrent Mark From Roots 60.058ms
[2020-08-13T13:52:06.945+0000][7][gc,marking   ] GC(9) Concurrent Preclean
[2020-08-13T13:52:06.945+0000][7][gc,marking   ] GC(9) Concurrent Preclean 0.058ms
[2020-08-13T13:52:06.945+0000][7][gc,marking   ] GC(9) Concurrent Mark (15.177s, 15.237s) 60.197ms
[2020-08-13T13:52:06.954+0000][7][gc,start     ] GC(9) Pause Remark
[2020-08-13T13:52:06.975+0000][7][gc           ] GC(9) Pause Remark 26M->26M(512M) 20.816ms
[2020-08-13T13:52:06.975+0000][7][gc,cpu       ] GC(9) User=0.01s Sys=0.00s Real=0.02s
[2020-08-13T13:52:06.975+0000][7][safepoint    ] Safepoint "G1Concurrent", Time since last: 88670769 ns, Reaching safepoint: 8566786 ns, At safepoint: 20927143 ns, Total: 29493929 ns
[2020-08-13T13:52:06.975+0000][7][gc,marking   ] GC(9) Concurrent Rebuild Remembered Sets
[2020-08-13T13:52:06.979+0000][7][gc,marking   ] GC(9) Concurrent Rebuild Remembered Sets 4.443ms
[2020-08-13T13:52:06.980+0000][7][gc,start     ] GC(9) Pause Cleanup
[2020-08-13T13:52:06.980+0000][7][gc           ] GC(9) Pause Cleanup 26M->26M(512M) 0.087ms
[2020-08-13T13:52:06.980+0000][7][gc,cpu       ] GC(9) User=0.00s Sys=0.00s Real=0.00s
[2020-08-13T13:52:06.980+0000][7][safepoint    ] Safepoint "G1Concurrent", Time since last: 4515061 ns, Reaching safepoint: 705590 ns, At safepoint: 116669 ns, Total: 822259 ns
[2020-08-13T13:52:06.988+0000][7][gc,marking   ] GC(9) Concurrent Cleanup for Next Mark
[2020-08-13T13:52:06.992+0000][7][gc,marking   ] GC(9) Concurrent Cleanup for Next Mark 4.122ms
[2020-08-13T13:52:06.992+0000][7][gc           ] GC(9) Concurrent Cycle 135.010ms
[2020-08-13T13:52:07.990+0000][7][safepoint    ] Safepoint "Cleanup", Time since last: 1009567530 ns, Reaching safepoint: 177071 ns, At safepoint: 1383 ns, Total: 178454 ns
[2020-08-13T13:52:09.131+0000][7][safepoint    ] Safepoint "Cleanup", Time since last: 1138255005 ns, Reaching safepoint: 3280590 ns, At safepoint: 7774 ns, Total: 3288364 ns
[2020-08-13T13:52:10.668+0000][7][safepoint    ] Safepoint "Cleanup", Time since last: 1531875678 ns, Reaching safepoint: 5046076 ns, At safepoint: 6832 ns, Total: 5052908 ns
[2020-08-13T13:52:11.674+0000][7][safepoint    ] Safepoint "Cleanup", Time since last: 1001740499 ns, Reaching safepoint: 3795945 ns, At safepoint: 4579 ns, Total: 3800524 ns
[2020-08-13T13:52:12.685+0000][7][safepoint    ] Safepoint "Cleanup", Time since last: 1000878615 ns, Reaching safepoint: 10126666 ns, At safepoint: 7494 ns, Total: 10134160 ns
[2020-08-13T13:52:14.185+0000][7][gc,start     ] GC(10) Pause Young (Normal) (G1 Evacuation Pause)
[2020-08-13T13:52:14.185+0000][7][gc,task      ] GC(10) Using 2 workers of 2 for evacuation
[2020-08-13T13:52:14.185+0000][7][gc,age       ] GC(10) Desired survivor size 20447232 bytes, new threshold 15 (max threshold 15)
[2020-08-13T13:52:14.374+0000][7][gc,age       ] GC(10) Age table with threshold 15 (max threshold 15)
[2020-08-13T13:52:14.374+0000][7][gc,age       ] GC(10) - age   1:   17138552 bytes,   17138552 total
[2020-08-13T13:52:14.374+0000][7][gc,age       ] GC(10) - age   2:     504928 bytes,   17643480 total
[2020-08-13T13:52:14.374+0000][7][gc,age       ] GC(10) - age   3:    2366760 bytes,   20010240 total
[2020-08-13T13:52:14.374+0000][7][gc,age       ] GC(10) - age   4:    4323152 bytes,   24333392 total
[2020-08-13T13:52:14.374+0000][7][gc,age       ] GC(10) - age   5:     370320 bytes,   24703712 total
[2020-08-13T13:52:14.374+0000][7][gc,age       ] GC(10) - age   6:    1482720 bytes,   26186432 total
[2020-08-13T13:52:14.374+0000][7][gc,age       ] GC(10) - age   7:    1687504 bytes,   27873936 total
[2020-08-13T13:52:14.374+0000][7][gc,age       ] GC(10) - age   8:    1368408 bytes,   29242344 total
[2020-08-13T13:52:14.374+0000][7][gc,phases    ] GC(10)   Pre Evacuate Collection Set: 0.1ms
[2020-08-13T13:52:14.374+0000][7][gc,phases    ] GC(10)   Merge Heap Roots: 0.1ms
[2020-08-13T13:52:14.374+0000][7][gc,phases    ] GC(10)   Evacuate Collection Set: 148.9ms
[2020-08-13T13:52:14.374+0000][7][gc,phases    ] GC(10)   Post Evacuate Collection Set: 40.1ms
[2020-08-13T13:52:14.374+0000][7][gc,phases    ] GC(10)   Other: 0.4ms
[2020-08-13T13:52:14.374+0000][7][gc,heap      ] GC(10) Eden regions: 294->0(278)
[2020-08-13T13:52:14.374+0000][7][gc,heap      ] GC(10) Survivor regions: 13->29(39)
[2020-08-13T13:52:14.374+0000][7][gc,heap      ] GC(10) Old regions: 5->5
[2020-08-13T13:52:14.374+0000][7][gc,heap      ] GC(10) Archive regions: 2->2
[2020-08-13T13:52:14.374+0000][7][gc,heap      ] GC(10) Humongous regions: 1->1
[2020-08-13T13:52:14.374+0000][7][gc,metaspace ] GC(10) Metaspace: 28081K(30768K)->28081K(30768K) NonClass: 24487K(26368K)->24487K(26368K) Class: 3594K(4400K)->3594K(4400K)
[2020-08-13T13:52:14.374+0000][7][gc           ] GC(10) Pause Young (Normal) (G1 Evacuation Pause) 312M->34M(512M) 189.589ms
[2020-08-13T13:52:14.374+0000][7][gc,cpu       ] GC(10) User=0.07s Sys=0.00s Real=0.19s
[2020-08-13T13:52:14.374+0000][7][safepoint    ] Safepoint "G1CollectForAllocation", Time since last: 1499620911 ns, Reaching safepoint: 132186 ns, At safepoint: 189680206 ns, Total: 189812392 ns
[2020-08-13T13:52:15.718+0000][7][safepoint    ] Safepoint "Cleanup", Time since last: 1331434680 ns, Reaching safepoint: 12161584 ns, At safepoint: 5320 ns, Total: 12166904 ns
[2020-08-13T13:52:16.726+0000][7][safepoint    ] Safepoint "Cleanup", Time since last: 1005831076 ns, Reaching safepoint: 2089741 ns, At safepoint: 3998 ns, Total: 2093739 ns
[2020-08-13T13:52:17.749+0000][7][safepoint    ] Safepoint "Cleanup", Time since last: 1000910244 ns, Reaching safepoint: 22236263 ns, At safepoint: 9929 ns, Total: 22246192 ns
[2020-08-13T13:52:18.308+0000][7][gc,start     ] GC(11) Pause Young (Concurrent Start) (Metadata GC Threshold)
[2020-08-13T13:52:18.308+0000][7][gc,task      ] GC(11) Using 2 workers of 2 for evacuation
[2020-08-13T13:52:18.308+0000][7][gc,age       ] GC(11) Desired survivor size 20447232 bytes, new threshold 4 (max threshold 15)
[2020-08-13T13:52:18.571+0000][7][gc,age       ] GC(11) Age table with threshold 4 (max threshold 15)
[2020-08-13T13:52:18.571+0000][7][gc,age       ] GC(11) - age   1:   13221296 bytes,   13221296 total
[2020-08-13T13:52:18.571+0000][7][gc,age       ] GC(11) - age   2:   16253056 bytes,   29474352 total
[2020-08-13T13:52:18.571+0000][7][gc,age       ] GC(11) - age   3:     504896 bytes,   29979248 total
[2020-08-13T13:52:18.571+0000][7][gc,age       ] GC(11) - age   4:    2360600 bytes,   32339848 total
[2020-08-13T13:52:18.571+0000][7][gc,mmu       ] GC(11) MMU target violated: 201.0ms (200.0ms/201.0ms)
[2020-08-13T13:52:18.571+0000][7][gc,phases    ] GC(11)   Pre Evacuate Collection Set: 0.4ms
[2020-08-13T13:52:18.571+0000][7][gc,phases    ] GC(11)   Merge Heap Roots: 0.1ms
[2020-08-13T13:52:18.571+0000][7][gc,phases    ] GC(11)   Evacuate Collection Set: 258.3ms
[2020-08-13T13:52:18.571+0000][7][gc,phases    ] GC(11)   Post Evacuate Collection Set: 4.4ms
[2020-08-13T13:52:18.571+0000][7][gc,phases    ] GC(11)   Other: 0.4ms
[2020-08-13T13:52:18.571+0000][7][gc,heap      ] GC(11) Eden regions: 130->0(1)
[2020-08-13T13:52:18.571+0000][7][gc,heap      ] GC(11) Survivor regions: 29->32(39)
[2020-08-13T13:52:18.571+0000][7][gc,heap      ] GC(11) Old regions: 5->14
[2020-08-13T13:52:18.571+0000][7][gc,heap      ] GC(11) Archive regions: 2->2
[2020-08-13T13:52:18.571+0000][7][gc,heap      ] GC(11) Humongous regions: 1->1
[2020-08-13T13:52:18.571+0000][7][gc,metaspace ] GC(11) Metaspace: 32765K(35920K)->32765K(35920K) NonClass: 28452K(30624K)->28452K(30624K) Class: 4313K(5296K)->4313K(5296K)
[2020-08-13T13:52:18.571+0000][7][gc           ] GC(11) Pause Young (Concurrent Start) (Metadata GC Threshold) 164M->46M(512M) 263.689ms
[2020-08-13T13:52:18.571+0000][7][gc,cpu       ] GC(11) User=0.10s Sys=0.00s Real=0.26s
[2020-08-13T13:52:18.572+0000][7][safepoint    ] Safepoint "CollectForMetadataAllocation", Time since last: 558645246 ns, Reaching safepoint: 143869 ns, At safepoint: 263924420 ns, Total: 264068289 ns
[2020-08-13T13:52:18.576+0000][7][gc           ] GC(12) Concurrent Cycle
[2020-08-13T13:52:18.576+0000][7][gc,marking   ] GC(12) Concurrent Clear Claimed Marks
[2020-08-13T13:52:18.576+0000][7][gc,marking   ] GC(12) Concurrent Clear Claimed Marks 0.296ms
[2020-08-13T13:52:18.576+0000][7][gc,marking   ] GC(12) Concurrent Scan Root Regions
[2020-08-13T13:52:18.684+0000][7][gc,marking   ] GC(12) Concurrent Scan Root Regions 107.409ms
[2020-08-13T13:52:18.684+0000][7][gc,marking   ] GC(12) Concurrent Mark (26.976s)
[2020-08-13T13:52:18.684+0000][7][gc,marking   ] GC(12) Concurrent Mark From Roots
[2020-08-13T13:52:18.684+0000][7][gc,task      ] GC(12) Using 1 workers of 1 for marking
[2020-08-13T13:52:18.684+0000][7][gc,start     ] GC(13) Pause Young (Normal) (G1 Evacuation Pause)
[2020-08-13T13:52:18.684+0000][7][gc,task      ] GC(13) Using 2 workers of 2 for evacuation
[2020-08-13T13:52:18.684+0000][7][gc,age       ] GC(13) Desired survivor size 2621440 bytes, new threshold 1 (max threshold 15)
[2020-08-13T13:52:18.775+0000][7][gc,age       ] GC(13) Age table with threshold 1 (max threshold 15)
[2020-08-13T13:52:18.775+0000][7][gc,age       ] GC(13) - age   1:      40424 bytes,      40424 total
[2020-08-13T13:52:18.775+0000][7][gc,phases    ] GC(13)   Pre Evacuate Collection Set: 82.7ms
[2020-08-13T13:52:18.775+0000][7][gc,phases    ] GC(13)   Merge Heap Roots: 0.1ms
[2020-08-13T13:52:18.775+0000][7][gc,phases    ] GC(13)   Evacuate Collection Set: 89.1ms
[2020-08-13T13:52:18.775+0000][7][gc,phases    ] GC(13)   Post Evacuate Collection Set: 1.6ms
[2020-08-13T13:52:18.775+0000][7][gc,phases    ] GC(13)   Other: 0.2ms
[2020-08-13T13:52:18.775+0000][7][gc,heap      ] GC(13) Eden regions: 1->0(198)
[2020-08-13T13:52:18.775+0000][7][gc,heap      ] GC(13) Survivor regions: 32->1(5)
[2020-08-13T13:52:18.775+0000][7][gc,heap      ] GC(13) Old regions: 14->45
[2020-08-13T13:52:18.775+0000][7][gc,heap      ] GC(13) Archive regions: 2->2
[2020-08-13T13:52:18.775+0000][7][gc,heap      ] GC(13) Humongous regions: 1->1
[2020-08-13T13:52:18.775+0000][7][gc,metaspace ] GC(13) Metaspace: 32914K(36176K)->32914K(36176K) NonClass: 28575K(30880K)->28575K(30880K) Class: 4339K(5296K)->4339K(5296K)
[2020-08-13T13:52:18.775+0000][7][gc           ] GC(13) Pause Young (Normal) (G1 Evacuation Pause) 47M->47M(512M) 91.227ms
[2020-08-13T13:52:18.775+0000][7][gc,cpu       ] GC(13) User=0.07s Sys=0.00s Real=0.09s
[2020-08-13T13:52:18.775+0000][7][safepoint    ] Safepoint "G1CollectForAllocation", Time since last: 29383191 ns, Reaching safepoint: 85491 ns, At safepoint: 173936545 ns, Total: 174022036 ns
[2020-08-13T13:52:18.805+0000][7][safepoint    ] Safepoint "CollectForMetadataAllocation", Time since last: 29935564 ns, Reaching safepoint: 167765 ns, At safepoint: 162924 ns, Total: 330689 ns
[2020-08-13T13:52:18.817+0000][7][gc,marking   ] GC(12) Concurrent Mark From Roots 133.532ms
[2020-08-13T13:52:18.817+0000][7][gc,marking   ] GC(12) Concurrent Preclean
[2020-08-13T13:52:18.817+0000][7][gc,marking   ] GC(12) Concurrent Preclean 0.079ms
[2020-08-13T13:52:18.817+0000][7][gc,marking   ] GC(12) Concurrent Mark (26.976s, 27.110s) 133.686ms
[2020-08-13T13:52:18.839+0000][7][gc,start     ] GC(12) Pause Remark
[2020-08-13T13:52:18.855+0000][7][gc           ] GC(12) Pause Remark 49M->49M(512M) 16.361ms
[2020-08-13T13:52:18.855+0000][7][gc,cpu       ] GC(12) User=0.02s Sys=0.00s Real=0.01s
[2020-08-13T13:52:18.855+0000][7][safepoint    ] Safepoint "G1Concurrent", Time since last: 30458154 ns, Reaching safepoint: 3017789 ns, At safepoint: 16468857 ns, Total: 19486646 ns
[2020-08-13T13:52:18.855+0000][7][gc,marking   ] GC(12) Concurrent Rebuild Remembered Sets
[2020-08-13T13:52:19.112+0000][7][gc,marking   ] GC(12) Concurrent Rebuild Remembered Sets 256.765ms
[2020-08-13T13:52:19.119+0000][7][gc,start     ] GC(12) Pause Cleanup
[2020-08-13T13:52:19.119+0000][7][gc           ] GC(12) Pause Cleanup 55M->55M(512M) 0.234ms
[2020-08-13T13:52:19.119+0000][7][gc,cpu       ] GC(12) User=0.00s Sys=0.00s Real=0.00s
[2020-08-13T13:52:19.119+0000][7][safepoint    ] Safepoint "G1Concurrent", Time since last: 256900211 ns, Reaching safepoint: 6403086 ns, At safepoint: 287568 ns, Total: 6690654 ns
[2020-08-13T13:52:19.119+0000][7][gc,marking   ] GC(12) Concurrent Cleanup for Next Mark
[2020-08-13T13:52:19.127+0000][7][gc,marking   ] GC(12) Concurrent Cleanup for Next Mark 8.500ms
[2020-08-13T13:52:19.127+0000][7][gc           ] GC(12) Concurrent Cycle 551.592ms
[2020-08-13T13:52:20.145+0000][7][safepoint    ] Safepoint "Cleanup", Time since last: 1026157053 ns, Reaching safepoint: 267371 ns, At safepoint: 4188 ns, Total: 271559 ns
[2020-08-13T13:52:21.157+0000][7][safepoint    ] Safepoint "Cleanup", Time since last: 1011399478 ns, Reaching safepoint: 480951 ns, At safepoint: 3516 ns, Total: 484467 ns
[2020-08-13T13:52:22.340+0000][7][safepoint    ] Safepoint "Cleanup", Time since last: 1170593507 ns, Reaching safepoint: 12737503 ns, At safepoint: 5601 ns, Total: 12743104 ns
[2020-08-13T13:52:23.348+0000][7][safepoint    ] Safepoint "Cleanup", Time since last: 1000357900 ns, Reaching safepoint: 6969847 ns, At safepoint: 6682 ns, Total: 6976529 ns
[2020-08-13T13:52:23.643+0000][7][gc,start     ] GC(14) Pause Young (Concurrent Start) (G1 Evacuation Pause)
[2020-08-13T13:52:23.643+0000][7][gc,task      ] GC(14) Using 2 workers of 2 for evacuation
[2020-08-13T13:52:23.643+0000][7][gc,age       ] GC(14) Desired survivor size 13631488 bytes, new threshold 15 (max threshold 15)
[2020-08-13T13:52:23.780+0000][7][gc,age       ] GC(14) Age table with threshold 15 (max threshold 15)
[2020-08-13T13:52:23.780+0000][7][gc,age       ] GC(14) - age   1:    4910288 bytes,    4910288 total
[2020-08-13T13:52:23.780+0000][7][gc,age       ] GC(14) - age   2:      37520 bytes,    4947808 total
[2020-08-13T13:52:23.781+0000][7][gc,phases    ] GC(14)   Pre Evacuate Collection Set: 0.7ms
[2020-08-13T13:52:23.781+0000][7][gc,phases    ] GC(14)   Merge Heap Roots: 0.2ms
[2020-08-13T13:52:23.781+0000][7][gc,phases    ] GC(14)   Evacuate Collection Set: 120.2ms
[2020-08-13T13:52:23.781+0000][7][gc,phases    ] GC(14)   Post Evacuate Collection Set: 16.3ms
[2020-08-13T13:52:23.781+0000][7][gc,phases    ] GC(14)   Other: 0.3ms
[2020-08-13T13:52:23.781+0000][7][gc,heap      ] GC(14) Eden regions: 205->0(156)
[2020-08-13T13:52:23.781+0000][7][gc,heap      ] GC(14) Survivor regions: 1->5(26)
[2020-08-13T13:52:23.781+0000][7][gc,heap      ] GC(14) Old regions: 45->45
[2020-08-13T13:52:23.781+0000][7][gc,heap      ] GC(14) Archive regions: 2->2
[2020-08-13T13:52:23.781+0000][7][gc,heap      ] GC(14) Humongous regions: 1->1
[2020-08-13T13:52:23.781+0000][7][gc,metaspace ] GC(14) Metaspace: 46363K(51356K)->46363K(51356K) NonClass: 39968K(43168K)->39968K(43168K) Class: 6395K(8188K)->6395K(8188K)
[2020-08-13T13:52:23.781+0000][7][gc           ] GC(14) Pause Young (Concurrent Start) (G1 Evacuation Pause) 252M->51M(512M) 137.853ms
[2020-08-13T13:52:23.781+0000][7][gc,cpu       ] GC(14) User=0.03s Sys=0.00s Real=0.14s
[2020-08-13T13:52:23.781+0000][7][safepoint    ] Safepoint "G1CollectForAllocation", Time since last: 294887218 ns, Reaching safepoint: 125756 ns, At safepoint: 137949742 ns, Total: 138075498 ns
[2020-08-13T13:52:23.781+0000][7][gc           ] GC(15) Concurrent Cycle
[2020-08-13T13:52:23.781+0000][7][gc,marking   ] GC(15) Concurrent Clear Claimed Marks
[2020-08-13T13:52:23.781+0000][7][gc,marking   ] GC(15) Concurrent Clear Claimed Marks 0.588ms
[2020-08-13T13:52:23.781+0000][7][gc,marking   ] GC(15) Concurrent Scan Root Regions
[2020-08-13T13:52:23.788+0000][7][gc,marking   ] GC(15) Concurrent Scan Root Regions 6.516ms
[2020-08-13T13:52:23.788+0000][7][gc,marking   ] GC(15) Concurrent Mark (32.080s)
[2020-08-13T13:52:23.788+0000][7][gc,marking   ] GC(15) Concurrent Mark From Roots
[2020-08-13T13:52:23.788+0000][7][gc,task      ] GC(15) Using 1 workers of 1 for marking
[2020-08-13T13:52:24.240+0000][7][gc,marking   ] GC(15) Concurrent Mark From Roots 452.213ms
[2020-08-13T13:52:24.240+0000][7][gc,marking   ] GC(15) Concurrent Preclean
[2020-08-13T13:52:24.240+0000][7][gc,marking   ] GC(15) Concurrent Preclean 0.150ms
[2020-08-13T13:52:24.240+0000][7][gc,marking   ] GC(15) Concurrent Mark (32.080s, 32.533s) 452.449ms
[2020-08-13T13:52:24.257+0000][7][gc,start     ] GC(15) Pause Remark
[2020-08-13T13:52:24.306+0000][7][gc           ] GC(15) Pause Remark 56M->56M(512M) 48.885ms
[2020-08-13T13:52:24.306+0000][7][gc,cpu       ] GC(15) User=0.01s Sys=0.00s Real=0.05s
[2020-08-13T13:52:24.306+0000][7][safepoint    ] Safepoint "G1Concurrent", Time since last: 459699503 ns, Reaching safepoint: 16371847 ns, At safepoint: 48997326 ns, Total: 65369173 ns
[2020-08-13T13:52:24.306+0000][7][gc,marking   ] GC(15) Concurrent Rebuild Remembered Sets
[2020-08-13T13:52:24.644+0000][7][gc,marking   ] GC(15) Concurrent Rebuild Remembered Sets 338.359ms
[2020-08-13T13:52:24.656+0000][7][gc,start     ] GC(15) Pause Cleanup
[2020-08-13T13:52:24.656+0000][7][gc           ] GC(15) Pause Cleanup 60M->60M(512M) 0.272ms
[2020-08-13T13:52:24.656+0000][7][gc,cpu       ] GC(15) User=0.00s Sys=0.00s Real=0.00s
[2020-08-13T13:52:24.656+0000][7][safepoint    ] Safepoint "G1Concurrent", Time since last: 338488232 ns, Reaching safepoint: 11822611 ns, At safepoint: 319468 ns, Total: 12142079 ns
[2020-08-13T13:52:24.656+0000][7][gc,marking   ] GC(15) Concurrent Cleanup for Next Mark
[2020-08-13T13:52:24.658+0000][7][gc,marking   ] GC(15) Concurrent Cleanup for Next Mark 1.195ms
[2020-08-13T13:52:24.658+0000][7][gc           ] GC(15) Concurrent Cycle 876.923ms
[2020-08-13T13:52:26.007+0000][7][safepoint    ] Safepoint "Cleanup", Time since last: 1349177251 ns, Reaching safepoint: 1246503 ns, At safepoint: 2325 ns, Total: 1248828 ns
[2020-08-13T13:52:27.011+0000][7][safepoint    ] Safepoint "Cleanup", Time since last: 1000766695 ns, Reaching safepoint: 3076408 ns, At safepoint: 4649 ns, Total: 3081057 ns
[2020-08-13T13:52:28.799+0000][7][safepoint    ] Safepoint "Cleanup", Time since last: 1785936334 ns, Reaching safepoint: 2376168 ns, At safepoint: 7243 ns, Total: 2383411 ns
[2020-08-13T13:52:28.954+0000][7][safepoint    ] Safepoint "BulkRevokeBias", Time since last: 154618084 ns, Reaching safepoint: 114644 ns, At safepoint: 117630 ns, Total: 232274 ns
[2020-08-13T13:52:29.977+0000][7][gc,start     ] GC(16) Pause Young (Normal) (G1 Evacuation Pause)
[2020-08-13T13:52:29.977+0000][7][gc,task      ] GC(16) Using 2 workers of 2 for evacuation
[2020-08-13T13:52:29.977+0000][7][gc,age       ] GC(16) Desired survivor size 11534336 bytes, new threshold 15 (max threshold 15)
[2020-08-13T13:52:30.133+0000][7][gc,age       ] GC(16) Age table with threshold 15 (max threshold 15)
[2020-08-13T13:52:30.133+0000][7][gc,age       ] GC(16) - age   1:    5501472 bytes,    5501472 total
[2020-08-13T13:52:30.133+0000][7][gc,age       ] GC(16) - age   2:    4755248 bytes,   10256720 total
[2020-08-13T13:52:30.133+0000][7][gc,age       ] GC(16) - age   3:      37488 bytes,   10294208 total
[2020-08-13T13:52:30.133+0000][7][gc,phases    ] GC(16)   Pre Evacuate Collection Set: 0.1ms
[2020-08-13T13:52:30.133+0000][7][gc,phases    ] GC(16)   Merge Heap Roots: 0.2ms
[2020-08-13T13:52:30.133+0000][7][gc,phases    ] GC(16)   Evacuate Collection Set: 134.4ms
[2020-08-13T13:52:30.133+0000][7][gc,phases    ] GC(16)   Post Evacuate Collection Set: 21.5ms
[2020-08-13T13:52:30.133+0000][7][gc,phases    ] GC(16)   Other: 0.3ms
[2020-08-13T13:52:30.133+0000][7][gc,heap      ] GC(16) Eden regions: 165->0(133)
[2020-08-13T13:52:30.133+0000][7][gc,heap      ] GC(16) Survivor regions: 5->10(22)
[2020-08-13T13:52:30.133+0000][7][gc,heap      ] GC(16) Old regions: 45->45
[2020-08-13T13:52:30.133+0000][7][gc,heap      ] GC(16) Archive regions: 2->2
[2020-08-13T13:52:30.133+0000][7][gc,heap      ] GC(16) Humongous regions: 1->1
[2020-08-13T13:52:30.133+0000][7][gc,metaspace ] GC(16) Metaspace: 60449K(65820K)->60449K(65820K) NonClass: 52076K(55200K)->52076K(55200K) Class: 8372K(10620K)->8372K(10620K)
[2020-08-13T13:52:30.133+0000][7][gc           ] GC(16) Pause Young (Normal) (G1 Evacuation Pause) 216M->56M(512M) 156.561ms
[2020-08-13T13:52:30.133+0000][7][gc,cpu       ] GC(16) User=0.07s Sys=0.00s Real=0.15s
[2020-08-13T13:52:30.133+0000][7][safepoint    ] Safepoint "G1CollectForAllocation", Time since last: 1022739837 ns, Reaching safepoint: 183974 ns, At safepoint: 156650899 ns, Total: 156834873 ns
[2020-08-13T13:52:31.219+0000][7][safepoint    ] Safepoint "Cleanup", Time since last: 1081205686 ns, Reaching safepoint: 4102609 ns, At safepoint: 6623 ns, Total: 4109232 ns
[2020-08-13T13:52:31.721+0000][7][safepoint    ] Safepoint "BulkRevokeBias", Time since last: 497200009 ns, Reaching safepoint: 4663950 ns, At safepoint: 158066 ns, Total: 4822016 ns
[2020-08-13T13:52:31.789+0000][7][safepoint    ] Safepoint "BulkRevokeBias", Time since last: 58818280 ns, Reaching safepoint: 9104391 ns, At safepoint: 159880 ns, Total: 9264271 ns
[2020-08-13T13:52:32.686+0000][7][safepoint    ] Safepoint "BulkRevokeBias", Time since last: 889190791 ns, Reaching safepoint: 7578065 ns, At safepoint: 425596 ns, Total: 8003661 ns
[2020-08-13T13:52:32.793+0000][7][safepoint    ] Safepoint "BulkRevokeBias", Time since last: 104451269 ns, Reaching safepoint: 2277453 ns, At safepoint: 315461 ns, Total: 2592914 ns
[2020-08-13T13:52:34.558+0000][7][safepoint    ] Safepoint "Cleanup", Time since last: 1764288701 ns, Reaching safepoint: 163075 ns, At safepoint: 2845 ns, Total: 165920 ns
[2020-08-13T13:52:34.562+0000][7][safepoint    ] Safepoint "BulkRevokeBias", Time since last: 3760891 ns, Reaching safepoint: 129612 ns, At safepoint: 180559 ns, Total: 310171 ns
[2020-08-13T13:52:35.562+0000][7][safepoint    ] Safepoint "Cleanup", Time since last: 1000489325 ns, Reaching safepoint: 92203 ns, At safepoint: 2164 ns, Total: 94367 ns
[2020-08-13T13:52:36.568+0000][7][safepoint    ] Safepoint "BulkRevokeBias", Time since last: 1005258643 ns, Reaching safepoint: 138869 ns, At safepoint: 109596 ns, Total: 248465 ns
[2020-08-13T13:52:37.571+0000][7][safepoint    ] Safepoint "Cleanup", Time since last: 1003048277 ns, Reaching safepoint: 106138 ns, At safepoint: 2034 ns, Total: 108172 ns
[2020-08-13T13:52:38.566+0000][7][safepoint    ] Safepoint "BulkRevokeBias", Time since last: 994536485 ns, Reaching safepoint: 80140 ns, At safepoint: 183603 ns, Total: 263743 ns
[2020-08-13T13:52:38.567+0000][7][safepoint    ] Safepoint "BulkRevokeBias", Time since last: 996475 ns, Reaching safepoint: 34325 ns, At safepoint: 188643 ns, Total: 222968 ns
[2020-08-13T13:52:38.568+0000][7][safepoint    ] Safepoint "BulkRevokeBias", Time since last: 537866 ns, Reaching safepoint: 46808 ns, At safepoint: 753681 ns, Total: 800489 ns
[2020-08-13T13:52:39.569+0000][7][safepoint    ] Safepoint "Cleanup", Time since last: 1000864148 ns, Reaching safepoint: 210544 ns, At safepoint: 4729 ns, Total: 215273 ns
[2020-08-13T13:52:40.570+0000][7][safepoint    ] Safepoint "Cleanup", Time since last: 1000906858 ns, Reaching safepoint: 74349 ns, At safepoint: 3016 ns, Total: 77365 ns
[2020-08-13T13:52:41.566+0000][7][safepoint    ] Safepoint "BulkRevokeBias", Time since last: 995781424 ns, Reaching safepoint: 85179 ns, At safepoint: 215885 ns, Total: 301064 ns
[2020-08-13T13:52:42.567+0000][7][safepoint    ] Safepoint "Cleanup", Time since last: 1000243786 ns, Reaching safepoint: 125274 ns, At safepoint: 5651 ns, Total: 130925 ns
[2020-08-13T13:52:43.568+0000][7][safepoint    ] Safepoint "Cleanup", Time since last: 1000425537 ns, Reaching safepoint: 294060 ns, At safepoint: 55153 ns, Total: 349213 ns
[2020-08-13T13:52:44.566+0000][7][safepoint    ] Safepoint "BulkRevokeBias", Time since last: 998346635 ns, Reaching safepoint: 215865 ns, At safepoint: 255939 ns, Total: 471804 ns
[2020-08-13T13:52:45.569+0000][7][safepoint    ] Safepoint "BulkRevokeBias", Time since last: 1002304154 ns, Reaching safepoint: 496289 ns, At safepoint: 159258 ns, Total: 655547 ns
[2020-08-13T13:52:45.571+0000][7][safepoint    ] Safepoint "BulkRevokeBias", Time since last: 503973 ns, Reaching safepoint: 392415 ns, At safepoint: 332342 ns, Total: 724757 ns
[2020-08-13T13:52:47.569+0000][7][safepoint    ] Safepoint "Cleanup", Time since last: 1998524690 ns, Reaching safepoint: 335427 ns, At safepoint: 55944 ns, Total: 391371 ns
[2020-08-13T13:52:48.571+0000][7][safepoint    ] Safepoint "Cleanup", Time since last: 1001194726 ns, Reaching safepoint: 193763 ns, At safepoint: 3576 ns, Total: 197339 ns
[2020-08-13T13:52:50.572+0000][7][safepoint    ] Safepoint "Cleanup", Time since last: 2000794929 ns, Reaching safepoint: 251931 ns, At safepoint: 111648 ns, Total: 363579 ns
[2020-08-13T13:52:51.572+0000][7][safepoint    ] Safepoint "Cleanup", Time since last: 1000152737 ns, Reaching safepoint: 79839 ns, At safepoint: 3928 ns, Total: 83767 ns
[2020-08-13T13:52:52.574+0000][7][safepoint    ] Safepoint "Cleanup", Time since last: 1001488046 ns, Reaching safepoint: 179075 ns, At safepoint: 59511 ns, Total: 238586 ns
[2020-08-13T13:52:53.574+0000][7][safepoint    ] Safepoint "Cleanup", Time since last: 1000324558 ns, Reaching safepoint: 107552 ns, At safepoint: 3096 ns, Total: 110648 ns
[2020-08-13T13:52:54.576+0000][7][safepoint    ] Safepoint "Cleanup", Time since last: 1001798016 ns, Reaching safepoint: 83957 ns, At safepoint: 7294 ns, Total: 91251 ns
[2020-08-13T13:52:55.577+0000][7][safepoint    ] Safepoint "Cleanup", Time since last: 1000138268 ns, Reaching safepoint: 85871 ns, At safepoint: 6973 ns, Total: 92844 ns
[2020-08-13T13:52:56.577+0000][7][safepoint    ] Safepoint "Cleanup", Time since last: 1000415759 ns, Reaching safepoint: 113613 ns, At safepoint: 4278 ns, Total: 117891 ns
[2020-08-13T13:52:57.577+0000][7][safepoint    ] Safepoint "Cleanup", Time since last: 1000113652 ns, Reaching safepoint: 64100 ns, At safepoint: 2014 ns, Total: 66114 ns
[2020-08-13T13:52:58.732+0000][7][safepoint    ] Safepoint "Cleanup", Time since last: 1154444027 ns, Reaching safepoint: 229670 ns, At safepoint: 3035 ns, Total: 232705 ns
[2020-08-13T13:53:00.570+0000][7][safepoint    ] Safepoint "Cleanup", Time since last: 1837489025 ns, Reaching safepoint: 275646 ns, At safepoint: 129141 ns, Total: 404787 ns
[2020-08-13T13:53:01.570+0000][7][safepoint    ] Safepoint "Cleanup", Time since last: 1000188715 ns, Reaching safepoint: 311383 ns, At safepoint: 99896 ns, Total: 411279 ns
[2020-08-13T13:53:02.571+0000][7][safepoint    ] Safepoint "Cleanup", Time since last: 1000158477 ns, Reaching safepoint: 275265 ns, At safepoint: 2795 ns, Total: 278060 ns
[2020-08-13T13:53:03.571+0000][7][safepoint    ] Safepoint "Cleanup", Time since last: 1000139172 ns, Reaching safepoint: 255468 ns, At safepoint: 2565 ns, Total: 258033 ns
[2020-08-13T13:53:04.573+0000][7][safepoint    ] Safepoint "Cleanup", Time since last: 1001364825 ns, Reaching safepoint: 282539 ns, At safepoint: 5961 ns, Total: 288500 ns
[2020-08-13T13:53:05.575+0000][7][safepoint    ] Safepoint "Cleanup", Time since last: 1001661740 ns, Reaching safepoint: 176911 ns, At safepoint: 56436 ns, Total: 233347 ns
[2020-08-13T13:53:06.575+0000][7][safepoint    ] Safepoint "Cleanup", Time since last: 1000293921 ns, Reaching safepoint: 251300 ns, At safepoint: 100067 ns, Total: 351367 ns
[2020-08-13T13:53:07.576+0000][7][safepoint    ] Safepoint "Cleanup", Time since last: 1000165240 ns, Reaching safepoint: 191429 ns, At safepoint: 58890 ns, Total: 250319 ns
[2020-08-13T13:53:08.577+0000][7][safepoint    ] Safepoint "Cleanup", Time since last: 1001115870 ns, Reaching safepoint: 197028 ns, At safepoint: 5671 ns, Total: 202699 ns
[2020-08-13T13:53:09.580+0000][7][safepoint    ] Safepoint "Cleanup", Time since last: 1002510099 ns, Reaching safepoint: 361828 ns, At safepoint: 7163 ns, Total: 368991 ns
[2020-08-13T13:53:10.580+0000][7][safepoint    ] Safepoint "Cleanup", Time since last: 1000257572 ns, Reaching safepoint: 94677 ns, At safepoint: 3567 ns, Total: 98244 ns
[2020-08-13T13:53:11.581+0000][7][safepoint    ] Safepoint "Cleanup", Time since last: 1000448331 ns, Reaching safepoint: 89156 ns, At safepoint: 9047 ns, Total: 98203 ns
[2020-08-13T13:53:12.581+0000][7][safepoint    ] Safepoint "Cleanup", Time since last: 1000198831 ns, Reaching safepoint: 143860 ns, At safepoint: 6703 ns, Total: 150563 ns
[2020-08-13T13:53:13.582+0000][7][safepoint    ] Safepoint "Cleanup", Time since last: 1000603590 ns, Reaching safepoint: 205785 ns, At safepoint: 58750 ns, Total: 264535 ns
[2020-08-13T13:53:14.583+0000][7][safepoint    ] Safepoint "Cleanup", Time since last: 1000245472 ns, Reaching safepoint: 108393 ns, At safepoint: 3306 ns, Total: 111699 ns
[2020-08-13T13:53:15.583+0000][7][safepoint    ] Safepoint "Cleanup", Time since last: 1000275455 ns, Reaching safepoint: 226494 ns, At safepoint: 10009 ns, Total: 236503 ns
[2020-08-13T13:53:16.584+0000][7][safepoint    ] Safepoint "Cleanup", Time since last: 1001070183 ns, Reaching safepoint: 151825 ns, At safepoint: 122699 ns, Total: 274524 ns
[2020-08-13T13:53:17.585+0000][7][safepoint    ] Safepoint "Cleanup", Time since last: 1000189407 ns, Reaching safepoint: 87904 ns, At safepoint: 12794 ns, Total: 100698 ns
[2020-08-13T13:53:18.585+0000][7][safepoint    ] Safepoint "Cleanup", Time since last: 1000141735 ns, Reaching safepoint: 137969 ns, At safepoint: 58400 ns, Total: 196369 ns
[2020-08-13T13:53:19.585+0000][7][safepoint    ] Safepoint "Cleanup", Time since last: 1000151574 ns, Reaching safepoint: 83055 ns, At safepoint: 8476 ns, Total: 91531 ns
[2020-08-13T13:53:20.586+0000][7][safepoint    ] Safepoint "Cleanup", Time since last: 1000778969 ns, Reaching safepoint: 192229 ns, At safepoint: 8246 ns, Total: 200475 ns
[2020-08-13T13:53:21.597+0000][7][safepoint    ] Safepoint "Cleanup", Time since last: 1007755869 ns, Reaching safepoint: 3059957 ns, At safepoint: 5781 ns, Total: 3065738 ns
[2020-08-13T13:53:22.137+0000][7][safepoint    ] Safepoint "BulkRevokeBias", Time since last: 540021795 ns, Reaching safepoint: 107271 ns, At safepoint: 118082 ns, Total: 225353 ns
[2020-08-13T13:53:22.138+0000][7][safepoint    ] Safepoint "BulkRevokeBias", Time since last: 475970 ns, Reaching safepoint: 30086 ns, At safepoint: 96882 ns, Total: 126968 ns
[2020-08-13T13:53:22.165+0000][7][gc,heap,exit ] Heap
[2020-08-13T13:53:22.165+0000][7][gc,heap,exit ]  garbage-first heap   total 524288K, used 148169K [0x00000000e0000000, 0x0000000100000000)
[2020-08-13T13:53:22.165+0000][7][gc,heap,exit ]   region size 1024K, 100 young (102400K), 10 survivors (10240K)
[2020-08-13T13:53:22.165+0000][7][gc,heap,exit ]  Metaspace       used 69490K, capacity 75175K, committed 75292K, reserved 1112064K
[2020-08-13T13:53:22.165+0000][7][gc,heap,exit ]   class space    used 9483K, capacity 11845K, committed 11900K, reserved 1048576K
