[2020-08-13T12:47:07.424+0000][6][gc,heap] Heap region size: 1M
[2020-08-13T12:47:07.424+0000][6][gc,heap,coops] Heap address: 0x00000000e0000000, size: 512 MB, Compressed Oops mode: 32-bit
[2020-08-13T12:47:07.720+0000][6][gc           ] Using G1
[2020-08-13T12:47:07.720+0000][6][gc,cds       ] Mark closed archive regions in map: [0x00000000fff00000, 0x00000000fff7eff8]
[2020-08-13T12:47:07.720+0000][6][gc,cds       ] Mark open archive regions in map: [0x00000000ffe00000, 0x00000000ffe51ff8]
[2020-08-13T12:47:07.752+0000][6][gc           ] Periodic GC disabled
[2020-08-13T12:47:09.394+0000][6][safepoint    ] Safepoint "Cleanup", Time since last: 1638722529 ns, Reaching safepoint: 13995871 ns, At safepoint: 13074 ns, Total: 14008945 ns
[2020-08-13T12:47:09.731+0000][6][gc,start     ] GC(0) Pause Young (Normal) (G1 Evacuation Pause)
[2020-08-13T12:47:09.732+0000][6][gc,task      ] GC(0) Using 2 workers of 2 for evacuation
[2020-08-13T12:47:09.732+0000][6][gc,age       ] GC(0) Desired survivor size 2097152 bytes, new threshold 15 (max threshold 15)
[2020-08-13T12:47:09.755+0000][6][gc,age       ] GC(0) Age table with threshold 15 (max threshold 15)
[2020-08-13T12:47:09.755+0000][6][gc,age       ] GC(0) - age   1:    2818920 bytes,    2818920 total
[2020-08-13T12:47:09.755+0000][6][gc,phases    ] GC(0)   Pre Evacuate Collection Set: 0.1ms
[2020-08-13T12:47:09.756+0000][6][gc,phases    ] GC(0)   Merge Heap Roots: 0.0ms
[2020-08-13T12:47:09.756+0000][6][gc,phases    ] GC(0)   Evacuate Collection Set: 22.9ms
[2020-08-13T12:47:09.756+0000][6][gc,phases    ] GC(0)   Post Evacuate Collection Set: 0.6ms
[2020-08-13T12:47:09.756+0000][6][gc,phases    ] GC(0)   Other: 1.4ms
[2020-08-13T12:47:09.756+0000][6][gc,heap      ] GC(0) Eden regions: 25->0(22)
[2020-08-13T12:47:09.756+0000][6][gc,heap      ] GC(0) Survivor regions: 0->3(4)
[2020-08-13T12:47:09.756+0000][6][gc,heap      ] GC(0) Old regions: 0->0
[2020-08-13T12:47:09.756+0000][6][gc,heap      ] GC(0) Archive regions: 2->2
[2020-08-13T12:47:09.756+0000][6][gc,heap      ] GC(0) Humongous regions: 1->1
[2020-08-13T12:47:09.756+0000][6][gc,metaspace ] GC(0) Metaspace: 6264K(8704K)->6264K(8704K) NonClass: 5545K(7680K)->5545K(7680K) Class: 718K(1024K)->718K(1024K)
[2020-08-13T12:47:09.756+0000][6][gc           ] GC(0) Pause Young (Normal) (G1 Evacuation Pause) 26M->4M(512M) 25.129ms
[2020-08-13T12:47:09.756+0000][6][gc,cpu       ] GC(0) User=0.01s Sys=0.00s Real=0.03s
[2020-08-13T12:47:09.756+0000][6][safepoint    ] Safepoint "G1CollectForAllocation", Time since last: 335085233 ns, Reaching safepoint: 1743081 ns, At safepoint: 25206611 ns, Total: 26949692 ns
[2020-08-13T12:47:11.302+0000][6][safepoint    ] Safepoint "Cleanup", Time since last: 1535973883 ns, Reaching safepoint: 10581621 ns, At safepoint: 5290 ns, Total: 10586911 ns
[2020-08-13T12:47:12.907+0000][6][safepoint    ] Safepoint "Cleanup", Time since last: 1597396965 ns, Reaching safepoint: 7134641 ns, At safepoint: 9027 ns, Total: 7143668 ns
[2020-08-13T12:47:13.243+0000][6][gc,start     ] GC(1) Pause Young (Normal) (G1 Evacuation Pause)
[2020-08-13T12:47:13.243+0000][6][gc,task      ] GC(1) Using 2 workers of 2 for evacuation
[2020-08-13T12:47:13.243+0000][6][gc,age       ] GC(1) Desired survivor size 2097152 bytes, new threshold 1 (max threshold 15)
[2020-08-13T12:47:13.255+0000][6][gc,age       ] GC(1) Age table with threshold 1 (max threshold 15)
[2020-08-13T12:47:13.255+0000][6][gc,age       ] GC(1) - age   1:    1821160 bytes,    1821160 total
[2020-08-13T12:47:13.255+0000][6][gc,phases    ] GC(1)   Pre Evacuate Collection Set: 0.1ms
[2020-08-13T12:47:13.255+0000][6][gc,phases    ] GC(1)   Merge Heap Roots: 0.0ms
[2020-08-13T12:47:13.255+0000][6][gc,phases    ] GC(1)   Evacuate Collection Set: 11.5ms
[2020-08-13T12:47:13.255+0000][6][gc,phases    ] GC(1)   Post Evacuate Collection Set: 0.6ms
[2020-08-13T12:47:13.255+0000][6][gc,phases    ] GC(1)   Other: 0.3ms
[2020-08-13T12:47:13.255+0000][6][gc,heap      ] GC(1) Eden regions: 22->0(26)
[2020-08-13T12:47:13.255+0000][6][gc,heap      ] GC(1) Survivor regions: 3->2(4)
[2020-08-13T12:47:13.255+0000][6][gc,heap      ] GC(1) Old regions: 0->3
[2020-08-13T12:47:13.255+0000][6][gc,heap      ] GC(1) Archive regions: 2->2
[2020-08-13T12:47:13.255+0000][6][gc,heap      ] GC(1) Humongous regions: 1->1
[2020-08-13T12:47:13.255+0000][6][gc,metaspace ] GC(1) Metaspace: 11488K(12160K)->11488K(12160K) NonClass: 10058K(10496K)->10058K(10496K) Class: 1430K(1664K)->1430K(1664K)
[2020-08-13T12:47:13.255+0000][6][gc           ] GC(1) Pause Young (Normal) (G1 Evacuation Pause) 26M->6M(512M) 12.558ms
[2020-08-13T12:47:13.255+0000][6][gc,cpu       ] GC(1) User=0.02s Sys=0.00s Real=0.01s
[2020-08-13T12:47:13.255+0000][6][safepoint    ] Safepoint "G1CollectForAllocation", Time since last: 335574017 ns, Reaching safepoint: 141205 ns, At safepoint: 12631818 ns, Total: 12773023 ns
[2020-08-13T12:47:14.760+0000][6][gc,start     ] GC(2) Pause Young (Normal) (G1 Evacuation Pause)
[2020-08-13T12:47:14.760+0000][6][gc,task      ] GC(2) Using 2 workers of 2 for evacuation
[2020-08-13T12:47:14.760+0000][6][gc,age       ] GC(2) Desired survivor size 2097152 bytes, new threshold 15 (max threshold 15)
[2020-08-13T12:47:14.823+0000][6][gc,age       ] GC(2) Age table with threshold 15 (max threshold 15)
[2020-08-13T12:47:14.823+0000][6][gc,age       ] GC(2) - age   1:    1650032 bytes,    1650032 total
[2020-08-13T12:47:14.823+0000][6][gc,age       ] GC(2) - age   2:    1726752 bytes,    3376784 total
[2020-08-13T12:47:14.823+0000][6][gc,phases    ] GC(2)   Pre Evacuate Collection Set: 0.1ms
[2020-08-13T12:47:14.823+0000][6][gc,phases    ] GC(2)   Merge Heap Roots: 0.0ms
[2020-08-13T12:47:14.823+0000][6][gc,phases    ] GC(2)   Evacuate Collection Set: 46.4ms
[2020-08-13T12:47:14.823+0000][6][gc,phases    ] GC(2)   Post Evacuate Collection Set: 16.5ms
[2020-08-13T12:47:14.823+0000][6][gc,phases    ] GC(2)   Other: 0.3ms
[2020-08-13T12:47:14.823+0000][6][gc,heap      ] GC(2) Eden regions: 26->0(48)
[2020-08-13T12:47:14.823+0000][6][gc,heap      ] GC(2) Survivor regions: 2->4(4)
[2020-08-13T12:47:14.823+0000][6][gc,heap      ] GC(2) Old regions: 3->3
[2020-08-13T12:47:14.823+0000][6][gc,heap      ] GC(2) Archive regions: 2->2
[2020-08-13T12:47:14.823+0000][6][gc,heap      ] GC(2) Humongous regions: 1->1
[2020-08-13T12:47:14.823+0000][6][gc,metaspace ] GC(2) Metaspace: 13797K(14464K)->13797K(14464K) NonClass: 12116K(12544K)->12116K(12544K) Class: 1680K(1920K)->1680K(1920K)
[2020-08-13T12:47:14.823+0000][6][gc           ] GC(2) Pause Young (Normal) (G1 Evacuation Pause) 32M->7M(512M) 63.409ms
[2020-08-13T12:47:14.824+0000][6][gc,cpu       ] GC(2) User=0.02s Sys=0.00s Real=0.06s
[2020-08-13T12:47:14.824+0000][6][safepoint    ] Safepoint "G1CollectForAllocation", Time since last: 1504658492 ns, Reaching safepoint: 259135 ns, At safepoint: 63491503 ns, Total: 63750638 ns
[2020-08-13T12:47:14.834+0000][6][safepoint    ] Safepoint "BulkRevokeBias", Time since last: 6165026 ns, Reaching safepoint: 3992752 ns, At safepoint: 103384 ns, Total: 4096136 ns
[2020-08-13T12:47:15.869+0000][6][gc,start     ] GC(3) Pause Young (Normal) (G1 Evacuation Pause)
[2020-08-13T12:47:15.869+0000][6][gc,task      ] GC(3) Using 2 workers of 2 for evacuation
[2020-08-13T12:47:15.869+0000][6][gc,age       ] GC(3) Desired survivor size 3670016 bytes, new threshold 15 (max threshold 15)
[2020-08-13T12:47:15.885+0000][6][gc,age       ] GC(3) Age table with threshold 15 (max threshold 15)
[2020-08-13T12:47:15.885+0000][6][gc,age       ] GC(3) - age   1:    2367864 bytes,    2367864 total
[2020-08-13T12:47:15.885+0000][6][gc,age       ] GC(3) - age   2:    1565480 bytes,    3933344 total
[2020-08-13T12:47:15.885+0000][6][gc,age       ] GC(3) - age   3:    1706672 bytes,    5640016 total
[2020-08-13T12:47:15.885+0000][6][gc,phases    ] GC(3)   Pre Evacuate Collection Set: 0.1ms
[2020-08-13T12:47:15.885+0000][6][gc,phases    ] GC(3)   Merge Heap Roots: 0.0ms
[2020-08-13T12:47:15.885+0000][6][gc,phases    ] GC(3)   Evacuate Collection Set: 14.6ms
[2020-08-13T12:47:15.885+0000][6][gc,phases    ] GC(3)   Post Evacuate Collection Set: 0.7ms
[2020-08-13T12:47:15.885+0000][6][gc,phases    ] GC(3)   Other: 0.4ms
[2020-08-13T12:47:15.885+0000][6][gc,heap      ] GC(3) Eden regions: 48->0(66)
[2020-08-13T12:47:15.885+0000][6][gc,heap      ] GC(3) Survivor regions: 4->6(7)
[2020-08-13T12:47:15.885+0000][6][gc,heap      ] GC(3) Old regions: 3->3
[2020-08-13T12:47:15.885+0000][6][gc,heap      ] GC(3) Archive regions: 2->2
[2020-08-13T12:47:15.885+0000][6][gc,heap      ] GC(3) Humongous regions: 2->1
[2020-08-13T12:47:15.885+0000][6][gc,metaspace ] GC(3) Metaspace: 15659K(16384K)->15659K(16384K) NonClass: 13712K(14080K)->13712K(14080K) Class: 1946K(2304K)->1946K(2304K)
[2020-08-13T12:47:15.885+0000][6][gc           ] GC(3) Pause Young (Normal) (G1 Evacuation Pause) 56M->10M(512M) 16.007ms
[2020-08-13T12:47:15.885+0000][6][gc,cpu       ] GC(3) User=0.01s Sys=0.00s Real=0.01s
[2020-08-13T12:47:15.885+0000][6][safepoint    ] Safepoint "G1CollectForAllocation", Time since last: 1032585250 ns, Reaching safepoint: 2457920 ns, At safepoint: 16106349 ns, Total: 18564269 ns
[2020-08-13T12:47:16.024+0000][6][safepoint    ] Safepoint "BulkRevokeBias", Time since last: 124031553 ns, Reaching safepoint: 14739894 ns, At safepoint: 109325 ns, Total: 14849219 ns
[2020-08-13T12:47:16.030+0000][6][safepoint    ] Safepoint "BulkRevokeBias", Time since last: 93304 ns, Reaching safepoint: 5857481 ns, At safepoint: 110236 ns, Total: 5967717 ns
[2020-08-13T12:47:16.680+0000][6][gc,start     ] GC(4) Pause Young (Normal) (G1 Evacuation Pause)
[2020-08-13T12:47:16.680+0000][6][gc,task      ] GC(4) Using 2 workers of 2 for evacuation
[2020-08-13T12:47:16.680+0000][6][gc,age       ] GC(4) Desired survivor size 4718592 bytes, new threshold 3 (max threshold 15)
[2020-08-13T12:47:16.734+0000][6][gc,age       ] GC(4) Age table with threshold 3 (max threshold 15)
[2020-08-13T12:47:16.734+0000][6][gc,age       ] GC(4) - age   1:    1661192 bytes,    1661192 total
[2020-08-13T12:47:16.734+0000][6][gc,age       ] GC(4) - age   2:    1701168 bytes,    3362360 total
[2020-08-13T12:47:16.734+0000][6][gc,age       ] GC(4) - age   3:    1565440 bytes,    4927800 total
[2020-08-13T12:47:16.734+0000][6][gc,phases    ] GC(4)   Pre Evacuate Collection Set: 0.1ms
[2020-08-13T12:47:16.734+0000][6][gc,phases    ] GC(4)   Merge Heap Roots: 0.0ms
[2020-08-13T12:47:16.734+0000][6][gc,phases    ] GC(4)   Evacuate Collection Set: 52.4ms
[2020-08-13T12:47:16.734+0000][6][gc,phases    ] GC(4)   Post Evacuate Collection Set: 1.0ms
[2020-08-13T12:47:16.734+0000][6][gc,phases    ] GC(4)   Other: 0.3ms
[2020-08-13T12:47:16.734+0000][6][gc,heap      ] GC(4) Eden regions: 65->0(301)
[2020-08-13T12:47:16.734+0000][6][gc,heap      ] GC(4) Survivor regions: 6->6(9)
[2020-08-13T12:47:16.734+0000][6][gc,heap      ] GC(4) Old regions: 3->5
[2020-08-13T12:47:16.734+0000][6][gc,heap      ] GC(4) Archive regions: 2->2
[2020-08-13T12:47:16.734+0000][6][gc,heap      ] GC(4) Humongous regions: 1->1
[2020-08-13T12:47:16.734+0000][6][gc,metaspace ] GC(4) Metaspace: 17011K(18048K)->17011K(18048K) NonClass: 14901K(15616K)->14901K(15616K) Class: 2109K(2432K)->2109K(2432K)
[2020-08-13T12:47:16.734+0000][6][gc           ] GC(4) Pause Young (Normal) (G1 Evacuation Pause) 75M->11M(512M) 53.921ms
[2020-08-13T12:47:16.734+0000][6][gc,cpu       ] GC(4) User=0.01s Sys=0.00s Real=0.05s
[2020-08-13T12:47:16.734+0000][6][safepoint    ] Safepoint "G1CollectForAllocation", Time since last: 649972619 ns, Reaching safepoint: 175138 ns, At safepoint: 54000422 ns, Total: 54175560 ns
[2020-08-13T12:47:17.750+0000][6][safepoint    ] Safepoint "Cleanup", Time since last: 1005665354 ns, Reaching safepoint: 10250843 ns, At safepoint: 10910 ns, Total: 10261753 ns
[2020-08-13T12:47:19.149+0000][6][gc,start     ] GC(5) Pause Young (Normal) (G1 Evacuation Pause)
[2020-08-13T12:47:19.149+0000][6][gc,task      ] GC(5) Using 2 workers of 2 for evacuation
[2020-08-13T12:47:19.149+0000][6][gc,age       ] GC(5) Desired survivor size 20447232 bytes, new threshold 15 (max threshold 15)
[2020-08-13T12:47:19.208+0000][6][gc,age       ] GC(5) Age table with threshold 15 (max threshold 15)
[2020-08-13T12:47:19.208+0000][6][gc,age       ] GC(5) - age   1:    4505384 bytes,    4505384 total
[2020-08-13T12:47:19.208+0000][6][gc,age       ] GC(5) - age   2:    1366336 bytes,    5871720 total
[2020-08-13T12:47:19.208+0000][6][gc,age       ] GC(5) - age   3:    1700624 bytes,    7572344 total
[2020-08-13T12:47:19.208+0000][6][gc,age       ] GC(5) - age   4:    1565440 bytes,    9137784 total
[2020-08-13T12:47:19.208+0000][6][gc,phases    ] GC(5)   Pre Evacuate Collection Set: 0.1ms
[2020-08-13T12:47:19.208+0000][6][gc,phases    ] GC(5)   Merge Heap Roots: 0.1ms
[2020-08-13T12:47:19.208+0000][6][gc,phases    ] GC(5)   Evacuate Collection Set: 57.8ms
[2020-08-13T12:47:19.208+0000][6][gc,phases    ] GC(5)   Post Evacuate Collection Set: 1.2ms
[2020-08-13T12:47:19.208+0000][6][gc,phases    ] GC(5)   Other: 0.3ms
[2020-08-13T12:47:19.208+0000][6][gc,heap      ] GC(5) Eden regions: 301->0(298)
[2020-08-13T12:47:19.208+0000][6][gc,heap      ] GC(5) Survivor regions: 6->9(39)
[2020-08-13T12:47:19.208+0000][6][gc,heap      ] GC(5) Old regions: 5->5
[2020-08-13T12:47:19.208+0000][6][gc,heap      ] GC(5) Archive regions: 2->2
[2020-08-13T12:47:19.208+0000][6][gc,heap      ] GC(5) Humongous regions: 1->1
[2020-08-13T12:47:19.208+0000][6][gc,metaspace ] GC(5) Metaspace: 17939K(19200K)->17939K(19200K) NonClass: 15709K(16640K)->15709K(16640K) Class: 2229K(2560K)->2229K(2560K)
[2020-08-13T12:47:19.208+0000][6][gc           ] GC(5) Pause Young (Normal) (G1 Evacuation Pause) 312M->15M(512M) 59.563ms
[2020-08-13T12:47:19.208+0000][6][gc,cpu       ] GC(5) User=0.04s Sys=0.00s Real=0.06s
[2020-08-13T12:47:19.208+0000][6][safepoint    ] Safepoint "G1CollectForAllocation", Time since last: 1398411790 ns, Reaching safepoint: 130985 ns, At safepoint: 59632532 ns, Total: 59763517 ns
[2020-08-13T12:47:19.220+0000][6][safepoint    ] Safepoint "BulkRevokeBias", Time since last: 8695642 ns, Reaching safepoint: 2921567 ns, At safepoint: 84278 ns, Total: 3005845 ns
[2020-08-13T12:47:19.678+0000][6][safepoint    ] Safepoint "BulkRevokeBias", Time since last: 455938578 ns, Reaching safepoint: 2650430 ns, At safepoint: 52057 ns, Total: 2702487 ns
[2020-08-13T12:47:19.681+0000][6][safepoint    ] Safepoint "BulkRevokeBias", Time since last: 113333 ns, Reaching safepoint: 2242836 ns, At safepoint: 68448 ns, Total: 2311284 ns
[2020-08-13T12:47:20.691+0000][6][safepoint    ] Safepoint "Cleanup", Time since last: 1009920517 ns, Reaching safepoint: 231575 ns, At safepoint: 4228 ns, Total: 235803 ns
[2020-08-13T12:47:21.361+0000][6][gc,start     ] GC(6) Pause Young (Normal) (G1 Evacuation Pause)
[2020-08-13T12:47:21.361+0000][6][gc,task      ] GC(6) Using 2 workers of 2 for evacuation
[2020-08-13T12:47:21.361+0000][6][gc,age       ] GC(6) Desired survivor size 20447232 bytes, new threshold 15 (max threshold 15)
[2020-08-13T12:47:21.433+0000][6][gc,age       ] GC(6) Age table with threshold 15 (max threshold 15)
[2020-08-13T12:47:21.433+0000][6][gc,age       ] GC(6) - age   1:    3473752 bytes,    3473752 total
[2020-08-13T12:47:21.433+0000][6][gc,age       ] GC(6) - age   2:    3706488 bytes,    7180240 total
[2020-08-13T12:47:21.433+0000][6][gc,age       ] GC(6) - age   3:    1361952 bytes,    8542192 total
[2020-08-13T12:47:21.433+0000][6][gc,age       ] GC(6) - age   4:    1699552 bytes,   10241744 total
[2020-08-13T12:47:21.433+0000][6][gc,age       ] GC(6) - age   5:    1565232 bytes,   11806976 total
[2020-08-13T12:47:21.433+0000][6][gc,phases    ] GC(6)   Pre Evacuate Collection Set: 0.1ms
[2020-08-13T12:47:21.433+0000][6][gc,phases    ] GC(6)   Merge Heap Roots: 0.1ms
[2020-08-13T12:47:21.433+0000][6][gc,phases    ] GC(6)   Evacuate Collection Set: 70.8ms
[2020-08-13T12:47:21.433+0000][6][gc,phases    ] GC(6)   Post Evacuate Collection Set: 1.5ms
[2020-08-13T12:47:21.433+0000][6][gc,phases    ] GC(6)   Other: 0.3ms
[2020-08-13T12:47:21.433+0000][6][gc,heap      ] GC(6) Eden regions: 298->0(295)
[2020-08-13T12:47:21.433+0000][6][gc,heap      ] GC(6) Survivor regions: 9->12(39)
[2020-08-13T12:47:21.433+0000][6][gc,heap      ] GC(6) Old regions: 5->5
[2020-08-13T12:47:21.433+0000][6][gc,heap      ] GC(6) Archive regions: 2->2
[2020-08-13T12:47:21.433+0000][6][gc,heap      ] GC(6) Humongous regions: 1->1
[2020-08-13T12:47:21.433+0000][6][gc,metaspace ] GC(6) Metaspace: 19384K(20736K)->19384K(20736K) NonClass: 16977K(17920K)->16977K(17920K) Class: 2406K(2816K)->2406K(2816K)
[2020-08-13T12:47:21.433+0000][6][gc           ] GC(6) Pause Young (Normal) (G1 Evacuation Pause) 313M->18M(512M) 72.743ms
[2020-08-13T12:47:21.433+0000][6][gc,cpu       ] GC(6) User=0.02s Sys=0.00s Real=0.07s
[2020-08-13T12:47:21.433+0000][6][safepoint    ] Safepoint "G1CollectForAllocation", Time since last: 669503446 ns, Reaching safepoint: 104987 ns, At safepoint: 72823495 ns, Total: 72928482 ns
[2020-08-13T12:47:22.440+0000][6][safepoint    ] Safepoint "Cleanup", Time since last: 1006146196 ns, Reaching safepoint: 99826 ns, At safepoint: 2494 ns, Total: 102320 ns
[2020-08-13T12:47:22.495+0000][6][gc,start     ] GC(7) Pause Young (Concurrent Start) (Metadata GC Threshold)
[2020-08-13T12:47:22.495+0000][6][gc,task      ] GC(7) Using 2 workers of 2 for evacuation
[2020-08-13T12:47:22.495+0000][6][gc,age       ] GC(7) Desired survivor size 20447232 bytes, new threshold 15 (max threshold 15)
[2020-08-13T12:47:22.584+0000][6][gc,age       ] GC(7) Age table with threshold 15 (max threshold 15)
[2020-08-13T12:47:22.584+0000][6][gc,age       ] GC(7) - age   1:     957144 bytes,     957144 total
[2020-08-13T12:47:22.584+0000][6][gc,age       ] GC(7) - age   2:    2904880 bytes,    3862024 total
[2020-08-13T12:47:22.584+0000][6][gc,age       ] GC(7) - age   3:    3705448 bytes,    7567472 total
[2020-08-13T12:47:22.584+0000][6][gc,age       ] GC(7) - age   4:    1361952 bytes,    8929424 total
[2020-08-13T12:47:22.584+0000][6][gc,age       ] GC(7) - age   5:    1699552 bytes,   10628976 total
[2020-08-13T12:47:22.584+0000][6][gc,age       ] GC(7) - age   6:    1565232 bytes,   12194208 total
[2020-08-13T12:47:22.584+0000][6][gc,phases    ] GC(7)   Pre Evacuate Collection Set: 0.2ms
[2020-08-13T12:47:22.584+0000][6][gc,phases    ] GC(7)   Merge Heap Roots: 0.1ms
[2020-08-13T12:47:22.584+0000][6][gc,phases    ] GC(7)   Evacuate Collection Set: 56.7ms
[2020-08-13T12:47:22.584+0000][6][gc,phases    ] GC(7)   Post Evacuate Collection Set: 32.0ms
[2020-08-13T12:47:22.584+0000][6][gc,phases    ] GC(7)   Other: 0.4ms
[2020-08-13T12:47:22.584+0000][6][gc,heap      ] GC(7) Eden regions: 249->0(294)
[2020-08-13T12:47:22.584+0000][6][gc,heap      ] GC(7) Survivor regions: 12->13(39)
[2020-08-13T12:47:22.584+0000][6][gc,heap      ] GC(7) Old regions: 5->5
[2020-08-13T12:47:22.584+0000][6][gc,heap      ] GC(7) Archive regions: 2->2
[2020-08-13T12:47:22.584+0000][6][gc,heap      ] GC(7) Humongous regions: 1->1
[2020-08-13T12:47:22.584+0000][6][gc,metaspace ] GC(7) Metaspace: 19738K(21296K)->19738K(21296K) NonClass: 17273K(18432K)->17273K(18432K) Class: 2464K(2864K)->2464K(2864K)
[2020-08-13T12:47:22.584+0000][6][gc           ] GC(7) Pause Young (Concurrent Start) (Metadata GC Threshold) 267M->18M(512M) 89.424ms
[2020-08-13T12:47:22.584+0000][6][gc,cpu       ] GC(7) User=0.06s Sys=0.00s Real=0.09s
[2020-08-13T12:47:22.584+0000][6][safepoint    ] Safepoint "CollectForMetadataAllocation", Time since last: 54685094 ns, Reaching safepoint: 66494 ns, At safepoint: 89669721 ns, Total: 89736215 ns
[2020-08-13T12:47:22.585+0000][6][gc           ] GC(8) Concurrent Cycle
[2020-08-13T12:47:22.585+0000][6][gc,marking   ] GC(8) Concurrent Clear Claimed Marks
[2020-08-13T12:47:22.585+0000][6][gc,marking   ] GC(8) Concurrent Clear Claimed Marks 0.267ms
[2020-08-13T12:47:22.585+0000][6][gc,marking   ] GC(8) Concurrent Scan Root Regions
[2020-08-13T12:47:22.600+0000][6][gc,marking   ] GC(8) Concurrent Scan Root Regions 14.790ms
[2020-08-13T12:47:22.600+0000][6][gc,marking   ] GC(8) Concurrent Mark (15.184s)
[2020-08-13T12:47:22.600+0000][6][gc,marking   ] GC(8) Concurrent Mark From Roots
[2020-08-13T12:47:22.600+0000][6][gc,task      ] GC(8) Using 1 workers of 1 for marking
[2020-08-13T12:47:22.650+0000][6][gc,marking   ] GC(8) Concurrent Mark From Roots 50.385ms
[2020-08-13T12:47:22.650+0000][6][gc,marking   ] GC(8) Concurrent Preclean
[2020-08-13T12:47:22.650+0000][6][gc,marking   ] GC(8) Concurrent Preclean 0.065ms
[2020-08-13T12:47:22.650+0000][6][gc,marking   ] GC(8) Concurrent Mark (15.184s, 15.234s) 50.546ms
[2020-08-13T12:47:22.662+0000][6][gc,start     ] GC(8) Pause Remark
[2020-08-13T12:47:22.705+0000][6][gc           ] GC(8) Pause Remark 25M->25M(512M) 42.962ms
[2020-08-13T12:47:22.705+0000][6][gc,cpu       ] GC(8) User=0.01s Sys=0.00s Real=0.04s
[2020-08-13T12:47:22.705+0000][6][safepoint    ] Safepoint "G1Concurrent", Time since last: 66120603 ns, Reaching safepoint: 11386648 ns, At safepoint: 43101297 ns, Total: 54487945 ns
[2020-08-13T12:47:22.705+0000][6][gc,marking   ] GC(8) Concurrent Rebuild Remembered Sets
[2020-08-13T12:47:22.729+0000][6][gc,marking   ] GC(8) Concurrent Rebuild Remembered Sets 23.729ms
[2020-08-13T12:47:22.737+0000][6][gc,start     ] GC(8) Pause Cleanup
[2020-08-13T12:47:22.746+0000][6][gc           ] GC(8) Pause Cleanup 31M->31M(512M) 8.516ms
[2020-08-13T12:47:22.746+0000][6][gc,cpu       ] GC(8) User=0.00s Sys=0.00s Real=0.01s
[2020-08-13T12:47:22.746+0000][6][safepoint    ] Safepoint "G1Concurrent", Time since last: 23860180 ns, Reaching safepoint: 8695071 ns, At safepoint: 8638486 ns, Total: 17333557 ns
[2020-08-13T12:47:22.746+0000][6][gc,marking   ] GC(8) Concurrent Cleanup for Next Mark
[2020-08-13T12:47:22.747+0000][6][gc,marking   ] GC(8) Concurrent Cleanup for Next Mark 1.252ms
[2020-08-13T12:47:22.747+0000][6][gc           ] GC(8) Concurrent Cycle 162.747ms
[2020-08-13T12:47:23.764+0000][6][safepoint    ] Safepoint "Cleanup", Time since last: 1007730679 ns, Reaching safepoint: 9928620 ns, At safepoint: 11572 ns, Total: 9940192 ns
[2020-08-13T12:47:25.715+0000][6][safepoint    ] Safepoint "Cleanup", Time since last: 1944062647 ns, Reaching safepoint: 6966127 ns, At safepoint: 15960 ns, Total: 6982087 ns
[2020-08-13T12:47:27.012+0000][6][safepoint    ] Safepoint "Cleanup", Time since last: 1280524815 ns, Reaching safepoint: 16471443 ns, At safepoint: 18875 ns, Total: 16490318 ns
[2020-08-13T12:47:28.062+0000][6][safepoint    ] Safepoint "Cleanup", Time since last: 1030933480 ns, Reaching safepoint: 19559622 ns, At safepoint: 6422 ns, Total: 19566044 ns
[2020-08-13T12:47:29.069+0000][6][safepoint    ] Safepoint "Cleanup", Time since last: 1003751964 ns, Reaching safepoint: 2817142 ns, At safepoint: 5460 ns, Total: 2822602 ns
[2020-08-13T12:47:30.035+0000][6][safepoint    ] Safepoint "BulkRevokeBias", Time since last: 966284671 ns, Reaching safepoint: 101569 ns, At safepoint: 102292 ns, Total: 203861 ns
[2020-08-13T12:47:30.372+0000][6][gc,start     ] GC(9) Pause Young (Normal) (G1 Evacuation Pause)
[2020-08-13T12:47:30.372+0000][6][gc,task      ] GC(9) Using 2 workers of 2 for evacuation
[2020-08-13T12:47:30.372+0000][6][gc,age       ] GC(9) Desired survivor size 20447232 bytes, new threshold 15 (max threshold 15)
[2020-08-13T12:47:30.471+0000][6][gc,age       ] GC(9) Age table with threshold 15 (max threshold 15)
[2020-08-13T12:47:30.471+0000][6][gc,age       ] GC(9) - age   1:   13757464 bytes,   13757464 total
[2020-08-13T12:47:30.471+0000][6][gc,age       ] GC(9) - age   2:     917744 bytes,   14675208 total
[2020-08-13T12:47:30.471+0000][6][gc,age       ] GC(9) - age   3:    2882688 bytes,   17557896 total
[2020-08-13T12:47:30.471+0000][6][gc,age       ] GC(9) - age   4:    3680848 bytes,   21238744 total
[2020-08-13T12:47:30.471+0000][6][gc,age       ] GC(9) - age   5:    1357496 bytes,   22596240 total
[2020-08-13T12:47:30.471+0000][6][gc,age       ] GC(9) - age   6:    1657800 bytes,   24254040 total
[2020-08-13T12:47:30.471+0000][6][gc,age       ] GC(9) - age   7:    1540456 bytes,   25794496 total
[2020-08-13T12:47:30.471+0000][6][gc,phases    ] GC(9)   Pre Evacuate Collection Set: 0.1ms
[2020-08-13T12:47:30.471+0000][6][gc,phases    ] GC(9)   Merge Heap Roots: 0.1ms
[2020-08-13T12:47:30.471+0000][6][gc,phases    ] GC(9)   Evacuate Collection Set: 95.5ms
[2020-08-13T12:47:30.471+0000][6][gc,phases    ] GC(9)   Post Evacuate Collection Set: 3.3ms
[2020-08-13T12:47:30.471+0000][6][gc,phases    ] GC(9)   Other: 0.3ms
[2020-08-13T12:47:30.471+0000][6][gc,heap      ] GC(9) Eden regions: 294->0(282)
[2020-08-13T12:47:30.471+0000][6][gc,heap      ] GC(9) Survivor regions: 13->25(39)
[2020-08-13T12:47:30.471+0000][6][gc,heap      ] GC(9) Old regions: 5->5
[2020-08-13T12:47:30.471+0000][6][gc,heap      ] GC(9) Archive regions: 2->2
[2020-08-13T12:47:30.471+0000][6][gc,heap      ] GC(9) Humongous regions: 1->1
[2020-08-13T12:47:30.471+0000][6][gc,metaspace ] GC(9) Metaspace: 29048K(31664K)->29048K(31664K) NonClass: 25348K(27136K)->25348K(27136K) Class: 3699K(4528K)->3699K(4528K)
[2020-08-13T12:47:30.471+0000][6][gc           ] GC(9) Pause Young (Normal) (G1 Evacuation Pause) 312M->31M(512M) 99.427ms
[2020-08-13T12:47:30.471+0000][6][gc,cpu       ] GC(9) User=0.07s Sys=0.00s Real=0.10s
[2020-08-13T12:47:30.471+0000][6][safepoint    ] Safepoint "G1CollectForAllocation", Time since last: 336425501 ns, Reaching safepoint: 109384 ns, At safepoint: 99515436 ns, Total: 99624820 ns
[2020-08-13T12:47:31.525+0000][6][safepoint    ] Safepoint "Cleanup", Time since last: 1049350654 ns, Reaching safepoint: 4137021 ns, At safepoint: 4679 ns, Total: 4141700 ns
[2020-08-13T12:47:33.562+0000][6][safepoint    ] Safepoint "Cleanup", Time since last: 2028827611 ns, Reaching safepoint: 8120045 ns, At safepoint: 6262 ns, Total: 8126307 ns
[2020-08-13T12:47:34.580+0000][6][safepoint    ] Safepoint "Cleanup", Time since last: 1002907524 ns, Reaching safepoint: 15134431 ns, At safepoint: 23604 ns, Total: 15158035 ns
[2020-08-13T12:47:34.639+0000][6][gc,start     ] GC(10) Pause Young (Concurrent Start) (Metadata GC Threshold)
[2020-08-13T12:47:34.639+0000][6][gc,task      ] GC(10) Using 2 workers of 2 for evacuation
[2020-08-13T12:47:34.639+0000][6][gc,age       ] GC(10) Desired survivor size 20447232 bytes, new threshold 4 (max threshold 15)
[2020-08-13T12:47:34.810+0000][6][gc,age       ] GC(10) Age table with threshold 4 (max threshold 15)
[2020-08-13T12:47:34.810+0000][6][gc,age       ] GC(10) - age   1:   16180400 bytes,   16180400 total
[2020-08-13T12:47:34.810+0000][6][gc,age       ] GC(10) - age   2:   13313608 bytes,   29494008 total
[2020-08-13T12:47:34.810+0000][6][gc,age       ] GC(10) - age   3:     917712 bytes,   30411720 total
[2020-08-13T12:47:34.810+0000][6][gc,age       ] GC(10) - age   4:    2876000 bytes,   33287720 total
[2020-08-13T12:47:34.810+0000][6][gc,phases    ] GC(10)   Pre Evacuate Collection Set: 0.4ms
[2020-08-13T12:47:34.810+0000][6][gc,phases    ] GC(10)   Merge Heap Roots: 0.1ms
[2020-08-13T12:47:34.810+0000][6][gc,phases    ] GC(10)   Evacuate Collection Set: 168.5ms
[2020-08-13T12:47:34.810+0000][6][gc,phases    ] GC(10)   Post Evacuate Collection Set: 2.4ms
[2020-08-13T12:47:34.810+0000][6][gc,phases    ] GC(10)   Other: 0.3ms
[2020-08-13T12:47:34.810+0000][6][gc,heap      ] GC(10) Eden regions: 158->0(32)
[2020-08-13T12:47:34.810+0000][6][gc,heap      ] GC(10) Survivor regions: 25->32(39)
[2020-08-13T12:47:34.810+0000][6][gc,heap      ] GC(10) Old regions: 5->13
[2020-08-13T12:47:34.810+0000][6][gc,heap      ] GC(10) Archive regions: 2->2
[2020-08-13T12:47:34.810+0000][6][gc,heap      ] GC(10) Humongous regions: 1->1
[2020-08-13T12:47:34.810+0000][6][gc,metaspace ] GC(10) Metaspace: 32807K(35920K)->32807K(35920K) NonClass: 28480K(30624K)->28480K(30624K) Class: 4326K(5296K)->4326K(5296K)
[2020-08-13T12:47:34.810+0000][6][gc           ] GC(10) Pause Young (Concurrent Start) (Metadata GC Threshold) 189M->46M(512M) 171.798ms
[2020-08-13T12:47:34.810+0000][6][gc,cpu       ] GC(10) User=0.10s Sys=0.00s Real=0.17s
[2020-08-13T12:47:34.811+0000][6][safepoint    ] Safepoint "CollectForMetadataAllocation", Time since last: 58639113 ns, Reaching safepoint: 101240 ns, At safepoint: 172008854 ns, Total: 172110094 ns
[2020-08-13T12:47:34.811+0000][6][gc           ] GC(11) Concurrent Cycle
[2020-08-13T12:47:34.811+0000][6][gc,marking   ] GC(11) Concurrent Clear Claimed Marks
[2020-08-13T12:47:34.811+0000][6][gc,marking   ] GC(11) Concurrent Clear Claimed Marks 0.332ms
[2020-08-13T12:47:34.811+0000][6][gc,marking   ] GC(11) Concurrent Scan Root Regions
[2020-08-13T12:47:34.899+0000][6][safepoint    ] Safepoint "CollectForMetadataAllocation", Time since last: 88356773 ns, Reaching safepoint: 79008 ns, At safepoint: 148749 ns, Total: 227757 ns
[2020-08-13T12:47:34.932+0000][6][gc,marking   ] GC(11) Concurrent Scan Root Regions 121.102ms
[2020-08-13T12:47:34.932+0000][6][gc,marking   ] GC(11) Concurrent Mark (27.516s)
[2020-08-13T12:47:34.932+0000][6][gc,marking   ] GC(11) Concurrent Mark From Roots
[2020-08-13T12:47:34.932+0000][6][gc,task      ] GC(11) Using 1 workers of 1 for marking
[2020-08-13T12:47:34.975+0000][6][gc,marking   ] GC(11) Concurrent Mark From Roots 42.868ms
[2020-08-13T12:47:34.975+0000][6][gc,marking   ] GC(11) Concurrent Preclean
[2020-08-13T12:47:34.975+0000][6][gc,marking   ] GC(11) Concurrent Preclean 0.067ms
[2020-08-13T12:47:34.975+0000][6][gc,marking   ] GC(11) Concurrent Mark (27.516s, 27.559s) 43.022ms
[2020-08-13T12:47:34.975+0000][6][gc,start     ] GC(11) Pause Remark
[2020-08-13T12:47:35.010+0000][6][gc           ] GC(11) Pause Remark 48M->48M(512M) 34.242ms
[2020-08-13T12:47:35.010+0000][6][gc,cpu       ] GC(11) User=0.02s Sys=0.00s Real=0.04s
[2020-08-13T12:47:35.010+0000][6][safepoint    ] Safepoint "G1Concurrent", Time since last: 76140343 ns, Reaching safepoint: 79469 ns, At safepoint: 34344769 ns, Total: 34424238 ns
[2020-08-13T12:47:35.010+0000][6][gc,marking   ] GC(11) Concurrent Rebuild Remembered Sets
[2020-08-13T12:47:35.035+0000][6][gc,marking   ] GC(11) Concurrent Rebuild Remembered Sets 25.178ms
[2020-08-13T12:47:35.036+0000][6][gc,start     ] GC(11) Pause Cleanup
[2020-08-13T12:47:35.036+0000][6][gc           ] GC(11) Pause Cleanup 49M->49M(512M) 0.102ms
[2020-08-13T12:47:35.036+0000][6][gc,cpu       ] GC(11) User=0.00s Sys=0.00s Real=0.00s
[2020-08-13T12:47:35.036+0000][6][safepoint    ] Safepoint "G1Concurrent", Time since last: 25562176 ns, Reaching safepoint: 769119 ns, At safepoint: 137417 ns, Total: 906536 ns
[2020-08-13T12:47:35.036+0000][6][gc,marking   ] GC(11) Concurrent Cleanup for Next Mark
[2020-08-13T12:47:35.060+0000][6][gc,marking   ] GC(11) Concurrent Cleanup for Next Mark 23.622ms
[2020-08-13T12:47:35.060+0000][6][gc           ] GC(11) Concurrent Cycle 249.212ms
[2020-08-13T12:47:35.549+0000][6][gc,start     ] GC(12) Pause Young (Concurrent Start) (G1 Evacuation Pause)
[2020-08-13T12:47:35.550+0000][6][gc,task      ] GC(12) Using 2 workers of 2 for evacuation
[2020-08-13T12:47:35.550+0000][6][gc,age       ] GC(12) Desired survivor size 5767168 bytes, new threshold 1 (max threshold 15)
[2020-08-13T12:47:35.685+0000][6][gc,age       ] GC(12) Age table with threshold 1 (max threshold 15)
[2020-08-13T12:47:35.686+0000][6][gc,age       ] GC(12) - age   1:     519424 bytes,     519424 total
[2020-08-13T12:47:35.686+0000][6][gc,phases    ] GC(12)   Pre Evacuate Collection Set: 0.7ms
[2020-08-13T12:47:35.686+0000][6][gc,phases    ] GC(12)   Merge Heap Roots: 0.1ms
[2020-08-13T12:47:35.686+0000][6][gc,phases    ] GC(12)   Evacuate Collection Set: 123.4ms
[2020-08-13T12:47:35.686+0000][6][gc,phases    ] GC(12)   Post Evacuate Collection Set: 11.6ms
[2020-08-13T12:47:35.686+0000][6][gc,phases    ] GC(12)   Other: 0.3ms
[2020-08-13T12:47:35.686+0000][6][gc,heap      ] GC(12) Eden regions: 52->0(303)
[2020-08-13T12:47:35.686+0000][6][gc,heap      ] GC(12) Survivor regions: 32->1(11)
[2020-08-13T12:47:35.686+0000][6][gc,heap      ] GC(12) Old regions: 13->45
[2020-08-13T12:47:35.686+0000][6][gc,heap      ] GC(12) Archive regions: 2->2
[2020-08-13T12:47:35.686+0000][6][gc,heap      ] GC(12) Humongous regions: 1->1
[2020-08-13T12:47:35.686+0000][6][gc,metaspace ] GC(12) Metaspace: 34583K(37916K)->34583K(37916K) NonClass: 30063K(32416K)->30063K(32416K) Class: 4520K(5500K)->4520K(5500K)
[2020-08-13T12:47:35.686+0000][6][gc           ] GC(12) Pause Young (Concurrent Start) (G1 Evacuation Pause) 98M->47M(512M) 136.254ms
[2020-08-13T12:47:35.686+0000][6][gc,cpu       ] GC(12) User=0.10s Sys=0.00s Real=0.14s
[2020-08-13T12:47:35.686+0000][6][safepoint    ] Safepoint "G1CollectForAllocation", Time since last: 513092932 ns, Reaching safepoint: 150903 ns, At safepoint: 136354182 ns, Total: 136505085 ns
[2020-08-13T12:47:35.686+0000][6][gc           ] GC(13) Concurrent Cycle
[2020-08-13T12:47:35.686+0000][6][gc,marking   ] GC(13) Concurrent Clear Claimed Marks
[2020-08-13T12:47:35.686+0000][6][gc,marking   ] GC(13) Concurrent Clear Claimed Marks 0.336ms
[2020-08-13T12:47:35.686+0000][6][gc,marking   ] GC(13) Concurrent Scan Root Regions
[2020-08-13T12:47:35.851+0000][6][gc,marking   ] GC(13) Concurrent Scan Root Regions 164.640ms
[2020-08-13T12:47:35.851+0000][6][gc,marking   ] GC(13) Concurrent Mark (28.435s)
[2020-08-13T12:47:35.851+0000][6][gc,marking   ] GC(13) Concurrent Mark From Roots
[2020-08-13T12:47:35.851+0000][6][gc,task      ] GC(13) Using 1 workers of 1 for marking
[2020-08-13T12:47:35.953+0000][6][gc,marking   ] GC(13) Concurrent Mark From Roots 102.031ms
[2020-08-13T12:47:35.953+0000][6][gc,marking   ] GC(13) Concurrent Preclean
[2020-08-13T12:47:35.953+0000][6][gc,marking   ] GC(13) Concurrent Preclean 0.140ms
[2020-08-13T12:47:35.953+0000][6][gc,marking   ] GC(13) Concurrent Mark (28.435s, 28.537s) 102.256ms
[2020-08-13T12:47:35.967+0000][6][gc,start     ] GC(13) Pause Remark
[2020-08-13T12:47:35.978+0000][6][gc           ] GC(13) Pause Remark 106M->106M(512M) 11.182ms
[2020-08-13T12:47:35.978+0000][6][gc,cpu       ] GC(13) User=0.01s Sys=0.00s Real=0.01s
[2020-08-13T12:47:35.978+0000][6][safepoint    ] Safepoint "G1Concurrent", Time since last: 267407717 ns, Reaching safepoint: 13594439 ns, At safepoint: 11289888 ns, Total: 24884327 ns
[2020-08-13T12:47:35.985+0000][6][gc,marking   ] GC(13) Concurrent Rebuild Remembered Sets
[2020-08-13T12:47:36.154+0000][6][gc,marking   ] GC(13) Concurrent Rebuild Remembered Sets 169.246ms
[2020-08-13T12:47:36.166+0000][6][gc,start     ] GC(13) Pause Cleanup
[2020-08-13T12:47:36.166+0000][6][gc           ] GC(13) Pause Cleanup 107M->107M(512M) 0.207ms
[2020-08-13T12:47:36.166+0000][6][gc,cpu       ] GC(13) User=0.00s Sys=0.00s Real=0.00s
[2020-08-13T12:47:36.166+0000][6][safepoint    ] Safepoint "G1Concurrent", Time since last: 175917779 ns, Reaching safepoint: 12195301 ns, At safepoint: 252422 ns, Total: 12447723 ns
[2020-08-13T12:47:36.166+0000][6][gc,marking   ] GC(13) Concurrent Cleanup for Next Mark
[2020-08-13T12:47:36.168+0000][6][gc,marking   ] GC(13) Concurrent Cleanup for Next Mark 1.186ms
[2020-08-13T12:47:36.168+0000][6][gc           ] GC(13) Concurrent Cycle 481.853ms
[2020-08-13T12:47:37.170+0000][6][safepoint    ] Safepoint "Cleanup", Time since last: 1003184001 ns, Reaching safepoint: 157294 ns, At safepoint: 3787 ns, Total: 161081 ns
[2020-08-13T12:47:38.209+0000][6][safepoint    ] Safepoint "Cleanup", Time since last: 1039181324 ns, Reaching safepoint: 128741 ns, At safepoint: 3036 ns, Total: 131777 ns
[2020-08-13T12:47:39.211+0000][6][safepoint    ] Safepoint "Cleanup", Time since last: 1001592893 ns, Reaching safepoint: 122971 ns, At safepoint: 3777 ns, Total: 126748 ns
[2020-08-13T12:47:40.226+0000][6][safepoint    ] Safepoint "Cleanup", Time since last: 1014842848 ns, Reaching safepoint: 518771 ns, At safepoint: 4448 ns, Total: 523219 ns
[2020-08-13T12:47:42.134+0000][6][safepoint    ] Safepoint "Cleanup", Time since last: 1892409990 ns, Reaching safepoint: 15349513 ns, At safepoint: 10590 ns, Total: 15360103 ns
[2020-08-13T12:47:43.323+0000][6][safepoint    ] Safepoint "Cleanup", Time since last: 1186667308 ns, Reaching safepoint: 2275799 ns, At safepoint: 4578 ns, Total: 2280377 ns
[2020-08-13T12:47:43.874+0000][6][safepoint    ] Safepoint "BulkRevokeBias", Time since last: 549587896 ns, Reaching safepoint: 1001945 ns, At safepoint: 150883 ns, Total: 1152828 ns
[2020-08-13T12:47:43.884+0000][6][safepoint    ] Safepoint "BulkRevokeBias", Time since last: 10504557 ns, Reaching safepoint: 69691 ns, At safepoint: 134180 ns, Total: 203871 ns
[2020-08-13T12:47:43.927+0000][6][safepoint    ] Safepoint "BulkRevokeBias", Time since last: 39102073 ns, Reaching safepoint: 3075506 ns, At safepoint: 146313 ns, Total: 3221819 ns
[2020-08-13T12:47:45.204+0000][6][gc,start     ] GC(14) Pause Young (Concurrent Start) (Metadata GC Threshold)
[2020-08-13T12:47:45.205+0000][6][gc,task      ] GC(14) Using 2 workers of 2 for evacuation
[2020-08-13T12:47:45.205+0000][6][gc,age       ] GC(14) Desired survivor size 19922944 bytes, new threshold 15 (max threshold 15)
[2020-08-13T12:47:45.406+0000][6][gc,age       ] GC(14) Age table with threshold 15 (max threshold 15)
[2020-08-13T12:47:45.406+0000][6][gc,age       ] GC(14) - age   1:    9164112 bytes,    9164112 total
[2020-08-13T12:47:45.406+0000][6][gc,age       ] GC(14) - age   2:     462360 bytes,    9626472 total
[2020-08-13T12:47:45.406+0000][6][gc,mmu       ] GC(14) MMU target violated: 201.0ms (200.0ms/201.0ms)
[2020-08-13T12:47:45.406+0000][6][gc,phases    ] GC(14)   Pre Evacuate Collection Set: 0.2ms
[2020-08-13T12:47:45.406+0000][6][gc,phases    ] GC(14)   Merge Heap Roots: 0.3ms
[2020-08-13T12:47:45.406+0000][6][gc,phases    ] GC(14)   Evacuate Collection Set: 150.5ms
[2020-08-13T12:47:45.406+0000][6][gc,phases    ] GC(14)   Post Evacuate Collection Set: 50.0ms
[2020-08-13T12:47:45.406+0000][6][gc,phases    ] GC(14)   Other: 0.4ms
[2020-08-13T12:47:45.406+0000][6][gc,heap      ] GC(14) Eden regions: 294->0(294)
[2020-08-13T12:47:45.406+0000][6][gc,heap      ] GC(14) Survivor regions: 1->10(38)
[2020-08-13T12:47:45.406+0000][6][gc,heap      ] GC(14) Old regions: 45->45
[2020-08-13T12:47:45.406+0000][6][gc,heap      ] GC(14) Archive regions: 2->2
[2020-08-13T12:47:45.406+0000][6][gc,heap      ] GC(14) Humongous regions: 1->1
[2020-08-13T12:47:45.406+0000][6][gc,metaspace ] GC(14) Metaspace: 57967K(63196K)->57967K(63196K) NonClass: 49952K(53088K)->49952K(53088K) Class: 8014K(10108K)->8014K(10108K)
[2020-08-13T12:47:45.406+0000][6][gc           ] GC(14) Pause Young (Concurrent Start) (Metadata GC Threshold) 341M->55M(512M) 201.473ms
[2020-08-13T12:47:45.406+0000][6][gc,cpu       ] GC(14) User=0.08s Sys=0.00s Real=0.21s
[2020-08-13T12:47:45.406+0000][6][safepoint    ] Safepoint "CollectForMetadataAllocation", Time since last: 1276489915 ns, Reaching safepoint: 1227677 ns, At safepoint: 201746203 ns, Total: 202973880 ns
[2020-08-13T12:47:45.406+0000][6][gc           ] GC(15) Concurrent Cycle
[2020-08-13T12:47:45.406+0000][6][gc,marking   ] GC(15) Concurrent Clear Claimed Marks
[2020-08-13T12:47:45.407+0000][6][gc,marking   ] GC(15) Concurrent Clear Claimed Marks 0.745ms
[2020-08-13T12:47:45.407+0000][6][gc,marking   ] GC(15) Concurrent Scan Root Regions
[2020-08-13T12:47:45.465+0000][6][safepoint    ] Safepoint "BulkRevokeBias", Time since last: 52981965 ns, Reaching safepoint: 5528737 ns, At safepoint: 186498 ns, Total: 5715235 ns
[2020-08-13T12:47:45.483+0000][6][gc,marking   ] GC(15) Concurrent Scan Root Regions 75.695ms
[2020-08-13T12:47:45.483+0000][6][gc,marking   ] GC(15) Concurrent Mark (38.067s)
[2020-08-13T12:47:45.483+0000][6][gc,marking   ] GC(15) Concurrent Mark From Roots
[2020-08-13T12:47:45.483+0000][6][gc,task      ] GC(15) Using 1 workers of 1 for marking
[2020-08-13T12:47:45.511+0000][6][safepoint    ] Safepoint "CollectForMetadataAllocation", Time since last: 42470236 ns, Reaching safepoint: 3383021 ns, At safepoint: 123040 ns, Total: 3506061 ns
[2020-08-13T12:47:45.677+0000][6][safepoint    ] Safepoint "CollectForMetadataAllocation", Time since last: 161823164 ns, Reaching safepoint: 4264299 ns, At safepoint: 140664 ns, Total: 4404963 ns
[2020-08-13T12:47:45.784+0000][6][gc,marking   ] GC(15) Concurrent Mark From Roots 300.800ms
[2020-08-13T12:47:45.784+0000][6][gc,marking   ] GC(15) Concurrent Preclean
[2020-08-13T12:47:45.784+0000][6][gc,marking   ] GC(15) Concurrent Preclean 0.271ms
[2020-08-13T12:47:45.784+0000][6][gc,marking   ] GC(15) Concurrent Mark (38.067s, 38.368s) 301.150ms
[2020-08-13T12:47:45.799+0000][6][gc,start     ] GC(15) Pause Remark
[2020-08-13T12:47:45.857+0000][6][gc           ] GC(15) Pause Remark 65M->65M(512M) 57.739ms
[2020-08-13T12:47:45.857+0000][6][gc,cpu       ] GC(15) User=0.02s Sys=0.00s Real=0.06s
[2020-08-13T12:47:45.857+0000][6][safepoint    ] Safepoint "G1Concurrent", Time since last: 112592016 ns, Reaching safepoint: 9387136 ns, At safepoint: 57887627 ns, Total: 67274763 ns
[2020-08-13T12:47:45.858+0000][6][gc,marking   ] GC(15) Concurrent Rebuild Remembered Sets
[2020-08-13T12:47:45.977+0000][6][gc,marking   ] GC(15) Concurrent Rebuild Remembered Sets 118.999ms
[2020-08-13T12:47:45.986+0000][6][gc,start     ] GC(15) Pause Cleanup
[2020-08-13T12:47:45.986+0000][6][gc           ] GC(15) Pause Cleanup 69M->69M(512M) 0.279ms
[2020-08-13T12:47:45.986+0000][6][gc,cpu       ] GC(15) User=0.00s Sys=0.00s Real=0.00s
[2020-08-13T12:47:45.986+0000][6][safepoint    ] Safepoint "G1Concurrent", Time since last: 121821406 ns, Reaching safepoint: 7199283 ns, At safepoint: 332211 ns, Total: 7531494 ns
[2020-08-13T12:47:45.986+0000][6][gc,marking   ] GC(15) Concurrent Cleanup for Next Mark
[2020-08-13T12:47:45.987+0000][6][gc,marking   ] GC(15) Concurrent Cleanup for Next Mark 1.192ms
[2020-08-13T12:47:45.988+0000][6][gc           ] GC(15) Concurrent Cycle 581.237ms
[2020-08-13T12:47:47.004+0000][6][safepoint    ] Safepoint "Cleanup", Time since last: 1002997362 ns, Reaching safepoint: 14736507 ns, At safepoint: 5991 ns, Total: 14742498 ns
[2020-08-13T12:47:48.583+0000][6][safepoint    ] Safepoint "Cleanup", Time since last: 1573626703 ns, Reaching safepoint: 5485576 ns, At safepoint: 5390 ns, Total: 5490966 ns
[2020-08-13T12:47:49.710+0000][6][safepoint    ] Safepoint "Cleanup", Time since last: 1120509004 ns, Reaching safepoint: 6440071 ns, At safepoint: 8907 ns, Total: 6448978 ns
[2020-08-13T12:47:50.997+0000][6][safepoint    ] Safepoint "Cleanup", Time since last: 1282094543 ns, Reaching safepoint: 5153203 ns, At safepoint: 9538 ns, Total: 5162741 ns
[2020-08-13T12:47:51.233+0000][6][safepoint    ] Safepoint "BulkRevokeBias", Time since last: 235376886 ns, Reaching safepoint: 116518 ns, At safepoint: 234979 ns, Total: 351497 ns
[2020-08-13T12:47:52.987+0000][6][safepoint    ] Safepoint "Cleanup", Time since last: 1754175279 ns, Reaching safepoint: 190516 ns, At safepoint: 2735 ns, Total: 193251 ns
[2020-08-13T12:47:53.990+0000][6][safepoint    ] Safepoint "Cleanup", Time since last: 1002209719 ns, Reaching safepoint: 238596 ns, At safepoint: 4068 ns, Total: 242664 ns
[2020-08-13T12:47:54.990+0000][6][safepoint    ] Safepoint "Cleanup", Time since last: 1000124065 ns, Reaching safepoint: 207368 ns, At safepoint: 3096 ns, Total: 210464 ns
[2020-08-13T12:47:55.991+0000][6][safepoint    ] Safepoint "Cleanup", Time since last: 1001019772 ns, Reaching safepoint: 93604 ns, At safepoint: 2725 ns, Total: 96329 ns
[2020-08-13T12:47:57.991+0000][6][safepoint    ] Safepoint "Cleanup", Time since last: 1999516000 ns, Reaching safepoint: 83035 ns, At safepoint: 56646 ns, Total: 139681 ns
[2020-08-13T12:47:58.992+0000][6][safepoint    ] Safepoint "Cleanup", Time since last: 1000445416 ns, Reaching safepoint: 170230 ns, At safepoint: 8075 ns, Total: 178305 ns
[2020-08-13T12:47:59.994+0000][6][safepoint    ] Safepoint "BulkRevokeBias", Time since last: 1001192944 ns, Reaching safepoint: 312105 ns, At safepoint: 478334 ns, Total: 790439 ns
[2020-08-13T12:47:59.994+0000][6][safepoint    ] Safepoint "BulkRevokeBias", Time since last: 558646 ns, Reaching safepoint: 112750 ns, At safepoint: 127920 ns, Total: 240670 ns
[2020-08-13T12:47:59.996+0000][6][safepoint    ] Safepoint "BulkRevokeBias", Time since last: 1250710 ns, Reaching safepoint: 112301 ns, At safepoint: 173514 ns, Total: 285815 ns
[2020-08-13T12:47:59.997+0000][6][safepoint    ] Safepoint "BulkRevokeBias", Time since last: 659775 ns, Reaching safepoint: 101991 ns, At safepoint: 206978 ns, Total: 308969 ns
[2020-08-13T12:48:01.992+0000][6][safepoint    ] Safepoint "Cleanup", Time since last: 1994967117 ns, Reaching safepoint: 249266 ns, At safepoint: 52609 ns, Total: 301875 ns
[2020-08-13T12:48:02.993+0000][6][safepoint    ] Safepoint "Cleanup", Time since last: 1000345568 ns, Reaching safepoint: 76033 ns, At safepoint: 22482 ns, Total: 98515 ns
[2020-08-13T12:48:03.993+0000][6][safepoint    ] Safepoint "Cleanup", Time since last: 1000048654 ns, Reaching safepoint: 161692 ns, At safepoint: 46287 ns, Total: 207979 ns
[2020-08-13T12:48:04.993+0000][6][safepoint    ] Safepoint "Cleanup", Time since last: 1000303411 ns, Reaching safepoint: 82684 ns, At safepoint: 3226 ns, Total: 85910 ns
[2020-08-13T12:48:05.996+0000][6][safepoint    ] Safepoint "Cleanup", Time since last: 1000076347 ns, Reaching safepoint: 2205828 ns, At safepoint: 6092 ns, Total: 2211920 ns
[2020-08-13T12:48:06.996+0000][6][safepoint    ] Safepoint "Cleanup", Time since last: 1000016393 ns, Reaching safepoint: 134872 ns, At safepoint: 3396 ns, Total: 138268 ns
[2020-08-13T12:48:07.996+0000][6][safepoint    ] Safepoint "Cleanup", Time since last: 1000460815 ns, Reaching safepoint: 185107 ns, At safepoint: 3647 ns, Total: 188754 ns
[2020-08-13T12:48:08.997+0000][6][safepoint    ] Safepoint "Cleanup", Time since last: 1000126750 ns, Reaching safepoint: 651650 ns, At safepoint: 3947 ns, Total: 655597 ns
[2020-08-13T12:48:09.995+0000][6][safepoint    ] Safepoint "BulkRevokeBias", Time since last: 997534288 ns, Reaching safepoint: 158437 ns, At safepoint: 292537 ns, Total: 450974 ns
[2020-08-13T12:48:09.996+0000][6][safepoint    ] Safepoint "BulkRevokeBias", Time since last: 667188 ns, Reaching safepoint: 28343 ns, At safepoint: 146585 ns, Total: 174928 ns
[2020-08-13T12:48:09.997+0000][6][safepoint    ] Safepoint "BulkRevokeBias", Time since last: 706712 ns, Reaching safepoint: 37511 ns, At safepoint: 251851 ns, Total: 289362 ns
[2020-08-13T12:48:09.998+0000][6][safepoint    ] Safepoint "BulkRevokeBias", Time since last: 607457 ns, Reaching safepoint: 50114 ns, At safepoint: 364341 ns, Total: 414455 ns
[2020-08-13T12:48:10.998+0000][6][safepoint    ] Safepoint "Cleanup", Time since last: 1000090853 ns, Reaching safepoint: 80570 ns, At safepoint: 2204 ns, Total: 82774 ns
[2020-08-13T12:48:11.998+0000][6][safepoint    ] Safepoint "Cleanup", Time since last: 1000122292 ns, Reaching safepoint: 84258 ns, At safepoint: 2835 ns, Total: 87093 ns
[2020-08-13T12:48:12.999+0000][6][safepoint    ] Safepoint "Cleanup", Time since last: 1000205757 ns, Reaching safepoint: 179367 ns, At safepoint: 62556 ns, Total: 241923 ns
[2020-08-13T12:48:14.994+0000][6][safepoint    ] Safepoint "Cleanup", Time since last: 1994665843 ns, Reaching safepoint: 165730 ns, At safepoint: 6542 ns, Total: 172272 ns
[2020-08-13T12:48:15.994+0000][6][safepoint    ] Safepoint "Cleanup", Time since last: 1000581031 ns, Reaching safepoint: 173374 ns, At safepoint: 4448 ns, Total: 177822 ns
[2020-08-13T12:48:16.995+0000][6][safepoint    ] Safepoint "Cleanup", Time since last: 1000156676 ns, Reaching safepoint: 123141 ns, At safepoint: 7554 ns, Total: 130695 ns
[2020-08-13T12:48:17.995+0000][6][safepoint    ] Safepoint "Cleanup", Time since last: 1000174910 ns, Reaching safepoint: 244978 ns, At safepoint: 122459 ns, Total: 367437 ns
[2020-08-13T12:48:18.996+0000][6][safepoint    ] Safepoint "Cleanup", Time since last: 1000352653 ns, Reaching safepoint: 111068 ns, At safepoint: 7324 ns, Total: 118392 ns
[2020-08-13T12:48:19.997+0000][6][safepoint    ] Safepoint "Cleanup", Time since last: 1000887262 ns, Reaching safepoint: 303218 ns, At safepoint: 103003 ns, Total: 406221 ns
[2020-08-13T12:48:20.998+0000][6][safepoint    ] Safepoint "Cleanup", Time since last: 1000684853 ns, Reaching safepoint: 185087 ns, At safepoint: 52959 ns, Total: 238046 ns
[2020-08-13T12:48:21.999+0000][6][safepoint    ] Safepoint "Cleanup", Time since last: 1000646222 ns, Reaching safepoint: 158766 ns, At safepoint: 5190 ns, Total: 163956 ns
[2020-08-13T12:48:23.000+0000][6][safepoint    ] Safepoint "Cleanup", Time since last: 1000834424 ns, Reaching safepoint: 418945 ns, At safepoint: 121076 ns, Total: 540021 ns
[2020-08-13T12:48:24.001+0000][6][safepoint    ] Safepoint "Cleanup", Time since last: 1000737272 ns, Reaching safepoint: 170570 ns, At safepoint: 7454 ns, Total: 178024 ns
[2020-08-13T12:48:25.001+0000][6][safepoint    ] Safepoint "Cleanup", Time since last: 1000129845 ns, Reaching safepoint: 97954 ns, At safepoint: 3276 ns, Total: 101230 ns
[2020-08-13T12:48:26.002+0000][6][safepoint    ] Safepoint "Cleanup", Time since last: 1000230224 ns, Reaching safepoint: 74980 ns, At safepoint: 2705 ns, Total: 77685 ns
[2020-08-13T12:48:27.002+0000][6][safepoint    ] Safepoint "Cleanup", Time since last: 1000147198 ns, Reaching safepoint: 73067 ns, At safepoint: 2485 ns, Total: 75552 ns
[2020-08-13T12:48:28.002+0000][6][safepoint    ] Safepoint "Cleanup", Time since last: 1000240753 ns, Reaching safepoint: 119744 ns, At safepoint: 2665 ns, Total: 122409 ns
[2020-08-13T12:48:29.002+0000][6][safepoint    ] Safepoint "Cleanup", Time since last: 1000143421 ns, Reaching safepoint: 73227 ns, At safepoint: 2404 ns, Total: 75631 ns
[2020-08-13T12:48:30.003+0000][6][safepoint    ] Safepoint "Cleanup", Time since last: 1000131930 ns, Reaching safepoint: 140974 ns, At safepoint: 58939 ns, Total: 199913 ns
[2020-08-13T12:48:31.003+0000][6][safepoint    ] Safepoint "Cleanup", Time since last: 1000168809 ns, Reaching safepoint: 103444 ns, At safepoint: 2294 ns, Total: 105738 ns
[2020-08-13T12:48:32.004+0000][6][safepoint    ] Safepoint "Cleanup", Time since last: 1001086296 ns, Reaching safepoint: 132938 ns, At safepoint: 6763 ns, Total: 139701 ns
[2020-08-13T12:48:33.004+0000][6][safepoint    ] Safepoint "Cleanup", Time since last: 1000134504 ns, Reaching safepoint: 76944 ns, At safepoint: 2725 ns, Total: 79669 ns
[2020-08-13T12:48:34.005+0000][6][safepoint    ] Safepoint "Cleanup", Time since last: 1000128474 ns, Reaching safepoint: 90580 ns, At safepoint: 2615 ns, Total: 93195 ns
[2020-08-13T12:48:35.005+0000][6][safepoint    ] Safepoint "Cleanup", Time since last: 1000121770 ns, Reaching safepoint: 100468 ns, At safepoint: 2625 ns, Total: 103093 ns
[2020-08-13T12:48:36.005+0000][6][safepoint    ] Safepoint "Cleanup", Time since last: 1000141648 ns, Reaching safepoint: 133068 ns, At safepoint: 2715 ns, Total: 135783 ns
[2020-08-13T12:48:37.005+0000][6][safepoint    ] Safepoint "Cleanup", Time since last: 1000120889 ns, Reaching safepoint: 79339 ns, At safepoint: 2805 ns, Total: 82144 ns
[2020-08-13T12:48:38.006+0000][6][safepoint    ] Safepoint "Cleanup", Time since last: 1000120057 ns, Reaching safepoint: 69350 ns, At safepoint: 2264 ns, Total: 71614 ns
[2020-08-13T12:48:39.006+0000][6][safepoint    ] Safepoint "Cleanup", Time since last: 1000098727 ns, Reaching safepoint: 80291 ns, At safepoint: 2915 ns, Total: 83206 ns
[2020-08-13T12:48:40.006+0000][6][safepoint    ] Safepoint "Cleanup", Time since last: 1000168237 ns, Reaching safepoint: 292698 ns, At safepoint: 204773 ns, Total: 497471 ns
[2020-08-13T12:48:41.008+0000][6][safepoint    ] Safepoint "Cleanup", Time since last: 1001154704 ns, Reaching safepoint: 549599 ns, At safepoint: 8295 ns, Total: 557894 ns
[2020-08-13T12:48:42.008+0000][6][safepoint    ] Safepoint "Cleanup", Time since last: 1000122862 ns, Reaching safepoint: 141766 ns, At safepoint: 2615 ns, Total: 144381 ns
[2020-08-13T12:48:43.009+0000][6][safepoint    ] Safepoint "Cleanup", Time since last: 1000108485 ns, Reaching safepoint: 70232 ns, At safepoint: 2775 ns, Total: 73007 ns
[2020-08-13T12:48:44.009+0000][6][safepoint    ] Safepoint "Cleanup", Time since last: 1000083409 ns, Reaching safepoint: 91922 ns, At safepoint: 2495 ns, Total: 94417 ns
[2020-08-13T12:48:45.009+0000][6][safepoint    ] Safepoint "Cleanup", Time since last: 1000382177 ns, Reaching safepoint: 98144 ns, At safepoint: 3076 ns, Total: 101220 ns
[2020-08-13T12:48:45.388+0000][6][safepoint    ] Safepoint "BulkRevokeBias", Time since last: 378785299 ns, Reaching safepoint: 171632 ns, At safepoint: 157434 ns, Total: 329066 ns
[2020-08-13T12:48:45.389+0000][6][safepoint    ] Safepoint "BulkRevokeBias", Time since last: 655988 ns, Reaching safepoint: 33012 ns, At safepoint: 97702 ns, Total: 130714 ns
[2020-08-13T12:48:45.413+0000][6][gc,heap,exit ] Heap
[2020-08-13T12:48:45.413+0000][6][gc,heap,exit ]  garbage-first heap   total 524288K, used 240568K [0x00000000e0000000, 0x0000000100000000)
[2020-08-13T12:48:45.413+0000][6][gc,heap,exit ]   region size 1024K, 190 young (194560K), 10 survivors (10240K)
[2020-08-13T12:48:45.413+0000][6][gc,heap,exit ]  Metaspace       used 75667K, capacity 81681K, committed 81908K, reserved 1118208K
[2020-08-13T12:48:45.413+0000][6][gc,heap,exit ]   class space    used 10311K, capacity 12859K, committed 12948K, reserved 1048576K
