[2020-08-13T14:09:20.538+0000][6][gc,heap] Heap region size: 1M
[2020-08-13T14:09:20.538+0000][6][gc,heap,coops] Heap address: 0x00000000e0000000, size: 512 MB, Compressed Oops mode: 32-bit
[2020-08-13T14:09:20.844+0000][6][gc           ] Using G1
[2020-08-13T14:09:20.844+0000][6][gc,cds       ] Mark closed archive regions in map: [0x00000000fff00000, 0x00000000fff7eff8]
[2020-08-13T14:09:20.845+0000][6][gc,cds       ] Mark open archive regions in map: [0x00000000ffe00000, 0x00000000ffe51ff8]
[2020-08-13T14:09:20.893+0000][6][gc           ] Periodic GC disabled
[2020-08-13T14:09:22.395+0000][6][gc,start     ] GC(0) Pause Young (Normal) (G1 Evacuation Pause)
[2020-08-13T14:09:22.399+0000][6][gc,task      ] GC(0) Using 2 workers of 2 for evacuation
[2020-08-13T14:09:22.399+0000][6][gc,age       ] GC(0) Desired survivor size 2097152 bytes, new threshold 15 (max threshold 15)
[2020-08-13T14:09:22.408+0000][6][gc,age       ] GC(0) Age table with threshold 15 (max threshold 15)
[2020-08-13T14:09:22.408+0000][6][gc,age       ] GC(0) - age   1:    2725416 bytes,    2725416 total
[2020-08-13T14:09:22.408+0000][6][gc,phases    ] GC(0)   Pre Evacuate Collection Set: 0.1ms
[2020-08-13T14:09:22.408+0000][6][gc,phases    ] GC(0)   Merge Heap Roots: 0.0ms
[2020-08-13T14:09:22.408+0000][6][gc,phases    ] GC(0)   Evacuate Collection Set: 8.1ms
[2020-08-13T14:09:22.408+0000][6][gc,phases    ] GC(0)   Post Evacuate Collection Set: 0.6ms
[2020-08-13T14:09:22.408+0000][6][gc,phases    ] GC(0)   Other: 4.1ms
[2020-08-13T14:09:22.408+0000][6][gc,heap      ] GC(0) Eden regions: 25->0(22)
[2020-08-13T14:09:22.408+0000][6][gc,heap      ] GC(0) Survivor regions: 0->3(4)
[2020-08-13T14:09:22.408+0000][6][gc,heap      ] GC(0) Old regions: 0->0
[2020-08-13T14:09:22.408+0000][6][gc,heap      ] GC(0) Archive regions: 2->2
[2020-08-13T14:09:22.408+0000][6][gc,heap      ] GC(0) Humongous regions: 1->1
[2020-08-13T14:09:22.408+0000][6][gc,metaspace ] GC(0) Metaspace: 5839K(8576K)->5839K(8576K) NonClass: 5127K(7424K)->5127K(7424K) Class: 712K(1152K)->712K(1152K)
[2020-08-13T14:09:22.408+0000][6][gc           ] GC(0) Pause Young (Normal) (G1 Evacuation Pause) 26M->4M(512M) 13.006ms
[2020-08-13T14:09:22.408+0000][6][gc,cpu       ] GC(0) User=0.01s Sys=0.00s Real=0.02s
[2020-08-13T14:09:22.408+0000][6][safepoint    ] Safepoint "G1CollectForAllocation", Time since last: 1518297462 ns, Reaching safepoint: 224580 ns, At safepoint: 13080934 ns, Total: 13305514 ns
[2020-08-13T14:09:23.076+0000][6][gc,heap,exit ] Heap
[2020-08-13T14:09:23.076+0000][6][gc,heap,exit ]  garbage-first heap   total 524288K, used 20936K [0x00000000e0000000, 0x0000000100000000)
[2020-08-13T14:09:23.076+0000][6][gc,heap,exit ]   region size 1024K, 20 young (20480K), 3 survivors (3072K)
[2020-08-13T14:09:23.076+0000][6][gc,heap,exit ]  Metaspace       used 9176K, capacity 10765K, committed 11008K, reserved 1058816K
[2020-08-13T14:09:23.076+0000][6][gc,heap,exit ]   class space    used 1234K, capacity 1484K, committed 1536K, reserved 1048576K
