[2020-08-13T13:10:20.947+0000][6][gc,heap] Heap region size: 1M
[2020-08-13T13:10:20.947+0000][6][gc,heap,coops] Heap address: 0x00000000e0000000, size: 512 MB, Compressed Oops mode: 32-bit
[2020-08-13T13:10:21.213+0000][6][gc           ] Using G1
[2020-08-13T13:10:21.213+0000][6][gc,cds       ] Mark closed archive regions in map: [0x00000000fff00000, 0x00000000fff7eff8]
[2020-08-13T13:10:21.213+0000][6][gc,cds       ] Mark open archive regions in map: [0x00000000ffe00000, 0x00000000ffe51ff8]
[2020-08-13T13:10:21.256+0000][6][gc           ] Periodic GC disabled
[2020-08-13T13:10:22.814+0000][6][safepoint    ] Safepoint "Cleanup", Time since last: 1570677094 ns, Reaching safepoint: 3575131 ns, At safepoint: 3577 ns, Total: 3578708 ns
[2020-08-13T13:10:22.940+0000][6][gc,start     ] GC(0) Pause Young (Normal) (G1 Evacuation Pause)
[2020-08-13T13:10:22.940+0000][6][gc,task      ] GC(0) Using 2 workers of 2 for evacuation
[2020-08-13T13:10:22.940+0000][6][gc,age       ] GC(0) Desired survivor size 2097152 bytes, new threshold 15 (max threshold 15)
[2020-08-13T13:10:22.947+0000][6][gc,age       ] GC(0) Age table with threshold 15 (max threshold 15)
[2020-08-13T13:10:22.947+0000][6][gc,age       ] GC(0) - age   1:    2813448 bytes,    2813448 total
[2020-08-13T13:10:22.947+0000][6][gc,phases    ] GC(0)   Pre Evacuate Collection Set: 0.1ms
[2020-08-13T13:10:22.947+0000][6][gc,phases    ] GC(0)   Merge Heap Roots: 0.0ms
[2020-08-13T13:10:22.947+0000][6][gc,phases    ] GC(0)   Evacuate Collection Set: 6.2ms
[2020-08-13T13:10:22.947+0000][6][gc,phases    ] GC(0)   Post Evacuate Collection Set: 0.5ms
[2020-08-13T13:10:22.947+0000][6][gc,phases    ] GC(0)   Other: 0.4ms
[2020-08-13T13:10:22.947+0000][6][gc,heap      ] GC(0) Eden regions: 25->0(22)
[2020-08-13T13:10:22.947+0000][6][gc,heap      ] GC(0) Survivor regions: 0->3(4)
[2020-08-13T13:10:22.947+0000][6][gc,heap      ] GC(0) Old regions: 0->0
[2020-08-13T13:10:22.947+0000][6][gc,heap      ] GC(0) Archive regions: 2->2
[2020-08-13T13:10:22.947+0000][6][gc,heap      ] GC(0) Humongous regions: 1->1
[2020-08-13T13:10:22.947+0000][6][gc,metaspace ] GC(0) Metaspace: 6264K(8704K)->6264K(8704K) NonClass: 5545K(7680K)->5545K(7680K) Class: 718K(1024K)->718K(1024K)
[2020-08-13T13:10:22.947+0000][6][gc           ] GC(0) Pause Young (Normal) (G1 Evacuation Pause) 26M->4M(512M) 7.262ms
[2020-08-13T13:10:22.947+0000][6][gc,cpu       ] GC(0) User=0.01s Sys=0.00s Real=0.01s
[2020-08-13T13:10:22.947+0000][6][safepoint    ] Safepoint "G1CollectForAllocation", Time since last: 125620065 ns, Reaching safepoint: 115696 ns, At safepoint: 7334348 ns, Total: 7450044 ns
[2020-08-13T13:10:23.988+0000][6][safepoint    ] Safepoint "Cleanup", Time since last: 1040576576 ns, Reaching safepoint: 165359 ns, At safepoint: 1953 ns, Total: 167312 ns
[2020-08-13T13:10:25.446+0000][6][safepoint    ] Safepoint "Cleanup", Time since last: 1451092365 ns, Reaching safepoint: 6897909 ns, At safepoint: 3968 ns, Total: 6901877 ns
[2020-08-13T13:10:25.819+0000][6][gc,start     ] GC(1) Pause Young (Normal) (G1 Evacuation Pause)
[2020-08-13T13:10:25.819+0000][6][gc,task      ] GC(1) Using 2 workers of 2 for evacuation
[2020-08-13T13:10:25.819+0000][6][gc,age       ] GC(1) Desired survivor size 2097152 bytes, new threshold 1 (max threshold 15)
[2020-08-13T13:10:25.957+0000][6][gc,age       ] GC(1) Age table with threshold 1 (max threshold 15)
[2020-08-13T13:10:25.957+0000][6][gc,age       ] GC(1) - age   1:    1819480 bytes,    1819480 total
[2020-08-13T13:10:25.957+0000][6][gc,phases    ] GC(1)   Pre Evacuate Collection Set: 0.1ms
[2020-08-13T13:10:25.957+0000][6][gc,phases    ] GC(1)   Merge Heap Roots: 0.0ms
[2020-08-13T13:10:25.957+0000][6][gc,phases    ] GC(1)   Evacuate Collection Set: 136.7ms
[2020-08-13T13:10:25.957+0000][6][gc,phases    ] GC(1)   Post Evacuate Collection Set: 0.9ms
[2020-08-13T13:10:25.957+0000][6][gc,phases    ] GC(1)   Other: 0.3ms
[2020-08-13T13:10:25.957+0000][6][gc,heap      ] GC(1) Eden regions: 22->0(25)
[2020-08-13T13:10:25.957+0000][6][gc,heap      ] GC(1) Survivor regions: 3->2(4)
[2020-08-13T13:10:25.957+0000][6][gc,heap      ] GC(1) Old regions: 0->3
[2020-08-13T13:10:25.957+0000][6][gc,heap      ] GC(1) Archive regions: 2->2
[2020-08-13T13:10:25.957+0000][6][gc,heap      ] GC(1) Humongous regions: 1->1
[2020-08-13T13:10:25.957+0000][6][gc,metaspace ] GC(1) Metaspace: 11430K(12160K)->11430K(12160K) NonClass: 10003K(10496K)->10003K(10496K) Class: 1426K(1664K)->1426K(1664K)
[2020-08-13T13:10:25.957+0000][6][gc           ] GC(1) Pause Young (Normal) (G1 Evacuation Pause) 26M->6M(512M) 138.122ms
[2020-08-13T13:10:25.957+0000][6][gc,cpu       ] GC(1) User=0.02s Sys=0.00s Real=0.14s
[2020-08-13T13:10:25.957+0000][6][safepoint    ] Safepoint "G1CollectForAllocation", Time since last: 373008849 ns, Reaching safepoint: 127829 ns, At safepoint: 138197886 ns, Total: 138325715 ns
[2020-08-13T13:10:27.728+0000][6][gc,start     ] GC(2) Pause Young (Normal) (G1 Evacuation Pause)
[2020-08-13T13:10:27.728+0000][6][gc,task      ] GC(2) Using 2 workers of 2 for evacuation
[2020-08-13T13:10:27.728+0000][6][gc,age       ] GC(2) Desired survivor size 2097152 bytes, new threshold 15 (max threshold 15)
[2020-08-13T13:10:27.799+0000][6][gc,age       ] GC(2) Age table with threshold 15 (max threshold 15)
[2020-08-13T13:10:27.799+0000][6][gc,age       ] GC(2) - age   1:    1491816 bytes,    1491816 total
[2020-08-13T13:10:27.799+0000][6][gc,age       ] GC(2) - age   2:    1726952 bytes,    3218768 total
[2020-08-13T13:10:27.799+0000][6][gc,phases    ] GC(2)   Pre Evacuate Collection Set: 0.1ms
[2020-08-13T13:10:27.799+0000][6][gc,phases    ] GC(2)   Merge Heap Roots: 0.0ms
[2020-08-13T13:10:27.799+0000][6][gc,phases    ] GC(2)   Evacuate Collection Set: 69.6ms
[2020-08-13T13:10:27.799+0000][6][gc,phases    ] GC(2)   Post Evacuate Collection Set: 1.6ms
[2020-08-13T13:10:27.799+0000][6][gc,phases    ] GC(2)   Other: 0.3ms
[2020-08-13T13:10:27.800+0000][6][gc,heap      ] GC(2) Eden regions: 25->0(34)
[2020-08-13T13:10:27.800+0000][6][gc,heap      ] GC(2) Survivor regions: 2->4(4)
[2020-08-13T13:10:27.800+0000][6][gc,heap      ] GC(2) Old regions: 3->3
[2020-08-13T13:10:27.800+0000][6][gc,heap      ] GC(2) Archive regions: 2->2
[2020-08-13T13:10:27.800+0000][6][gc,heap      ] GC(2) Humongous regions: 1->1
[2020-08-13T13:10:27.800+0000][6][gc,metaspace ] GC(2) Metaspace: 13761K(14464K)->13761K(14464K) NonClass: 12085K(12544K)->12085K(12544K) Class: 1676K(1920K)->1676K(1920K)
[2020-08-13T13:10:27.800+0000][6][gc           ] GC(2) Pause Young (Normal) (G1 Evacuation Pause) 31M->7M(512M) 71.654ms
[2020-08-13T13:10:27.800+0000][6][gc,cpu       ] GC(2) User=0.04s Sys=0.00s Real=0.07s
[2020-08-13T13:10:27.800+0000][6][safepoint    ] Safepoint "G1CollectForAllocation", Time since last: 1770508367 ns, Reaching safepoint: 249106 ns, At safepoint: 71751533 ns, Total: 72000639 ns
[2020-08-13T13:10:27.831+0000][6][safepoint    ] Safepoint "BulkRevokeBias", Time since last: 30070962 ns, Reaching safepoint: 758099 ns, At safepoint: 187841 ns, Total: 945940 ns
[2020-08-13T13:10:28.606+0000][6][gc,start     ] GC(3) Pause Young (Normal) (G1 Evacuation Pause)
[2020-08-13T13:10:28.606+0000][6][gc,task      ] GC(3) Using 2 workers of 2 for evacuation
[2020-08-13T13:10:28.606+0000][6][gc,age       ] GC(3) Desired survivor size 2621440 bytes, new threshold 2 (max threshold 15)
[2020-08-13T13:10:28.629+0000][6][gc,age       ] GC(3) Age table with threshold 2 (max threshold 15)
[2020-08-13T13:10:28.629+0000][6][gc,age       ] GC(3) - age   1:    1726016 bytes,    1726016 total
[2020-08-13T13:10:28.629+0000][6][gc,age       ] GC(3) - age   2:    1401904 bytes,    3127920 total
[2020-08-13T13:10:28.629+0000][6][gc,phases    ] GC(3)   Pre Evacuate Collection Set: 0.1ms
[2020-08-13T13:10:28.629+0000][6][gc,phases    ] GC(3)   Merge Heap Roots: 0.1ms
[2020-08-13T13:10:28.629+0000][6][gc,phases    ] GC(3)   Evacuate Collection Set: 21.3ms
[2020-08-13T13:10:28.629+0000][6][gc,phases    ] GC(3)   Post Evacuate Collection Set: 0.8ms
[2020-08-13T13:10:28.629+0000][6][gc,phases    ] GC(3)   Other: 0.3ms
[2020-08-13T13:10:28.629+0000][6][gc,heap      ] GC(3) Eden regions: 34->0(50)
[2020-08-13T13:10:28.629+0000][6][gc,heap      ] GC(3) Survivor regions: 4->4(5)
[2020-08-13T13:10:28.629+0000][6][gc,heap      ] GC(3) Old regions: 3->5
[2020-08-13T13:10:28.629+0000][6][gc,heap      ] GC(3) Archive regions: 2->2
[2020-08-13T13:10:28.629+0000][6][gc,heap      ] GC(3) Humongous regions: 2->1
[2020-08-13T13:10:28.629+0000][6][gc,metaspace ] GC(3) Metaspace: 15054K(16000K)->15054K(16000K) NonClass: 13210K(13824K)->13210K(13824K) Class: 1844K(2176K)->1844K(2176K)
[2020-08-13T13:10:28.629+0000][6][gc           ] GC(3) Pause Young (Normal) (G1 Evacuation Pause) 42M->9M(512M) 22.590ms
[2020-08-13T13:10:28.629+0000][6][gc,cpu       ] GC(3) User=0.01s Sys=0.00s Real=0.02s
[2020-08-13T13:10:28.629+0000][6][safepoint    ] Safepoint "G1CollectForAllocation", Time since last: 775487314 ns, Reaching safepoint: 188323 ns, At safepoint: 22662917 ns, Total: 22851240 ns
[2020-08-13T13:10:28.788+0000][6][safepoint    ] Safepoint "BulkRevokeBias", Time since last: 154694121 ns, Reaching safepoint: 4037757 ns, At safepoint: 102402 ns, Total: 4140159 ns
[2020-08-13T13:10:28.795+0000][6][safepoint    ] Safepoint "BulkRevokeBias", Time since last: 85160 ns, Reaching safepoint: 6942072 ns, At safepoint: 95169 ns, Total: 7037241 ns
[2020-08-13T13:10:29.546+0000][6][gc,start     ] GC(4) Pause Young (Normal) (G1 Evacuation Pause)
[2020-08-13T13:10:29.546+0000][6][gc,task      ] GC(4) Using 2 workers of 2 for evacuation
[2020-08-13T13:10:29.546+0000][6][gc,age       ] GC(4) Desired survivor size 3670016 bytes, new threshold 15 (max threshold 15)
[2020-08-13T13:10:29.593+0000][6][gc,age       ] GC(4) Age table with threshold 15 (max threshold 15)
[2020-08-13T13:10:29.593+0000][6][gc,age       ] GC(4) - age   1:    2041896 bytes,    2041896 total
[2020-08-13T13:10:29.593+0000][6][gc,age       ] GC(4) - age   2:    1699656 bytes,    3741552 total
[2020-08-13T13:10:29.593+0000][6][gc,age       ] GC(4) - age   3:    1401616 bytes,    5143168 total
[2020-08-13T13:10:29.593+0000][6][gc,phases    ] GC(4)   Pre Evacuate Collection Set: 0.1ms
[2020-08-13T13:10:29.593+0000][6][gc,phases    ] GC(4)   Merge Heap Roots: 0.1ms
[2020-08-13T13:10:29.593+0000][6][gc,phases    ] GC(4)   Evacuate Collection Set: 46.2ms
[2020-08-13T13:10:29.593+0000][6][gc,phases    ] GC(4)   Post Evacuate Collection Set: 0.9ms
[2020-08-13T13:10:29.593+0000][6][gc,phases    ] GC(4)   Other: 0.3ms
[2020-08-13T13:10:29.593+0000][6][gc,heap      ] GC(4) Eden regions: 50->0(121)
[2020-08-13T13:10:29.593+0000][6][gc,heap      ] GC(4) Survivor regions: 4->6(7)
[2020-08-13T13:10:29.593+0000][6][gc,heap      ] GC(4) Old regions: 5->5
[2020-08-13T13:10:29.593+0000][6][gc,heap      ] GC(4) Archive regions: 2->2
[2020-08-13T13:10:29.593+0000][6][gc,heap      ] GC(4) Humongous regions: 1->1
[2020-08-13T13:10:29.593+0000][6][gc,metaspace ] GC(4) Metaspace: 16947K(17792K)->16947K(17792K) NonClass: 14843K(15360K)->14843K(15360K) Class: 2103K(2432K)->2103K(2432K)
[2020-08-13T13:10:29.594+0000][6][gc           ] GC(4) Pause Young (Normal) (G1 Evacuation Pause) 59M->11M(512M) 47.592ms
[2020-08-13T13:10:29.594+0000][6][gc,cpu       ] GC(4) User=0.02s Sys=0.00s Real=0.04s
[2020-08-13T13:10:29.594+0000][6][safepoint    ] Safepoint "G1CollectForAllocation", Time since last: 750719316 ns, Reaching safepoint: 210184 ns, At safepoint: 47683126 ns, Total: 47893310 ns
[2020-08-13T13:10:30.504+0000][6][gc,start     ] GC(5) Pause Young (Normal) (G1 Evacuation Pause)
[2020-08-13T13:10:30.504+0000][6][gc,task      ] GC(5) Using 2 workers of 2 for evacuation
[2020-08-13T13:10:30.504+0000][6][gc,age       ] GC(5) Desired survivor size 8388608 bytes, new threshold 15 (max threshold 15)
[2020-08-13T13:10:30.574+0000][6][gc,age       ] GC(5) Age table with threshold 15 (max threshold 15)
[2020-08-13T13:10:30.575+0000][6][gc,age       ] GC(5) - age   1:     780256 bytes,     780256 total
[2020-08-13T13:10:30.575+0000][6][gc,age       ] GC(5) - age   2:    1461400 bytes,    2241656 total
[2020-08-13T13:10:30.575+0000][6][gc,age       ] GC(5) - age   3:    1699632 bytes,    3941288 total
[2020-08-13T13:10:30.575+0000][6][gc,age       ] GC(5) - age   4:    1401616 bytes,    5342904 total
[2020-08-13T13:10:30.575+0000][6][gc,phases    ] GC(5)   Pre Evacuate Collection Set: 0.1ms
[2020-08-13T13:10:30.575+0000][6][gc,phases    ] GC(5)   Merge Heap Roots: 0.1ms
[2020-08-13T13:10:30.575+0000][6][gc,phases    ] GC(5)   Evacuate Collection Set: 69.3ms
[2020-08-13T13:10:30.575+0000][6][gc,phases    ] GC(5)   Post Evacuate Collection Set: 0.9ms
[2020-08-13T13:10:30.575+0000][6][gc,phases    ] GC(5)   Other: 0.4ms
[2020-08-13T13:10:30.575+0000][6][gc,heap      ] GC(5) Eden regions: 121->0(301)
[2020-08-13T13:10:30.575+0000][6][gc,heap      ] GC(5) Survivor regions: 6->6(16)
[2020-08-13T13:10:30.575+0000][6][gc,heap      ] GC(5) Old regions: 5->5
[2020-08-13T13:10:30.575+0000][6][gc,heap      ] GC(5) Archive regions: 2->2
[2020-08-13T13:10:30.575+0000][6][gc,heap      ] GC(5) Humongous regions: 1->1
[2020-08-13T13:10:30.575+0000][6][gc,metaspace ] GC(5) Metaspace: 17124K(18048K)->17124K(18048K) NonClass: 15004K(15616K)->15004K(15616K) Class: 2119K(2432K)->2119K(2432K)
[2020-08-13T13:10:30.575+0000][6][gc           ] GC(5) Pause Young (Normal) (G1 Evacuation Pause) 132M->11M(512M) 70.935ms
[2020-08-13T13:10:30.575+0000][6][gc,cpu       ] GC(5) User=0.01s Sys=0.00s Real=0.07s
[2020-08-13T13:10:30.575+0000][6][safepoint    ] Safepoint "G1CollectForAllocation", Time since last: 910116380 ns, Reaching safepoint: 192281 ns, At safepoint: 71022288 ns, Total: 71214569 ns
[2020-08-13T13:10:30.580+0000][6][safepoint    ] Safepoint "BulkRevokeBias", Time since last: 4748277 ns, Reaching safepoint: 62598 ns, At safepoint: 77554 ns, Total: 140152 ns
[2020-08-13T13:10:32.549+0000][6][safepoint    ] Safepoint "Cleanup", Time since last: 1961027971 ns, Reaching safepoint: 8010613 ns, At safepoint: 8365 ns, Total: 8018978 ns
[2020-08-13T13:10:32.837+0000][6][gc,start     ] GC(6) Pause Young (Normal) (G1 Evacuation Pause)
[2020-08-13T13:10:32.837+0000][6][gc,task      ] GC(6) Using 2 workers of 2 for evacuation
[2020-08-13T13:10:32.837+0000][6][gc,age       ] GC(6) Desired survivor size 20447232 bytes, new threshold 15 (max threshold 15)
[2020-08-13T13:10:32.898+0000][6][gc,age       ] GC(6) Age table with threshold 15 (max threshold 15)
[2020-08-13T13:10:32.898+0000][6][gc,age       ] GC(6) - age   1:    5894080 bytes,    5894080 total
[2020-08-13T13:10:32.898+0000][6][gc,age       ] GC(6) - age   2:     408648 bytes,    6302728 total
[2020-08-13T13:10:32.898+0000][6][gc,age       ] GC(6) - age   3:    1455912 bytes,    7758640 total
[2020-08-13T13:10:32.898+0000][6][gc,age       ] GC(6) - age   4:    1699320 bytes,    9457960 total
[2020-08-13T13:10:32.898+0000][6][gc,age       ] GC(6) - age   5:    1401616 bytes,   10859576 total
[2020-08-13T13:10:32.899+0000][6][gc,phases    ] GC(6)   Pre Evacuate Collection Set: 0.1ms
[2020-08-13T13:10:32.899+0000][6][gc,phases    ] GC(6)   Merge Heap Roots: 0.1ms
[2020-08-13T13:10:32.899+0000][6][gc,phases    ] GC(6)   Evacuate Collection Set: 59.6ms
[2020-08-13T13:10:32.899+0000][6][gc,phases    ] GC(6)   Post Evacuate Collection Set: 1.3ms
[2020-08-13T13:10:32.899+0000][6][gc,phases    ] GC(6)   Other: 0.3ms
[2020-08-13T13:10:32.899+0000][6][gc,heap      ] GC(6) Eden regions: 301->0(296)
[2020-08-13T13:10:32.899+0000][6][gc,heap      ] GC(6) Survivor regions: 6->11(39)
[2020-08-13T13:10:32.899+0000][6][gc,heap      ] GC(6) Old regions: 5->5
[2020-08-13T13:10:32.899+0000][6][gc,heap      ] GC(6) Archive regions: 2->2
[2020-08-13T13:10:32.899+0000][6][gc,heap      ] GC(6) Humongous regions: 1->1
[2020-08-13T13:10:32.899+0000][6][gc,metaspace ] GC(6) Metaspace: 18362K(19584K)->18362K(19584K) NonClass: 16054K(16896K)->16054K(16896K) Class: 2307K(2688K)->2307K(2688K)
[2020-08-13T13:10:32.899+0000][6][gc           ] GC(6) Pause Young (Normal) (G1 Evacuation Pause) 312M->17M(512M) 61.444ms
[2020-08-13T13:10:32.899+0000][6][gc,cpu       ] GC(6) User=0.04s Sys=0.00s Real=0.06s
[2020-08-13T13:10:32.899+0000][6][safepoint    ] Safepoint "G1CollectForAllocation", Time since last: 288250071 ns, Reaching safepoint: 80380 ns, At safepoint: 61528880 ns, Total: 61609260 ns
[2020-08-13T13:10:33.163+0000][6][safepoint    ] Safepoint "BulkRevokeBias", Time since last: 258008279 ns, Reaching safepoint: 6030607 ns, At safepoint: 131636 ns, Total: 6162243 ns
[2020-08-13T13:10:33.182+0000][6][safepoint    ] Safepoint "BulkRevokeBias", Time since last: 14820138 ns, Reaching safepoint: 4027068 ns, At safepoint: 83325 ns, Total: 4110393 ns
[2020-08-13T13:10:34.187+0000][6][safepoint    ] Safepoint "Cleanup", Time since last: 1001849613 ns, Reaching safepoint: 3687852 ns, At safepoint: 4238 ns, Total: 3692090 ns
[2020-08-13T13:10:35.010+0000][6][gc,start     ] GC(7) Pause Young (Normal) (G1 Evacuation Pause)
[2020-08-13T13:10:35.010+0000][6][gc,task      ] GC(7) Using 2 workers of 2 for evacuation
[2020-08-13T13:10:35.010+0000][6][gc,age       ] GC(7) Desired survivor size 20447232 bytes, new threshold 15 (max threshold 15)
[2020-08-13T13:10:35.057+0000][6][gc,age       ] GC(7) Age table with threshold 15 (max threshold 15)
[2020-08-13T13:10:35.057+0000][6][gc,age       ] GC(7) - age   1:    3238720 bytes,    3238720 total
[2020-08-13T13:10:35.057+0000][6][gc,age       ] GC(7) - age   2:    4387560 bytes,    7626280 total
[2020-08-13T13:10:35.057+0000][6][gc,age       ] GC(7) - age   3:     408648 bytes,    8034928 total
[2020-08-13T13:10:35.057+0000][6][gc,age       ] GC(7) - age   4:    1455520 bytes,    9490448 total
[2020-08-13T13:10:35.057+0000][6][gc,age       ] GC(7) - age   5:    1698312 bytes,   11188760 total
[2020-08-13T13:10:35.057+0000][6][gc,age       ] GC(7) - age   6:    1401408 bytes,   12590168 total
[2020-08-13T13:10:35.057+0000][6][gc,phases    ] GC(7)   Pre Evacuate Collection Set: 0.1ms
[2020-08-13T13:10:35.057+0000][6][gc,phases    ] GC(7)   Merge Heap Roots: 0.1ms
[2020-08-13T13:10:35.057+0000][6][gc,phases    ] GC(7)   Evacuate Collection Set: 45.5ms
[2020-08-13T13:10:35.057+0000][6][gc,phases    ] GC(7)   Post Evacuate Collection Set: 1.5ms
[2020-08-13T13:10:35.057+0000][6][gc,phases    ] GC(7)   Other: 0.3ms
[2020-08-13T13:10:35.057+0000][6][gc,heap      ] GC(7) Eden regions: 296->0(294)
[2020-08-13T13:10:35.057+0000][6][gc,heap      ] GC(7) Survivor regions: 11->13(39)
[2020-08-13T13:10:35.057+0000][6][gc,heap      ] GC(7) Old regions: 5->5
[2020-08-13T13:10:35.057+0000][6][gc,heap      ] GC(7) Archive regions: 2->2
[2020-08-13T13:10:35.057+0000][6][gc,heap      ] GC(7) Humongous regions: 1->1
[2020-08-13T13:10:35.057+0000][6][gc,metaspace ] GC(7) Metaspace: 19659K(21120K)->19659K(21120K) NonClass: 17223K(18176K)->17223K(18176K) Class: 2435K(2944K)->2435K(2944K)
[2020-08-13T13:10:35.058+0000][6][gc           ] GC(7) Pause Young (Normal) (G1 Evacuation Pause) 313M->19M(512M) 47.581ms
[2020-08-13T13:10:35.058+0000][6][gc,cpu       ] GC(7) User=0.05s Sys=0.00s Real=0.05s
[2020-08-13T13:10:35.058+0000][6][safepoint    ] Safepoint "G1CollectForAllocation", Time since last: 822492982 ns, Reaching safepoint: 87624 ns, At safepoint: 47661486 ns, Total: 47749110 ns
[2020-08-13T13:10:35.766+0000][6][gc,start     ] GC(8) Pause Young (Concurrent Start) (Metadata GC Threshold)
[2020-08-13T13:10:35.766+0000][6][gc,task      ] GC(8) Using 2 workers of 2 for evacuation
[2020-08-13T13:10:35.766+0000][6][gc,age       ] GC(8) Desired survivor size 20447232 bytes, new threshold 15 (max threshold 15)
[2020-08-13T13:10:35.831+0000][6][gc,age       ] GC(8) Age table with threshold 15 (max threshold 15)
[2020-08-13T13:10:35.831+0000][6][gc,age       ] GC(8) - age   1:     384016 bytes,     384016 total
[2020-08-13T13:10:35.831+0000][6][gc,age       ] GC(8) - age   2:    2459096 bytes,    2843112 total
[2020-08-13T13:10:35.831+0000][6][gc,age       ] GC(8) - age   3:    4387560 bytes,    7230672 total
[2020-08-13T13:10:35.831+0000][6][gc,age       ] GC(8) - age   4:     408648 bytes,    7639320 total
[2020-08-13T13:10:35.831+0000][6][gc,age       ] GC(8) - age   5:    1455520 bytes,    9094840 total
[2020-08-13T13:10:35.831+0000][6][gc,age       ] GC(8) - age   6:    1698312 bytes,   10793152 total
[2020-08-13T13:10:35.831+0000][6][gc,age       ] GC(8) - age   7:    1401408 bytes,   12194560 total
[2020-08-13T13:10:35.831+0000][6][gc,phases    ] GC(8)   Pre Evacuate Collection Set: 0.2ms
[2020-08-13T13:10:35.831+0000][6][gc,phases    ] GC(8)   Merge Heap Roots: 0.1ms
[2020-08-13T13:10:35.831+0000][6][gc,phases    ] GC(8)   Evacuate Collection Set: 63.7ms
[2020-08-13T13:10:35.831+0000][6][gc,phases    ] GC(8)   Post Evacuate Collection Set: 1.2ms
[2020-08-13T13:10:35.831+0000][6][gc,phases    ] GC(8)   Other: 0.4ms
[2020-08-13T13:10:35.831+0000][6][gc,heap      ] GC(8) Eden regions: 121->0(294)
[2020-08-13T13:10:35.831+0000][6][gc,heap      ] GC(8) Survivor regions: 13->13(39)
[2020-08-13T13:10:35.831+0000][6][gc,heap      ] GC(8) Old regions: 5->5
[2020-08-13T13:10:35.831+0000][6][gc,heap      ] GC(8) Archive regions: 2->2
[2020-08-13T13:10:35.831+0000][6][gc,heap      ] GC(8) Humongous regions: 1->1
[2020-08-13T13:10:35.831+0000][6][gc,metaspace ] GC(8) Metaspace: 19808K(21296K)->19808K(21296K) NonClass: 17346K(18352K)->17346K(18352K) Class: 2462K(2944K)->2462K(2944K)
[2020-08-13T13:10:35.831+0000][6][gc           ] GC(8) Pause Young (Concurrent Start) (Metadata GC Threshold) 139M->18M(512M) 65.676ms
[2020-08-13T13:10:35.831+0000][6][gc,cpu       ] GC(8) User=0.04s Sys=0.00s Real=0.07s
[2020-08-13T13:10:35.831+0000][6][safepoint    ] Safepoint "CollectForMetadataAllocation", Time since last: 707861712 ns, Reaching safepoint: 69490 ns, At safepoint: 65886465 ns, Total: 65955955 ns
[2020-08-13T13:10:35.832+0000][6][gc           ] GC(9) Concurrent Cycle
[2020-08-13T13:10:35.832+0000][6][gc,marking   ] GC(9) Concurrent Clear Claimed Marks
[2020-08-13T13:10:35.832+0000][6][gc,marking   ] GC(9) Concurrent Clear Claimed Marks 0.121ms
[2020-08-13T13:10:35.832+0000][6][gc,marking   ] GC(9) Concurrent Scan Root Regions
[2020-08-13T13:10:35.846+0000][6][gc,marking   ] GC(9) Concurrent Scan Root Regions 14.063ms
[2020-08-13T13:10:35.846+0000][6][gc,marking   ] GC(9) Concurrent Mark (14.906s)
[2020-08-13T13:10:35.846+0000][6][gc,marking   ] GC(9) Concurrent Mark From Roots
[2020-08-13T13:10:35.846+0000][6][gc,task      ] GC(9) Using 1 workers of 1 for marking
[2020-08-13T13:10:35.910+0000][6][gc,marking   ] GC(9) Concurrent Mark From Roots 63.609ms
[2020-08-13T13:10:35.910+0000][6][gc,marking   ] GC(9) Concurrent Preclean
[2020-08-13T13:10:35.910+0000][6][gc,marking   ] GC(9) Concurrent Preclean 0.063ms
[2020-08-13T13:10:35.910+0000][6][gc,marking   ] GC(9) Concurrent Mark (14.906s, 14.970s) 63.769ms
[2020-08-13T13:10:35.920+0000][6][gc,start     ] GC(9) Pause Remark
[2020-08-13T13:10:35.952+0000][6][gc           ] GC(9) Pause Remark 31M->31M(512M) 32.127ms
[2020-08-13T13:10:35.952+0000][6][gc,cpu       ] GC(9) User=0.02s Sys=0.00s Real=0.03s
[2020-08-13T13:10:35.952+0000][6][safepoint    ] Safepoint "G1Concurrent", Time since last: 78353952 ns, Reaching safepoint: 10006798 ns, At safepoint: 32244641 ns, Total: 42251439 ns
[2020-08-13T13:10:35.952+0000][6][gc,marking   ] GC(9) Concurrent Rebuild Remembered Sets
[2020-08-13T13:10:35.961+0000][6][gc,marking   ] GC(9) Concurrent Rebuild Remembered Sets 9.035ms
[2020-08-13T13:10:35.976+0000][6][gc,start     ] GC(9) Pause Cleanup
[2020-08-13T13:10:35.977+0000][6][gc           ] GC(9) Pause Cleanup 32M->32M(512M) 0.215ms
[2020-08-13T13:10:35.977+0000][6][gc,cpu       ] GC(9) User=0.00s Sys=0.00s Real=0.00s
[2020-08-13T13:10:35.977+0000][6][safepoint    ] Safepoint "G1Concurrent", Time since last: 9153953 ns, Reaching safepoint: 15285098 ns, At safepoint: 262832 ns, Total: 15547930 ns
[2020-08-13T13:10:35.978+0000][6][gc,marking   ] GC(9) Concurrent Cleanup for Next Mark
[2020-08-13T13:10:35.979+0000][6][gc,marking   ] GC(9) Concurrent Cleanup for Next Mark 1.218ms
[2020-08-13T13:10:35.979+0000][6][gc           ] GC(9) Concurrent Cycle 147.630ms
[2020-08-13T13:10:36.994+0000][6][safepoint    ] Safepoint "Cleanup", Time since last: 1013971410 ns, Reaching safepoint: 3080697 ns, At safepoint: 8606 ns, Total: 3089303 ns
[2020-08-13T13:10:38.607+0000][6][safepoint    ] Safepoint "Cleanup", Time since last: 1609890817 ns, Reaching safepoint: 3566636 ns, At safepoint: 5320 ns, Total: 3571956 ns
[2020-08-13T13:10:40.509+0000][6][safepoint    ] Safepoint "Cleanup", Time since last: 1881513247 ns, Reaching safepoint: 20583354 ns, At safepoint: 9297 ns, Total: 20592651 ns
[2020-08-13T13:10:41.522+0000][6][safepoint    ] Safepoint "Cleanup", Time since last: 1009094262 ns, Reaching safepoint: 3323551 ns, At safepoint: 5029 ns, Total: 3328580 ns
[2020-08-13T13:10:41.766+0000][6][gc,start     ] GC(10) Pause Young (Normal) (G1 Evacuation Pause)
[2020-08-13T13:10:41.766+0000][6][gc,task      ] GC(10) Using 2 workers of 2 for evacuation
[2020-08-13T13:10:41.766+0000][6][gc,age       ] GC(10) Desired survivor size 20447232 bytes, new threshold 15 (max threshold 15)
[2020-08-13T13:10:41.859+0000][6][gc,age       ] GC(10) Age table with threshold 15 (max threshold 15)
[2020-08-13T13:10:41.859+0000][6][gc,age       ] GC(10) - age   1:    8731040 bytes,    8731040 total
[2020-08-13T13:10:41.859+0000][6][gc,age       ] GC(10) - age   2:     358824 bytes,    9089864 total
[2020-08-13T13:10:41.859+0000][6][gc,age       ] GC(10) - age   3:    2442576 bytes,   11532440 total
[2020-08-13T13:10:41.859+0000][6][gc,age       ] GC(10) - age   4:    4358448 bytes,   15890888 total
[2020-08-13T13:10:41.859+0000][6][gc,age       ] GC(10) - age   5:     403232 bytes,   16294120 total
[2020-08-13T13:10:41.859+0000][6][gc,age       ] GC(10) - age   6:    1431320 bytes,   17725440 total
[2020-08-13T13:10:41.859+0000][6][gc,age       ] GC(10) - age   7:    1677184 bytes,   19402624 total
[2020-08-13T13:10:41.859+0000][6][gc,age       ] GC(10) - age   8:    1376664 bytes,   20779288 total
[2020-08-13T13:10:41.859+0000][6][gc,phases    ] GC(10)   Pre Evacuate Collection Set: 0.1ms
[2020-08-13T13:10:41.859+0000][6][gc,phases    ] GC(10)   Merge Heap Roots: 0.1ms
[2020-08-13T13:10:41.859+0000][6][gc,phases    ] GC(10)   Evacuate Collection Set: 78.2ms
[2020-08-13T13:10:41.859+0000][6][gc,phases    ] GC(10)   Post Evacuate Collection Set: 14.0ms
[2020-08-13T13:10:41.859+0000][6][gc,phases    ] GC(10)   Other: 0.4ms
[2020-08-13T13:10:41.859+0000][6][gc,heap      ] GC(10) Eden regions: 294->0(286)
[2020-08-13T13:10:41.859+0000][6][gc,heap      ] GC(10) Survivor regions: 13->21(39)
[2020-08-13T13:10:41.859+0000][6][gc,heap      ] GC(10) Old regions: 5->5
[2020-08-13T13:10:41.859+0000][6][gc,heap      ] GC(10) Archive regions: 2->2
[2020-08-13T13:10:41.859+0000][6][gc,heap      ] GC(10) Humongous regions: 1->1
[2020-08-13T13:10:41.859+0000][6][gc,metaspace ] GC(10) Metaspace: 28855K(31536K)->28855K(31536K) NonClass: 25183K(27056K)->25183K(27056K) Class: 3672K(4480K)->3672K(4480K)
[2020-08-13T13:10:41.859+0000][6][gc           ] GC(10) Pause Young (Normal) (G1 Evacuation Pause) 312M->26M(512M) 92.796ms
[2020-08-13T13:10:41.859+0000][6][gc,cpu       ] GC(10) User=0.05s Sys=0.00s Real=0.09s
[2020-08-13T13:10:41.859+0000][6][safepoint    ] Safepoint "G1CollectForAllocation", Time since last: 244384230 ns, Reaching safepoint: 82384 ns, At safepoint: 92881231 ns, Total: 92963615 ns
[2020-08-13T13:10:42.887+0000][6][safepoint    ] Safepoint "Cleanup", Time since last: 1023574053 ns, Reaching safepoint: 4085468 ns, At safepoint: 52086 ns, Total: 4137554 ns
[2020-08-13T13:10:43.329+0000][6][safepoint    ] Safepoint "BulkRevokeBias", Time since last: 437551247 ns, Reaching safepoint: 4291863 ns, At safepoint: 130685 ns, Total: 4422548 ns
[2020-08-13T13:10:44.408+0000][6][safepoint    ] Safepoint "Cleanup", Time since last: 1077862564 ns, Reaching safepoint: 1135415 ns, At safepoint: 4128 ns, Total: 1139543 ns
[2020-08-13T13:10:45.417+0000][6][safepoint    ] Safepoint "Cleanup", Time since last: 1004659381 ns, Reaching safepoint: 4274902 ns, At safepoint: 6932 ns, Total: 4281834 ns
[2020-08-13T13:10:46.435+0000][6][safepoint    ] Safepoint "Cleanup", Time since last: 1007909414 ns, Reaching safepoint: 10196294 ns, At safepoint: 6703 ns, Total: 10202997 ns
[2020-08-13T13:10:47.369+0000][6][gc,start     ] GC(11) Pause Young (Concurrent Start) (Metadata GC Threshold)
[2020-08-13T13:10:47.369+0000][6][gc,task      ] GC(11) Using 2 workers of 2 for evacuation
[2020-08-13T13:10:47.369+0000][6][gc,age       ] GC(11) Desired survivor size 20447232 bytes, new threshold 8 (max threshold 15)
[2020-08-13T13:10:47.559+0000][6][gc,age       ] GC(11) Age table with threshold 8 (max threshold 15)
[2020-08-13T13:10:47.559+0000][6][gc,age       ] GC(11) - age   1:   21350416 bytes,   21350416 total
[2020-08-13T13:10:47.559+0000][6][gc,age       ] GC(11) - age   2:    8140408 bytes,   29490824 total
[2020-08-13T13:10:47.559+0000][6][gc,age       ] GC(11) - age   3:     356768 bytes,   29847592 total
[2020-08-13T13:10:47.559+0000][6][gc,age       ] GC(11) - age   4:    2435944 bytes,   32283536 total
[2020-08-13T13:10:47.559+0000][6][gc,age       ] GC(11) - age   5:    4355072 bytes,   36638608 total
[2020-08-13T13:10:47.559+0000][6][gc,age       ] GC(11) - age   6:     403216 bytes,   37041824 total
[2020-08-13T13:10:47.559+0000][6][gc,age       ] GC(11) - age   7:    1429968 bytes,   38471792 total
[2020-08-13T13:10:47.559+0000][6][gc,age       ] GC(11) - age   8:    1666416 bytes,   40138208 total
[2020-08-13T13:10:47.559+0000][6][gc,phases    ] GC(11)   Pre Evacuate Collection Set: 0.4ms
[2020-08-13T13:10:47.559+0000][6][gc,phases    ] GC(11)   Merge Heap Roots: 0.1ms
[2020-08-13T13:10:47.559+0000][6][gc,phases    ] GC(11)   Evacuate Collection Set: 185.4ms
[2020-08-13T13:10:47.559+0000][6][gc,phases    ] GC(11)   Post Evacuate Collection Set: 4.6ms
[2020-08-13T13:10:47.559+0000][6][gc,phases    ] GC(11)   Other: 0.4ms
[2020-08-13T13:10:47.560+0000][6][gc,heap      ] GC(11) Eden regions: 192->0(126)
[2020-08-13T13:10:47.560+0000][6][gc,heap      ] GC(11) Survivor regions: 21->39(39)
[2020-08-13T13:10:47.560+0000][6][gc,heap      ] GC(11) Old regions: 5->6
[2020-08-13T13:10:47.560+0000][6][gc,heap      ] GC(11) Archive regions: 2->2
[2020-08-13T13:10:47.560+0000][6][gc,heap      ] GC(11) Humongous regions: 1->1
[2020-08-13T13:10:47.560+0000][6][gc,metaspace ] GC(11) Metaspace: 32744K(35920K)->32744K(35920K) NonClass: 28428K(30544K)->28428K(30544K) Class: 4315K(5376K)->4315K(5376K)
[2020-08-13T13:10:47.560+0000][6][gc           ] GC(11) Pause Young (Concurrent Start) (Metadata GC Threshold) 218M->46M(512M) 190.983ms
[2020-08-13T13:10:47.560+0000][6][gc,cpu       ] GC(11) User=0.11s Sys=0.00s Real=0.19s
[2020-08-13T13:10:47.560+0000][6][safepoint    ] Safepoint "CollectForMetadataAllocation", Time since last: 933541301 ns, Reaching safepoint: 178524 ns, At safepoint: 191242174 ns, Total: 191420698 ns
[2020-08-13T13:10:47.562+0000][6][gc           ] GC(12) Concurrent Cycle
[2020-08-13T13:10:47.562+0000][6][gc,marking   ] GC(12) Concurrent Clear Claimed Marks
[2020-08-13T13:10:47.562+0000][6][gc,marking   ] GC(12) Concurrent Clear Claimed Marks 0.304ms
[2020-08-13T13:10:47.562+0000][6][gc,marking   ] GC(12) Concurrent Scan Root Regions
[2020-08-13T13:10:47.659+0000][6][safepoint    ] Safepoint "CollectForMetadataAllocation", Time since last: 99214238 ns, Reaching safepoint: 69450 ns, At safepoint: 128791 ns, Total: 198241 ns
[2020-08-13T13:10:47.713+0000][6][gc,marking   ] GC(12) Concurrent Scan Root Regions 151.063ms
[2020-08-13T13:10:47.714+0000][6][gc,marking   ] GC(12) Concurrent Mark (26.774s)
[2020-08-13T13:10:47.714+0000][6][gc,marking   ] GC(12) Concurrent Mark From Roots
[2020-08-13T13:10:47.714+0000][6][gc,task      ] GC(12) Using 1 workers of 1 for marking
[2020-08-13T13:10:47.764+0000][6][gc,marking   ] GC(12) Concurrent Mark From Roots 50.210ms
[2020-08-13T13:10:47.764+0000][6][gc,marking   ] GC(12) Concurrent Preclean
[2020-08-13T13:10:47.764+0000][6][gc,marking   ] GC(12) Concurrent Preclean 0.071ms
[2020-08-13T13:10:47.764+0000][6][gc,marking   ] GC(12) Concurrent Mark (26.774s, 26.824s) 50.373ms
[2020-08-13T13:10:47.764+0000][6][gc,start     ] GC(12) Pause Remark
[2020-08-13T13:10:47.784+0000][6][gc           ] GC(12) Pause Remark 49M->49M(512M) 19.842ms
[2020-08-13T13:10:47.784+0000][6][gc,cpu       ] GC(12) User=0.02s Sys=0.00s Real=0.02s
[2020-08-13T13:10:47.784+0000][6][safepoint    ] Safepoint "G1Concurrent", Time since last: 104726945 ns, Reaching safepoint: 88346 ns, At safepoint: 19960068 ns, Total: 20048414 ns
[2020-08-13T13:10:47.784+0000][6][gc,marking   ] GC(12) Concurrent Rebuild Remembered Sets
[2020-08-13T13:10:47.806+0000][6][gc,marking   ] GC(12) Concurrent Rebuild Remembered Sets 22.006ms
[2020-08-13T13:10:47.814+0000][6][gc,start     ] GC(12) Pause Cleanup
[2020-08-13T13:10:47.815+0000][6][gc           ] GC(12) Pause Cleanup 49M->49M(512M) 0.186ms
[2020-08-13T13:10:47.815+0000][6][gc,cpu       ] GC(12) User=0.00s Sys=0.00s Real=0.00s
[2020-08-13T13:10:47.815+0000][6][safepoint    ] Safepoint "G1Concurrent", Time since last: 22185876 ns, Reaching safepoint: 8229572 ns, At safepoint: 250650 ns, Total: 8480222 ns
[2020-08-13T13:10:47.815+0000][6][gc,marking   ] GC(12) Concurrent Cleanup for Next Mark
[2020-08-13T13:10:47.816+0000][6][gc,marking   ] GC(12) Concurrent Cleanup for Next Mark 1.186ms
[2020-08-13T13:10:47.816+0000][6][gc           ] GC(12) Concurrent Cycle 253.844ms
[2020-08-13T13:10:48.833+0000][6][safepoint    ] Safepoint "Cleanup", Time since last: 1013019217 ns, Reaching safepoint: 5183523 ns, At safepoint: 8245 ns, Total: 5191768 ns
[2020-08-13T13:10:50.821+0000][6][safepoint    ] Safepoint "Cleanup", Time since last: 1983770565 ns, Reaching safepoint: 4268739 ns, At safepoint: 7484 ns, Total: 4276223 ns
[2020-08-13T13:10:50.953+0000][6][gc,start     ] GC(13) Pause Young (Concurrent Start) (G1 Evacuation Pause)
[2020-08-13T13:10:50.953+0000][6][gc,task      ] GC(13) Using 2 workers of 2 for evacuation
[2020-08-13T13:10:50.953+0000][6][gc,age       ] GC(13) Desired survivor size 14155776 bytes, new threshold 1 (max threshold 15)
[2020-08-13T13:10:51.151+0000][6][gc,age       ] GC(13) Age table with threshold 1 (max threshold 15)
[2020-08-13T13:10:51.151+0000][6][gc,age       ] GC(13) - age   1:    3839144 bytes,    3839144 total
[2020-08-13T13:10:51.151+0000][6][gc,phases    ] GC(13)   Pre Evacuate Collection Set: 0.6ms
[2020-08-13T13:10:51.151+0000][6][gc,phases    ] GC(13)   Merge Heap Roots: 0.1ms
[2020-08-13T13:10:51.151+0000][6][gc,phases    ] GC(13)   Evacuate Collection Set: 187.2ms
[2020-08-13T13:10:51.151+0000][6][gc,phases    ] GC(13)   Post Evacuate Collection Set: 10.1ms
[2020-08-13T13:10:51.151+0000][6][gc,phases    ] GC(13)   Other: 0.3ms
[2020-08-13T13:10:51.151+0000][6][gc,heap      ] GC(13) Eden regions: 176->0(277)
[2020-08-13T13:10:51.151+0000][6][gc,heap      ] GC(13) Survivor regions: 39->5(27)
[2020-08-13T13:10:51.151+0000][6][gc,heap      ] GC(13) Old regions: 6->44
[2020-08-13T13:10:51.151+0000][6][gc,heap      ] GC(13) Archive regions: 2->2
[2020-08-13T13:10:51.151+0000][6][gc,heap      ] GC(13) Humongous regions: 1->1
[2020-08-13T13:10:51.151+0000][6][gc,metaspace ] GC(13) Metaspace: 42675K(46672K)->42675K(46672K) NonClass: 36919K(39504K)->36919K(39504K) Class: 5755K(7168K)->5755K(7168K)
[2020-08-13T13:10:51.151+0000][6][gc           ] GC(13) Pause Young (Concurrent Start) (G1 Evacuation Pause) 222M->50M(512M) 198.494ms
[2020-08-13T13:10:51.151+0000][6][gc,cpu       ] GC(13) User=0.10s Sys=0.00s Real=0.20s
[2020-08-13T13:10:51.151+0000][6][safepoint    ] Safepoint "G1CollectForAllocation", Time since last: 131763199 ns, Reaching safepoint: 92754 ns, At safepoint: 198585919 ns, Total: 198678673 ns
[2020-08-13T13:10:51.151+0000][6][gc           ] GC(14) Concurrent Cycle
[2020-08-13T13:10:51.151+0000][6][gc,marking   ] GC(14) Concurrent Clear Claimed Marks
[2020-08-13T13:10:51.152+0000][6][gc,marking   ] GC(14) Concurrent Clear Claimed Marks 0.498ms
[2020-08-13T13:10:51.152+0000][6][gc,marking   ] GC(14) Concurrent Scan Root Regions
[2020-08-13T13:10:51.227+0000][6][gc,marking   ] GC(14) Concurrent Scan Root Regions 75.083ms
[2020-08-13T13:10:51.227+0000][6][gc,marking   ] GC(14) Concurrent Mark (30.287s)
[2020-08-13T13:10:51.227+0000][6][gc,marking   ] GC(14) Concurrent Mark From Roots
[2020-08-13T13:10:51.227+0000][6][gc,task      ] GC(14) Using 1 workers of 1 for marking
[2020-08-13T13:10:51.251+0000][6][gc,marking   ] GC(14) Concurrent Mark From Roots 23.444ms
[2020-08-13T13:10:51.251+0000][6][gc,marking   ] GC(14) Concurrent Preclean
[2020-08-13T13:10:51.251+0000][6][gc,marking   ] GC(14) Concurrent Preclean 0.090ms
[2020-08-13T13:10:51.251+0000][6][gc,marking   ] GC(14) Concurrent Mark (30.287s, 30.311s) 23.607ms
[2020-08-13T13:10:51.257+0000][6][gc,start     ] GC(14) Pause Remark
[2020-08-13T13:10:51.288+0000][6][gc           ] GC(14) Pause Remark 51M->51M(512M) 31.622ms
[2020-08-13T13:10:51.288+0000][6][gc,cpu       ] GC(14) User=0.01s Sys=0.00s Real=0.03s
[2020-08-13T13:10:51.288+0000][6][safepoint    ] Safepoint "G1Concurrent", Time since last: 101290344 ns, Reaching safepoint: 4050230 ns, At safepoint: 31748724 ns, Total: 35798954 ns
[2020-08-13T13:10:51.292+0000][6][gc,marking   ] GC(14) Concurrent Rebuild Remembered Sets
[2020-08-13T13:10:51.465+0000][6][gc,marking   ] GC(14) Concurrent Rebuild Remembered Sets 172.718ms
[2020-08-13T13:10:51.477+0000][6][gc,start     ] GC(14) Pause Cleanup
[2020-08-13T13:10:51.477+0000][6][gc           ] GC(14) Pause Cleanup 54M->54M(512M) 0.208ms
[2020-08-13T13:10:51.477+0000][6][gc,cpu       ] GC(14) User=0.00s Sys=0.00s Real=0.00s
[2020-08-13T13:10:51.477+0000][6][safepoint    ] Safepoint "G1Concurrent", Time since last: 187273756 ns, Reaching safepoint: 1278743 ns, At safepoint: 250069 ns, Total: 1528812 ns
[2020-08-13T13:10:51.481+0000][6][gc,marking   ] GC(14) Concurrent Cleanup for Next Mark
[2020-08-13T13:10:51.482+0000][6][gc,marking   ] GC(14) Concurrent Cleanup for Next Mark 1.250ms
[2020-08-13T13:10:51.482+0000][6][gc           ] GC(14) Concurrent Cycle 330.622ms
[2020-08-13T13:10:52.491+0000][6][safepoint    ] Safepoint "Cleanup", Time since last: 1006400911 ns, Reaching safepoint: 7127861 ns, At safepoint: 10700 ns, Total: 7138561 ns
[2020-08-13T13:10:54.484+0000][6][safepoint    ] Safepoint "Cleanup", Time since last: 1965856284 ns, Reaching safepoint: 27213034 ns, At safepoint: 6342 ns, Total: 27219376 ns
[2020-08-13T13:10:55.491+0000][6][safepoint    ] Safepoint "Cleanup", Time since last: 1002841228 ns, Reaching safepoint: 4025595 ns, At safepoint: 5641 ns, Total: 4031236 ns
[2020-08-13T13:10:56.498+0000][6][safepoint    ] Safepoint "Cleanup", Time since last: 1002909405 ns, Reaching safepoint: 4072714 ns, At safepoint: 4017 ns, Total: 4076731 ns
[2020-08-13T13:10:57.571+0000][6][safepoint    ] Safepoint "Cleanup", Time since last: 1072410440 ns, Reaching safepoint: 522798 ns, At safepoint: 4097 ns, Total: 526895 ns
[2020-08-13T13:10:59.409+0000][6][safepoint    ] Safepoint "Cleanup", Time since last: 1838446645 ns, Reaching safepoint: 368721 ns, At safepoint: 2735 ns, Total: 371456 ns
[2020-08-13T13:10:59.876+0000][6][safepoint    ] Safepoint "BulkRevokeBias", Time since last: 465266910 ns, Reaching safepoint: 1099118 ns, At safepoint: 105206 ns, Total: 1204324 ns
[2020-08-13T13:10:59.901+0000][6][safepoint    ] Safepoint "BulkRevokeBias", Time since last: 24958735 ns, Reaching safepoint: 82154 ns, At safepoint: 135244 ns, Total: 217398 ns
[2020-08-13T13:11:00.377+0000][6][safepoint    ] Safepoint "BulkRevokeBias", Time since last: 475554936 ns, Reaching safepoint: 122330 ns, At safepoint: 141865 ns, Total: 264195 ns
[2020-08-13T13:11:01.847+0000][6][safepoint    ] Safepoint "Cleanup", Time since last: 1468723901 ns, Reaching safepoint: 1594424 ns, At safepoint: 3006 ns, Total: 1597430 ns
[2020-08-13T13:11:02.860+0000][6][safepoint    ] Safepoint "Cleanup", Time since last: 1006372548 ns, Reaching safepoint: 6302496 ns, At safepoint: 7785 ns, Total: 6310281 ns
[2020-08-13T13:11:03.551+0000][6][gc,start     ] GC(15) Pause Young (Normal) (G1 Evacuation Pause)
[2020-08-13T13:11:03.551+0000][6][gc,task      ] GC(15) Using 2 workers of 2 for evacuation
[2020-08-13T13:11:03.551+0000][6][gc,age       ] GC(15) Desired survivor size 18874368 bytes, new threshold 15 (max threshold 15)
[2020-08-13T13:11:03.749+0000][6][gc,age       ] GC(15) Age table with threshold 15 (max threshold 15)
[2020-08-13T13:11:03.749+0000][6][gc,age       ] GC(15) - age   1:    8995168 bytes,    8995168 total
[2020-08-13T13:11:03.749+0000][6][gc,age       ] GC(15) - age   2:    3702104 bytes,   12697272 total
[2020-08-13T13:11:03.749+0000][6][gc,phases    ] GC(15)   Pre Evacuate Collection Set: 0.1ms
[2020-08-13T13:11:03.749+0000][6][gc,phases    ] GC(15)   Merge Heap Roots: 0.3ms
[2020-08-13T13:11:03.749+0000][6][gc,phases    ] GC(15)   Evacuate Collection Set: 146.0ms
[2020-08-13T13:11:03.749+0000][6][gc,phases    ] GC(15)   Post Evacuate Collection Set: 50.9ms
[2020-08-13T13:11:03.749+0000][6][gc,phases    ] GC(15)   Other: 0.3ms
[2020-08-13T13:11:03.749+0000][6][gc,heap      ] GC(15) Eden regions: 277->0(233)
[2020-08-13T13:11:03.749+0000][6][gc,heap      ] GC(15) Survivor regions: 5->13(36)
[2020-08-13T13:11:03.749+0000][6][gc,heap      ] GC(15) Old regions: 44->44
[2020-08-13T13:11:03.749+0000][6][gc,heap      ] GC(15) Archive regions: 2->2
[2020-08-13T13:11:03.749+0000][6][gc,heap      ] GC(15) Humongous regions: 1->1
[2020-08-13T13:11:03.749+0000][6][gc,metaspace ] GC(15) Metaspace: 65463K(71120K)->65463K(71120K) NonClass: 56440K(59728K)->56440K(59728K) Class: 9022K(11392K)->9022K(11392K)
[2020-08-13T13:11:03.749+0000][6][gc           ] GC(15) Pause Young (Normal) (G1 Evacuation Pause) 327M->58M(512M) 197.810ms
[2020-08-13T13:11:03.749+0000][6][gc,cpu       ] GC(15) User=0.12s Sys=0.00s Real=0.20s
[2020-08-13T13:11:03.749+0000][6][safepoint    ] Safepoint "G1CollectForAllocation", Time since last: 690897559 ns, Reaching safepoint: 178294 ns, At safepoint: 197905616 ns, Total: 198083910 ns
[2020-08-13T13:11:03.837+0000][6][safepoint    ] Safepoint "BulkRevokeBias", Time since last: 87457443 ns, Reaching safepoint: 78777 ns, At safepoint: 159769 ns, Total: 238546 ns
[2020-08-13T13:11:04.972+0000][6][safepoint    ] Safepoint "Cleanup", Time since last: 1131050915 ns, Reaching safepoint: 4162942 ns, At safepoint: 10680 ns, Total: 4173622 ns
[2020-08-13T13:11:06.159+0000][6][safepoint    ] Safepoint "Cleanup", Time since last: 1185796823 ns, Reaching safepoint: 990825 ns, At safepoint: 3417 ns, Total: 994242 ns
[2020-08-13T13:11:06.958+0000][6][gc,start     ] GC(16) Pause Young (Concurrent Start) (Metadata GC Threshold)
[2020-08-13T13:11:06.958+0000][6][gc,task      ] GC(16) Using 2 workers of 2 for evacuation
[2020-08-13T13:11:06.958+0000][6][gc,age       ] GC(16) Desired survivor size 16252928 bytes, new threshold 15 (max threshold 15)
[2020-08-13T13:11:07.140+0000][6][gc,age       ] GC(16) Age table with threshold 15 (max threshold 15)
[2020-08-13T13:11:07.140+0000][6][gc,age       ] GC(16) - age   1:    3726528 bytes,    3726528 total
[2020-08-13T13:11:07.140+0000][6][gc,age       ] GC(16) - age   2:    8570608 bytes,   12297136 total
[2020-08-13T13:11:07.140+0000][6][gc,age       ] GC(16) - age   3:    3693712 bytes,   15990848 total
[2020-08-13T13:11:07.140+0000][6][gc,phases    ] GC(16)   Pre Evacuate Collection Set: 1.0ms
[2020-08-13T13:11:07.140+0000][6][gc,phases    ] GC(16)   Merge Heap Roots: 0.2ms
[2020-08-13T13:11:07.140+0000][6][gc,phases    ] GC(16)   Evacuate Collection Set: 176.5ms
[2020-08-13T13:11:07.140+0000][6][gc,phases    ] GC(16)   Post Evacuate Collection Set: 4.6ms
[2020-08-13T13:11:07.140+0000][6][gc,phases    ] GC(16)   Other: 0.3ms
[2020-08-13T13:11:07.140+0000][6][gc,heap      ] GC(16) Eden regions: 83->0(183)
[2020-08-13T13:11:07.140+0000][6][gc,heap      ] GC(16) Survivor regions: 13->16(31)
[2020-08-13T13:11:07.140+0000][6][gc,heap      ] GC(16) Old regions: 44->44
[2020-08-13T13:11:07.140+0000][6][gc,heap      ] GC(16) Archive regions: 2->2
[2020-08-13T13:11:07.140+0000][6][gc,heap      ] GC(16) Humongous regions: 1->1
[2020-08-13T13:11:07.140+0000][6][gc,metaspace ] GC(16) Metaspace: 72264K(78428K)->72264K(78428K) NonClass: 62303K(65756K)->62303K(65756K) Class: 9961K(12672K)->9961K(12672K)
[2020-08-13T13:11:07.140+0000][6][gc           ] GC(16) Pause Young (Concurrent Start) (Metadata GC Threshold) 141M->61M(512M) 182.664ms
[2020-08-13T13:11:07.141+0000][6][gc,cpu       ] GC(16) User=0.10s Sys=0.01s Real=0.18s
[2020-08-13T13:11:07.141+0000][6][safepoint    ] Safepoint "CollectForMetadataAllocation", Time since last: 799011373 ns, Reaching safepoint: 139461 ns, At safepoint: 182894079 ns, Total: 183033540 ns
[2020-08-13T13:11:07.141+0000][6][gc           ] GC(17) Concurrent Cycle
[2020-08-13T13:11:07.141+0000][6][gc,marking   ] GC(17) Concurrent Clear Claimed Marks
[2020-08-13T13:11:07.142+0000][6][gc,marking   ] GC(17) Concurrent Clear Claimed Marks 0.958ms
[2020-08-13T13:11:07.142+0000][6][gc,marking   ] GC(17) Concurrent Scan Root Regions
[2020-08-13T13:11:07.234+0000][6][gc,marking   ] GC(17) Concurrent Scan Root Regions 91.820ms
[2020-08-13T13:11:07.234+0000][6][gc,marking   ] GC(17) Concurrent Mark (46.294s)
[2020-08-13T13:11:07.234+0000][6][gc,marking   ] GC(17) Concurrent Mark From Roots
[2020-08-13T13:11:07.234+0000][6][gc,task      ] GC(17) Using 1 workers of 1 for marking
[2020-08-13T13:11:07.305+0000][6][safepoint    ] Safepoint "CollectForMetadataAllocation", Time since last: 164117075 ns, Reaching safepoint: 232996 ns, At safepoint: 104716 ns, Total: 337712 ns
[2020-08-13T13:11:07.466+0000][6][safepoint    ] Safepoint "CollectForMetadataAllocation", Time since last: 148778947 ns, Reaching safepoint: 11962931 ns, At safepoint: 82855 ns, Total: 12045786 ns
[2020-08-13T13:11:07.550+0000][6][safepoint    ] Safepoint "CollectForMetadataAllocation", Time since last: 84190999 ns, Reaching safepoint: 112730 ns, At safepoint: 119103 ns, Total: 231833 ns
[2020-08-13T13:11:07.575+0000][6][gc,marking   ] GC(17) Concurrent Mark From Roots 341.329ms
[2020-08-13T13:11:07.575+0000][6][gc,marking   ] GC(17) Concurrent Preclean
[2020-08-13T13:11:07.575+0000][6][gc,marking   ] GC(17) Concurrent Preclean 0.173ms
[2020-08-13T13:11:07.575+0000][6][gc,marking   ] GC(17) Concurrent Mark (46.294s, 46.635s) 341.580ms
[2020-08-13T13:11:07.575+0000][6][gc,start     ] GC(17) Pause Remark
[2020-08-13T13:11:07.602+0000][6][gc           ] GC(17) Pause Remark 72M->72M(512M) 26.328ms
[2020-08-13T13:11:07.602+0000][6][gc,cpu       ] GC(17) User=0.02s Sys=0.00s Real=0.03s
[2020-08-13T13:11:07.602+0000][6][safepoint    ] Safepoint "G1Concurrent", Time since last: 24847527 ns, Reaching safepoint: 228949 ns, At safepoint: 26436981 ns, Total: 26665930 ns
[2020-08-13T13:11:07.602+0000][6][gc,marking   ] GC(17) Concurrent Rebuild Remembered Sets
[2020-08-13T13:11:07.706+0000][6][gc,marking   ] GC(17) Concurrent Rebuild Remembered Sets 104.134ms
[2020-08-13T13:11:07.719+0000][6][gc,start     ] GC(17) Pause Cleanup
[2020-08-13T13:11:07.719+0000][6][gc           ] GC(17) Pause Cleanup 75M->75M(512M) 0.223ms
[2020-08-13T13:11:07.719+0000][6][gc,cpu       ] GC(17) User=0.00s Sys=0.00s Real=0.00s
[2020-08-13T13:11:07.719+0000][6][safepoint    ] Safepoint "G1Concurrent", Time since last: 104247819 ns, Reaching safepoint: 12940200 ns, At safepoint: 268512 ns, Total: 13208712 ns
[2020-08-13T13:11:07.719+0000][6][gc,marking   ] GC(17) Concurrent Cleanup for Next Mark
[2020-08-13T13:11:07.721+0000][6][gc,marking   ] GC(17) Concurrent Cleanup for Next Mark 1.212ms
[2020-08-13T13:11:07.721+0000][6][gc           ] GC(17) Concurrent Cycle 579.918ms
[2020-08-13T13:11:08.763+0000][6][safepoint    ] Safepoint "Cleanup", Time since last: 1030282459 ns, Reaching safepoint: 12869789 ns, At safepoint: 6773 ns, Total: 12876562 ns
[2020-08-13T13:11:09.761+0000][6][safepoint    ] Safepoint "BulkRevokeBias", Time since last: 995410420 ns, Reaching safepoint: 2822934 ns, At safepoint: 247713 ns, Total: 3070647 ns
[2020-08-13T13:11:10.763+0000][6][safepoint    ] Safepoint "Cleanup", Time since last: 1001643397 ns, Reaching safepoint: 100337 ns, At safepoint: 4558 ns, Total: 104895 ns
[2020-08-13T13:11:12.745+0000][6][safepoint    ] Safepoint "Cleanup", Time since last: 1982413034 ns, Reaching safepoint: 107832 ns, At safepoint: 6232 ns, Total: 114064 ns
[2020-08-13T13:11:13.748+0000][6][safepoint    ] Safepoint "Cleanup", Time since last: 1002155466 ns, Reaching safepoint: 160730 ns, At safepoint: 2565 ns, Total: 163295 ns
[2020-08-13T13:11:14.749+0000][6][safepoint    ] Safepoint "Cleanup", Time since last: 1000895655 ns, Reaching safepoint: 111690 ns, At safepoint: 3186 ns, Total: 114876 ns
[2020-08-13T13:11:15.749+0000][6][safepoint    ] Safepoint "Cleanup", Time since last: 1000069250 ns, Reaching safepoint: 109645 ns, At safepoint: 4599 ns, Total: 114244 ns
[2020-08-13T13:11:16.749+0000][6][safepoint    ] Safepoint "Cleanup", Time since last: 1000219280 ns, Reaching safepoint: 180668 ns, At safepoint: 3807 ns, Total: 184475 ns
[2020-08-13T13:11:17.748+0000][6][safepoint    ] Safepoint "BulkRevokeBias", Time since last: 998528206 ns, Reaching safepoint: 150191 ns, At safepoint: 237926 ns, Total: 388117 ns
[2020-08-13T13:11:17.749+0000][6][safepoint    ] Safepoint "BulkRevokeBias", Time since last: 430345 ns, Reaching safepoint: 33082 ns, At safepoint: 165019 ns, Total: 198101 ns
[2020-08-13T13:11:17.749+0000][6][safepoint    ] Safepoint "BulkRevokeBias", Time since last: 411410 ns, Reaching safepoint: 29185 ns, At safepoint: 198772 ns, Total: 227957 ns
[2020-08-13T13:11:17.750+0000][6][safepoint    ] Safepoint "BulkRevokeBias", Time since last: 532847 ns, Reaching safepoint: 120496 ns, At safepoint: 217487 ns, Total: 337983 ns
[2020-08-13T13:11:18.751+0000][6][safepoint    ] Safepoint "Cleanup", Time since last: 1000390701 ns, Reaching safepoint: 240440 ns, At safepoint: 10540 ns, Total: 250980 ns
[2020-08-13T13:11:20.749+0000][6][safepoint    ] Safepoint "Cleanup", Time since last: 1997643611 ns, Reaching safepoint: 142998 ns, At safepoint: 54312 ns, Total: 197310 ns
[2020-08-13T13:11:21.749+0000][6][safepoint    ] Safepoint "Cleanup", Time since last: 1000262582 ns, Reaching safepoint: 241121 ns, At safepoint: 54893 ns, Total: 296014 ns
[2020-08-13T13:11:23.752+0000][6][safepoint    ] Safepoint "Cleanup", Time since last: 2002240885 ns, Reaching safepoint: 164768 ns, At safepoint: 3717 ns, Total: 168485 ns
[2020-08-13T13:11:24.752+0000][6][safepoint    ] Safepoint "Cleanup", Time since last: 1000083637 ns, Reaching safepoint: 156603 ns, At safepoint: 6302 ns, Total: 162905 ns
[2020-08-13T13:11:26.751+0000][6][safepoint    ] Safepoint "Cleanup", Time since last: 1998401349 ns, Reaching safepoint: 226535 ns, At safepoint: 143257 ns, Total: 369792 ns
[2020-08-13T13:11:27.752+0000][6][safepoint    ] Safepoint "BulkRevokeBias", Time since last: 1000696985 ns, Reaching safepoint: 182733 ns, At safepoint: 417781 ns, Total: 600514 ns
[2020-08-13T13:11:27.753+0000][6][safepoint    ] Safepoint "BulkRevokeBias", Time since last: 479048 ns, Reaching safepoint: 115545 ns, At safepoint: 215244 ns, Total: 330789 ns
[2020-08-13T13:11:27.754+0000][6][safepoint    ] Safepoint "BulkRevokeBias", Time since last: 546943 ns, Reaching safepoint: 138970 ns, At safepoint: 165560 ns, Total: 304530 ns
[2020-08-13T13:11:27.755+0000][6][safepoint    ] Safepoint "BulkRevokeBias", Time since last: 519783 ns, Reaching safepoint: 206586 ns, At safepoint: 257603 ns, Total: 464189 ns
[2020-08-13T13:11:28.755+0000][6][safepoint    ] Safepoint "Cleanup", Time since last: 1000087014 ns, Reaching safepoint: 136755 ns, At safepoint: 2284 ns, Total: 139039 ns
[2020-08-13T13:11:30.753+0000][6][safepoint    ] Safepoint "Cleanup", Time since last: 1997501085 ns, Reaching safepoint: 509273 ns, At safepoint: 8496 ns, Total: 517769 ns
[2020-08-13T13:11:31.753+0000][6][safepoint    ] Safepoint "Cleanup", Time since last: 1000241363 ns, Reaching safepoint: 211876 ns, At safepoint: 9097 ns, Total: 220973 ns
[2020-08-13T13:11:32.754+0000][6][safepoint    ] Safepoint "Cleanup", Time since last: 1000199265 ns, Reaching safepoint: 124202 ns, At safepoint: 4448 ns, Total: 128650 ns
[2020-08-13T13:11:33.754+0000][6][safepoint    ] Safepoint "Cleanup", Time since last: 1000289853 ns, Reaching safepoint: 299490 ns, At safepoint: 8386 ns, Total: 307876 ns
[2020-08-13T13:11:34.755+0000][6][safepoint    ] Safepoint "Cleanup", Time since last: 1000254887 ns, Reaching safepoint: 203260 ns, At safepoint: 5681 ns, Total: 208941 ns
[2020-08-13T13:11:35.756+0000][6][safepoint    ] Safepoint "Cleanup", Time since last: 1000535223 ns, Reaching safepoint: 417070 ns, At safepoint: 8917 ns, Total: 425987 ns
[2020-08-13T13:11:36.756+0000][6][safepoint    ] Safepoint "Cleanup", Time since last: 1000128121 ns, Reaching safepoint: 88396 ns, At safepoint: 2845 ns, Total: 91241 ns
[2020-08-13T13:11:37.756+0000][6][safepoint    ] Safepoint "Cleanup", Time since last: 1000139632 ns, Reaching safepoint: 87443 ns, At safepoint: 2184 ns, Total: 89627 ns
[2020-08-13T13:11:38.774+0000][6][safepoint    ] Safepoint "Cleanup", Time since last: 1008613913 ns, Reaching safepoint: 9025804 ns, At safepoint: 20659 ns, Total: 9046463 ns
[2020-08-13T13:11:39.774+0000][6][safepoint    ] Safepoint "Cleanup", Time since last: 1000150031 ns, Reaching safepoint: 135223 ns, At safepoint: 2494 ns, Total: 137717 ns
[2020-08-13T13:11:40.774+0000][6][safepoint    ] Safepoint "Cleanup", Time since last: 1000131707 ns, Reaching safepoint: 83135 ns, At safepoint: 2505 ns, Total: 85640 ns
[2020-08-13T13:11:43.775+0000][6][safepoint    ] Safepoint "Cleanup", Time since last: 3000264539 ns, Reaching safepoint: 318385 ns, At safepoint: 2685 ns, Total: 321070 ns
[2020-08-13T13:11:46.757+0000][6][safepoint    ] Safepoint "Cleanup", Time since last: 2981735916 ns, Reaching safepoint: 519863 ns, At safepoint: 11421 ns, Total: 531284 ns
[2020-08-13T13:11:48.759+0000][6][safepoint    ] Safepoint "Cleanup", Time since last: 2001165652 ns, Reaching safepoint: 282620 ns, At safepoint: 3105 ns, Total: 285725 ns
[2020-08-13T13:11:49.759+0000][6][safepoint    ] Safepoint "Cleanup", Time since last: 1000129634 ns, Reaching safepoint: 111649 ns, At safepoint: 102071 ns, Total: 213720 ns
[2020-08-13T13:11:51.760+0000][6][safepoint    ] Safepoint "Cleanup", Time since last: 2000323597 ns, Reaching safepoint: 267320 ns, At safepoint: 83456 ns, Total: 350776 ns
[2020-08-13T13:11:52.760+0000][6][safepoint    ] Safepoint "Cleanup", Time since last: 1000142417 ns, Reaching safepoint: 192942 ns, At safepoint: 2484 ns, Total: 195426 ns
[2020-08-13T13:11:53.761+0000][6][safepoint    ] Safepoint "Cleanup", Time since last: 1000433812 ns, Reaching safepoint: 104065 ns, At safepoint: 4218 ns, Total: 108283 ns
[2020-08-13T13:11:58.764+0000][6][safepoint    ] Safepoint "Cleanup", Time since last: 5003539716 ns, Reaching safepoint: 110056 ns, At safepoint: 2004 ns, Total: 112060 ns
[2020-08-13T13:11:59.769+0000][6][safepoint    ] Safepoint "Cleanup", Time since last: 1003453784 ns, Reaching safepoint: 1112784 ns, At safepoint: 4478 ns, Total: 1117262 ns
[2020-08-13T13:12:00.769+0000][6][safepoint    ] Safepoint "Cleanup", Time since last: 1000144871 ns, Reaching safepoint: 144721 ns, At safepoint: 2365 ns, Total: 147086 ns
[2020-08-13T13:12:02.769+0000][6][safepoint    ] Safepoint "Cleanup", Time since last: 2000199674 ns, Reaching safepoint: 139842 ns, At safepoint: 2354 ns, Total: 142196 ns
[2020-08-13T13:12:03.770+0000][6][safepoint    ] Safepoint "Cleanup", Time since last: 1000131336 ns, Reaching safepoint: 176691 ns, At safepoint: 2525 ns, Total: 179216 ns
[2020-08-13T13:12:05.761+0000][6][safepoint    ] Safepoint "Cleanup", Time since last: 1991278937 ns, Reaching safepoint: 252973 ns, At safepoint: 11282 ns, Total: 264255 ns
[2020-08-13T13:12:06.762+0000][6][safepoint    ] Safepoint "Cleanup", Time since last: 1000399617 ns, Reaching safepoint: 180437 ns, At safepoint: 7454 ns, Total: 187891 ns
[2020-08-13T13:12:09.763+0000][6][safepoint    ] Safepoint "Cleanup", Time since last: 3001360759 ns, Reaching safepoint: 162003 ns, At safepoint: 8045 ns, Total: 170048 ns
[2020-08-13T13:12:11.764+0000][6][safepoint    ] Safepoint "Cleanup", Time since last: 2000038985 ns, Reaching safepoint: 448539 ns, At safepoint: 13485 ns, Total: 462024 ns
[2020-08-13T13:12:12.765+0000][6][safepoint    ] Safepoint "Cleanup", Time since last: 1000579695 ns, Reaching safepoint: 80561 ns, At safepoint: 10148 ns, Total: 90709 ns
[2020-08-13T13:12:13.765+0000][6][safepoint    ] Safepoint "Cleanup", Time since last: 1000109566 ns, Reaching safepoint: 113573 ns, At safepoint: 2034 ns, Total: 115607 ns
[2020-08-13T13:12:14.765+0000][6][safepoint    ] Safepoint "Cleanup", Time since last: 1000503212 ns, Reaching safepoint: 113662 ns, At safepoint: 4549 ns, Total: 118211 ns
[2020-08-13T13:12:18.766+0000][6][safepoint    ] Safepoint "Cleanup", Time since last: 4000852678 ns, Reaching safepoint: 75371 ns, At safepoint: 2845 ns, Total: 78216 ns
[2020-08-13T13:12:20.767+0000][6][safepoint    ] Safepoint "Cleanup", Time since last: 2000224452 ns, Reaching safepoint: 162915 ns, At safepoint: 2414 ns, Total: 165329 ns
[2020-08-13T13:12:21.767+0000][6][safepoint    ] Safepoint "Cleanup", Time since last: 1000110478 ns, Reaching safepoint: 271568 ns, At safepoint: 2865 ns, Total: 274433 ns
[2020-08-13T13:12:23.781+0000][6][safepoint    ] Safepoint "Cleanup", Time since last: 2005586447 ns, Reaching safepoint: 8083620 ns, At safepoint: 8917 ns, Total: 8092537 ns
[2020-08-13T13:12:25.781+0000][6][safepoint    ] Safepoint "Cleanup", Time since last: 2000220624 ns, Reaching safepoint: 146784 ns, At safepoint: 2565 ns, Total: 149349 ns
[2020-08-13T13:12:29.782+0000][6][safepoint    ] Safepoint "Cleanup", Time since last: 4000339008 ns, Reaching safepoint: 101289 ns, At safepoint: 2465 ns, Total: 103754 ns
[2020-08-13T13:12:31.782+0000][6][safepoint    ] Safepoint "Cleanup", Time since last: 2000218750 ns, Reaching safepoint: 81342 ns, At safepoint: 2415 ns, Total: 83757 ns
[2020-08-13T13:12:32.782+0000][6][safepoint    ] Safepoint "Cleanup", Time since last: 1000128781 ns, Reaching safepoint: 89067 ns, At safepoint: 2695 ns, Total: 91762 ns
[2020-08-13T13:12:33.782+0000][6][safepoint    ] Safepoint "Cleanup", Time since last: 1000129634 ns, Reaching safepoint: 83074 ns, At safepoint: 2455 ns, Total: 85529 ns
[2020-08-13T13:12:35.783+0000][6][safepoint    ] Safepoint "Cleanup", Time since last: 2000200907 ns, Reaching safepoint: 82575 ns, At safepoint: 1874 ns, Total: 84449 ns
[2020-08-13T13:12:36.783+0000][6][safepoint    ] Safepoint "Cleanup", Time since last: 1000135273 ns, Reaching safepoint: 222426 ns, At safepoint: 2575 ns, Total: 225001 ns
[2020-08-13T13:12:37.783+0000][6][safepoint    ] Safepoint "Cleanup", Time since last: 1000134463 ns, Reaching safepoint: 143078 ns, At safepoint: 2655 ns, Total: 145733 ns
[2020-08-13T13:12:38.784+0000][6][safepoint    ] Safepoint "Cleanup", Time since last: 1000143047 ns, Reaching safepoint: 148689 ns, At safepoint: 3276 ns, Total: 151965 ns
[2020-08-13T13:12:40.784+0000][6][safepoint    ] Safepoint "Cleanup", Time since last: 2000260658 ns, Reaching safepoint: 117811 ns, At safepoint: 1934 ns, Total: 119745 ns
[2020-08-13T13:12:41.784+0000][6][safepoint    ] Safepoint "Cleanup", Time since last: 1000133881 ns, Reaching safepoint: 100758 ns, At safepoint: 2855 ns, Total: 103613 ns
[2020-08-13T13:12:42.784+0000][6][safepoint    ] Safepoint "Cleanup", Time since last: 1000128281 ns, Reaching safepoint: 98044 ns, At safepoint: 2475 ns, Total: 100519 ns
[2020-08-13T13:12:43.785+0000][6][safepoint    ] Safepoint "Cleanup", Time since last: 1000123973 ns, Reaching safepoint: 84357 ns, At safepoint: 2295 ns, Total: 86652 ns
[2020-08-13T13:12:44.785+0000][6][safepoint    ] Safepoint "Cleanup", Time since last: 1000137086 ns, Reaching safepoint: 161503 ns, At safepoint: 2765 ns, Total: 164268 ns
[2020-08-13T13:12:45.785+0000][6][safepoint    ] Safepoint "Cleanup", Time since last: 1000133631 ns, Reaching safepoint: 93364 ns, At safepoint: 2124 ns, Total: 95488 ns
[2020-08-13T13:12:46.785+0000][6][safepoint    ] Safepoint "Cleanup", Time since last: 1000128963 ns, Reaching safepoint: 88325 ns, At safepoint: 2164 ns, Total: 90489 ns
[2020-08-13T13:12:47.786+0000][6][safepoint    ] Safepoint "Cleanup", Time since last: 1000130635 ns, Reaching safepoint: 93535 ns, At safepoint: 2384 ns, Total: 95919 ns
[2020-08-13T13:12:48.786+0000][6][safepoint    ] Safepoint "Cleanup", Time since last: 1000149461 ns, Reaching safepoint: 209111 ns, At safepoint: 2575 ns, Total: 211686 ns
[2020-08-13T13:12:49.786+0000][6][safepoint    ] Safepoint "Cleanup", Time since last: 1000138049 ns, Reaching safepoint: 133520 ns, At safepoint: 2495 ns, Total: 136015 ns
[2020-08-13T13:12:50.786+0000][6][safepoint    ] Safepoint "Cleanup", Time since last: 1000139351 ns, Reaching safepoint: 108172 ns, At safepoint: 2515 ns, Total: 110687 ns
[2020-08-13T13:12:53.787+0000][6][safepoint    ] Safepoint "Cleanup", Time since last: 3000338911 ns, Reaching safepoint: 159087 ns, At safepoint: 3246 ns, Total: 162333 ns
[2020-08-13T13:12:55.774+0000][6][safepoint    ] Safepoint "Cleanup", Time since last: 1986687649 ns, Reaching safepoint: 108884 ns, At safepoint: 3126 ns, Total: 112010 ns
[2020-08-13T13:12:57.776+0000][6][safepoint    ] Safepoint "Cleanup", Time since last: 2001745833 ns, Reaching safepoint: 122218 ns, At safepoint: 2835 ns, Total: 125053 ns
[2020-08-13T13:12:58.776+0000][6][safepoint    ] Safepoint "Cleanup", Time since last: 1000135096 ns, Reaching safepoint: 91321 ns, At safepoint: 8195 ns, Total: 99516 ns
[2020-08-13T13:13:03.779+0000][6][safepoint    ] Safepoint "Cleanup", Time since last: 5002769287 ns, Reaching safepoint: 91762 ns, At safepoint: 2615 ns, Total: 94377 ns
[2020-08-13T13:13:08.789+0000][6][safepoint    ] Safepoint "Cleanup", Time since last: 5005936586 ns, Reaching safepoint: 4245256 ns, At safepoint: 8626 ns, Total: 4253882 ns
[2020-08-13T13:13:12.789+0000][6][safepoint    ] Safepoint "Cleanup", Time since last: 4000365634 ns, Reaching safepoint: 164930 ns, At safepoint: 2555 ns, Total: 167485 ns
[2020-08-13T13:13:14.790+0000][6][safepoint    ] Safepoint "Cleanup", Time since last: 2000199518 ns, Reaching safepoint: 151944 ns, At safepoint: 2454 ns, Total: 154398 ns
[2020-08-13T13:13:17.781+0000][6][safepoint    ] Safepoint "Cleanup", Time since last: 2990961684 ns, Reaching safepoint: 213209 ns, At safepoint: 8456 ns, Total: 221665 ns
[2020-08-13T13:13:20.783+0000][6][safepoint    ] Safepoint "Cleanup", Time since last: 3001505336 ns, Reaching safepoint: 413232 ns, At safepoint: 11372 ns, Total: 424604 ns
[2020-08-13T13:13:22.785+0000][6][safepoint    ] Safepoint "Cleanup", Time since last: 2001685781 ns, Reaching safepoint: 546943 ns, At safepoint: 19397 ns, Total: 566340 ns
[2020-08-13T13:13:23.785+0000][6][safepoint    ] Safepoint "Cleanup", Time since last: 1000140976 ns, Reaching safepoint: 117309 ns, At safepoint: 2234 ns, Total: 119543 ns
[2020-08-13T13:13:25.786+0000][6][safepoint    ] Safepoint "Cleanup", Time since last: 2000212684 ns, Reaching safepoint: 130775 ns, At safepoint: 2725 ns, Total: 133500 ns
[2020-08-13T13:13:28.786+0000][6][safepoint    ] Safepoint "Cleanup", Time since last: 3000287627 ns, Reaching safepoint: 91431 ns, At safepoint: 2074 ns, Total: 93505 ns
[2020-08-13T13:13:35.784+0000][6][safepoint    ] Safepoint "Cleanup", Time since last: 6997409883 ns, Reaching safepoint: 336029 ns, At safepoint: 8526 ns, Total: 344555 ns
[2020-08-13T13:13:38.791+0000][6][safepoint    ] Safepoint "Cleanup", Time since last: 3003725271 ns, Reaching safepoint: 3146659 ns, At safepoint: 7614 ns, Total: 3154273 ns
[2020-08-13T13:13:39.791+0000][6][safepoint    ] Safepoint "Cleanup", Time since last: 1000141729 ns, Reaching safepoint: 101379 ns, At safepoint: 2585 ns, Total: 103964 ns
[2020-08-13T13:13:41.791+0000][6][safepoint    ] Safepoint "Cleanup", Time since last: 2000205672 ns, Reaching safepoint: 104165 ns, At safepoint: 2114 ns, Total: 106279 ns
[2020-08-13T13:13:43.792+0000][6][safepoint    ] Safepoint "Cleanup", Time since last: 2000197145 ns, Reaching safepoint: 88666 ns, At safepoint: 2464 ns, Total: 91130 ns
[2020-08-13T13:13:44.792+0000][6][safepoint    ] Safepoint "Cleanup", Time since last: 1000144765 ns, Reaching safepoint: 103603 ns, At safepoint: 2455 ns, Total: 106058 ns
[2020-08-13T13:13:48.787+0000][6][safepoint    ] Safepoint "Cleanup", Time since last: 3995125678 ns, Reaching safepoint: 278211 ns, At safepoint: 68789 ns, Total: 347000 ns
[2020-08-13T13:13:51.787+0000][6][safepoint    ] Safepoint "Cleanup", Time since last: 2999871427 ns, Reaching safepoint: 244398 ns, At safepoint: 4428 ns, Total: 248826 ns
[2020-08-13T13:13:53.789+0000][6][safepoint    ] Safepoint "Cleanup", Time since last: 2000449528 ns, Reaching safepoint: 649274 ns, At safepoint: 5120 ns, Total: 654394 ns
[2020-08-13T13:13:58.790+0000][6][safepoint    ] Safepoint "Cleanup", Time since last: 5000680048 ns, Reaching safepoint: 279312 ns, At safepoint: 7585 ns, Total: 286897 ns
[2020-08-13T13:13:59.790+0000][6][safepoint    ] Safepoint "Cleanup", Time since last: 1000477767 ns, Reaching safepoint: 315941 ns, At safepoint: 6542 ns, Total: 322483 ns
[2020-08-13T13:14:03.790+0000][6][safepoint    ] Safepoint "Cleanup", Time since last: 3999715309 ns, Reaching safepoint: 183423 ns, At safepoint: 5380 ns, Total: 188803 ns
[2020-08-13T13:14:08.791+0000][6][safepoint    ] Safepoint "Cleanup", Time since last: 5000917662 ns, Reaching safepoint: 121998 ns, At safepoint: 2715 ns, Total: 124713 ns
[2020-08-13T13:14:11.792+0000][6][safepoint    ] Safepoint "Cleanup", Time since last: 3000025026 ns, Reaching safepoint: 204382 ns, At safepoint: 59852 ns, Total: 264234 ns
[2020-08-13T13:14:15.793+0000][6][safepoint    ] Safepoint "Cleanup", Time since last: 4001805381 ns, Reaching safepoint: 92574 ns, At safepoint: 5049 ns, Total: 97623 ns
[2020-08-13T13:14:18.794+0000][6][safepoint    ] Safepoint "Cleanup", Time since last: 3000504833 ns, Reaching safepoint: 81372 ns, At safepoint: 2204 ns, Total: 83576 ns
[2020-08-13T13:14:21.796+0000][6][safepoint    ] Safepoint "Cleanup", Time since last: 3001969645 ns, Reaching safepoint: 111580 ns, At safepoint: 13545 ns, Total: 125125 ns
[2020-08-13T13:14:22.797+0000][6][safepoint    ] Safepoint "Cleanup", Time since last: 1000182935 ns, Reaching safepoint: 104346 ns, At safepoint: 60102 ns, Total: 164448 ns
[2020-08-13T13:14:25.797+0000][6][safepoint    ] Safepoint "Cleanup", Time since last: 3000415517 ns, Reaching safepoint: 257722 ns, At safepoint: 4088 ns, Total: 261810 ns
[2020-08-13T13:14:26.798+0000][6][safepoint    ] Safepoint "Cleanup", Time since last: 1000231216 ns, Reaching safepoint: 276707 ns, At safepoint: 11712 ns, Total: 288419 ns
[2020-08-13T13:14:28.798+0000][6][safepoint    ] Safepoint "Cleanup", Time since last: 2000589599 ns, Reaching safepoint: 177652 ns, At safepoint: 4278 ns, Total: 181930 ns
[2020-08-13T13:14:29.799+0000][6][safepoint    ] Safepoint "Cleanup", Time since last: 1000134514 ns, Reaching safepoint: 148368 ns, At safepoint: 2645 ns, Total: 151013 ns
[2020-08-13T13:14:30.799+0000][6][safepoint    ] Safepoint "Cleanup", Time since last: 1000133953 ns, Reaching safepoint: 142617 ns, At safepoint: 2063 ns, Total: 144680 ns
[2020-08-13T13:14:31.800+0000][6][safepoint    ] Safepoint "Cleanup", Time since last: 1001026064 ns, Reaching safepoint: 126116 ns, At safepoint: 2996 ns, Total: 129112 ns
[2020-08-13T13:14:32.801+0000][6][safepoint    ] Safepoint "Cleanup", Time since last: 1000135346 ns, Reaching safepoint: 245479 ns, At safepoint: 5941 ns, Total: 251420 ns
[2020-08-13T13:14:33.801+0000][6][safepoint    ] Safepoint "Cleanup", Time since last: 1000142461 ns, Reaching safepoint: 172012 ns, At safepoint: 2675 ns, Total: 174687 ns
[2020-08-13T13:14:34.802+0000][6][safepoint    ] Safepoint "Cleanup", Time since last: 1000749124 ns, Reaching safepoint: 632193 ns, At safepoint: 11612 ns, Total: 643805 ns
[2020-08-13T13:14:35.804+0000][6][safepoint    ] Safepoint "Cleanup", Time since last: 1000148261 ns, Reaching safepoint: 1899485 ns, At safepoint: 3056 ns, Total: 1902541 ns
[2020-08-13T13:14:37.798+0000][6][safepoint    ] Safepoint "Cleanup", Time since last: 1993283133 ns, Reaching safepoint: 137769 ns, At safepoint: 2725 ns, Total: 140494 ns
[2020-08-13T13:14:38.799+0000][6][safepoint    ] Safepoint "Cleanup", Time since last: 1000313939 ns, Reaching safepoint: 647282 ns, At safepoint: 7324 ns, Total: 654606 ns
[2020-08-13T13:14:46.800+0000][6][safepoint    ] Safepoint "Cleanup", Time since last: 8000917251 ns, Reaching safepoint: 615783 ns, At safepoint: 7223 ns, Total: 623006 ns
[2020-08-13T13:14:48.799+0000][6][safepoint    ] Safepoint "Cleanup", Time since last: 1998952695 ns, Reaching safepoint: 219310 ns, At safepoint: 3717 ns, Total: 223027 ns
[2020-08-13T13:14:53.801+0000][6][safepoint    ] Safepoint "Cleanup", Time since last: 5001541368 ns, Reaching safepoint: 179545 ns, At safepoint: 2876 ns, Total: 182421 ns
[2020-08-13T13:14:55.802+0000][6][safepoint    ] Safepoint "Cleanup", Time since last: 2000519989 ns, Reaching safepoint: 232074 ns, At safepoint: 4940 ns, Total: 237014 ns
[2020-08-13T13:14:58.802+0000][6][safepoint    ] Safepoint "Cleanup", Time since last: 2999787982 ns, Reaching safepoint: 196156 ns, At safepoint: 69521 ns, Total: 265677 ns
[2020-08-13T13:15:03.257+0000][6][gc,start     ] GC(18) Pause Young (Concurrent Start) (G1 Evacuation Pause)
[2020-08-13T13:15:03.257+0000][6][gc,task      ] GC(18) Using 2 workers of 2 for evacuation
[2020-08-13T13:15:03.257+0000][6][gc,age       ] GC(18) Desired survivor size 13107200 bytes, new threshold 3 (max threshold 15)
[2020-08-13T13:15:03.284+0000][6][gc,age       ] GC(18) Age table with threshold 3 (max threshold 15)
[2020-08-13T13:15:03.284+0000][6][gc,age       ] GC(18) - age   1:    1440448 bytes,    1440448 total
[2020-08-13T13:15:03.284+0000][6][gc,age       ] GC(18) - age   2:    3657456 bytes,    5097904 total
[2020-08-13T13:15:03.284+0000][6][gc,age       ] GC(18) - age   3:    8501688 bytes,   13599592 total
[2020-08-13T13:15:03.284+0000][6][gc,phases    ] GC(18)   Pre Evacuate Collection Set: 1.4ms
[2020-08-13T13:15:03.284+0000][6][gc,phases    ] GC(18)   Merge Heap Roots: 0.2ms
[2020-08-13T13:15:03.284+0000][6][gc,phases    ] GC(18)   Evacuate Collection Set: 23.0ms
[2020-08-13T13:15:03.284+0000][6][gc,phases    ] GC(18)   Post Evacuate Collection Set: 2.1ms
[2020-08-13T13:15:03.284+0000][6][gc,phases    ] GC(18)   Other: 0.3ms
[2020-08-13T13:15:03.284+0000][6][gc,heap      ] GC(18) Eden regions: 183->0(282)
[2020-08-13T13:15:03.284+0000][6][gc,heap      ] GC(18) Survivor regions: 16->14(25)
[2020-08-13T13:15:03.284+0000][6][gc,heap      ] GC(18) Old regions: 44->48
[2020-08-13T13:15:03.284+0000][6][gc,heap      ] GC(18) Archive regions: 2->2
[2020-08-13T13:15:03.284+0000][6][gc,heap      ] GC(18) Humongous regions: 1->1
[2020-08-13T13:15:03.284+0000][6][gc,metaspace ] GC(18) Metaspace: 78805K(85440K)->78805K(85440K) NonClass: 68122K(72000K)->68122K(72000K) Class: 10683K(13440K)->10683K(13440K)
[2020-08-13T13:15:03.284+0000][6][gc           ] GC(18) Pause Young (Concurrent Start) (G1 Evacuation Pause) 244M->62M(512M) 27.148ms
[2020-08-13T13:15:03.284+0000][6][gc,cpu       ] GC(18) User=0.05s Sys=0.00s Real=0.02s
[2020-08-13T13:15:03.284+0000][6][gc           ] GC(19) Concurrent Cycle
[2020-08-13T13:15:03.284+0000][6][safepoint    ] Safepoint "G1CollectForAllocation", Time since last: 4455141964 ns, Reaching safepoint: 115706 ns, At safepoint: 27253822 ns, Total: 27369528 ns
[2020-08-13T13:15:03.285+0000][6][gc,marking   ] GC(19) Concurrent Clear Claimed Marks
[2020-08-13T13:15:03.289+0000][6][gc,marking   ] GC(19) Concurrent Clear Claimed Marks 4.156ms
[2020-08-13T13:15:03.289+0000][6][gc,marking   ] GC(19) Concurrent Scan Root Regions
[2020-08-13T13:15:03.305+0000][6][gc,marking   ] GC(19) Concurrent Scan Root Regions 15.800ms
[2020-08-13T13:15:03.305+0000][6][gc,marking   ] GC(19) Concurrent Mark (282.365s)
[2020-08-13T13:15:03.305+0000][6][gc,marking   ] GC(19) Concurrent Mark From Roots
[2020-08-13T13:15:03.305+0000][6][gc,task      ] GC(19) Using 1 workers of 1 for marking
[2020-08-13T13:15:03.366+0000][6][gc,marking   ] GC(19) Concurrent Mark From Roots 61.388ms
[2020-08-13T13:15:03.366+0000][6][gc,marking   ] GC(19) Concurrent Preclean
[2020-08-13T13:15:03.366+0000][6][gc,marking   ] GC(19) Concurrent Preclean 0.184ms
[2020-08-13T13:15:03.366+0000][6][gc,marking   ] GC(19) Concurrent Mark (282.365s, 282.426s) 61.665ms
[2020-08-13T13:15:03.366+0000][6][gc,start     ] GC(19) Pause Remark
[2020-08-13T13:15:03.378+0000][6][gc           ] GC(19) Pause Remark 64M->64M(512M) 11.591ms
[2020-08-13T13:15:03.378+0000][6][gc,cpu       ] GC(19) User=0.02s Sys=0.00s Real=0.01s
[2020-08-13T13:15:03.378+0000][6][safepoint    ] Safepoint "G1Concurrent", Time since last: 81757839 ns, Reaching safepoint: 206265 ns, At safepoint: 11693808 ns, Total: 11900073 ns
[2020-08-13T13:15:03.378+0000][6][gc,marking   ] GC(19) Concurrent Rebuild Remembered Sets
[2020-08-13T13:15:03.424+0000][6][gc,marking   ] GC(19) Concurrent Rebuild Remembered Sets 45.664ms
[2020-08-13T13:15:03.425+0000][6][gc,start     ] GC(19) Pause Cleanup
[2020-08-13T13:15:03.425+0000][6][gc           ] GC(19) Pause Cleanup 64M->64M(512M) 0.175ms
[2020-08-13T13:15:03.425+0000][6][gc,cpu       ] GC(19) User=0.00s Sys=0.00s Real=0.00s
[2020-08-13T13:15:03.425+0000][6][safepoint    ] Safepoint "G1Concurrent", Time since last: 45838587 ns, Reaching safepoint: 1254669 ns, At safepoint: 214300 ns, Total: 1468969 ns
[2020-08-13T13:15:03.425+0000][6][gc,marking   ] GC(19) Concurrent Cleanup for Next Mark
[2020-08-13T13:15:03.426+0000][6][gc,marking   ] GC(19) Concurrent Cleanup for Next Mark 0.942ms
[2020-08-13T13:15:03.426+0000][6][gc           ] GC(19) Concurrent Cycle 141.956ms
[2020-08-13T13:15:07.806+0000][6][safepoint    ] Safepoint "BulkRevokeBias", Time since last: 4379885541 ns, Reaching safepoint: 277619 ns, At safepoint: 361737 ns, Total: 639356 ns
[2020-08-13T13:15:09.809+0000][6][safepoint    ] Safepoint "Cleanup", Time since last: 2002998623 ns, Reaching safepoint: 162995 ns, At safepoint: 3065 ns, Total: 166060 ns
[2020-08-13T13:15:10.809+0000][6][safepoint    ] Safepoint "Cleanup", Time since last: 1000124348 ns, Reaching safepoint: 102322 ns, At safepoint: 3576 ns, Total: 105898 ns
[2020-08-13T13:15:13.807+0000][6][safepoint    ] Safepoint "Cleanup", Time since last: 2997395499 ns, Reaching safepoint: 218980 ns, At safepoint: 4228 ns, Total: 223208 ns
[2020-08-13T13:15:22.808+0000][6][safepoint    ] Safepoint "Cleanup", Time since last: 9001249032 ns, Reaching safepoint: 111728 ns, At safepoint: 2825 ns, Total: 114553 ns
[2020-08-13T13:15:24.816+0000][6][safepoint    ] Safepoint "Cleanup", Time since last: 2007342023 ns, Reaching safepoint: 120114 ns, At safepoint: 1964 ns, Total: 122078 ns
[2020-08-13T13:15:25.816+0000][6][safepoint    ] Safepoint "Cleanup", Time since last: 1000121473 ns, Reaching safepoint: 124773 ns, At safepoint: 3717 ns, Total: 128490 ns
[2020-08-13T13:15:26.816+0000][6][safepoint    ] Safepoint "Cleanup", Time since last: 1000125941 ns, Reaching safepoint: 94878 ns, At safepoint: 2314 ns, Total: 97192 ns
[2020-08-13T13:15:27.817+0000][6][safepoint    ] Safepoint "Cleanup", Time since last: 1000131470 ns, Reaching safepoint: 141495 ns, At safepoint: 2294 ns, Total: 143789 ns
[2020-08-13T13:15:28.817+0000][6][safepoint    ] Safepoint "Cleanup", Time since last: 1000154314 ns, Reaching safepoint: 170530 ns, At safepoint: 2795 ns, Total: 173325 ns
[2020-08-13T13:15:29.817+0000][6][safepoint    ] Safepoint "Cleanup", Time since last: 1000119638 ns, Reaching safepoint: 80070 ns, At safepoint: 2545 ns, Total: 82615 ns
[2020-08-13T13:15:30.817+0000][6][safepoint    ] Safepoint "Cleanup", Time since last: 1000121362 ns, Reaching safepoint: 106079 ns, At safepoint: 1883 ns, Total: 107962 ns
[2020-08-13T13:15:31.820+0000][6][safepoint    ] Safepoint "Cleanup", Time since last: 1003011942 ns, Reaching safepoint: 143118 ns, At safepoint: 2565 ns, Total: 145683 ns
[2020-08-13T13:15:32.821+0000][6][safepoint    ] Safepoint "Cleanup", Time since last: 1000118987 ns, Reaching safepoint: 77586 ns, At safepoint: 2144 ns, Total: 79730 ns
[2020-08-13T13:15:33.821+0000][6][safepoint    ] Safepoint "Cleanup", Time since last: 1000124308 ns, Reaching safepoint: 88495 ns, At safepoint: 2184 ns, Total: 90679 ns
[2020-08-13T13:15:36.821+0000][6][safepoint    ] Safepoint "Cleanup", Time since last: 3000270921 ns, Reaching safepoint: 115878 ns, At safepoint: 2324 ns, Total: 118202 ns
[2020-08-13T13:15:38.822+0000][6][safepoint    ] Safepoint "Cleanup", Time since last: 2000208619 ns, Reaching safepoint: 144481 ns, At safepoint: 3226 ns, Total: 147707 ns
[2020-08-13T13:15:52.820+0000][6][safepoint    ] Safepoint "Cleanup", Time since last: 13998032835 ns, Reaching safepoint: 102481 ns, At safepoint: 4027 ns, Total: 106508 ns
[2020-08-13T13:15:53.820+0000][6][safepoint    ] Safepoint "Cleanup", Time since last: 1000307239 ns, Reaching safepoint: 116900 ns, At safepoint: 2594 ns, Total: 119494 ns
[2020-08-13T13:15:57.821+0000][6][safepoint    ] Safepoint "Cleanup", Time since last: 4000397013 ns, Reaching safepoint: 158306 ns, At safepoint: 2214 ns, Total: 160520 ns
[2020-08-13T13:15:58.821+0000][6][safepoint    ] Safepoint "Cleanup", Time since last: 1000148573 ns, Reaching safepoint: 128551 ns, At safepoint: 1994 ns, Total: 130545 ns
[2020-08-13T13:16:02.821+0000][6][safepoint    ] Safepoint "Cleanup", Time since last: 3999626880 ns, Reaching safepoint: 119183 ns, At safepoint: 4298 ns, Total: 123481 ns
[2020-08-13T13:16:03.822+0000][6][safepoint    ] Safepoint "Cleanup", Time since last: 1000518155 ns, Reaching safepoint: 190005 ns, At safepoint: 4018 ns, Total: 194023 ns
[2020-08-13T13:16:14.823+0000][6][safepoint    ] Safepoint "Cleanup", Time since last: 11000741900 ns, Reaching safepoint: 375573 ns, At safepoint: 7114 ns, Total: 382687 ns
[2020-08-13T13:16:17.824+0000][6][safepoint    ] Safepoint "Cleanup", Time since last: 3001076920 ns, Reaching safepoint: 112961 ns, At safepoint: 2394 ns, Total: 115355 ns
[2020-08-13T13:16:28.828+0000][6][safepoint    ] Safepoint "Cleanup", Time since last: 11003910614 ns, Reaching safepoint: 103634 ns, At safepoint: 2324 ns, Total: 105958 ns
[2020-08-13T13:16:31.826+0000][6][safepoint    ] Safepoint "Cleanup", Time since last: 2997675435 ns, Reaching safepoint: 301033 ns, At safepoint: 5721 ns, Total: 306754 ns
[2020-08-13T13:16:32.826+0000][6][safepoint    ] Safepoint "Cleanup", Time since last: 1000389323 ns, Reaching safepoint: 219240 ns, At safepoint: 11642 ns, Total: 230882 ns
[2020-08-13T13:16:33.827+0000][6][safepoint    ] Safepoint "Cleanup", Time since last: 1000159795 ns, Reaching safepoint: 92974 ns, At safepoint: 7314 ns, Total: 100288 ns
[2020-08-13T13:16:48.829+0000][6][safepoint    ] Safepoint "Cleanup", Time since last: 15002175835 ns, Reaching safepoint: 272009 ns, At safepoint: 3637 ns, Total: 275646 ns
[2020-08-13T13:16:50.830+0000][6][safepoint    ] Safepoint "Cleanup", Time since last: 2000808983 ns, Reaching safepoint: 81493 ns, At safepoint: 2475 ns, Total: 83968 ns
[2020-08-13T13:16:51.830+0000][6][safepoint    ] Safepoint "Cleanup", Time since last: 1000132894 ns, Reaching safepoint: 166472 ns, At safepoint: 2805 ns, Total: 169277 ns
[2020-08-13T13:16:53.831+0000][6][safepoint    ] Safepoint "Cleanup", Time since last: 2000592820 ns, Reaching safepoint: 288281 ns, At safepoint: 5009 ns, Total: 293290 ns
[2020-08-13T13:16:55.830+0000][6][safepoint    ] Safepoint "Cleanup", Time since last: 1998646246 ns, Reaching safepoint: 118701 ns, At safepoint: 3347 ns, Total: 122048 ns
[2020-08-13T13:16:56.832+0000][6][safepoint    ] Safepoint "Cleanup", Time since last: 1001524016 ns, Reaching safepoint: 98786 ns, At safepoint: 2524 ns, Total: 101310 ns
[2020-08-13T13:16:57.832+0000][6][safepoint    ] Safepoint "Cleanup", Time since last: 1000118817 ns, Reaching safepoint: 100669 ns, At safepoint: 2755 ns, Total: 103424 ns
[2020-08-13T13:16:58.833+0000][6][safepoint    ] Safepoint "Cleanup", Time since last: 1000608796 ns, Reaching safepoint: 163235 ns, At safepoint: 3386 ns, Total: 166621 ns
[2020-08-13T13:16:59.833+0000][6][safepoint    ] Safepoint "Cleanup", Time since last: 1000120841 ns, Reaching safepoint: 104205 ns, At safepoint: 2755 ns, Total: 106960 ns
[2020-08-13T13:17:14.841+0000][6][safepoint    ] Safepoint "Cleanup", Time since last: 15007662429 ns, Reaching safepoint: 134892 ns, At safepoint: 3878 ns, Total: 138770 ns
[2020-08-13T13:17:17.842+0000][6][safepoint    ] Safepoint "Cleanup", Time since last: 3001101266 ns, Reaching safepoint: 113231 ns, At safepoint: 2865 ns, Total: 116096 ns
[2020-08-13T13:17:18.842+0000][6][safepoint    ] Safepoint "Cleanup", Time since last: 1000126662 ns, Reaching safepoint: 81012 ns, At safepoint: 2755 ns, Total: 83767 ns
[2020-08-13T13:17:30.844+0000][6][safepoint    ] Safepoint "Cleanup", Time since last: 12001396511 ns, Reaching safepoint: 407212 ns, At safepoint: 60583 ns, Total: 467795 ns
[2020-08-13T13:17:32.844+0000][6][safepoint    ] Safepoint "Cleanup", Time since last: 1999504059 ns, Reaching safepoint: 124002 ns, At safepoint: 8376 ns, Total: 132378 ns
[2020-08-13T13:17:33.844+0000][6][safepoint    ] Safepoint "Cleanup", Time since last: 1000454400 ns, Reaching safepoint: 271909 ns, At safepoint: 6121 ns, Total: 278030 ns
[2020-08-13T13:17:36.845+0000][6][safepoint    ] Safepoint "Cleanup", Time since last: 3000922423 ns, Reaching safepoint: 123161 ns, At safepoint: 4618 ns, Total: 127779 ns
[2020-08-13T13:17:38.846+0000][6][safepoint    ] Safepoint "Cleanup", Time since last: 1999714533 ns, Reaching safepoint: 738663 ns, At safepoint: 5510 ns, Total: 744173 ns
[2020-08-13T13:17:40.846+0000][6][safepoint    ] Safepoint "Cleanup", Time since last: 2000206274 ns, Reaching safepoint: 85080 ns, At safepoint: 2885 ns, Total: 87965 ns
[2020-08-13T13:17:43.847+0000][6][safepoint    ] Safepoint "Cleanup", Time since last: 3000321849 ns, Reaching safepoint: 112701 ns, At safepoint: 2925 ns, Total: 115626 ns
[2020-08-13T13:17:48.846+0000][6][safepoint    ] Safepoint "BulkRevokeBias", Time since last: 4999387718 ns, Reaching safepoint: 113903 ns, At safepoint: 245510 ns, Total: 359413 ns
[2020-08-13T13:17:50.847+0000][6][safepoint    ] Safepoint "Cleanup", Time since last: 2000572539 ns, Reaching safepoint: 278441 ns, At safepoint: 6753 ns, Total: 285194 ns
[2020-08-13T13:17:57.849+0000][6][safepoint    ] Safepoint "Cleanup", Time since last: 7001439546 ns, Reaching safepoint: 318466 ns, At safepoint: 2615 ns, Total: 321081 ns
[2020-08-13T13:17:59.849+0000][6][safepoint    ] Safepoint "Cleanup", Time since last: 1999166457 ns, Reaching safepoint: 563967 ns, At safepoint: 8245 ns, Total: 572212 ns
[2020-08-13T13:18:06.850+0000][6][safepoint    ] Safepoint "Cleanup", Time since last: 7001445978 ns, Reaching safepoint: 106980 ns, At safepoint: 2855 ns, Total: 109835 ns
[2020-08-13T13:18:08.851+0000][6][safepoint    ] Safepoint "Cleanup", Time since last: 2000230060 ns, Reaching safepoint: 167913 ns, At safepoint: 2736 ns, Total: 170649 ns
[2020-08-13T13:18:13.853+0000][6][safepoint    ] Safepoint "Cleanup", Time since last: 5002591143 ns, Reaching safepoint: 234169 ns, At safepoint: 6192 ns, Total: 240361 ns
[2020-08-13T13:18:23.856+0000][6][safepoint    ] Safepoint "Cleanup", Time since last: 10002160742 ns, Reaching safepoint: 654636 ns, At safepoint: 3116 ns, Total: 657752 ns
[2020-08-13T13:18:25.803+0000][6][safepoint    ] Safepoint "Cleanup", Time since last: 1946047500 ns, Reaching safepoint: 208380 ns, At safepoint: 4980 ns, Total: 213360 ns
[2020-08-13T13:18:25.817+0000][6][safepoint    ] Safepoint "BulkRevokeBias", Time since last: 14454545 ns, Reaching safepoint: 152005 ns, At safepoint: 140332 ns, Total: 292337 ns
[2020-08-13T13:18:25.821+0000][6][safepoint    ] Safepoint "BulkRevokeBias", Time since last: 3072461 ns, Reaching safepoint: 40616 ns, At safepoint: 128421 ns, Total: 169037 ns
[2020-08-13T13:18:25.864+0000][6][gc,heap,exit ] Heap
[2020-08-13T13:18:25.864+0000][6][gc,heap,exit ]  garbage-first heap   total 524288K, used 194541K [0x00000000e0000000, 0x0000000100000000)
[2020-08-13T13:18:25.864+0000][6][gc,heap,exit ]   region size 1024K, 142 young (145408K), 14 survivors (14336K)
[2020-08-13T13:18:25.864+0000][6][gc,heap,exit ]  Metaspace       used 79178K, capacity 85541K, committed 85696K, reserved 1122304K
[2020-08-13T13:18:25.864+0000][6][gc,heap,exit ]   class space    used 10713K, capacity 13379K, committed 13440K, reserved 1048576K
