[2020-08-13T13:36:56.918+0000][7][gc,heap] Heap region size: 1M
[2020-08-13T13:36:56.918+0000][7][gc,heap,coops] Heap address: 0x00000000e0000000, size: 512 MB, Compressed Oops mode: 32-bit
[2020-08-13T13:36:57.271+0000][7][gc           ] Using G1
[2020-08-13T13:36:57.271+0000][7][gc,cds       ] Mark closed archive regions in map: [0x00000000fff00000, 0x00000000fff7eff8]
[2020-08-13T13:36:57.271+0000][7][gc,cds       ] Mark open archive regions in map: [0x00000000ffe00000, 0x00000000ffe51ff8]
[2020-08-13T13:36:57.313+0000][7][gc           ] Periodic GC disabled
[2020-08-13T13:36:58.462+0000][7][safepoint    ] Safepoint "Cleanup", Time since last: 1158868323 ns, Reaching safepoint: 730728 ns, At safepoint: 4088 ns, Total: 734816 ns
[2020-08-13T13:36:58.657+0000][7][gc,start     ] GC(0) Pause Young (Normal) (G1 Evacuation Pause)
[2020-08-13T13:36:58.657+0000][7][gc,task      ] GC(0) Using 2 workers of 2 for evacuation
[2020-08-13T13:36:58.657+0000][7][gc,age       ] GC(0) Desired survivor size 2097152 bytes, new threshold 15 (max threshold 15)
[2020-08-13T13:36:58.665+0000][7][gc,age       ] GC(0) Age table with threshold 15 (max threshold 15)
[2020-08-13T13:36:58.665+0000][7][gc,age       ] GC(0) - age   1:    2818624 bytes,    2818624 total
[2020-08-13T13:36:58.665+0000][7][gc,phases    ] GC(0)   Pre Evacuate Collection Set: 0.1ms
[2020-08-13T13:36:58.665+0000][7][gc,phases    ] GC(0)   Merge Heap Roots: 0.0ms
[2020-08-13T13:36:58.665+0000][7][gc,phases    ] GC(0)   Evacuate Collection Set: 6.8ms
[2020-08-13T13:36:58.665+0000][7][gc,phases    ] GC(0)   Post Evacuate Collection Set: 0.6ms
[2020-08-13T13:36:58.665+0000][7][gc,phases    ] GC(0)   Other: 0.5ms
[2020-08-13T13:36:58.665+0000][7][gc,heap      ] GC(0) Eden regions: 25->0(22)
[2020-08-13T13:36:58.665+0000][7][gc,heap      ] GC(0) Survivor regions: 0->3(4)
[2020-08-13T13:36:58.665+0000][7][gc,heap      ] GC(0) Old regions: 0->0
[2020-08-13T13:36:58.665+0000][7][gc,heap      ] GC(0) Archive regions: 2->2
[2020-08-13T13:36:58.665+0000][7][gc,heap      ] GC(0) Humongous regions: 1->1
[2020-08-13T13:36:58.665+0000][7][gc,metaspace ] GC(0) Metaspace: 6285K(8704K)->6285K(8704K) NonClass: 5564K(7680K)->5564K(7680K) Class: 721K(1024K)->721K(1024K)
[2020-08-13T13:36:58.665+0000][7][gc           ] GC(0) Pause Young (Normal) (G1 Evacuation Pause) 26M->4M(512M) 8.017ms
[2020-08-13T13:36:58.665+0000][7][gc,cpu       ] GC(0) User=0.01s Sys=0.00s Real=0.00s
[2020-08-13T13:36:58.665+0000][7][safepoint    ] Safepoint "G1CollectForAllocation", Time since last: 189792756 ns, Reaching safepoint: 5107841 ns, At safepoint: 8117183 ns, Total: 13225024 ns
[2020-08-13T13:36:59.937+0000][7][safepoint    ] Safepoint "Cleanup", Time since last: 1272087283 ns, Reaching safepoint: 185758 ns, At safepoint: 2114 ns, Total: 187872 ns
[2020-08-13T13:37:00.954+0000][7][safepoint    ] Safepoint "Cleanup", Time since last: 1002629773 ns, Reaching safepoint: 14023528 ns, At safepoint: 10420 ns, Total: 14033948 ns
[2020-08-13T13:37:01.089+0000][7][gc,start     ] GC(1) Pause Young (Normal) (G1 Evacuation Pause)
[2020-08-13T13:37:01.090+0000][7][gc,task      ] GC(1) Using 2 workers of 2 for evacuation
[2020-08-13T13:37:01.090+0000][7][gc,age       ] GC(1) Desired survivor size 2097152 bytes, new threshold 1 (max threshold 15)
[2020-08-13T13:37:01.123+0000][7][gc,age       ] GC(1) Age table with threshold 1 (max threshold 15)
[2020-08-13T13:37:01.123+0000][7][gc,age       ] GC(1) - age   1:    1819368 bytes,    1819368 total
[2020-08-13T13:37:01.124+0000][7][gc,phases    ] GC(1)   Pre Evacuate Collection Set: 0.1ms
[2020-08-13T13:37:01.124+0000][7][gc,phases    ] GC(1)   Merge Heap Roots: 0.0ms
[2020-08-13T13:37:01.124+0000][7][gc,phases    ] GC(1)   Evacuate Collection Set: 32.8ms
[2020-08-13T13:37:01.124+0000][7][gc,phases    ] GC(1)   Post Evacuate Collection Set: 0.9ms
[2020-08-13T13:37:01.124+0000][7][gc,phases    ] GC(1)   Other: 0.3ms
[2020-08-13T13:37:01.124+0000][7][gc,heap      ] GC(1) Eden regions: 22->0(26)
[2020-08-13T13:37:01.124+0000][7][gc,heap      ] GC(1) Survivor regions: 3->2(4)
[2020-08-13T13:37:01.124+0000][7][gc,heap      ] GC(1) Old regions: 0->3
[2020-08-13T13:37:01.124+0000][7][gc,heap      ] GC(1) Archive regions: 2->2
[2020-08-13T13:37:01.124+0000][7][gc,heap      ] GC(1) Humongous regions: 1->1
[2020-08-13T13:37:01.124+0000][7][gc,metaspace ] GC(1) Metaspace: 11465K(12160K)->11465K(12160K) NonClass: 10034K(10496K)->10034K(10496K) Class: 1430K(1664K)->1430K(1664K)
[2020-08-13T13:37:01.124+0000][7][gc           ] GC(1) Pause Young (Normal) (G1 Evacuation Pause) 26M->6M(512M) 34.262ms
[2020-08-13T13:37:01.124+0000][7][gc,cpu       ] GC(1) User=0.02s Sys=0.00s Real=0.03s
[2020-08-13T13:37:01.124+0000][7][safepoint    ] Safepoint "G1CollectForAllocation", Time since last: 135517546 ns, Reaching safepoint: 93786 ns, At safepoint: 34334396 ns, Total: 34428182 ns
[2020-08-13T13:37:02.740+0000][7][gc,start     ] GC(2) Pause Young (Normal) (G1 Evacuation Pause)
[2020-08-13T13:37:02.740+0000][7][gc,task      ] GC(2) Using 2 workers of 2 for evacuation
[2020-08-13T13:37:02.740+0000][7][gc,age       ] GC(2) Desired survivor size 2097152 bytes, new threshold 15 (max threshold 15)
[2020-08-13T13:37:02.805+0000][7][gc,age       ] GC(2) Age table with threshold 15 (max threshold 15)
[2020-08-13T13:37:02.805+0000][7][gc,age       ] GC(2) - age   1:    1625256 bytes,    1625256 total
[2020-08-13T13:37:02.805+0000][7][gc,age       ] GC(2) - age   2:    1727840 bytes,    3353096 total
[2020-08-13T13:37:02.805+0000][7][gc,phases    ] GC(2)   Pre Evacuate Collection Set: 0.1ms
[2020-08-13T13:37:02.805+0000][7][gc,phases    ] GC(2)   Merge Heap Roots: 0.0ms
[2020-08-13T13:37:02.805+0000][7][gc,phases    ] GC(2)   Evacuate Collection Set: 62.8ms
[2020-08-13T13:37:02.805+0000][7][gc,phases    ] GC(2)   Post Evacuate Collection Set: 1.4ms
[2020-08-13T13:37:02.805+0000][7][gc,phases    ] GC(2)   Other: 0.3ms
[2020-08-13T13:37:02.805+0000][7][gc,heap      ] GC(2) Eden regions: 26->0(47)
[2020-08-13T13:37:02.805+0000][7][gc,heap      ] GC(2) Survivor regions: 2->4(4)
[2020-08-13T13:37:02.805+0000][7][gc,heap      ] GC(2) Old regions: 3->3
[2020-08-13T13:37:02.805+0000][7][gc,heap      ] GC(2) Archive regions: 2->2
[2020-08-13T13:37:02.805+0000][7][gc,heap      ] GC(2) Humongous regions: 1->1
[2020-08-13T13:37:02.805+0000][7][gc,metaspace ] GC(2) Metaspace: 13769K(14464K)->13769K(14464K) NonClass: 12088K(12544K)->12088K(12544K) Class: 1680K(1920K)->1680K(1920K)
[2020-08-13T13:37:02.805+0000][7][gc           ] GC(2) Pause Young (Normal) (G1 Evacuation Pause) 32M->7M(512M) 64.722ms
[2020-08-13T13:37:02.805+0000][7][gc,cpu       ] GC(2) User=0.02s Sys=0.00s Real=0.06s
[2020-08-13T13:37:02.805+0000][7][safepoint    ] Safepoint "G1CollectForAllocation", Time since last: 1615873688 ns, Reaching safepoint: 424936 ns, At safepoint: 64807423 ns, Total: 65232359 ns
[2020-08-13T13:37:02.827+0000][7][safepoint    ] Safepoint "BulkRevokeBias", Time since last: 6801210 ns, Reaching safepoint: 14964932 ns, At safepoint: 118992 ns, Total: 15083924 ns
[2020-08-13T13:37:03.880+0000][7][safepoint    ] Safepoint "Cleanup", Time since last: 1048652947 ns, Reaching safepoint: 4525411 ns, At safepoint: 11862 ns, Total: 4537273 ns
[2020-08-13T13:37:03.926+0000][7][gc,start     ] GC(3) Pause Young (Normal) (G1 Evacuation Pause)
[2020-08-13T13:37:03.926+0000][7][gc,task      ] GC(3) Using 2 workers of 2 for evacuation
[2020-08-13T13:37:03.926+0000][7][gc,age       ] GC(3) Desired survivor size 3670016 bytes, new threshold 15 (max threshold 15)
[2020-08-13T13:37:03.958+0000][7][gc,age       ] GC(3) Age table with threshold 15 (max threshold 15)
[2020-08-13T13:37:03.958+0000][7][gc,age       ] GC(3) - age   1:    2088096 bytes,    2088096 total
[2020-08-13T13:37:03.958+0000][7][gc,age       ] GC(3) - age   2:    1579184 bytes,    3667280 total
[2020-08-13T13:37:03.958+0000][7][gc,age       ] GC(3) - age   3:    1707760 bytes,    5375040 total
[2020-08-13T13:37:03.958+0000][7][gc,phases    ] GC(3)   Pre Evacuate Collection Set: 4.6ms
[2020-08-13T13:37:03.958+0000][7][gc,phases    ] GC(3)   Merge Heap Roots: 4.0ms
[2020-08-13T13:37:03.958+0000][7][gc,phases    ] GC(3)   Evacuate Collection Set: 22.5ms
[2020-08-13T13:37:03.958+0000][7][gc,phases    ] GC(3)   Post Evacuate Collection Set: 0.9ms
[2020-08-13T13:37:03.958+0000][7][gc,phases    ] GC(3)   Other: 0.3ms
[2020-08-13T13:37:03.958+0000][7][gc,heap      ] GC(3) Eden regions: 47->0(78)
[2020-08-13T13:37:03.958+0000][7][gc,heap      ] GC(3) Survivor regions: 4->6(7)
[2020-08-13T13:37:03.958+0000][7][gc,heap      ] GC(3) Old regions: 3->3
[2020-08-13T13:37:03.958+0000][7][gc,heap      ] GC(3) Archive regions: 2->2
[2020-08-13T13:37:03.958+0000][7][gc,heap      ] GC(3) Humongous regions: 2->1
[2020-08-13T13:37:03.958+0000][7][gc,metaspace ] GC(3) Metaspace: 15649K(16640K)->15649K(16640K) NonClass: 13702K(14336K)->13702K(14336K) Class: 1946K(2304K)->1946K(2304K)
[2020-08-13T13:37:03.958+0000][7][gc           ] GC(3) Pause Young (Normal) (G1 Evacuation Pause) 55M->9M(512M) 32.267ms
[2020-08-13T13:37:03.958+0000][7][gc,cpu       ] GC(3) User=0.02s Sys=0.00s Real=0.03s
[2020-08-13T13:37:03.958+0000][7][safepoint    ] Safepoint "G1CollectForAllocation", Time since last: 45575546 ns, Reaching safepoint: 389349 ns, At safepoint: 32345553 ns, Total: 32734902 ns
[2020-08-13T13:37:04.215+0000][7][safepoint    ] Safepoint "BulkRevokeBias", Time since last: 256376426 ns, Reaching safepoint: 76243 ns, At safepoint: 70071 ns, Total: 146314 ns
[2020-08-13T13:37:04.224+0000][7][safepoint    ] Safepoint "BulkRevokeBias", Time since last: 8864442 ns, Reaching safepoint: 71063 ns, At safepoint: 86922 ns, Total: 157985 ns
[2020-08-13T13:37:05.228+0000][7][safepoint    ] Safepoint "Cleanup", Time since last: 1001179479 ns, Reaching safepoint: 2885631 ns, At safepoint: 3286 ns, Total: 2888917 ns
[2020-08-13T13:37:05.261+0000][7][gc,start     ] GC(4) Pause Young (Normal) (G1 Evacuation Pause)
[2020-08-13T13:37:05.261+0000][7][gc,task      ] GC(4) Using 2 workers of 2 for evacuation
[2020-08-13T13:37:05.261+0000][7][gc,age       ] GC(4) Desired survivor size 5767168 bytes, new threshold 15 (max threshold 15)
[2020-08-13T13:37:05.309+0000][7][gc,age       ] GC(4) Age table with threshold 15 (max threshold 15)
[2020-08-13T13:37:05.309+0000][7][gc,age       ] GC(4) - age   1:    3001800 bytes,    3001800 total
[2020-08-13T13:37:05.309+0000][7][gc,age       ] GC(4) - age   2:    1684912 bytes,    4686712 total
[2020-08-13T13:37:05.309+0000][7][gc,age       ] GC(4) - age   3:    1579144 bytes,    6265856 total
[2020-08-13T13:37:05.309+0000][7][gc,age       ] GC(4) - age   4:    1707760 bytes,    7973616 total
[2020-08-13T13:37:05.309+0000][7][gc,phases    ] GC(4)   Pre Evacuate Collection Set: 0.1ms
[2020-08-13T13:37:05.309+0000][7][gc,phases    ] GC(4)   Merge Heap Roots: 0.1ms
[2020-08-13T13:37:05.309+0000][7][gc,phases    ] GC(4)   Evacuate Collection Set: 40.3ms
[2020-08-13T13:37:05.309+0000][7][gc,phases    ] GC(4)   Post Evacuate Collection Set: 7.2ms
[2020-08-13T13:37:05.309+0000][7][gc,phases    ] GC(4)   Other: 0.3ms
[2020-08-13T13:37:05.309+0000][7][gc,heap      ] GC(4) Eden regions: 78->0(298)
[2020-08-13T13:37:05.309+0000][7][gc,heap      ] GC(4) Survivor regions: 6->9(11)
[2020-08-13T13:37:05.309+0000][7][gc,heap      ] GC(4) Old regions: 3->3
[2020-08-13T13:37:05.309+0000][7][gc,heap      ] GC(4) Archive regions: 2->2
[2020-08-13T13:37:05.309+0000][7][gc,heap      ] GC(4) Humongous regions: 1->1
[2020-08-13T13:37:05.309+0000][7][gc,metaspace ] GC(4) Metaspace: 17056K(17792K)->17056K(17792K) NonClass: 14946K(15360K)->14946K(15360K) Class: 2109K(2432K)->2109K(2432K)
[2020-08-13T13:37:05.309+0000][7][gc           ] GC(4) Pause Young (Normal) (G1 Evacuation Pause) 87M->12M(512M) 48.083ms
[2020-08-13T13:37:05.309+0000][7][gc,cpu       ] GC(4) User=0.03s Sys=0.00s Real=0.05s
[2020-08-13T13:37:05.309+0000][7][safepoint    ] Safepoint "G1CollectForAllocation", Time since last: 33022289 ns, Reaching safepoint: 65644 ns, At safepoint: 48164081 ns, Total: 48229725 ns
[2020-08-13T13:37:06.703+0000][7][safepoint    ] Safepoint "Cleanup", Time since last: 1393517832 ns, Reaching safepoint: 174818 ns, At safepoint: 2514 ns, Total: 177332 ns
[2020-08-13T13:37:07.453+0000][7][gc,start     ] GC(5) Pause Young (Normal) (G1 Evacuation Pause)
[2020-08-13T13:37:07.453+0000][7][gc,task      ] GC(5) Using 2 workers of 2 for evacuation
[2020-08-13T13:37:07.453+0000][7][gc,age       ] GC(5) Desired survivor size 20447232 bytes, new threshold 15 (max threshold 15)
[2020-08-13T13:37:07.491+0000][7][gc,age       ] GC(5) Age table with threshold 15 (max threshold 15)
[2020-08-13T13:37:07.491+0000][7][gc,age       ] GC(5) - age   1:    4012736 bytes,    4012736 total
[2020-08-13T13:37:07.491+0000][7][gc,age       ] GC(5) - age   2:    1366512 bytes,    5379248 total
[2020-08-13T13:37:07.491+0000][7][gc,age       ] GC(5) - age   3:    1684368 bytes,    7063616 total
[2020-08-13T13:37:07.491+0000][7][gc,age       ] GC(5) - age   4:    1579144 bytes,    8642760 total
[2020-08-13T13:37:07.491+0000][7][gc,age       ] GC(5) - age   5:    1707760 bytes,   10350520 total
[2020-08-13T13:37:07.491+0000][7][gc,phases    ] GC(5)   Pre Evacuate Collection Set: 0.1ms
[2020-08-13T13:37:07.491+0000][7][gc,phases    ] GC(5)   Merge Heap Roots: 0.1ms
[2020-08-13T13:37:07.491+0000][7][gc,phases    ] GC(5)   Evacuate Collection Set: 32.6ms
[2020-08-13T13:37:07.491+0000][7][gc,phases    ] GC(5)   Post Evacuate Collection Set: 5.3ms
[2020-08-13T13:37:07.491+0000][7][gc,phases    ] GC(5)   Other: 0.4ms
[2020-08-13T13:37:07.491+0000][7][gc,heap      ] GC(5) Eden regions: 298->0(199)
[2020-08-13T13:37:07.491+0000][7][gc,heap      ] GC(5) Survivor regions: 9->11(39)
[2020-08-13T13:37:07.491+0000][7][gc,heap      ] GC(5) Old regions: 3->3
[2020-08-13T13:37:07.491+0000][7][gc,heap      ] GC(5) Archive regions: 2->2
[2020-08-13T13:37:07.491+0000][7][gc,heap      ] GC(5) Humongous regions: 1->1
[2020-08-13T13:37:07.491+0000][7][gc,metaspace ] GC(5) Metaspace: 17963K(19200K)->17963K(19200K) NonClass: 15734K(16640K)->15734K(16640K) Class: 2229K(2560K)->2229K(2560K)
[2020-08-13T13:37:07.491+0000][7][gc           ] GC(5) Pause Young (Normal) (G1 Evacuation Pause) 310M->14M(512M) 38.487ms
[2020-08-13T13:37:07.491+0000][7][gc,cpu       ] GC(5) User=0.03s Sys=0.00s Real=0.04s
[2020-08-13T13:37:07.491+0000][7][safepoint    ] Safepoint "G1CollectForAllocation", Time since last: 749842015 ns, Reaching safepoint: 128910 ns, At safepoint: 38566167 ns, Total: 38695077 ns
[2020-08-13T13:37:07.507+0000][7][safepoint    ] Safepoint "BulkRevokeBias", Time since last: 7323578 ns, Reaching safepoint: 8006887 ns, At safepoint: 107772 ns, Total: 8114659 ns
[2020-08-13T13:37:07.510+0000][7][safepoint    ] Safepoint "BulkRevokeBias", Time since last: 2686538 ns, Reaching safepoint: 696875 ns, At safepoint: 74900 ns, Total: 771775 ns
[2020-08-13T13:37:07.513+0000][7][safepoint    ] Safepoint "BulkRevokeBias", Time since last: 45656 ns, Reaching safepoint: 2363544 ns, At safepoint: 57167 ns, Total: 2420711 ns
[2020-08-13T13:37:08.524+0000][7][safepoint    ] Safepoint "Cleanup", Time since last: 1006601517 ns, Reaching safepoint: 4464576 ns, At safepoint: 7925 ns, Total: 4472501 ns
[2020-08-13T13:37:08.701+0000][7][gc,start     ] GC(6) Pause Young (Normal) (G1 Evacuation Pause)
[2020-08-13T13:37:08.701+0000][7][gc,task      ] GC(6) Using 2 workers of 2 for evacuation
[2020-08-13T13:37:08.701+0000][7][gc,age       ] GC(6) Desired survivor size 14155776 bytes, new threshold 15 (max threshold 15)
[2020-08-13T13:37:08.778+0000][7][gc,age       ] GC(6) Age table with threshold 15 (max threshold 15)
[2020-08-13T13:37:08.778+0000][7][gc,age       ] GC(6) - age   1:    2381584 bytes,    2381584 total
[2020-08-13T13:37:08.778+0000][7][gc,age       ] GC(6) - age   2:    3706712 bytes,    6088296 total
[2020-08-13T13:37:08.778+0000][7][gc,age       ] GC(6) - age   3:    1362128 bytes,    7450424 total
[2020-08-13T13:37:08.778+0000][7][gc,age       ] GC(6) - age   4:    1683296 bytes,    9133720 total
[2020-08-13T13:37:08.778+0000][7][gc,age       ] GC(6) - age   5:    1578936 bytes,   10712656 total
[2020-08-13T13:37:08.778+0000][7][gc,age       ] GC(6) - age   6:    1707504 bytes,   12420160 total
[2020-08-13T13:37:08.778+0000][7][gc,phases    ] GC(6)   Pre Evacuate Collection Set: 0.1ms
[2020-08-13T13:37:08.778+0000][7][gc,phases    ] GC(6)   Merge Heap Roots: 0.1ms
[2020-08-13T13:37:08.778+0000][7][gc,phases    ] GC(6)   Evacuate Collection Set: 75.6ms
[2020-08-13T13:37:08.778+0000][7][gc,phases    ] GC(6)   Post Evacuate Collection Set: 1.5ms
[2020-08-13T13:37:08.778+0000][7][gc,phases    ] GC(6)   Other: 0.3ms
[2020-08-13T13:37:08.778+0000][7][gc,heap      ] GC(6) Eden regions: 199->0(294)
[2020-08-13T13:37:08.778+0000][7][gc,heap      ] GC(6) Survivor regions: 11->13(27)
[2020-08-13T13:37:08.778+0000][7][gc,heap      ] GC(6) Old regions: 3->3
[2020-08-13T13:37:08.778+0000][7][gc,heap      ] GC(6) Archive regions: 2->2
[2020-08-13T13:37:08.778+0000][7][gc,heap      ] GC(6) Humongous regions: 1->1
[2020-08-13T13:37:08.778+0000][7][gc,metaspace ] GC(6) Metaspace: 19321K(20736K)->19321K(20736K) NonClass: 16931K(17920K)->16931K(17920K) Class: 2390K(2816K)->2390K(2816K)
[2020-08-13T13:37:08.778+0000][7][gc           ] GC(6) Pause Young (Normal) (G1 Evacuation Pause) 213M->16M(512M) 77.606ms
[2020-08-13T13:37:08.778+0000][7][gc,cpu       ] GC(6) User=0.02s Sys=0.00s Real=0.08s
[2020-08-13T13:37:08.778+0000][7][safepoint    ] Safepoint "G1CollectForAllocation", Time since last: 176869136 ns, Reaching safepoint: 100459 ns, At safepoint: 77691109 ns, Total: 77791568 ns
[2020-08-13T13:37:09.781+0000][7][safepoint    ] Safepoint "Cleanup", Time since last: 1000191489 ns, Reaching safepoint: 2079993 ns, At safepoint: 6202 ns, Total: 2086195 ns
[2020-08-13T13:37:10.755+0000][7][gc,start     ] GC(7) Pause Young (Normal) (G1 Evacuation Pause)
[2020-08-13T13:37:10.755+0000][7][gc,task      ] GC(7) Using 2 workers of 2 for evacuation
[2020-08-13T13:37:10.755+0000][7][gc,age       ] GC(7) Desired survivor size 20447232 bytes, new threshold 15 (max threshold 15)
[2020-08-13T13:37:10.793+0000][7][gc,age       ] GC(7) Age table with threshold 15 (max threshold 15)
[2020-08-13T13:37:10.793+0000][7][gc,age       ] GC(7) - age   1:    3106872 bytes,    3106872 total
[2020-08-13T13:37:10.793+0000][7][gc,age       ] GC(7) - age   2:    1950232 bytes,    5057104 total
[2020-08-13T13:37:10.793+0000][7][gc,age       ] GC(7) - age   3:    3705384 bytes,    8762488 total
[2020-08-13T13:37:10.793+0000][7][gc,age       ] GC(7) - age   4:    1362128 bytes,   10124616 total
[2020-08-13T13:37:10.793+0000][7][gc,age       ] GC(7) - age   5:    1683296 bytes,   11807912 total
[2020-08-13T13:37:10.793+0000][7][gc,age       ] GC(7) - age   6:    1578936 bytes,   13386848 total
[2020-08-13T13:37:10.793+0000][7][gc,age       ] GC(7) - age   7:    1707504 bytes,   15094352 total
[2020-08-13T13:37:10.793+0000][7][gc,phases    ] GC(7)   Pre Evacuate Collection Set: 0.1ms
[2020-08-13T13:37:10.793+0000][7][gc,phases    ] GC(7)   Merge Heap Roots: 0.1ms
[2020-08-13T13:37:10.793+0000][7][gc,phases    ] GC(7)   Evacuate Collection Set: 36.6ms
[2020-08-13T13:37:10.793+0000][7][gc,phases    ] GC(7)   Post Evacuate Collection Set: 1.6ms
[2020-08-13T13:37:10.793+0000][7][gc,phases    ] GC(7)   Other: 0.4ms
[2020-08-13T13:37:10.793+0000][7][gc,heap      ] GC(7) Eden regions: 294->0(292)
[2020-08-13T13:37:10.793+0000][7][gc,heap      ] GC(7) Survivor regions: 13->15(39)
[2020-08-13T13:37:10.793+0000][7][gc,heap      ] GC(7) Old regions: 3->3
[2020-08-13T13:37:10.793+0000][7][gc,heap      ] GC(7) Archive regions: 2->2
[2020-08-13T13:37:10.793+0000][7][gc,heap      ] GC(7) Humongous regions: 1->1
[2020-08-13T13:37:10.793+0000][7][gc,metaspace ] GC(7) Metaspace: 19675K(21248K)->19675K(21248K) NonClass: 17229K(18432K)->17229K(18432K) Class: 2445K(2816K)->2445K(2816K)
[2020-08-13T13:37:10.793+0000][7][gc           ] GC(7) Pause Young (Normal) (G1 Evacuation Pause) 310M->19M(512M) 38.730ms
[2020-08-13T13:37:10.794+0000][7][gc,cpu       ] GC(7) User=0.02s Sys=0.00s Real=0.04s
[2020-08-13T13:37:10.794+0000][7][safepoint    ] Safepoint "G1CollectForAllocation", Time since last: 973912481 ns, Reaching safepoint: 86141 ns, At safepoint: 38812738 ns, Total: 38898879 ns
[2020-08-13T13:37:11.134+0000][7][gc,start     ] GC(8) Pause Young (Concurrent Start) (Metadata GC Threshold)
[2020-08-13T13:37:11.134+0000][7][gc,task      ] GC(8) Using 2 workers of 2 for evacuation
[2020-08-13T13:37:11.134+0000][7][gc,age       ] GC(8) Desired survivor size 20447232 bytes, new threshold 15 (max threshold 15)
[2020-08-13T13:37:11.204+0000][7][gc,age       ] GC(8) Age table with threshold 15 (max threshold 15)
[2020-08-13T13:37:11.204+0000][7][gc,age       ] GC(8) - age   1:     310024 bytes,     310024 total
[2020-08-13T13:37:11.204+0000][7][gc,age       ] GC(8) - age   2:    1595368 bytes,    1905392 total
[2020-08-13T13:37:11.204+0000][7][gc,age       ] GC(8) - age   3:    1950208 bytes,    3855600 total
[2020-08-13T13:37:11.204+0000][7][gc,age       ] GC(8) - age   4:    3705384 bytes,    7560984 total
[2020-08-13T13:37:11.204+0000][7][gc,age       ] GC(8) - age   5:    1362128 bytes,    8923112 total
[2020-08-13T13:37:11.204+0000][7][gc,age       ] GC(8) - age   6:    1683296 bytes,   10606408 total
[2020-08-13T13:37:11.204+0000][7][gc,age       ] GC(8) - age   7:    1578936 bytes,   12185344 total
[2020-08-13T13:37:11.204+0000][7][gc,age       ] GC(8) - age   8:    1707504 bytes,   13892848 total
[2020-08-13T13:37:11.204+0000][7][gc,phases    ] GC(8)   Pre Evacuate Collection Set: 0.2ms
[2020-08-13T13:37:11.204+0000][7][gc,phases    ] GC(8)   Merge Heap Roots: 0.0ms
[2020-08-13T13:37:11.204+0000][7][gc,phases    ] GC(8)   Evacuate Collection Set: 60.2ms
[2020-08-13T13:37:11.204+0000][7][gc,phases    ] GC(8)   Post Evacuate Collection Set: 9.3ms
[2020-08-13T13:37:11.204+0000][7][gc,phases    ] GC(8)   Other: 0.4ms
[2020-08-13T13:37:11.204+0000][7][gc,heap      ] GC(8) Eden regions: 47->0(293)
[2020-08-13T13:37:11.204+0000][7][gc,heap      ] GC(8) Survivor regions: 15->14(39)
[2020-08-13T13:37:11.204+0000][7][gc,heap      ] GC(8) Old regions: 3->3
[2020-08-13T13:37:11.204+0000][7][gc,heap      ] GC(8) Archive regions: 2->2
[2020-08-13T13:37:11.204+0000][7][gc,heap      ] GC(8) Humongous regions: 1->1
[2020-08-13T13:37:11.204+0000][7][gc,metaspace ] GC(8) Metaspace: 19767K(21296K)->19767K(21296K) NonClass: 17303K(18432K)->17303K(18432K) Class: 2464K(2864K)->2464K(2864K)
[2020-08-13T13:37:11.204+0000][7][gc           ] GC(8) Pause Young (Concurrent Start) (Metadata GC Threshold) 65M->18M(512M) 70.238ms
[2020-08-13T13:37:11.204+0000][7][gc,cpu       ] GC(8) User=0.03s Sys=0.00s Real=0.07s
[2020-08-13T13:37:11.204+0000][7][safepoint    ] Safepoint "CollectForMetadataAllocation", Time since last: 340435604 ns, Reaching safepoint: 61996 ns, At safepoint: 70446258 ns, Total: 70508254 ns
[2020-08-13T13:37:11.205+0000][7][gc           ] GC(9) Concurrent Cycle
[2020-08-13T13:37:11.205+0000][7][gc,marking   ] GC(9) Concurrent Clear Claimed Marks
[2020-08-13T13:37:11.205+0000][7][gc,marking   ] GC(9) Concurrent Clear Claimed Marks 0.121ms
[2020-08-13T13:37:11.205+0000][7][gc,marking   ] GC(9) Concurrent Scan Root Regions
[2020-08-13T13:37:11.255+0000][7][gc,marking   ] GC(9) Concurrent Scan Root Regions 50.182ms
[2020-08-13T13:37:11.255+0000][7][gc,marking   ] GC(9) Concurrent Mark (14.351s)
[2020-08-13T13:37:11.255+0000][7][gc,marking   ] GC(9) Concurrent Mark From Roots
[2020-08-13T13:37:11.255+0000][7][gc,task      ] GC(9) Using 1 workers of 1 for marking
[2020-08-13T13:37:11.275+0000][7][gc,marking   ] GC(9) Concurrent Mark From Roots 19.424ms
[2020-08-13T13:37:11.275+0000][7][gc,marking   ] GC(9) Concurrent Preclean
[2020-08-13T13:37:11.275+0000][7][gc,marking   ] GC(9) Concurrent Preclean 0.069ms
[2020-08-13T13:37:11.275+0000][7][gc,marking   ] GC(9) Concurrent Mark (14.351s, 14.370s) 19.592ms
[2020-08-13T13:37:11.290+0000][7][gc,start     ] GC(9) Pause Remark
[2020-08-13T13:37:11.314+0000][7][gc           ] GC(9) Pause Remark 30M->30M(512M) 24.440ms
[2020-08-13T13:37:11.314+0000][7][gc,cpu       ] GC(9) User=0.02s Sys=0.00s Real=0.02s
[2020-08-13T13:37:11.314+0000][7][safepoint    ] Safepoint "G1Concurrent", Time since last: 70306027 ns, Reaching safepoint: 14957115 ns, At safepoint: 24538451 ns, Total: 39495566 ns
[2020-08-13T13:37:11.314+0000][7][gc,marking   ] GC(9) Concurrent Rebuild Remembered Sets
[2020-08-13T13:37:11.317+0000][7][gc,marking   ] GC(9) Concurrent Rebuild Remembered Sets 2.663ms
[2020-08-13T13:37:11.321+0000][7][gc,start     ] GC(9) Pause Cleanup
[2020-08-13T13:37:11.321+0000][7][gc           ] GC(9) Pause Cleanup 30M->30M(512M) 0.137ms
[2020-08-13T13:37:11.321+0000][7][gc,cpu       ] GC(9) User=0.00s Sys=0.00s Real=0.00s
[2020-08-13T13:37:11.321+0000][7][safepoint    ] Safepoint "G1Concurrent", Time since last: 2721945 ns, Reaching safepoint: 4325115 ns, At safepoint: 173845 ns, Total: 4498960 ns
[2020-08-13T13:37:11.322+0000][7][gc,marking   ] GC(9) Concurrent Cleanup for Next Mark
[2020-08-13T13:37:11.324+0000][7][gc,marking   ] GC(9) Concurrent Cleanup for Next Mark 1.319ms
[2020-08-13T13:37:11.324+0000][7][gc           ] GC(9) Concurrent Cycle 119.079ms
[2020-08-13T13:37:12.411+0000][7][safepoint    ] Safepoint "Cleanup", Time since last: 1089471720 ns, Reaching safepoint: 177633 ns, At safepoint: 2175 ns, Total: 179808 ns
[2020-08-13T13:37:13.603+0000][7][safepoint    ] Safepoint "Cleanup", Time since last: 1186210421 ns, Reaching safepoint: 5841875 ns, At safepoint: 5320 ns, Total: 5847195 ns
[2020-08-13T13:37:15.256+0000][7][safepoint    ] Safepoint "Cleanup", Time since last: 1648484698 ns, Reaching safepoint: 4510603 ns, At safepoint: 6472 ns, Total: 4517075 ns
[2020-08-13T13:37:16.265+0000][7][safepoint    ] Safepoint "Cleanup", Time since last: 1001925323 ns, Reaching safepoint: 6605403 ns, At safepoint: 4960 ns, Total: 6610363 ns
[2020-08-13T13:37:17.278+0000][7][safepoint    ] Safepoint "Cleanup", Time since last: 1005947061 ns, Reaching safepoint: 7026283 ns, At safepoint: 9217 ns, Total: 7035500 ns
[2020-08-13T13:37:17.787+0000][7][gc,start     ] GC(10) Pause Young (Normal) (G1 Evacuation Pause)
[2020-08-13T13:37:17.787+0000][7][gc,task      ] GC(10) Using 2 workers of 2 for evacuation
[2020-08-13T13:37:17.787+0000][7][gc,age       ] GC(10) Desired survivor size 20447232 bytes, new threshold 15 (max threshold 15)
[2020-08-13T13:37:17.887+0000][7][gc,age       ] GC(10) Age table with threshold 15 (max threshold 15)
[2020-08-13T13:37:17.887+0000][7][gc,age       ] GC(10) - age   1:   14311936 bytes,   14311936 total
[2020-08-13T13:37:17.887+0000][7][gc,age       ] GC(10) - age   2:     285224 bytes,   14597160 total
[2020-08-13T13:37:17.887+0000][7][gc,age       ] GC(10) - age   3:    1583040 bytes,   16180200 total
[2020-08-13T13:37:17.887+0000][7][gc,age       ] GC(10) - age   4:    1932944 bytes,   18113144 total
[2020-08-13T13:37:17.887+0000][7][gc,age       ] GC(10) - age   5:    3680576 bytes,   21793720 total
[2020-08-13T13:37:17.887+0000][7][gc,age       ] GC(10) - age   6:    1357552 bytes,   23151272 total
[2020-08-13T13:37:17.887+0000][7][gc,age       ] GC(10) - age   7:    1641576 bytes,   24792848 total
[2020-08-13T13:37:17.887+0000][7][gc,age       ] GC(10) - age   8:    1553448 bytes,   26346296 total
[2020-08-13T13:37:17.887+0000][7][gc,age       ] GC(10) - age   9:    1693672 bytes,   28039968 total
[2020-08-13T13:37:17.887+0000][7][gc,phases    ] GC(10)   Pre Evacuate Collection Set: 0.1ms
[2020-08-13T13:37:17.887+0000][7][gc,phases    ] GC(10)   Merge Heap Roots: 0.1ms
[2020-08-13T13:37:17.887+0000][7][gc,phases    ] GC(10)   Evacuate Collection Set: 82.6ms
[2020-08-13T13:37:17.887+0000][7][gc,phases    ] GC(10)   Post Evacuate Collection Set: 17.2ms
[2020-08-13T13:37:17.887+0000][7][gc,phases    ] GC(10)   Other: 0.4ms
[2020-08-13T13:37:17.887+0000][7][gc,heap      ] GC(10) Eden regions: 293->0(279)
[2020-08-13T13:37:17.887+0000][7][gc,heap      ] GC(10) Survivor regions: 14->28(39)
[2020-08-13T13:37:17.887+0000][7][gc,heap      ] GC(10) Old regions: 3->3
[2020-08-13T13:37:17.887+0000][7][gc,heap      ] GC(10) Archive regions: 2->2
[2020-08-13T13:37:17.887+0000][7][gc,heap      ] GC(10) Humongous regions: 1->1
[2020-08-13T13:37:17.887+0000][7][gc,metaspace ] GC(10) Metaspace: 28113K(30768K)->28113K(30768K) NonClass: 24505K(26368K)->24505K(26368K) Class: 3608K(4400K)->3608K(4400K)
[2020-08-13T13:37:17.887+0000][7][gc           ] GC(10) Pause Young (Normal) (G1 Evacuation Pause) 311M->31M(512M) 100.399ms
[2020-08-13T13:37:17.887+0000][7][gc,cpu       ] GC(10) User=0.07s Sys=0.00s Real=0.10s
[2020-08-13T13:37:17.887+0000][7][safepoint    ] Safepoint "G1CollectForAllocation", Time since last: 508908044 ns, Reaching safepoint: 108814 ns, At safepoint: 100513135 ns, Total: 100621949 ns
[2020-08-13T13:37:19.069+0000][7][safepoint    ] Safepoint "Cleanup", Time since last: 1168546440 ns, Reaching safepoint: 13180451 ns, At safepoint: 5209 ns, Total: 13185660 ns
[2020-08-13T13:37:20.084+0000][7][safepoint    ] Safepoint "Cleanup", Time since last: 1001659607 ns, Reaching safepoint: 13117402 ns, At safepoint: 7114 ns, Total: 13124516 ns
[2020-08-13T13:37:21.093+0000][7][safepoint    ] Safepoint "Cleanup", Time since last: 1003897455 ns, Reaching safepoint: 5134761 ns, At safepoint: 5891 ns, Total: 5140652 ns
[2020-08-13T13:37:21.857+0000][7][gc,start     ] GC(11) Pause Young (Concurrent Start) (Metadata GC Threshold)
[2020-08-13T13:37:21.857+0000][7][gc,task      ] GC(11) Using 2 workers of 2 for evacuation
[2020-08-13T13:37:21.857+0000][7][gc,age       ] GC(11) Desired survivor size 20447232 bytes, new threshold 5 (max threshold 15)
[2020-08-13T13:37:22.008+0000][7][gc,age       ] GC(11) Age table with threshold 5 (max threshold 15)
[2020-08-13T13:37:22.008+0000][7][gc,age       ] GC(11) - age   1:   15563192 bytes,   15563192 total
[2020-08-13T13:37:22.008+0000][7][gc,age       ] GC(11) - age   2:   13983136 bytes,   29546328 total
[2020-08-13T13:37:22.008+0000][7][gc,age       ] GC(11) - age   3:     285192 bytes,   29831520 total
[2020-08-13T13:37:22.008+0000][7][gc,age       ] GC(11) - age   4:    1583040 bytes,   31414560 total
[2020-08-13T13:37:22.008+0000][7][gc,age       ] GC(11) - age   5:    1926704 bytes,   33341264 total
[2020-08-13T13:37:22.008+0000][7][gc,phases    ] GC(11)   Pre Evacuate Collection Set: 0.4ms
[2020-08-13T13:37:22.008+0000][7][gc,phases    ] GC(11)   Merge Heap Roots: 0.1ms
[2020-08-13T13:37:22.008+0000][7][gc,phases    ] GC(11)   Evacuate Collection Set: 139.2ms
[2020-08-13T13:37:22.008+0000][7][gc,phases    ] GC(11)   Post Evacuate Collection Set: 10.9ms
[2020-08-13T13:37:22.008+0000][7][gc,phases    ] GC(11)   Other: 0.4ms
[2020-08-13T13:37:22.008+0000][7][gc,heap      ] GC(11) Eden regions: 160->0(68)
[2020-08-13T13:37:22.008+0000][7][gc,heap      ] GC(11) Survivor regions: 28->33(39)
[2020-08-13T13:37:22.008+0000][7][gc,heap      ] GC(11) Old regions: 3->13
[2020-08-13T13:37:22.008+0000][7][gc,heap      ] GC(11) Archive regions: 2->2
[2020-08-13T13:37:22.008+0000][7][gc,heap      ] GC(11) Humongous regions: 1->1
[2020-08-13T13:37:22.008+0000][7][gc,metaspace ] GC(11) Metaspace: 32792K(35920K)->32792K(35920K) NonClass: 28468K(30624K)->28468K(30624K) Class: 4323K(5296K)->4323K(5296K)
[2020-08-13T13:37:22.008+0000][7][gc           ] GC(11) Pause Young (Concurrent Start) (Metadata GC Threshold) 191M->46M(512M) 151.139ms
[2020-08-13T13:37:22.008+0000][7][gc,cpu       ] GC(11) User=0.10s Sys=0.00s Real=0.15s
[2020-08-13T13:37:22.008+0000][7][safepoint    ] Safepoint "CollectForMetadataAllocation", Time since last: 763922951 ns, Reaching safepoint: 130465 ns, At safepoint: 151352204 ns, Total: 151482669 ns
[2020-08-13T13:37:22.011+0000][7][gc           ] GC(12) Concurrent Cycle
[2020-08-13T13:37:22.011+0000][7][gc,marking   ] GC(12) Concurrent Clear Claimed Marks
[2020-08-13T13:37:22.011+0000][7][gc,marking   ] GC(12) Concurrent Clear Claimed Marks 0.337ms
[2020-08-13T13:37:22.011+0000][7][gc,marking   ] GC(12) Concurrent Scan Root Regions
[2020-08-13T13:37:22.129+0000][7][gc,marking   ] GC(12) Concurrent Scan Root Regions 118.217ms
[2020-08-13T13:37:22.129+0000][7][gc,marking   ] GC(12) Concurrent Mark (25.225s)
[2020-08-13T13:37:22.129+0000][7][gc,marking   ] GC(12) Concurrent Mark From Roots
[2020-08-13T13:37:22.129+0000][7][gc,task      ] GC(12) Using 1 workers of 1 for marking
[2020-08-13T13:37:22.160+0000][7][safepoint    ] Safepoint "CollectForMetadataAllocation", Time since last: 144135287 ns, Reaching safepoint: 7396656 ns, At safepoint: 159888 ns, Total: 7556544 ns
[2020-08-13T13:37:22.166+0000][7][gc,marking   ] GC(12) Concurrent Mark From Roots 37.063ms
[2020-08-13T13:37:22.166+0000][7][gc,marking   ] GC(12) Concurrent Preclean
[2020-08-13T13:37:22.167+0000][7][gc,marking   ] GC(12) Concurrent Preclean 0.051ms
[2020-08-13T13:37:22.167+0000][7][gc,marking   ] GC(12) Concurrent Mark (25.225s, 25.262s) 37.178ms
[2020-08-13T13:37:22.180+0000][7][gc,start     ] GC(12) Pause Remark
[2020-08-13T13:37:22.192+0000][7][gc           ] GC(12) Pause Remark 49M->49M(512M) 12.193ms
[2020-08-13T13:37:22.192+0000][7][gc,cpu       ] GC(12) User=0.01s Sys=0.00s Real=0.01s
[2020-08-13T13:37:22.192+0000][7][safepoint    ] Safepoint "G1Concurrent", Time since last: 8762051 ns, Reaching safepoint: 11078677 ns, At safepoint: 12327374 ns, Total: 23406051 ns
[2020-08-13T13:37:22.192+0000][7][gc,marking   ] GC(12) Concurrent Rebuild Remembered Sets
[2020-08-13T13:37:22.228+0000][7][gc,marking   ] GC(12) Concurrent Rebuild Remembered Sets 36.052ms
[2020-08-13T13:37:22.235+0000][7][gc,start     ] GC(12) Pause Cleanup
[2020-08-13T13:37:22.236+0000][7][gc           ] GC(12) Pause Cleanup 51M->51M(512M) 0.219ms
[2020-08-13T13:37:22.236+0000][7][gc,cpu       ] GC(12) User=0.00s Sys=0.00s Real=0.01s
[2020-08-13T13:37:22.236+0000][7][safepoint    ] Safepoint "G1Concurrent", Time since last: 36168037 ns, Reaching safepoint: 7165903 ns, At safepoint: 275115 ns, Total: 7441018 ns
[2020-08-13T13:37:22.236+0000][7][gc,marking   ] GC(12) Concurrent Cleanup for Next Mark
[2020-08-13T13:37:22.239+0000][7][gc,marking   ] GC(12) Concurrent Cleanup for Next Mark 3.060ms
[2020-08-13T13:37:22.239+0000][7][gc           ] GC(12) Concurrent Cycle 228.114ms
[2020-08-13T13:37:22.888+0000][7][gc,start     ] GC(13) Pause Young (Concurrent Start) (G1 Evacuation Pause)
[2020-08-13T13:37:22.888+0000][7][gc,task      ] GC(13) Using 2 workers of 2 for evacuation
[2020-08-13T13:37:22.888+0000][7][gc,age       ] GC(13) Desired survivor size 9437184 bytes, new threshold 1 (max threshold 15)
[2020-08-13T13:37:23.004+0000][7][gc,age       ] GC(13) Age table with threshold 1 (max threshold 15)
[2020-08-13T13:37:23.004+0000][7][gc,age       ] GC(13) - age   1:     682720 bytes,     682720 total
[2020-08-13T13:37:23.004+0000][7][gc,phases    ] GC(13)   Pre Evacuate Collection Set: 0.4ms
[2020-08-13T13:37:23.004+0000][7][gc,phases    ] GC(13)   Merge Heap Roots: 0.1ms
[2020-08-13T13:37:23.004+0000][7][gc,phases    ] GC(13)   Evacuate Collection Set: 98.4ms
[2020-08-13T13:37:23.004+0000][7][gc,phases    ] GC(13)   Post Evacuate Collection Set: 17.4ms
[2020-08-13T13:37:23.004+0000][7][gc,phases    ] GC(13)   Other: 0.4ms
[2020-08-13T13:37:23.004+0000][7][gc,heap      ] GC(13) Eden regions: 108->0(302)
[2020-08-13T13:37:23.004+0000][7][gc,heap      ] GC(13) Survivor regions: 33->1(18)
[2020-08-13T13:37:23.004+0000][7][gc,heap      ] GC(13) Old regions: 13->45
[2020-08-13T13:37:23.004+0000][7][gc,heap      ] GC(13) Archive regions: 2->2
[2020-08-13T13:37:23.004+0000][7][gc,heap      ] GC(13) Humongous regions: 1->1
[2020-08-13T13:37:23.004+0000][7][gc,metaspace ] GC(13) Metaspace: 34049K(37404K)->34049K(37404K) NonClass: 29585K(31904K)->29585K(31904K) Class: 4464K(5500K)->4464K(5500K)
[2020-08-13T13:37:23.004+0000][7][gc           ] GC(13) Pause Young (Concurrent Start) (G1 Evacuation Pause) 154M->47M(512M) 116.798ms
[2020-08-13T13:37:23.004+0000][7][gc,cpu       ] GC(13) User=0.08s Sys=0.00s Real=0.11s
[2020-08-13T13:37:23.004+0000][7][safepoint    ] Safepoint "G1CollectForAllocation", Time since last: 651728029 ns, Reaching safepoint: 166040 ns, At safepoint: 116907995 ns, Total: 117074035 ns
[2020-08-13T13:37:23.007+0000][7][gc           ] GC(14) Concurrent Cycle
[2020-08-13T13:37:23.007+0000][7][gc,marking   ] GC(14) Concurrent Clear Claimed Marks
[2020-08-13T13:37:23.007+0000][7][gc,marking   ] GC(14) Concurrent Clear Claimed Marks 0.444ms
[2020-08-13T13:37:23.007+0000][7][gc,marking   ] GC(14) Concurrent Scan Root Regions
[2020-08-13T13:37:23.096+0000][7][gc,marking   ] GC(14) Concurrent Scan Root Regions 89.284ms
[2020-08-13T13:37:23.097+0000][7][gc,marking   ] GC(14) Concurrent Mark (26.192s)
[2020-08-13T13:37:23.097+0000][7][gc,marking   ] GC(14) Concurrent Mark From Roots
[2020-08-13T13:37:23.097+0000][7][gc,task      ] GC(14) Using 1 workers of 1 for marking
[2020-08-13T13:37:23.251+0000][7][gc,marking   ] GC(14) Concurrent Mark From Roots 154.180ms
[2020-08-13T13:37:23.251+0000][7][gc,marking   ] GC(14) Concurrent Preclean
[2020-08-13T13:37:23.251+0000][7][gc,marking   ] GC(14) Concurrent Preclean 0.141ms
[2020-08-13T13:37:23.251+0000][7][gc,marking   ] GC(14) Concurrent Mark (26.192s, 26.346s) 154.406ms
[2020-08-13T13:37:23.255+0000][7][gc,start     ] GC(14) Pause Remark
[2020-08-13T13:37:23.291+0000][7][gc           ] GC(14) Pause Remark 50M->50M(512M) 35.821ms
[2020-08-13T13:37:23.291+0000][7][gc,cpu       ] GC(14) User=0.01s Sys=0.00s Real=0.04s
[2020-08-13T13:37:23.291+0000][7][safepoint    ] Safepoint "G1Concurrent", Time since last: 250262441 ns, Reaching safepoint: 196448 ns, At safepoint: 35936193 ns, Total: 36132641 ns
[2020-08-13T13:37:23.292+0000][7][gc,marking   ] GC(14) Concurrent Rebuild Remembered Sets
[2020-08-13T13:37:23.561+0000][7][gc,marking   ] GC(14) Concurrent Rebuild Remembered Sets 269.509ms
[2020-08-13T13:37:23.577+0000][7][gc,start     ] GC(14) Pause Cleanup
[2020-08-13T13:37:23.577+0000][7][gc           ] GC(14) Pause Cleanup 56M->56M(512M) 0.234ms
[2020-08-13T13:37:23.577+0000][7][gc,cpu       ] GC(14) User=0.00s Sys=0.00s Real=0.00s
[2020-08-13T13:37:23.577+0000][7][safepoint    ] Safepoint "G1Concurrent", Time since last: 278809615 ns, Reaching safepoint: 7106572 ns, At safepoint: 279292 ns, Total: 7385864 ns
[2020-08-13T13:37:23.581+0000][7][gc,marking   ] GC(14) Concurrent Cleanup for Next Mark
[2020-08-13T13:37:23.583+0000][7][gc,marking   ] GC(14) Concurrent Cleanup for Next Mark 1.406ms
[2020-08-13T13:37:23.583+0000][7][gc           ] GC(14) Concurrent Cycle 576.234ms
[2020-08-13T13:37:24.588+0000][7][safepoint    ] Safepoint "Cleanup", Time since last: 1003581405 ns, Reaching safepoint: 7174429 ns, At safepoint: 5430 ns, Total: 7179859 ns
[2020-08-13T13:37:25.989+0000][7][safepoint    ] Safepoint "Cleanup", Time since last: 1394841048 ns, Reaching safepoint: 6081774 ns, At safepoint: 7474 ns, Total: 6089248 ns
[2020-08-13T13:37:27.244+0000][7][safepoint    ] Safepoint "Cleanup", Time since last: 1250896198 ns, Reaching safepoint: 4077302 ns, At safepoint: 5700 ns, Total: 4083002 ns
[2020-08-13T13:37:28.451+0000][7][safepoint    ] Safepoint "Cleanup", Time since last: 1205873586 ns, Reaching safepoint: 1121880 ns, At safepoint: 4428 ns, Total: 1126308 ns
[2020-08-13T13:37:29.731+0000][7][safepoint    ] Safepoint "Cleanup", Time since last: 1270878662 ns, Reaching safepoint: 9087589 ns, At safepoint: 10399 ns, Total: 9097988 ns
[2020-08-13T13:37:30.874+0000][7][gc,start     ] GC(15) Pause Young (Concurrent Start) (Metadata GC Threshold)
[2020-08-13T13:37:30.874+0000][7][gc,task      ] GC(15) Using 2 workers of 2 for evacuation
[2020-08-13T13:37:30.874+0000][7][gc,age       ] GC(15) Desired survivor size 19922944 bytes, new threshold 15 (max threshold 15)
[2020-08-13T13:37:31.052+0000][7][gc,age       ] GC(15) Age table with threshold 15 (max threshold 15)
[2020-08-13T13:37:31.052+0000][7][gc,age       ] GC(15) - age   1:    7761896 bytes,    7761896 total
[2020-08-13T13:37:31.052+0000][7][gc,age       ] GC(15) - age   2:     603624 bytes,    8365520 total
[2020-08-13T13:37:31.052+0000][7][gc,phases    ] GC(15)   Pre Evacuate Collection Set: 0.3ms
[2020-08-13T13:37:31.052+0000][7][gc,phases    ] GC(15)   Merge Heap Roots: 0.3ms
[2020-08-13T13:37:31.052+0000][7][gc,phases    ] GC(15)   Evacuate Collection Set: 145.9ms
[2020-08-13T13:37:31.052+0000][7][gc,phases    ] GC(15)   Post Evacuate Collection Set: 31.1ms
[2020-08-13T13:37:31.052+0000][7][gc,phases    ] GC(15)   Other: 0.3ms
[2020-08-13T13:37:31.052+0000][7][gc,heap      ] GC(15) Eden regions: 226->0(288)
[2020-08-13T13:37:31.052+0000][7][gc,heap      ] GC(15) Survivor regions: 1->9(38)
[2020-08-13T13:37:31.052+0000][7][gc,heap      ] GC(15) Old regions: 45->45
[2020-08-13T13:37:31.052+0000][7][gc,heap      ] GC(15) Archive regions: 2->2
[2020-08-13T13:37:31.052+0000][7][gc,heap      ] GC(15) Humongous regions: 1->1
[2020-08-13T13:37:31.052+0000][7][gc,metaspace ] GC(15) Metaspace: 57026K(62236K)->57026K(62236K) NonClass: 49078K(52128K)->49078K(52128K) Class: 7948K(10108K)->7948K(10108K)
[2020-08-13T13:37:31.052+0000][7][gc           ] GC(15) Pause Young (Concurrent Start) (Metadata GC Threshold) 272M->54M(512M) 178.103ms
[2020-08-13T13:37:31.052+0000][7][gc,cpu       ] GC(15) User=0.08s Sys=0.00s Real=0.18s
[2020-08-13T13:37:31.052+0000][7][safepoint    ] Safepoint "CollectForMetadataAllocation", Time since last: 1140907376 ns, Reaching safepoint: 2275168 ns, At safepoint: 178343366 ns, Total: 180618534 ns
[2020-08-13T13:37:31.052+0000][7][gc           ] GC(16) Concurrent Cycle
[2020-08-13T13:37:31.052+0000][7][gc,marking   ] GC(16) Concurrent Clear Claimed Marks
[2020-08-13T13:37:31.054+0000][7][gc,marking   ] GC(16) Concurrent Clear Claimed Marks 1.095ms
[2020-08-13T13:37:31.054+0000][7][gc,marking   ] GC(16) Concurrent Scan Root Regions
[2020-08-13T13:37:31.088+0000][7][gc,marking   ] GC(16) Concurrent Scan Root Regions 34.081ms
[2020-08-13T13:37:31.088+0000][7][gc,marking   ] GC(16) Concurrent Mark (34.183s)
[2020-08-13T13:37:31.088+0000][7][gc,marking   ] GC(16) Concurrent Mark From Roots
[2020-08-13T13:37:31.088+0000][7][gc,task      ] GC(16) Using 1 workers of 1 for marking
[2020-08-13T13:37:31.088+0000][7][safepoint    ] Safepoint "BulkRevokeBias", Time since last: 30052701 ns, Reaching safepoint: 5558324 ns, At safepoint: 152065 ns, Total: 5710389 ns
[2020-08-13T13:37:31.273+0000][7][safepoint    ] Safepoint "CollectForMetadataAllocation", Time since last: 184622780 ns, Reaching safepoint: 116748 ns, At safepoint: 115657 ns, Total: 232405 ns
[2020-08-13T13:37:31.444+0000][7][safepoint    ] Safepoint "CollectForMetadataAllocation", Time since last: 170708325 ns, Reaching safepoint: 195796 ns, At safepoint: 136526 ns, Total: 332322 ns
[2020-08-13T13:37:31.503+0000][7][gc,marking   ] GC(16) Concurrent Mark From Roots 415.288ms
[2020-08-13T13:37:31.503+0000][7][gc,marking   ] GC(16) Concurrent Preclean
[2020-08-13T13:37:31.503+0000][7][gc,marking   ] GC(16) Concurrent Preclean 0.161ms
[2020-08-13T13:37:31.503+0000][7][gc,marking   ] GC(16) Concurrent Mark (34.183s, 34.599s) 415.527ms
[2020-08-13T13:37:31.509+0000][7][gc,start     ] GC(16) Pause Remark
[2020-08-13T13:37:31.554+0000][7][gc           ] GC(16) Pause Remark 63M->63M(512M) 45.407ms
[2020-08-13T13:37:31.554+0000][7][gc,cpu       ] GC(16) User=0.01s Sys=0.00s Real=0.04s
[2020-08-13T13:37:31.554+0000][7][safepoint    ] Safepoint "G1Concurrent", Time since last: 59377150 ns, Reaching safepoint: 5341438 ns, At safepoint: 45530201 ns, Total: 50871639 ns
[2020-08-13T13:37:31.554+0000][7][gc,marking   ] GC(16) Concurrent Rebuild Remembered Sets
[2020-08-13T13:37:31.710+0000][7][gc,marking   ] GC(16) Concurrent Rebuild Remembered Sets 155.780ms
[2020-08-13T13:37:31.712+0000][7][gc,start     ] GC(16) Pause Cleanup
[2020-08-13T13:37:31.712+0000][7][gc           ] GC(16) Pause Cleanup 67M->67M(512M) 0.203ms
[2020-08-13T13:37:31.712+0000][7][gc,cpu       ] GC(16) User=0.00s Sys=0.00s Real=0.00s
[2020-08-13T13:37:31.712+0000][7][safepoint    ] Safepoint "G1Concurrent", Time since last: 155902843 ns, Reaching safepoint: 2014039 ns, At safepoint: 243447 ns, Total: 2257486 ns
[2020-08-13T13:37:31.712+0000][7][gc,marking   ] GC(16) Concurrent Cleanup for Next Mark
[2020-08-13T13:37:31.720+0000][7][gc,marking   ] GC(16) Concurrent Cleanup for Next Mark 7.192ms
[2020-08-13T13:37:31.720+0000][7][gc           ] GC(16) Concurrent Cycle 667.146ms
[2020-08-13T13:37:33.244+0000][7][safepoint    ] Safepoint "Cleanup", Time since last: 1530399762 ns, Reaching safepoint: 1123723 ns, At safepoint: 2975 ns, Total: 1126698 ns
[2020-08-13T13:37:33.442+0000][7][safepoint    ] Safepoint "BulkRevokeBias", Time since last: 198090769 ns, Reaching safepoint: 83867 ns, At safepoint: 116908 ns, Total: 200775 ns
[2020-08-13T13:37:34.408+0000][7][safepoint    ] Safepoint "BulkRevokeBias", Time since last: 964494984 ns, Reaching safepoint: 1335190 ns, At safepoint: 147986 ns, Total: 1483176 ns
[2020-08-13T13:37:35.433+0000][7][safepoint    ] Safepoint "Cleanup", Time since last: 1022042349 ns, Reaching safepoint: 2638558 ns, At safepoint: 4208 ns, Total: 2642766 ns
[2020-08-13T13:37:35.725+0000][7][safepoint    ] Safepoint "BulkRevokeBias", Time since last: 276436333 ns, Reaching safepoint: 15434259 ns, At safepoint: 573774 ns, Total: 16008033 ns
[2020-08-13T13:37:35.745+0000][7][safepoint    ] Safepoint "BulkRevokeBias", Time since last: 11462475 ns, Reaching safepoint: 8290808 ns, At safepoint: 351559 ns, Total: 8642367 ns
[2020-08-13T13:37:36.784+0000][7][safepoint    ] Safepoint "Cleanup", Time since last: 1020305347 ns, Reaching safepoint: 17971708 ns, At safepoint: 9608 ns, Total: 17981316 ns
[2020-08-13T13:37:36.843+0000][7][safepoint    ] Safepoint "BulkRevokeBias", Time since last: 48996109 ns, Reaching safepoint: 9441894 ns, At safepoint: 458357 ns, Total: 9900251 ns
[2020-08-13T13:37:37.370+0000][7][safepoint    ] Safepoint "BulkRevokeBias", Time since last: 527188751 ns, Reaching safepoint: 286857 ns, At safepoint: 437520 ns, Total: 724377 ns
[2020-08-13T13:37:38.122+0000][7][safepoint    ] Safepoint "BulkRevokeBias", Time since last: 737205872 ns, Reaching safepoint: 14194599 ns, At safepoint: 385682 ns, Total: 14580281 ns
[2020-08-13T13:37:39.322+0000][7][safepoint    ] Safepoint "Cleanup", Time since last: 1199214953 ns, Reaching safepoint: 179005 ns, At safepoint: 2926 ns, Total: 181931 ns
[2020-08-13T13:37:40.408+0000][7][safepoint    ] Safepoint "Cleanup", Time since last: 1086261541 ns, Reaching safepoint: 369081 ns, At safepoint: 3997 ns, Total: 373078 ns
[2020-08-13T13:37:42.277+0000][7][safepoint    ] Safepoint "Cleanup", Time since last: 1867993196 ns, Reaching safepoint: 265456 ns, At safepoint: 6723 ns, Total: 272179 ns
[2020-08-13T13:37:44.277+0000][7][safepoint    ] Safepoint "Cleanup", Time since last: 2000238096 ns, Reaching safepoint: 110927 ns, At safepoint: 3356 ns, Total: 114283 ns
[2020-08-13T13:37:45.277+0000][7][safepoint    ] Safepoint "Cleanup", Time since last: 1000151695 ns, Reaching safepoint: 209282 ns, At safepoint: 3807 ns, Total: 213089 ns
[2020-08-13T13:37:47.278+0000][7][safepoint    ] Safepoint "Cleanup", Time since last: 2000242104 ns, Reaching safepoint: 200315 ns, At safepoint: 3566 ns, Total: 203881 ns
[2020-08-13T13:38:07.629+0000][7][safepoint    ] Safepoint "Cleanup", Time since last: 20351442510 ns, Reaching safepoint: 166683 ns, At safepoint: 3857 ns, Total: 170540 ns
[2020-08-13T13:38:13.361+0000][7][safepoint    ] Safepoint "Cleanup", Time since last: 5731694327 ns, Reaching safepoint: 147506 ns, At safepoint: 8105 ns, Total: 155611 ns
[2020-08-13T13:38:13.378+0000][7][safepoint    ] Safepoint "BulkRevokeBias", Time since last: 16830784 ns, Reaching safepoint: 72956 ns, At safepoint: 111278 ns, Total: 184234 ns
[2020-08-13T13:38:13.393+0000][7][safepoint    ] Safepoint "BulkRevokeBias", Time since last: 12820707 ns, Reaching safepoint: 1629691 ns, At safepoint: 38592 ns, Total: 1668283 ns
[2020-08-13T13:38:13.412+0000][7][gc,heap,exit ] Heap
[2020-08-13T13:38:13.412+0000][7][gc,heap,exit ]  garbage-first heap   total 524288K, used 346848K [0x00000000e0000000, 0x0000000100000000)
[2020-08-13T13:38:13.412+0000][7][gc,heap,exit ]   region size 1024K, 288 young (294912K), 9 survivors (9216K)
[2020-08-13T13:38:13.412+0000][7][gc,heap,exit ]  Metaspace       used 75031K, capacity 81022K, committed 81232K, reserved 1118208K
[2020-08-13T13:38:13.412+0000][7][gc,heap,exit ]   class space    used 10288K, capacity 12759K, committed 12796K, reserved 1048576K
