[2020-08-13T13:08:59.816+0000][6][gc,heap] Heap region size: 1M
[2020-08-13T13:08:59.817+0000][6][gc,heap,coops] Heap address: 0x00000000e0000000, size: 512 MB, Compressed Oops mode: 32-bit
[2020-08-13T13:09:00.243+0000][6][gc           ] Using G1
[2020-08-13T13:09:00.243+0000][6][gc,cds       ] Mark closed archive regions in map: [0x00000000fff00000, 0x00000000fff7eff8]
[2020-08-13T13:09:00.243+0000][6][gc,cds       ] Mark open archive regions in map: [0x00000000ffe00000, 0x00000000ffe51ff8]
[2020-08-13T13:09:00.282+0000][6][gc           ] Periodic GC disabled
[2020-08-13T13:09:01.810+0000][6][safepoint    ] Safepoint "Cleanup", Time since last: 1537951663 ns, Reaching safepoint: 281757 ns, At safepoint: 2735 ns, Total: 284492 ns
[2020-08-13T13:09:01.933+0000][6][gc,start     ] GC(0) Pause Young (Normal) (G1 Evacuation Pause)
[2020-08-13T13:09:01.936+0000][6][gc,task      ] GC(0) Using 2 workers of 2 for evacuation
[2020-08-13T13:09:01.936+0000][6][gc,age       ] GC(0) Desired survivor size 2097152 bytes, new threshold 15 (max threshold 15)
[2020-08-13T13:09:01.959+0000][6][gc,age       ] GC(0) Age table with threshold 15 (max threshold 15)
[2020-08-13T13:09:01.959+0000][6][gc,age       ] GC(0) - age   1:    2724376 bytes,    2724376 total
[2020-08-13T13:09:01.959+0000][6][gc,phases    ] GC(0)   Pre Evacuate Collection Set: 0.1ms
[2020-08-13T13:09:01.959+0000][6][gc,phases    ] GC(0)   Merge Heap Roots: 0.0ms
[2020-08-13T13:09:01.959+0000][6][gc,phases    ] GC(0)   Evacuate Collection Set: 22.8ms
[2020-08-13T13:09:01.959+0000][6][gc,phases    ] GC(0)   Post Evacuate Collection Set: 0.6ms
[2020-08-13T13:09:01.960+0000][6][gc,phases    ] GC(0)   Other: 3.0ms
[2020-08-13T13:09:01.960+0000][6][gc,heap      ] GC(0) Eden regions: 25->0(22)
[2020-08-13T13:09:01.960+0000][6][gc,heap      ] GC(0) Survivor regions: 0->3(4)
[2020-08-13T13:09:01.960+0000][6][gc,heap      ] GC(0) Old regions: 0->0
[2020-08-13T13:09:01.960+0000][6][gc,heap      ] GC(0) Archive regions: 2->2
[2020-08-13T13:09:01.960+0000][6][gc,heap      ] GC(0) Humongous regions: 1->1
[2020-08-13T13:09:01.960+0000][6][gc,metaspace ] GC(0) Metaspace: 5819K(8576K)->5819K(8576K) NonClass: 5103K(7424K)->5103K(7424K) Class: 715K(1152K)->715K(1152K)
[2020-08-13T13:09:01.960+0000][6][gc           ] GC(0) Pause Young (Normal) (G1 Evacuation Pause) 26M->4M(512M) 26.716ms
[2020-08-13T13:09:01.960+0000][6][gc,cpu       ] GC(0) User=0.00s Sys=0.00s Real=0.03s
[2020-08-13T13:09:01.960+0000][6][safepoint    ] Safepoint "G1CollectForAllocation", Time since last: 122829183 ns, Reaching safepoint: 49011 ns, At safepoint: 26812904 ns, Total: 26861915 ns
[2020-08-13T13:09:02.489+0000][6][gc,heap,exit ] Heap
[2020-08-13T13:09:02.489+0000][6][gc,heap,exit ]  garbage-first heap   total 524288K, used 19912K [0x00000000e0000000, 0x0000000100000000)
[2020-08-13T13:09:02.489+0000][6][gc,heap,exit ]   region size 1024K, 20 young (20480K), 3 survivors (3072K)
[2020-08-13T13:09:02.489+0000][6][gc,heap,exit ]  Metaspace       used 9166K, capacity 10701K, committed 11008K, reserved 1058816K
[2020-08-13T13:09:02.489+0000][6][gc,heap,exit ]   class space    used 1234K, capacity 1484K, committed 1536K, reserved 1048576K
