[2020-08-13T13:02:05.250+0000][7][gc,heap] Heap region size: 1M
[2020-08-13T13:02:05.250+0000][7][gc,heap,coops] Heap address: 0x00000000e0000000, size: 512 MB, Compressed Oops mode: 32-bit
[2020-08-13T13:02:05.634+0000][7][gc           ] Using G1
[2020-08-13T13:02:05.634+0000][7][gc,cds       ] Mark closed archive regions in map: [0x00000000fff00000, 0x00000000fff7eff8]
[2020-08-13T13:02:05.635+0000][7][gc,cds       ] Mark open archive regions in map: [0x00000000ffe00000, 0x00000000ffe51ff8]
[2020-08-13T13:02:05.671+0000][7][gc           ] Periodic GC disabled
[2020-08-13T13:02:07.001+0000][7][safepoint    ] Safepoint "Cleanup", Time since last: 1341581211 ns, Reaching safepoint: 198452 ns, At safepoint: 2334 ns, Total: 200786 ns
[2020-08-13T13:02:07.140+0000][7][gc,start     ] GC(0) Pause Young (Normal) (G1 Evacuation Pause)
[2020-08-13T13:02:07.140+0000][7][gc,task      ] GC(0) Using 2 workers of 2 for evacuation
[2020-08-13T13:02:07.140+0000][7][gc,age       ] GC(0) Desired survivor size 2097152 bytes, new threshold 15 (max threshold 15)
[2020-08-13T13:02:07.149+0000][7][gc,age       ] GC(0) Age table with threshold 15 (max threshold 15)
[2020-08-13T13:02:07.149+0000][7][gc,age       ] GC(0) - age   1:    2734128 bytes,    2734128 total
[2020-08-13T13:02:07.149+0000][7][gc,phases    ] GC(0)   Pre Evacuate Collection Set: 0.1ms
[2020-08-13T13:02:07.149+0000][7][gc,phases    ] GC(0)   Merge Heap Roots: 0.0ms
[2020-08-13T13:02:07.149+0000][7][gc,phases    ] GC(0)   Evacuate Collection Set: 7.9ms
[2020-08-13T13:02:07.149+0000][7][gc,phases    ] GC(0)   Post Evacuate Collection Set: 0.5ms
[2020-08-13T13:02:07.149+0000][7][gc,phases    ] GC(0)   Other: 0.4ms
[2020-08-13T13:02:07.149+0000][7][gc,heap      ] GC(0) Eden regions: 25->0(22)
[2020-08-13T13:02:07.149+0000][7][gc,heap      ] GC(0) Survivor regions: 0->3(4)
[2020-08-13T13:02:07.149+0000][7][gc,heap      ] GC(0) Old regions: 0->0
[2020-08-13T13:02:07.149+0000][7][gc,heap      ] GC(0) Archive regions: 2->2
[2020-08-13T13:02:07.149+0000][7][gc,heap      ] GC(0) Humongous regions: 1->1
[2020-08-13T13:02:07.149+0000][7][gc,metaspace ] GC(0) Metaspace: 5935K(8704K)->5935K(8704K) NonClass: 5251K(7680K)->5251K(7680K) Class: 683K(1024K)->683K(1024K)
[2020-08-13T13:02:07.149+0000][7][gc           ] GC(0) Pause Young (Normal) (G1 Evacuation Pause) 26M->4M(512M) 9.067ms
[2020-08-13T13:02:07.149+0000][7][gc,cpu       ] GC(0) User=0.01s Sys=0.00s Real=0.01s
[2020-08-13T13:02:07.149+0000][7][safepoint    ] Safepoint "G1CollectForAllocation", Time since last: 139170248 ns, Reaching safepoint: 70182 ns, At safepoint: 9146306 ns, Total: 9216488 ns
[2020-08-13T13:02:08.512+0000][7][safepoint    ] Safepoint "Cleanup", Time since last: 1362747402 ns, Reaching safepoint: 188904 ns, At safepoint: 2204 ns, Total: 191108 ns
[2020-08-13T13:02:09.514+0000][7][safepoint    ] Safepoint "Cleanup", Time since last: 1001829944 ns, Reaching safepoint: 92604 ns, At safepoint: 4849 ns, Total: 97453 ns
[2020-08-13T13:02:10.141+0000][7][gc,start     ] GC(1) Pause Young (Normal) (G1 Evacuation Pause)
[2020-08-13T13:02:10.141+0000][7][gc,task      ] GC(1) Using 2 workers of 2 for evacuation
[2020-08-13T13:02:10.141+0000][7][gc,age       ] GC(1) Desired survivor size 2097152 bytes, new threshold 1 (max threshold 15)
[2020-08-13T13:02:10.222+0000][7][gc,age       ] GC(1) Age table with threshold 1 (max threshold 15)
[2020-08-13T13:02:10.222+0000][7][gc,age       ] GC(1) - age   1:    1820760 bytes,    1820760 total
[2020-08-13T13:02:10.222+0000][7][gc,phases    ] GC(1)   Pre Evacuate Collection Set: 0.1ms
[2020-08-13T13:02:10.222+0000][7][gc,phases    ] GC(1)   Merge Heap Roots: 0.0ms
[2020-08-13T13:02:10.222+0000][7][gc,phases    ] GC(1)   Evacuate Collection Set: 80.3ms
[2020-08-13T13:02:10.222+0000][7][gc,phases    ] GC(1)   Post Evacuate Collection Set: 0.9ms
[2020-08-13T13:02:10.222+0000][7][gc,phases    ] GC(1)   Other: 0.3ms
[2020-08-13T13:02:10.222+0000][7][gc,heap      ] GC(1) Eden regions: 22->0(24)
[2020-08-13T13:02:10.222+0000][7][gc,heap      ] GC(1) Survivor regions: 3->2(4)
[2020-08-13T13:02:10.222+0000][7][gc,heap      ] GC(1) Old regions: 0->3
[2020-08-13T13:02:10.222+0000][7][gc,heap      ] GC(1) Archive regions: 2->2
[2020-08-13T13:02:10.222+0000][7][gc,heap      ] GC(1) Humongous regions: 1->1
[2020-08-13T13:02:10.222+0000][7][gc,metaspace ] GC(1) Metaspace: 11400K(12160K)->11400K(12160K) NonClass: 9974K(10496K)->9974K(10496K) Class: 1425K(1664K)->1425K(1664K)
[2020-08-13T13:02:10.222+0000][7][gc           ] GC(1) Pause Young (Normal) (G1 Evacuation Pause) 26M->6M(512M) 81.686ms
[2020-08-13T13:02:10.222+0000][7][gc,cpu       ] GC(1) User=0.02s Sys=0.00s Real=0.08s
[2020-08-13T13:02:10.222+0000][7][safepoint    ] Safepoint "G1CollectForAllocation", Time since last: 625766229 ns, Reaching safepoint: 1057378 ns, At safepoint: 81786402 ns, Total: 82843780 ns
[2020-08-13T13:02:11.399+0000][7][safepoint    ] Safepoint "Cleanup", Time since last: 1176875418 ns, Reaching safepoint: 170929 ns, At safepoint: 2255 ns, Total: 173184 ns
[2020-08-13T13:02:11.897+0000][7][gc,start     ] GC(2) Pause Young (Normal) (G1 Evacuation Pause)
[2020-08-13T13:02:11.897+0000][7][gc,task      ] GC(2) Using 2 workers of 2 for evacuation
[2020-08-13T13:02:11.897+0000][7][gc,age       ] GC(2) Desired survivor size 2097152 bytes, new threshold 15 (max threshold 15)
[2020-08-13T13:02:11.977+0000][7][gc,age       ] GC(2) Age table with threshold 15 (max threshold 15)
[2020-08-13T13:02:11.978+0000][7][gc,age       ] GC(2) - age   1:    1258848 bytes,    1258848 total
[2020-08-13T13:02:11.978+0000][7][gc,age       ] GC(2) - age   2:    1735088 bytes,    2993936 total
[2020-08-13T13:02:11.978+0000][7][gc,phases    ] GC(2)   Pre Evacuate Collection Set: 0.1ms
[2020-08-13T13:02:11.978+0000][7][gc,phases    ] GC(2)   Merge Heap Roots: 0.0ms
[2020-08-13T13:02:11.978+0000][7][gc,phases    ] GC(2)   Evacuate Collection Set: 46.3ms
[2020-08-13T13:02:11.978+0000][7][gc,phases    ] GC(2)   Post Evacuate Collection Set: 34.0ms
[2020-08-13T13:02:11.978+0000][7][gc,phases    ] GC(2)   Other: 0.2ms
[2020-08-13T13:02:11.978+0000][7][gc,heap      ] GC(2) Eden regions: 24->0(30)
[2020-08-13T13:02:11.978+0000][7][gc,heap      ] GC(2) Survivor regions: 2->3(4)
[2020-08-13T13:02:11.978+0000][7][gc,heap      ] GC(2) Old regions: 3->3
[2020-08-13T13:02:11.978+0000][7][gc,heap      ] GC(2) Archive regions: 2->2
[2020-08-13T13:02:11.978+0000][7][gc,heap      ] GC(2) Humongous regions: 1->1
[2020-08-13T13:02:11.978+0000][7][gc,metaspace ] GC(2) Metaspace: 13718K(14464K)->13718K(14464K) NonClass: 12042K(12544K)->12042K(12544K) Class: 1675K(1920K)->1675K(1920K)
[2020-08-13T13:02:11.978+0000][7][gc           ] GC(2) Pause Young (Normal) (G1 Evacuation Pause) 30M->7M(512M) 80.720ms
[2020-08-13T13:02:11.978+0000][7][gc,cpu       ] GC(2) User=0.01s Sys=0.00s Real=0.08s
[2020-08-13T13:02:11.978+0000][7][safepoint    ] Safepoint "G1CollectForAllocation", Time since last: 497418743 ns, Reaching safepoint: 143880 ns, At safepoint: 80801589 ns, Total: 80945469 ns
[2020-08-13T13:02:11.983+0000][7][safepoint    ] Safepoint "BulkRevokeBias", Time since last: 4155858 ns, Reaching safepoint: 789878 ns, At safepoint: 82534 ns, Total: 872412 ns
[2020-08-13T13:02:13.118+0000][7][safepoint    ] Safepoint "Cleanup", Time since last: 1125859538 ns, Reaching safepoint: 8959546 ns, At safepoint: 9077 ns, Total: 8968623 ns
[2020-08-13T13:02:13.389+0000][7][gc,start     ] GC(3) Pause Young (Normal) (G1 Evacuation Pause)
[2020-08-13T13:02:13.389+0000][7][gc,task      ] GC(3) Using 2 workers of 2 for evacuation
[2020-08-13T13:02:13.389+0000][7][gc,age       ] GC(3) Desired survivor size 2621440 bytes, new threshold 2 (max threshold 15)
[2020-08-13T13:02:13.411+0000][7][gc,age       ] GC(3) Age table with threshold 2 (max threshold 15)
[2020-08-13T13:02:13.411+0000][7][gc,age       ] GC(3) - age   1:     903552 bytes,     903552 total
[2020-08-13T13:02:13.411+0000][7][gc,age       ] GC(3) - age   2:    1212472 bytes,    2116024 total
[2020-08-13T13:02:13.411+0000][7][gc,phases    ] GC(3)   Pre Evacuate Collection Set: 0.1ms
[2020-08-13T13:02:13.411+0000][7][gc,phases    ] GC(3)   Merge Heap Roots: 0.0ms
[2020-08-13T13:02:13.411+0000][7][gc,phases    ] GC(3)   Evacuate Collection Set: 20.7ms
[2020-08-13T13:02:13.411+0000][7][gc,phases    ] GC(3)   Post Evacuate Collection Set: 0.8ms
[2020-08-13T13:02:13.411+0000][7][gc,phases    ] GC(3)   Other: 0.3ms
[2020-08-13T13:02:13.411+0000][7][gc,heap      ] GC(3) Eden regions: 30->0(62)
[2020-08-13T13:02:13.411+0000][7][gc,heap      ] GC(3) Survivor regions: 3->3(5)
[2020-08-13T13:02:13.411+0000][7][gc,heap      ] GC(3) Old regions: 3->5
[2020-08-13T13:02:13.411+0000][7][gc,heap      ] GC(3) Archive regions: 2->2
[2020-08-13T13:02:13.411+0000][7][gc,heap      ] GC(3) Humongous regions: 1->1
[2020-08-13T13:02:13.411+0000][7][gc,metaspace ] GC(3) Metaspace: 14587K(15360K)->14587K(15360K) NonClass: 12840K(13312K)->12840K(13312K) Class: 1746K(2048K)->1746K(2048K)
[2020-08-13T13:02:13.411+0000][7][gc           ] GC(3) Pause Young (Normal) (G1 Evacuation Pause) 37M->8M(512M) 22.038ms
[2020-08-13T13:02:13.411+0000][7][gc,cpu       ] GC(3) User=0.02s Sys=0.00s Real=0.02s
[2020-08-13T13:02:13.411+0000][7][safepoint    ] Safepoint "G1CollectForAllocation", Time since last: 271001624 ns, Reaching safepoint: 88526 ns, At safepoint: 22118571 ns, Total: 22207097 ns
[2020-08-13T13:02:14.432+0000][7][safepoint    ] Safepoint "Cleanup", Time since last: 1016828441 ns, Reaching safepoint: 4172067 ns, At safepoint: 5861 ns, Total: 4177928 ns
[2020-08-13T13:02:14.518+0000][7][gc,start     ] GC(4) Pause Young (Normal) (G1 Evacuation Pause)
[2020-08-13T13:02:14.518+0000][7][gc,task      ] GC(4) Using 2 workers of 2 for evacuation
[2020-08-13T13:02:14.518+0000][7][gc,age       ] GC(4) Desired survivor size 4718592 bytes, new threshold 15 (max threshold 15)
[2020-08-13T13:02:14.541+0000][7][gc,age       ] GC(4) Age table with threshold 15 (max threshold 15)
[2020-08-13T13:02:14.542+0000][7][gc,age       ] GC(4) - age   1:    3500776 bytes,    3500776 total
[2020-08-13T13:02:14.542+0000][7][gc,age       ] GC(4) - age   2:     896824 bytes,    4397600 total
[2020-08-13T13:02:14.542+0000][7][gc,age       ] GC(4) - age   3:    1212152 bytes,    5609752 total
[2020-08-13T13:02:14.542+0000][7][gc,phases    ] GC(4)   Pre Evacuate Collection Set: 0.1ms
[2020-08-13T13:02:14.542+0000][7][gc,phases    ] GC(4)   Merge Heap Roots: 0.0ms
[2020-08-13T13:02:14.542+0000][7][gc,phases    ] GC(4)   Evacuate Collection Set: 22.6ms
[2020-08-13T13:02:14.542+0000][7][gc,phases    ] GC(4)   Post Evacuate Collection Set: 0.8ms
[2020-08-13T13:02:14.542+0000][7][gc,phases    ] GC(4)   Other: 0.3ms
[2020-08-13T13:02:14.542+0000][7][gc,heap      ] GC(4) Eden regions: 62->0(216)
[2020-08-13T13:02:14.542+0000][7][gc,heap      ] GC(4) Survivor regions: 3->6(9)
[2020-08-13T13:02:14.542+0000][7][gc,heap      ] GC(4) Old regions: 5->5
[2020-08-13T13:02:14.542+0000][7][gc,heap      ] GC(4) Archive regions: 2->2
[2020-08-13T13:02:14.542+0000][7][gc,heap      ] GC(4) Humongous regions: 2->1
[2020-08-13T13:02:14.542+0000][7][gc,metaspace ] GC(4) Metaspace: 17019K(17792K)->17019K(17792K) NonClass: 14910K(15360K)->14910K(15360K) Class: 2108K(2432K)->2108K(2432K)
[2020-08-13T13:02:14.542+0000][7][gc           ] GC(4) Pause Young (Normal) (G1 Evacuation Pause) 71M->11M(512M) 23.960ms
[2020-08-13T13:02:14.542+0000][7][gc,cpu       ] GC(4) User=0.01s Sys=0.00s Real=0.02s
[2020-08-13T13:02:14.542+0000][7][safepoint    ] Safepoint "G1CollectForAllocation", Time since last: 85796217 ns, Reaching safepoint: 67907 ns, At safepoint: 24041891 ns, Total: 24109798 ns
[2020-08-13T13:02:14.556+0000][7][safepoint    ] Safepoint "BulkRevokeBias", Time since last: 10930896 ns, Reaching safepoint: 2998552 ns, At safepoint: 96339 ns, Total: 3094891 ns
[2020-08-13T13:02:14.566+0000][7][safepoint    ] Safepoint "BulkRevokeBias", Time since last: 71835 ns, Reaching safepoint: 9850824 ns, At safepoint: 99427 ns, Total: 9950251 ns
[2020-08-13T13:02:16.026+0000][7][safepoint    ] Safepoint "Cleanup", Time since last: 1460195393 ns, Reaching safepoint: 128680 ns, At safepoint: 1954 ns, Total: 130634 ns
[2020-08-13T13:02:16.202+0000][7][gc,start     ] GC(5) Pause Young (Normal) (G1 Evacuation Pause)
[2020-08-13T13:02:16.202+0000][7][gc,task      ] GC(5) Using 2 workers of 2 for evacuation
[2020-08-13T13:02:16.202+0000][7][gc,age       ] GC(5) Desired survivor size 14680064 bytes, new threshold 15 (max threshold 15)
[2020-08-13T13:02:16.292+0000][7][gc,age       ] GC(5) Age table with threshold 15 (max threshold 15)
[2020-08-13T13:02:16.292+0000][7][gc,age       ] GC(5) - age   1:    2959872 bytes,    2959872 total
[2020-08-13T13:02:16.292+0000][7][gc,age       ] GC(5) - age   2:    2532280 bytes,    5492152 total
[2020-08-13T13:02:16.292+0000][7][gc,age       ] GC(5) - age   3:     896512 bytes,    6388664 total
[2020-08-13T13:02:16.292+0000][7][gc,age       ] GC(5) - age   4:    1212152 bytes,    7600816 total
[2020-08-13T13:02:16.292+0000][7][gc,phases    ] GC(5)   Pre Evacuate Collection Set: 0.1ms
[2020-08-13T13:02:16.292+0000][7][gc,phases    ] GC(5)   Merge Heap Roots: 11.1ms
[2020-08-13T13:02:16.292+0000][7][gc,phases    ] GC(5)   Evacuate Collection Set: 68.2ms
[2020-08-13T13:02:16.292+0000][7][gc,phases    ] GC(5)   Post Evacuate Collection Set: 9.9ms
[2020-08-13T13:02:16.292+0000][7][gc,phases    ] GC(5)   Other: 0.3ms
[2020-08-13T13:02:16.292+0000][7][gc,heap      ] GC(5) Eden regions: 216->0(299)
[2020-08-13T13:02:16.292+0000][7][gc,heap      ] GC(5) Survivor regions: 6->8(28)
[2020-08-13T13:02:16.292+0000][7][gc,heap      ] GC(5) Old regions: 5->5
[2020-08-13T13:02:16.292+0000][7][gc,heap      ] GC(5) Archive regions: 2->2
[2020-08-13T13:02:16.292+0000][7][gc,heap      ] GC(5) Humongous regions: 1->1
[2020-08-13T13:02:16.292+0000][7][gc,metaspace ] GC(5) Metaspace: 17691K(18944K)->17691K(18944K) NonClass: 15504K(16384K)->15504K(16384K) Class: 2186K(2560K)->2186K(2560K)
[2020-08-13T13:02:16.292+0000][7][gc           ] GC(5) Pause Young (Normal) (G1 Evacuation Pause) 227M->13M(512M) 89.716ms
[2020-08-13T13:02:16.292+0000][7][gc,cpu       ] GC(5) User=0.04s Sys=0.00s Real=0.09s
[2020-08-13T13:02:16.292+0000][7][safepoint    ] Safepoint "G1CollectForAllocation", Time since last: 176077156 ns, Reaching safepoint: 76282 ns, At safepoint: 89799769 ns, Total: 89876051 ns
[2020-08-13T13:02:16.326+0000][7][safepoint    ] Safepoint "BulkRevokeBias", Time since last: 29594872 ns, Reaching safepoint: 4115071 ns, At safepoint: 119924 ns, Total: 4234995 ns
[2020-08-13T13:02:17.393+0000][7][safepoint    ] Safepoint "Cleanup", Time since last: 1064722879 ns, Reaching safepoint: 2066027 ns, At safepoint: 6241 ns, Total: 2072268 ns
[2020-08-13T13:02:18.068+0000][7][gc,start     ] GC(6) Pause Young (Normal) (G1 Evacuation Pause)
[2020-08-13T13:02:18.068+0000][7][gc,task      ] GC(6) Using 2 workers of 2 for evacuation
[2020-08-13T13:02:18.068+0000][7][gc,age       ] GC(6) Desired survivor size 20447232 bytes, new threshold 15 (max threshold 15)
[2020-08-13T13:02:18.135+0000][7][gc,age       ] GC(6) Age table with threshold 15 (max threshold 15)
[2020-08-13T13:02:18.135+0000][7][gc,age       ] GC(6) - age   1:    3967136 bytes,    3967136 total
[2020-08-13T13:02:18.135+0000][7][gc,age       ] GC(6) - age   2:    2899680 bytes,    6866816 total
[2020-08-13T13:02:18.135+0000][7][gc,age       ] GC(6) - age   3:    2528040 bytes,    9394856 total
[2020-08-13T13:02:18.135+0000][7][gc,age       ] GC(6) - age   4:     896264 bytes,   10291120 total
[2020-08-13T13:02:18.135+0000][7][gc,age       ] GC(6) - age   5:    1211944 bytes,   11503064 total
[2020-08-13T13:02:18.135+0000][7][gc,phases    ] GC(6)   Pre Evacuate Collection Set: 0.1ms
[2020-08-13T13:02:18.135+0000][7][gc,phases    ] GC(6)   Merge Heap Roots: 0.1ms
[2020-08-13T13:02:18.135+0000][7][gc,phases    ] GC(6)   Evacuate Collection Set: 65.6ms
[2020-08-13T13:02:18.135+0000][7][gc,phases    ] GC(6)   Post Evacuate Collection Set: 1.4ms
[2020-08-13T13:02:18.135+0000][7][gc,phases    ] GC(6)   Other: 0.3ms
[2020-08-13T13:02:18.135+0000][7][gc,heap      ] GC(6) Eden regions: 299->0(295)
[2020-08-13T13:02:18.135+0000][7][gc,heap      ] GC(6) Survivor regions: 8->12(39)
[2020-08-13T13:02:18.135+0000][7][gc,heap      ] GC(6) Old regions: 5->5
[2020-08-13T13:02:18.135+0000][7][gc,heap      ] GC(6) Archive regions: 2->2
[2020-08-13T13:02:18.135+0000][7][gc,heap      ] GC(6) Humongous regions: 1->1
[2020-08-13T13:02:18.135+0000][7][gc,metaspace ] GC(6) Metaspace: 18450K(19840K)->18450K(19840K) NonClass: 16138K(17152K)->16138K(17152K) Class: 2312K(2688K)->2312K(2688K)
[2020-08-13T13:02:18.135+0000][7][gc           ] GC(6) Pause Young (Normal) (G1 Evacuation Pause) 312M->18M(512M) 67.553ms
[2020-08-13T13:02:18.135+0000][7][gc,cpu       ] GC(6) User=0.04s Sys=0.01s Real=0.06s
[2020-08-13T13:02:18.135+0000][7][safepoint    ] Safepoint "G1CollectForAllocation", Time since last: 674946203 ns, Reaching safepoint: 111959 ns, At safepoint: 67636954 ns, Total: 67748913 ns
[2020-08-13T13:02:18.167+0000][7][safepoint    ] Safepoint "BulkRevokeBias", Time since last: 31143591 ns, Reaching safepoint: 49733 ns, At safepoint: 73448 ns, Total: 123181 ns
[2020-08-13T13:02:18.167+0000][7][safepoint    ] Safepoint "BulkRevokeBias", Time since last: 66243 ns, Reaching safepoint: 17022 ns, At safepoint: 65864 ns, Total: 82886 ns
[2020-08-13T13:02:19.172+0000][7][safepoint    ] Safepoint "Cleanup", Time since last: 1001886178 ns, Reaching safepoint: 3762501 ns, At safepoint: 6352 ns, Total: 3768853 ns
[2020-08-13T13:02:20.042+0000][7][gc,start     ] GC(7) Pause Young (Normal) (G1 Evacuation Pause)
[2020-08-13T13:02:20.042+0000][7][gc,task      ] GC(7) Using 2 workers of 2 for evacuation
[2020-08-13T13:02:20.042+0000][7][gc,age       ] GC(7) Desired survivor size 20447232 bytes, new threshold 15 (max threshold 15)
[2020-08-13T13:02:20.075+0000][7][gc,age       ] GC(7) Age table with threshold 15 (max threshold 15)
[2020-08-13T13:02:20.075+0000][7][gc,age       ] GC(7) - age   1:    2333152 bytes,    2333152 total
[2020-08-13T13:02:20.075+0000][7][gc,age       ] GC(7) - age   2:    2310080 bytes,    4643232 total
[2020-08-13T13:02:20.075+0000][7][gc,age       ] GC(7) - age   3:    2898280 bytes,    7541512 total
[2020-08-13T13:02:20.075+0000][7][gc,age       ] GC(7) - age   4:    2527944 bytes,   10069456 total
[2020-08-13T13:02:20.075+0000][7][gc,age       ] GC(7) - age   5:     896168 bytes,   10965624 total
[2020-08-13T13:02:20.075+0000][7][gc,age       ] GC(7) - age   6:    1211944 bytes,   12177568 total
[2020-08-13T13:02:20.075+0000][7][gc,phases    ] GC(7)   Pre Evacuate Collection Set: 0.1ms
[2020-08-13T13:02:20.075+0000][7][gc,phases    ] GC(7)   Merge Heap Roots: 0.1ms
[2020-08-13T13:02:20.075+0000][7][gc,phases    ] GC(7)   Evacuate Collection Set: 21.1ms
[2020-08-13T13:02:20.075+0000][7][gc,phases    ] GC(7)   Post Evacuate Collection Set: 11.3ms
[2020-08-13T13:02:20.075+0000][7][gc,phases    ] GC(7)   Other: 0.3ms
[2020-08-13T13:02:20.075+0000][7][gc,heap      ] GC(7) Eden regions: 295->0(295)
[2020-08-13T13:02:20.075+0000][7][gc,heap      ] GC(7) Survivor regions: 12->12(39)
[2020-08-13T13:02:20.075+0000][7][gc,heap      ] GC(7) Old regions: 5->5
[2020-08-13T13:02:20.075+0000][7][gc,heap      ] GC(7) Archive regions: 2->2
[2020-08-13T13:02:20.075+0000][7][gc,heap      ] GC(7) Humongous regions: 1->1
[2020-08-13T13:02:20.075+0000][7][gc,metaspace ] GC(7) Metaspace: 19699K(21248K)->19699K(21248K) NonClass: 17252K(18432K)->17252K(18432K) Class: 2446K(2816K)->2446K(2816K)
[2020-08-13T13:02:20.075+0000][7][gc           ] GC(7) Pause Young (Normal) (G1 Evacuation Pause) 313M->18M(512M) 32.920ms
[2020-08-13T13:02:20.075+0000][7][gc,cpu       ] GC(7) User=0.02s Sys=0.00s Real=0.03s
[2020-08-13T13:02:20.075+0000][7][safepoint    ] Safepoint "G1CollectForAllocation", Time since last: 869429121 ns, Reaching safepoint: 98004 ns, At safepoint: 33004714 ns, Total: 33102718 ns
[2020-08-13T13:02:20.428+0000][7][gc,start     ] GC(8) Pause Young (Concurrent Start) (Metadata GC Threshold)
[2020-08-13T13:02:20.429+0000][7][gc,task      ] GC(8) Using 2 workers of 2 for evacuation
[2020-08-13T13:02:20.429+0000][7][gc,age       ] GC(8) Desired survivor size 20447232 bytes, new threshold 15 (max threshold 15)
[2020-08-13T13:02:20.454+0000][7][gc,age       ] GC(8) Age table with threshold 15 (max threshold 15)
[2020-08-13T13:02:20.454+0000][7][gc,age       ] GC(8) - age   1:     313312 bytes,     313312 total
[2020-08-13T13:02:20.454+0000][7][gc,age       ] GC(8) - age   2:    2111456 bytes,    2424768 total
[2020-08-13T13:02:20.454+0000][7][gc,age       ] GC(8) - age   3:    2310032 bytes,    4734800 total
[2020-08-13T13:02:20.454+0000][7][gc,age       ] GC(8) - age   4:    2898280 bytes,    7633080 total
[2020-08-13T13:02:20.454+0000][7][gc,age       ] GC(8) - age   5:    2527944 bytes,   10161024 total
[2020-08-13T13:02:20.454+0000][7][gc,age       ] GC(8) - age   6:     896168 bytes,   11057192 total
[2020-08-13T13:02:20.454+0000][7][gc,age       ] GC(8) - age   7:    1211944 bytes,   12269136 total
[2020-08-13T13:02:20.454+0000][7][gc,phases    ] GC(8)   Pre Evacuate Collection Set: 0.2ms
[2020-08-13T13:02:20.454+0000][7][gc,phases    ] GC(8)   Merge Heap Roots: 0.0ms
[2020-08-13T13:02:20.454+0000][7][gc,phases    ] GC(8)   Evacuate Collection Set: 23.8ms
[2020-08-13T13:02:20.454+0000][7][gc,phases    ] GC(8)   Post Evacuate Collection Set: 1.1ms
[2020-08-13T13:02:20.454+0000][7][gc,phases    ] GC(8)   Other: 0.3ms
[2020-08-13T13:02:20.454+0000][7][gc,heap      ] GC(8) Eden regions: 62->0(295)
[2020-08-13T13:02:20.454+0000][7][gc,heap      ] GC(8) Survivor regions: 12->12(39)
[2020-08-13T13:02:20.454+0000][7][gc,heap      ] GC(8) Old regions: 5->5
[2020-08-13T13:02:20.454+0000][7][gc,heap      ] GC(8) Archive regions: 2->2
[2020-08-13T13:02:20.454+0000][7][gc,heap      ] GC(8) Humongous regions: 1->1
[2020-08-13T13:02:20.454+0000][7][gc,metaspace ] GC(8) Metaspace: 19789K(21296K)->19789K(21296K) NonClass: 17323K(18432K)->17323K(18432K) Class: 2465K(2864K)->2465K(2864K)
[2020-08-13T13:02:20.454+0000][7][gc           ] GC(8) Pause Young (Concurrent Start) (Metadata GC Threshold) 79M->18M(512M) 25.515ms
[2020-08-13T13:02:20.454+0000][7][gc,cpu       ] GC(8) User=0.02s Sys=0.00s Real=0.02s
[2020-08-13T13:02:20.454+0000][7][safepoint    ] Safepoint "CollectForMetadataAllocation", Time since last: 353339448 ns, Reaching safepoint: 81793 ns, At safepoint: 25712648 ns, Total: 25794441 ns
[2020-08-13T13:02:20.458+0000][7][gc           ] GC(9) Concurrent Cycle
[2020-08-13T13:02:20.458+0000][7][gc,marking   ] GC(9) Concurrent Clear Claimed Marks
[2020-08-13T13:02:20.458+0000][7][gc,marking   ] GC(9) Concurrent Clear Claimed Marks 0.124ms
[2020-08-13T13:02:20.458+0000][7][gc,marking   ] GC(9) Concurrent Scan Root Regions
[2020-08-13T13:02:20.473+0000][7][gc,marking   ] GC(9) Concurrent Scan Root Regions 14.768ms
[2020-08-13T13:02:20.473+0000][7][gc,marking   ] GC(9) Concurrent Mark (15.229s)
[2020-08-13T13:02:20.473+0000][7][gc,marking   ] GC(9) Concurrent Mark From Roots
[2020-08-13T13:02:20.473+0000][7][gc,task      ] GC(9) Using 1 workers of 1 for marking
[2020-08-13T13:02:20.522+0000][7][gc,marking   ] GC(9) Concurrent Mark From Roots 49.269ms
[2020-08-13T13:02:20.522+0000][7][gc,marking   ] GC(9) Concurrent Preclean
[2020-08-13T13:02:20.522+0000][7][gc,marking   ] GC(9) Concurrent Preclean 0.058ms
[2020-08-13T13:02:20.522+0000][7][gc,marking   ] GC(9) Concurrent Mark (15.229s, 15.279s) 49.406ms
[2020-08-13T13:02:20.538+0000][7][gc,start     ] GC(9) Pause Remark
[2020-08-13T13:02:20.546+0000][7][gc           ] GC(9) Pause Remark 29M->29M(512M) 8.445ms
[2020-08-13T13:02:20.546+0000][7][gc,cpu       ] GC(9) User=0.01s Sys=0.00s Real=0.01s
[2020-08-13T13:02:20.546+0000][7][safepoint    ] Safepoint "G1Concurrent", Time since last: 68016634 ns, Reaching safepoint: 15535863 ns, At safepoint: 8545582 ns, Total: 24081445 ns
[2020-08-13T13:02:20.546+0000][7][gc,marking   ] GC(9) Concurrent Rebuild Remembered Sets
[2020-08-13T13:02:20.551+0000][7][gc,marking   ] GC(9) Concurrent Rebuild Remembered Sets 4.424ms
[2020-08-13T13:02:20.552+0000][7][gc,start     ] GC(9) Pause Cleanup
[2020-08-13T13:02:20.552+0000][7][gc           ] GC(9) Pause Cleanup 29M->29M(512M) 0.111ms
[2020-08-13T13:02:20.552+0000][7][gc,cpu       ] GC(9) User=0.00s Sys=0.00s Real=0.00s
[2020-08-13T13:02:20.552+0000][7][safepoint    ] Safepoint "G1Concurrent", Time since last: 4507295 ns, Reaching safepoint: 767777 ns, At safepoint: 145402 ns, Total: 913179 ns
[2020-08-13T13:02:20.552+0000][7][gc,marking   ] GC(9) Concurrent Cleanup for Next Mark
[2020-08-13T13:02:20.558+0000][7][gc,marking   ] GC(9) Concurrent Cleanup for Next Mark 6.166ms
[2020-08-13T13:02:20.558+0000][7][gc           ] GC(9) Concurrent Cycle 100.229ms
[2020-08-13T13:02:21.602+0000][7][safepoint    ] Safepoint "Cleanup", Time since last: 1050561387 ns, Reaching safepoint: 127679 ns, At safepoint: 1883 ns, Total: 129562 ns
[2020-08-13T13:02:23.008+0000][7][safepoint    ] Safepoint "Cleanup", Time since last: 1401475658 ns, Reaching safepoint: 4360450 ns, At safepoint: 5299 ns, Total: 4365749 ns
[2020-08-13T13:02:24.941+0000][7][safepoint    ] Safepoint "Cleanup", Time since last: 1928456893 ns, Reaching safepoint: 4609676 ns, At safepoint: 6122 ns, Total: 4615798 ns
[2020-08-13T13:02:25.942+0000][7][safepoint    ] Safepoint "Cleanup", Time since last: 1000485106 ns, Reaching safepoint: 255498 ns, At safepoint: 3797 ns, Total: 259295 ns
[2020-08-13T13:02:26.953+0000][7][safepoint    ] Safepoint "Cleanup", Time since last: 1006631298 ns, Reaching safepoint: 4103669 ns, At safepoint: 3858 ns, Total: 4107527 ns
[2020-08-13T13:02:27.923+0000][7][gc,start     ] GC(10) Pause Young (Normal) (G1 Evacuation Pause)
[2020-08-13T13:02:27.923+0000][7][gc,task      ] GC(10) Using 2 workers of 2 for evacuation
[2020-08-13T13:02:27.923+0000][7][gc,age       ] GC(10) Desired survivor size 20447232 bytes, new threshold 15 (max threshold 15)
[2020-08-13T13:02:28.093+0000][7][gc,age       ] GC(10) Age table with threshold 15 (max threshold 15)
[2020-08-13T13:02:28.093+0000][7][gc,age       ] GC(10) - age   1:   13804184 bytes,   13804184 total
[2020-08-13T13:02:28.093+0000][7][gc,age       ] GC(10) - age   2:     285440 bytes,   14089624 total
[2020-08-13T13:02:28.093+0000][7][gc,age       ] GC(10) - age   3:    2096120 bytes,   16185744 total
[2020-08-13T13:02:28.093+0000][7][gc,age       ] GC(10) - age   4:    2282360 bytes,   18468104 total
[2020-08-13T13:02:28.093+0000][7][gc,age       ] GC(10) - age   5:    2883408 bytes,   21351512 total
[2020-08-13T13:02:28.093+0000][7][gc,age       ] GC(10) - age   6:    2501216 bytes,   23852728 total
[2020-08-13T13:02:28.093+0000][7][gc,age       ] GC(10) - age   7:     874224 bytes,   24726952 total
[2020-08-13T13:02:28.093+0000][7][gc,age       ] GC(10) - age   8:    1189616 bytes,   25916568 total
[2020-08-13T13:02:28.094+0000][7][gc,phases    ] GC(10)   Pre Evacuate Collection Set: 0.1ms
[2020-08-13T13:02:28.094+0000][7][gc,phases    ] GC(10)   Merge Heap Roots: 0.1ms
[2020-08-13T13:02:28.094+0000][7][gc,phases    ] GC(10)   Evacuate Collection Set: 143.4ms
[2020-08-13T13:02:28.094+0000][7][gc,phases    ] GC(10)   Post Evacuate Collection Set: 26.7ms
[2020-08-13T13:02:28.094+0000][7][gc,phases    ] GC(10)   Other: 0.3ms
[2020-08-13T13:02:28.094+0000][7][gc,heap      ] GC(10) Eden regions: 295->0(281)
[2020-08-13T13:02:28.094+0000][7][gc,heap      ] GC(10) Survivor regions: 12->26(39)
[2020-08-13T13:02:28.094+0000][7][gc,heap      ] GC(10) Old regions: 5->5
[2020-08-13T13:02:28.094+0000][7][gc,heap      ] GC(10) Archive regions: 2->2
[2020-08-13T13:02:28.094+0000][7][gc,heap      ] GC(10) Humongous regions: 1->1
[2020-08-13T13:02:28.094+0000][7][gc,metaspace ] GC(10) Metaspace: 29169K(31920K)->29169K(31920K) NonClass: 25447K(27392K)->25447K(27392K) Class: 3722K(4528K)->3722K(4528K)
[2020-08-13T13:02:28.094+0000][7][gc           ] GC(10) Pause Young (Normal) (G1 Evacuation Pause) 313M->31M(512M) 170.752ms
[2020-08-13T13:02:28.094+0000][7][gc,cpu       ] GC(10) User=0.06s Sys=0.00s Real=0.17s
[2020-08-13T13:02:28.094+0000][7][safepoint    ] Safepoint "G1CollectForAllocation", Time since last: 970025905 ns, Reaching safepoint: 155361 ns, At safepoint: 170841798 ns, Total: 170997159 ns
[2020-08-13T13:02:28.115+0000][7][safepoint    ] Safepoint "BulkRevokeBias", Time since last: 17862086 ns, Reaching safepoint: 3102366 ns, At safepoint: 97673 ns, Total: 3200039 ns
[2020-08-13T13:02:29.148+0000][7][safepoint    ] Safepoint "Cleanup", Time since last: 1029792722 ns, Reaching safepoint: 3094430 ns, At safepoint: 6342 ns, Total: 3100772 ns
[2020-08-13T13:02:30.159+0000][7][safepoint    ] Safepoint "Cleanup", Time since last: 1001901978 ns, Reaching safepoint: 9106801 ns, At safepoint: 6722 ns, Total: 9113523 ns
[2020-08-13T13:02:31.459+0000][7][safepoint    ] Safepoint "Cleanup", Time since last: 1295943769 ns, Reaching safepoint: 4041903 ns, At safepoint: 4819 ns, Total: 4046722 ns
[2020-08-13T13:02:32.269+0000][7][gc,start     ] GC(11) Pause Young (Concurrent Start) (Metadata GC Threshold)
[2020-08-13T13:02:32.269+0000][7][gc,task      ] GC(11) Using 2 workers of 2 for evacuation
[2020-08-13T13:02:32.269+0000][7][gc,age       ] GC(11) Desired survivor size 20447232 bytes, new threshold 5 (max threshold 15)
[2020-08-13T13:02:32.529+0000][7][gc,age       ] GC(11) Age table with threshold 5 (max threshold 15)
[2020-08-13T13:02:32.529+0000][7][gc,age       ] GC(11) - age   1:   16136504 bytes,   16136504 total
[2020-08-13T13:02:32.529+0000][7][gc,age       ] GC(11) - age   2:   13365992 bytes,   29502496 total
[2020-08-13T13:02:32.529+0000][7][gc,age       ] GC(11) - age   3:     285440 bytes,   29787936 total
[2020-08-13T13:02:32.529+0000][7][gc,age       ] GC(11) - age   4:    2093496 bytes,   31881432 total
[2020-08-13T13:02:32.529+0000][7][gc,age       ] GC(11) - age   5:    2278376 bytes,   34159808 total
[2020-08-13T13:02:32.529+0000][7][gc,mmu       ] GC(11) MMU target violated: 201.0ms (200.0ms/201.0ms)
[2020-08-13T13:02:32.529+0000][7][gc,phases    ] GC(11)   Pre Evacuate Collection Set: 0.4ms
[2020-08-13T13:02:32.529+0000][7][gc,phases    ] GC(11)   Merge Heap Roots: 0.1ms
[2020-08-13T13:02:32.529+0000][7][gc,phases    ] GC(11)   Evacuate Collection Set: 256.8ms
[2020-08-13T13:02:32.529+0000][7][gc,phases    ] GC(11)   Post Evacuate Collection Set: 2.6ms
[2020-08-13T13:02:32.529+0000][7][gc,phases    ] GC(11)   Other: 0.4ms
[2020-08-13T13:02:32.529+0000][7][gc,heap      ] GC(11) Eden regions: 152->0(34)
[2020-08-13T13:02:32.529+0000][7][gc,heap      ] GC(11) Survivor regions: 26->33(39)
[2020-08-13T13:02:32.529+0000][7][gc,heap      ] GC(11) Old regions: 5->12
[2020-08-13T13:02:32.529+0000][7][gc,heap      ] GC(11) Archive regions: 2->2
[2020-08-13T13:02:32.529+0000][7][gc,heap      ] GC(11) Humongous regions: 1->1
[2020-08-13T13:02:32.529+0000][7][gc,metaspace ] GC(11) Metaspace: 32880K(35920K)->32880K(35920K) NonClass: 28548K(30624K)->28548K(30624K) Class: 4331K(5296K)->4331K(5296K)
[2020-08-13T13:02:32.529+0000][7][gc           ] GC(11) Pause Young (Concurrent Start) (Metadata GC Threshold) 183M->46M(512M) 260.340ms
[2020-08-13T13:02:32.529+0000][7][gc,cpu       ] GC(11) User=0.14s Sys=0.00s Real=0.26s
[2020-08-13T13:02:32.529+0000][7][safepoint    ] Safepoint "CollectForMetadataAllocation", Time since last: 809952199 ns, Reaching safepoint: 206476 ns, At safepoint: 260527664 ns, Total: 260734140 ns
[2020-08-13T13:02:32.530+0000][7][gc           ] GC(12) Concurrent Cycle
[2020-08-13T13:02:32.530+0000][7][gc,marking   ] GC(12) Concurrent Clear Claimed Marks
[2020-08-13T13:02:32.531+0000][7][gc,marking   ] GC(12) Concurrent Clear Claimed Marks 0.345ms
[2020-08-13T13:02:32.531+0000][7][gc,marking   ] GC(12) Concurrent Scan Root Regions
[2020-08-13T13:02:32.586+0000][7][safepoint    ] Safepoint "CollectForMetadataAllocation", Time since last: 56317921 ns, Reaching safepoint: 98134 ns, At safepoint: 164377 ns, Total: 262511 ns
[2020-08-13T13:02:32.590+0000][7][gc,marking   ] GC(12) Concurrent Scan Root Regions 58.731ms
[2020-08-13T13:02:32.590+0000][7][gc,marking   ] GC(12) Concurrent Mark (27.346s)
[2020-08-13T13:02:32.590+0000][7][gc,marking   ] GC(12) Concurrent Mark From Roots
[2020-08-13T13:02:32.590+0000][7][gc,task      ] GC(12) Using 1 workers of 1 for marking
[2020-08-13T13:02:32.617+0000][7][gc,marking   ] GC(12) Concurrent Mark From Roots 26.898ms
[2020-08-13T13:02:32.617+0000][7][gc,marking   ] GC(12) Concurrent Preclean
[2020-08-13T13:02:32.617+0000][7][gc,marking   ] GC(12) Concurrent Preclean 0.063ms
[2020-08-13T13:02:32.617+0000][7][gc,marking   ] GC(12) Concurrent Mark (27.346s, 27.373s) 27.060ms
[2020-08-13T13:02:32.633+0000][7][gc,start     ] GC(12) Pause Remark
[2020-08-13T13:02:32.673+0000][7][gc           ] GC(12) Pause Remark 48M->48M(512M) 40.122ms
[2020-08-13T13:02:32.673+0000][7][gc,cpu       ] GC(12) User=0.02s Sys=0.00s Real=0.04s
[2020-08-13T13:02:32.673+0000][7][safepoint    ] Safepoint "G1Concurrent", Time since last: 30725590 ns, Reaching safepoint: 15981968 ns, At safepoint: 40224044 ns, Total: 56206012 ns
[2020-08-13T13:02:32.673+0000][7][gc,marking   ] GC(12) Concurrent Rebuild Remembered Sets
[2020-08-13T13:02:32.705+0000][7][gc,marking   ] GC(12) Concurrent Rebuild Remembered Sets 32.038ms
[2020-08-13T13:02:32.710+0000][7][gc,start     ] GC(12) Pause Cleanup
[2020-08-13T13:02:32.711+0000][7][gc           ] GC(12) Pause Cleanup 48M->48M(512M) 0.211ms
[2020-08-13T13:02:32.711+0000][7][gc,cpu       ] GC(12) User=0.00s Sys=0.00s Real=0.00s
[2020-08-13T13:02:32.711+0000][7][safepoint    ] Safepoint "G1Concurrent", Time since last: 32154833 ns, Reaching safepoint: 5315157 ns, At safepoint: 259706 ns, Total: 5574863 ns
[2020-08-13T13:02:32.711+0000][7][gc,marking   ] GC(12) Concurrent Cleanup for Next Mark
[2020-08-13T13:02:32.712+0000][7][gc,marking   ] GC(12) Concurrent Cleanup for Next Mark 1.220ms
[2020-08-13T13:02:32.712+0000][7][gc           ] GC(12) Concurrent Cycle 181.468ms
[2020-08-13T13:02:33.253+0000][7][gc,start     ] GC(13) Pause Young (Concurrent Start) (G1 Evacuation Pause)
[2020-08-13T13:02:33.253+0000][7][gc,task      ] GC(13) Using 2 workers of 2 for evacuation
[2020-08-13T13:02:33.253+0000][7][gc,age       ] GC(13) Desired survivor size 6291456 bytes, new threshold 1 (max threshold 15)
[2020-08-13T13:02:33.521+0000][7][gc,age       ] GC(13) Age table with threshold 1 (max threshold 15)
[2020-08-13T13:02:33.521+0000][7][gc,age       ] GC(13) - age   1:     502856 bytes,     502856 total
[2020-08-13T13:02:33.521+0000][7][gc,mmu       ] GC(13) MMU target violated: 201.0ms (200.0ms/201.0ms)
[2020-08-13T13:02:33.521+0000][7][gc,phases    ] GC(13)   Pre Evacuate Collection Set: 0.4ms
[2020-08-13T13:02:33.521+0000][7][gc,phases    ] GC(13)   Merge Heap Roots: 0.1ms
[2020-08-13T13:02:33.521+0000][7][gc,phases    ] GC(13)   Evacuate Collection Set: 265.1ms
[2020-08-13T13:02:33.521+0000][7][gc,phases    ] GC(13)   Post Evacuate Collection Set: 2.0ms
[2020-08-13T13:02:33.521+0000][7][gc,phases    ] GC(13)   Other: 0.3ms
[2020-08-13T13:02:33.521+0000][7][gc,heap      ] GC(13) Eden regions: 57->0(305)
[2020-08-13T13:02:33.521+0000][7][gc,heap      ] GC(13) Survivor regions: 33->1(12)
[2020-08-13T13:02:33.521+0000][7][gc,heap      ] GC(13) Old regions: 12->45
[2020-08-13T13:02:33.521+0000][7][gc,heap      ] GC(13) Archive regions: 2->2
[2020-08-13T13:02:33.521+0000][7][gc,heap      ] GC(13) Humongous regions: 1->1
[2020-08-13T13:02:33.521+0000][7][gc,metaspace ] GC(13) Metaspace: 34565K(37916K)->34565K(37916K) NonClass: 30050K(32364K)->30050K(32364K) Class: 4515K(5552K)->4515K(5552K)
[2020-08-13T13:02:33.521+0000][7][gc           ] GC(13) Pause Young (Concurrent Start) (G1 Evacuation Pause) 103M->47M(512M) 268.060ms
[2020-08-13T13:02:33.521+0000][7][gc,cpu       ] GC(13) User=0.16s Sys=0.00s Real=0.27s
[2020-08-13T13:02:33.521+0000][7][safepoint    ] Safepoint "G1CollectForAllocation", Time since last: 542521718 ns, Reaching safepoint: 117229 ns, At safepoint: 268155428 ns, Total: 268272657 ns
[2020-08-13T13:02:33.521+0000][7][gc           ] GC(14) Concurrent Cycle
[2020-08-13T13:02:33.521+0000][7][gc,marking   ] GC(14) Concurrent Clear Claimed Marks
[2020-08-13T13:02:33.527+0000][7][gc,marking   ] GC(14) Concurrent Clear Claimed Marks 5.439ms
[2020-08-13T13:02:33.527+0000][7][gc,marking   ] GC(14) Concurrent Scan Root Regions
[2020-08-13T13:02:33.648+0000][7][gc,marking   ] GC(14) Concurrent Scan Root Regions 121.171ms
[2020-08-13T13:02:33.648+0000][7][gc,marking   ] GC(14) Concurrent Mark (28.405s)
[2020-08-13T13:02:33.648+0000][7][gc,marking   ] GC(14) Concurrent Mark From Roots
[2020-08-13T13:02:33.648+0000][7][gc,task      ] GC(14) Using 1 workers of 1 for marking
[2020-08-13T13:02:33.728+0000][7][gc,marking   ] GC(14) Concurrent Mark From Roots 79.726ms
[2020-08-13T13:02:33.728+0000][7][gc,marking   ] GC(14) Concurrent Preclean
[2020-08-13T13:02:33.728+0000][7][gc,marking   ] GC(14) Concurrent Preclean 0.127ms
[2020-08-13T13:02:33.728+0000][7][gc,marking   ] GC(14) Concurrent Mark (28.405s, 28.485s) 79.938ms
[2020-08-13T13:02:33.739+0000][7][gc,start     ] GC(14) Pause Remark
[2020-08-13T13:02:33.776+0000][7][gc           ] GC(14) Pause Remark 78M->78M(512M) 37.056ms
[2020-08-13T13:02:33.776+0000][7][gc,cpu       ] GC(14) User=0.02s Sys=0.00s Real=0.04s
[2020-08-13T13:02:33.776+0000][7][safepoint    ] Safepoint "G1Concurrent", Time since last: 206741699 ns, Reaching safepoint: 10528874 ns, At safepoint: 37187882 ns, Total: 47716756 ns
[2020-08-13T13:02:33.776+0000][7][gc,marking   ] GC(14) Concurrent Rebuild Remembered Sets
[2020-08-13T13:02:34.024+0000][7][gc,marking   ] GC(14) Concurrent Rebuild Remembered Sets 247.991ms
[2020-08-13T13:02:34.025+0000][7][gc,start     ] GC(14) Pause Cleanup
[2020-08-13T13:02:34.025+0000][7][gc           ] GC(14) Pause Cleanup 101M->101M(512M) 0.141ms
[2020-08-13T13:02:34.025+0000][7][gc,cpu       ] GC(14) User=0.00s Sys=0.00s Real=0.00s
[2020-08-13T13:02:34.025+0000][7][safepoint    ] Safepoint "G1Concurrent", Time since last: 248121507 ns, Reaching safepoint: 649546 ns, At safepoint: 177852 ns, Total: 827398 ns
[2020-08-13T13:02:34.025+0000][7][gc,marking   ] GC(14) Concurrent Cleanup for Next Mark
[2020-08-13T13:02:34.041+0000][7][gc,marking   ] GC(14) Concurrent Cleanup for Next Mark 15.659ms
[2020-08-13T13:02:34.041+0000][7][gc           ] GC(14) Concurrent Cycle 519.148ms
[2020-08-13T13:02:35.346+0000][7][safepoint    ] Safepoint "ICBufferFull", Time since last: 1320966635 ns, Reaching safepoint: 297356 ns, At safepoint: 3958 ns, Total: 301314 ns
[2020-08-13T13:02:36.471+0000][7][safepoint    ] Safepoint "Cleanup", Time since last: 1124473224 ns, Reaching safepoint: 408263 ns, At safepoint: 3457 ns, Total: 411720 ns
[2020-08-13T13:02:37.476+0000][7][safepoint    ] Safepoint "Cleanup", Time since last: 1000674209 ns, Reaching safepoint: 4065388 ns, At safepoint: 5490 ns, Total: 4070878 ns
[2020-08-13T13:02:39.148+0000][7][safepoint    ] Safepoint "Cleanup", Time since last: 1667888183 ns, Reaching safepoint: 4211922 ns, At safepoint: 8476 ns, Total: 4220398 ns
[2020-08-13T13:02:39.625+0000][7][safepoint    ] Safepoint "BulkRevokeBias", Time since last: 476430066 ns, Reaching safepoint: 124263 ns, At safepoint: 122029 ns, Total: 246292 ns
[2020-08-13T13:02:39.649+0000][7][safepoint    ] Safepoint "BulkRevokeBias", Time since last: 24021963 ns, Reaching safepoint: 81583 ns, At safepoint: 123160 ns, Total: 204743 ns
[2020-08-13T13:02:39.669+0000][7][safepoint    ] Safepoint "BulkRevokeBias", Time since last: 20302845 ns, Reaching safepoint: 78306 ns, At safepoint: 126206 ns, Total: 204512 ns
[2020-08-13T13:02:40.716+0000][7][safepoint    ] Safepoint "Cleanup", Time since last: 1046356429 ns, Reaching safepoint: 505155 ns, At safepoint: 3687 ns, Total: 508842 ns
[2020-08-13T13:02:41.552+0000][7][gc,start     ] GC(15) Pause Young (Concurrent Start) (Metadata GC Threshold)
[2020-08-13T13:02:41.552+0000][7][gc,task      ] GC(15) Using 2 workers of 2 for evacuation
[2020-08-13T13:02:41.552+0000][7][gc,age       ] GC(15) Desired survivor size 20447232 bytes, new threshold 15 (max threshold 15)
[2020-08-13T13:02:41.735+0000][7][gc,age       ] GC(15) Age table with threshold 15 (max threshold 15)
[2020-08-13T13:02:41.735+0000][7][gc,age       ] GC(15) - age   1:    9169552 bytes,    9169552 total
[2020-08-13T13:02:41.735+0000][7][gc,age       ] GC(15) - age   2:     448000 bytes,    9617552 total
[2020-08-13T13:02:41.735+0000][7][gc,phases    ] GC(15)   Pre Evacuate Collection Set: 0.2ms
[2020-08-13T13:02:41.735+0000][7][gc,phases    ] GC(15)   Merge Heap Roots: 0.4ms
[2020-08-13T13:02:41.735+0000][7][gc,phases    ] GC(15)   Evacuate Collection Set: 136.2ms
[2020-08-13T13:02:41.735+0000][7][gc,phases    ] GC(15)   Post Evacuate Collection Set: 46.5ms
[2020-08-13T13:02:41.735+0000][7][gc,phases    ] GC(15)   Other: 0.6ms
[2020-08-13T13:02:41.735+0000][7][gc,heap      ] GC(15) Eden regions: 287->0(181)
[2020-08-13T13:02:41.735+0000][7][gc,heap      ] GC(15) Survivor regions: 1->10(39)
[2020-08-13T13:02:41.735+0000][7][gc,heap      ] GC(15) Old regions: 45->45
[2020-08-13T13:02:41.735+0000][7][gc,heap      ] GC(15) Archive regions: 2->2
[2020-08-13T13:02:41.735+0000][7][gc,heap      ] GC(15) Humongous regions: 1->1
[2020-08-13T13:02:41.735+0000][7][gc,metaspace ] GC(15) Metaspace: 57904K(63196K)->57904K(63196K) NonClass: 49899K(53036K)->49899K(53036K) Class: 8005K(10160K)->8005K(10160K)
[2020-08-13T13:02:41.735+0000][7][gc           ] GC(15) Pause Young (Concurrent Start) (Metadata GC Threshold) 334M->56M(512M) 183.768ms
[2020-08-13T13:02:41.735+0000][7][gc,cpu       ] GC(15) User=0.05s Sys=0.00s Real=0.18s
[2020-08-13T13:02:41.736+0000][7][safepoint    ] Safepoint "CollectForMetadataAllocation", Time since last: 834186319 ns, Reaching safepoint: 1108915 ns, At safepoint: 184209023 ns, Total: 185317938 ns
[2020-08-13T13:02:41.736+0000][7][gc           ] GC(16) Concurrent Cycle
[2020-08-13T13:02:41.736+0000][7][gc,marking   ] GC(16) Concurrent Clear Claimed Marks
[2020-08-13T13:02:41.736+0000][7][gc,marking   ] GC(16) Concurrent Clear Claimed Marks 0.752ms
[2020-08-13T13:02:41.736+0000][7][gc,marking   ] GC(16) Concurrent Scan Root Regions
[2020-08-13T13:02:41.832+0000][7][gc,marking   ] GC(16) Concurrent Scan Root Regions 95.962ms
[2020-08-13T13:02:41.832+0000][7][gc,marking   ] GC(16) Concurrent Mark (36.589s)
[2020-08-13T13:02:41.832+0000][7][gc,marking   ] GC(16) Concurrent Mark From Roots
[2020-08-13T13:02:41.833+0000][7][gc,task      ] GC(16) Using 1 workers of 1 for marking
[2020-08-13T13:02:41.882+0000][7][safepoint    ] Safepoint "CollectForMetadataAllocation", Time since last: 113767972 ns, Reaching safepoint: 32344769 ns, At safepoint: 126467 ns, Total: 32471236 ns
[2020-08-13T13:02:42.098+0000][7][safepoint    ] Safepoint "CollectForMetadataAllocation", Time since last: 194923995 ns, Reaching safepoint: 20980932 ns, At safepoint: 143209 ns, Total: 21124141 ns
[2020-08-13T13:02:42.261+0000][7][gc,marking   ] GC(16) Concurrent Mark From Roots 428.401ms
[2020-08-13T13:02:42.261+0000][7][gc,marking   ] GC(16) Concurrent Preclean
[2020-08-13T13:02:42.261+0000][7][gc,marking   ] GC(16) Concurrent Preclean 0.317ms
[2020-08-13T13:02:42.261+0000][7][gc,marking   ] GC(16) Concurrent Mark (36.589s, 37.018s) 428.810ms
[2020-08-13T13:02:42.266+0000][7][gc,start     ] GC(16) Pause Remark
[2020-08-13T13:02:42.305+0000][7][gc           ] GC(16) Pause Remark 64M->64M(512M) 38.811ms
[2020-08-13T13:02:42.305+0000][7][gc,cpu       ] GC(16) User=0.03s Sys=0.00s Real=0.03s
[2020-08-13T13:02:42.305+0000][7][safepoint    ] Safepoint "G1Concurrent", Time since last: 166706368 ns, Reaching safepoint: 1625111 ns, At safepoint: 38938679 ns, Total: 40563790 ns
[2020-08-13T13:02:42.306+0000][7][gc,marking   ] GC(16) Concurrent Rebuild Remembered Sets
[2020-08-13T13:02:42.652+0000][7][gc,marking   ] GC(16) Concurrent Rebuild Remembered Sets 346.814ms
[2020-08-13T13:02:42.684+0000][7][gc,start     ] GC(16) Pause Cleanup
[2020-08-13T13:02:42.685+0000][7][gc           ] GC(16) Pause Cleanup 72M->72M(512M) 0.273ms
[2020-08-13T13:02:42.685+0000][7][gc,cpu       ] GC(16) User=0.00s Sys=0.00s Real=0.00s
[2020-08-13T13:02:42.685+0000][7][safepoint    ] Safepoint "G1Concurrent", Time since last: 361470334 ns, Reaching safepoint: 17663946 ns, At safepoint: 321682 ns, Total: 17985628 ns
[2020-08-13T13:02:42.685+0000][7][gc,marking   ] GC(16) Concurrent Cleanup for Next Mark
[2020-08-13T13:02:42.686+0000][7][gc,marking   ] GC(16) Concurrent Cleanup for Next Mark 1.159ms
[2020-08-13T13:02:42.686+0000][7][gc           ] GC(16) Concurrent Cycle 950.202ms
[2020-08-13T13:02:43.701+0000][7][safepoint    ] Safepoint "Cleanup", Time since last: 1007983288 ns, Reaching safepoint: 8246532 ns, At safepoint: 8977 ns, Total: 8255509 ns
[2020-08-13T13:02:44.870+0000][7][safepoint    ] Safepoint "Cleanup", Time since last: 1169338673 ns, Reaching safepoint: 192340 ns, At safepoint: 2295 ns, Total: 194635 ns
[2020-08-13T13:02:45.880+0000][7][safepoint    ] Safepoint "Cleanup", Time since last: 1007197016 ns, Reaching safepoint: 2142569 ns, At safepoint: 4258 ns, Total: 2146827 ns
[2020-08-13T13:02:47.290+0000][7][safepoint    ] Safepoint "Cleanup", Time since last: 1408525580 ns, Reaching safepoint: 1480241 ns, At safepoint: 3145 ns, Total: 1483386 ns
[2020-08-13T13:02:47.429+0000][7][safepoint    ] Safepoint "BulkRevokeBias", Time since last: 138861421 ns, Reaching safepoint: 93224 ns, At safepoint: 114856 ns, Total: 208080 ns
[2020-08-13T13:02:47.581+0000][7][gc,heap,exit ] Heap
[2020-08-13T13:02:47.581+0000][7][gc,heap,exit ]  garbage-first heap   total 524288K, used 214125K [0x00000000e0000000, 0x0000000100000000)
[2020-08-13T13:02:47.581+0000][7][gc,heap,exit ]   region size 1024K, 164 young (167936K), 10 survivors (10240K)
[2020-08-13T13:02:47.581+0000][7][gc,heap,exit ]  Metaspace       used 72468K, capacity 78359K, committed 78684K, reserved 1116160K
[2020-08-13T13:02:47.581+0000][7][gc,heap,exit ]   class space    used 9967K, capacity 12466K, committed 12592K, reserved 1048576K
