[2020-08-13T13:08:50.599+0000][6][gc,heap] Heap region size: 1M
[2020-08-13T13:08:50.599+0000][6][gc,heap,coops] Heap address: 0x00000000e0000000, size: 512 MB, Compressed Oops mode: 32-bit
[2020-08-13T13:08:50.940+0000][6][gc           ] Using G1
[2020-08-13T13:08:50.940+0000][6][gc,cds       ] Mark closed archive regions in map: [0x00000000fff00000, 0x00000000fff7eff8]
[2020-08-13T13:08:50.940+0000][6][gc,cds       ] Mark open archive regions in map: [0x00000000ffe00000, 0x00000000ffe51ff8]
[2020-08-13T13:08:50.975+0000][6][gc           ] Periodic GC disabled
[2020-08-13T13:08:52.404+0000][6][gc,start     ] GC(0) Pause Young (Normal) (G1 Evacuation Pause)
[2020-08-13T13:08:52.409+0000][6][gc,task      ] GC(0) Using 2 workers of 2 for evacuation
[2020-08-13T13:08:52.409+0000][6][gc,age       ] GC(0) Desired survivor size 2097152 bytes, new threshold 15 (max threshold 15)
[2020-08-13T13:08:52.417+0000][6][gc,age       ] GC(0) Age table with threshold 15 (max threshold 15)
[2020-08-13T13:08:52.417+0000][6][gc,age       ] GC(0) - age   1:    2689440 bytes,    2689440 total
[2020-08-13T13:08:52.417+0000][6][gc,phases    ] GC(0)   Pre Evacuate Collection Set: 0.1ms
[2020-08-13T13:08:52.417+0000][6][gc,phases    ] GC(0)   Merge Heap Roots: 0.0ms
[2020-08-13T13:08:52.417+0000][6][gc,phases    ] GC(0)   Evacuate Collection Set: 7.6ms
[2020-08-13T13:08:52.417+0000][6][gc,phases    ] GC(0)   Post Evacuate Collection Set: 0.5ms
[2020-08-13T13:08:52.417+0000][6][gc,phases    ] GC(0)   Other: 4.7ms
[2020-08-13T13:08:52.417+0000][6][gc,heap      ] GC(0) Eden regions: 25->0(22)
[2020-08-13T13:08:52.417+0000][6][gc,heap      ] GC(0) Survivor regions: 0->3(4)
[2020-08-13T13:08:52.417+0000][6][gc,heap      ] GC(0) Old regions: 0->0
[2020-08-13T13:08:52.417+0000][6][gc,heap      ] GC(0) Archive regions: 2->2
[2020-08-13T13:08:52.417+0000][6][gc,heap      ] GC(0) Humongous regions: 1->1
[2020-08-13T13:08:52.417+0000][6][gc,metaspace ] GC(0) Metaspace: 5736K(8448K)->5736K(8448K) NonClass: 5055K(7424K)->5055K(7424K) Class: 680K(1024K)->680K(1024K)
[2020-08-13T13:08:52.417+0000][6][gc           ] GC(0) Pause Young (Normal) (G1 Evacuation Pause) 26M->4M(512M) 12.932ms
[2020-08-13T13:08:52.417+0000][6][gc,cpu       ] GC(0) User=0.01s Sys=0.00s Real=0.02s
[2020-08-13T13:08:52.417+0000][6][safepoint    ] Safepoint "G1CollectForAllocation", Time since last: 1439118513 ns, Reaching safepoint: 230732 ns, At safepoint: 13007977 ns, Total: 13238709 ns
[2020-08-13T13:08:53.186+0000][6][gc,heap,exit ] Heap
[2020-08-13T13:08:53.186+0000][6][gc,heap,exit ]  garbage-first heap   total 524288K, used 21910K [0x00000000e0000000, 0x0000000100000000)
[2020-08-13T13:08:53.186+0000][6][gc,heap,exit ]   region size 1024K, 21 young (21504K), 3 survivors (3072K)
[2020-08-13T13:08:53.186+0000][6][gc,heap,exit ]  Metaspace       used 9162K, capacity 10702K, committed 11008K, reserved 1058816K
[2020-08-13T13:08:53.186+0000][6][gc,heap,exit ]   class space    used 1234K, capacity 1484K, committed 1536K, reserved 1048576K
