[2020-08-13T12:50:29.424+0000][6][gc,heap] Heap region size: 1M
[2020-08-13T12:50:29.424+0000][6][gc,heap,coops] Heap address: 0x00000000e0000000, size: 512 MB, Compressed Oops mode: 32-bit
[2020-08-13T12:50:29.678+0000][6][gc           ] Using G1
[2020-08-13T12:50:29.679+0000][6][gc,cds       ] Mark closed archive regions in map: [0x00000000fff00000, 0x00000000fff7eff8]
[2020-08-13T12:50:29.679+0000][6][gc,cds       ] Mark open archive regions in map: [0x00000000ffe00000, 0x00000000ffe51ff8]
[2020-08-13T12:50:29.707+0000][6][gc           ] Periodic GC disabled
[2020-08-13T12:50:30.801+0000][6][safepoint    ] Safepoint "Cleanup", Time since last: 1100659139 ns, Reaching safepoint: 212537 ns, At safepoint: 2195 ns, Total: 214732 ns
[2020-08-13T12:50:31.082+0000][6][gc,start     ] GC(0) Pause Young (Normal) (G1 Evacuation Pause)
[2020-08-13T12:50:31.082+0000][6][gc,task      ] GC(0) Using 2 workers of 2 for evacuation
[2020-08-13T12:50:31.082+0000][6][gc,age       ] GC(0) Desired survivor size 2097152 bytes, new threshold 15 (max threshold 15)
[2020-08-13T12:50:31.098+0000][6][gc,age       ] GC(0) Age table with threshold 15 (max threshold 15)
[2020-08-13T12:50:31.098+0000][6][gc,age       ] GC(0) - age   1:    2817248 bytes,    2817248 total
[2020-08-13T12:50:31.098+0000][6][gc,phases    ] GC(0)   Pre Evacuate Collection Set: 0.1ms
[2020-08-13T12:50:31.098+0000][6][gc,phases    ] GC(0)   Merge Heap Roots: 0.0ms
[2020-08-13T12:50:31.098+0000][6][gc,phases    ] GC(0)   Evacuate Collection Set: 9.0ms
[2020-08-13T12:50:31.098+0000][6][gc,phases    ] GC(0)   Post Evacuate Collection Set: 7.1ms
[2020-08-13T12:50:31.098+0000][6][gc,phases    ] GC(0)   Other: 0.4ms
[2020-08-13T12:50:31.098+0000][6][gc,heap      ] GC(0) Eden regions: 25->0(22)
[2020-08-13T12:50:31.098+0000][6][gc,heap      ] GC(0) Survivor regions: 0->3(4)
[2020-08-13T12:50:31.098+0000][6][gc,heap      ] GC(0) Old regions: 0->0
[2020-08-13T12:50:31.098+0000][6][gc,heap      ] GC(0) Archive regions: 2->2
[2020-08-13T12:50:31.098+0000][6][gc,heap      ] GC(0) Humongous regions: 1->1
[2020-08-13T12:50:31.098+0000][6][gc,metaspace ] GC(0) Metaspace: 6299K(8704K)->6299K(8704K) NonClass: 5577K(7680K)->5577K(7680K) Class: 721K(1024K)->721K(1024K)
[2020-08-13T12:50:31.098+0000][6][gc           ] GC(0) Pause Young (Normal) (G1 Evacuation Pause) 26M->4M(512M) 16.738ms
[2020-08-13T12:50:31.098+0000][6][gc,cpu       ] GC(0) User=0.01s Sys=0.00s Real=0.02s
[2020-08-13T12:50:31.099+0000][6][safepoint    ] Safepoint "G1CollectForAllocation", Time since last: 280923578 ns, Reaching safepoint: 78788 ns, At safepoint: 16811119 ns, Total: 16889907 ns
[2020-08-13T12:50:32.470+0000][6][safepoint    ] Safepoint "Cleanup", Time since last: 1371158911 ns, Reaching safepoint: 241833 ns, At safepoint: 2845 ns, Total: 244678 ns
[2020-08-13T12:50:33.479+0000][6][safepoint    ] Safepoint "Cleanup", Time since last: 1002738257 ns, Reaching safepoint: 6145310 ns, At safepoint: 4378 ns, Total: 6149688 ns
[2020-08-13T12:50:33.537+0000][6][gc,start     ] GC(1) Pause Young (Normal) (G1 Evacuation Pause)
[2020-08-13T12:50:33.537+0000][6][gc,task      ] GC(1) Using 2 workers of 2 for evacuation
[2020-08-13T12:50:33.537+0000][6][gc,age       ] GC(1) Desired survivor size 2097152 bytes, new threshold 1 (max threshold 15)
[2020-08-13T12:50:33.564+0000][6][gc,age       ] GC(1) Age table with threshold 1 (max threshold 15)
[2020-08-13T12:50:33.564+0000][6][gc,age       ] GC(1) - age   1:    1814736 bytes,    1814736 total
[2020-08-13T12:50:33.564+0000][6][gc,phases    ] GC(1)   Pre Evacuate Collection Set: 0.1ms
[2020-08-13T12:50:33.564+0000][6][gc,phases    ] GC(1)   Merge Heap Roots: 0.0ms
[2020-08-13T12:50:33.564+0000][6][gc,phases    ] GC(1)   Evacuate Collection Set: 25.6ms
[2020-08-13T12:50:33.564+0000][6][gc,phases    ] GC(1)   Post Evacuate Collection Set: 0.9ms
[2020-08-13T12:50:33.564+0000][6][gc,phases    ] GC(1)   Other: 0.2ms
[2020-08-13T12:50:33.564+0000][6][gc,heap      ] GC(1) Eden regions: 22->0(26)
[2020-08-13T12:50:33.564+0000][6][gc,heap      ] GC(1) Survivor regions: 3->2(4)
[2020-08-13T12:50:33.564+0000][6][gc,heap      ] GC(1) Old regions: 0->3
[2020-08-13T12:50:33.564+0000][6][gc,heap      ] GC(1) Archive regions: 2->2
[2020-08-13T12:50:33.564+0000][6][gc,heap      ] GC(1) Humongous regions: 1->1
[2020-08-13T12:50:33.564+0000][6][gc,metaspace ] GC(1) Metaspace: 11479K(12160K)->11479K(12160K) NonClass: 10050K(10496K)->10050K(10496K) Class: 1428K(1664K)->1428K(1664K)
[2020-08-13T12:50:33.564+0000][6][gc           ] GC(1) Pause Young (Normal) (G1 Evacuation Pause) 26M->6M(512M) 26.980ms
[2020-08-13T12:50:33.564+0000][6][gc,cpu       ] GC(1) User=0.03s Sys=0.00s Real=0.02s
[2020-08-13T12:50:33.564+0000][6][safepoint    ] Safepoint "G1CollectForAllocation", Time since last: 58116565 ns, Reaching safepoint: 67095 ns, At safepoint: 27050230 ns, Total: 27117325 ns
[2020-08-13T12:50:35.004+0000][6][gc,start     ] GC(2) Pause Young (Normal) (G1 Evacuation Pause)
[2020-08-13T12:50:35.004+0000][6][gc,task      ] GC(2) Using 2 workers of 2 for evacuation
[2020-08-13T12:50:35.004+0000][6][gc,age       ] GC(2) Desired survivor size 2097152 bytes, new threshold 15 (max threshold 15)
[2020-08-13T12:50:35.025+0000][6][gc,age       ] GC(2) Age table with threshold 15 (max threshold 15)
[2020-08-13T12:50:35.025+0000][6][gc,age       ] GC(2) - age   1:    1624984 bytes,    1624984 total
[2020-08-13T12:50:35.025+0000][6][gc,age       ] GC(2) - age   2:    1724360 bytes,    3349344 total
[2020-08-13T12:50:35.025+0000][6][gc,phases    ] GC(2)   Pre Evacuate Collection Set: 0.1ms
[2020-08-13T12:50:35.025+0000][6][gc,phases    ] GC(2)   Merge Heap Roots: 0.0ms
[2020-08-13T12:50:35.025+0000][6][gc,phases    ] GC(2)   Evacuate Collection Set: 18.6ms
[2020-08-13T12:50:35.025+0000][6][gc,phases    ] GC(2)   Post Evacuate Collection Set: 1.4ms
[2020-08-13T12:50:35.025+0000][6][gc,phases    ] GC(2)   Other: 0.3ms
[2020-08-13T12:50:35.025+0000][6][gc,heap      ] GC(2) Eden regions: 26->0(52)
[2020-08-13T12:50:35.025+0000][6][gc,heap      ] GC(2) Survivor regions: 2->4(4)
[2020-08-13T12:50:35.025+0000][6][gc,heap      ] GC(2) Old regions: 3->3
[2020-08-13T12:50:35.025+0000][6][gc,heap      ] GC(2) Archive regions: 2->2
[2020-08-13T12:50:35.025+0000][6][gc,heap      ] GC(2) Humongous regions: 1->1
[2020-08-13T12:50:35.025+0000][6][gc,metaspace ] GC(2) Metaspace: 13787K(14464K)->13787K(14464K) NonClass: 12109K(12544K)->12109K(12544K) Class: 1678K(1920K)->1678K(1920K)
[2020-08-13T12:50:35.025+0000][6][gc           ] GC(2) Pause Young (Normal) (G1 Evacuation Pause) 32M->7M(512M) 20.451ms
[2020-08-13T12:50:35.025+0000][6][gc,cpu       ] GC(2) User=0.02s Sys=0.00s Real=0.02s
[2020-08-13T12:50:35.025+0000][6][safepoint    ] Safepoint "G1CollectForAllocation", Time since last: 1439818705 ns, Reaching safepoint: 401111 ns, At safepoint: 20538534 ns, Total: 20939645 ns
[2020-08-13T12:50:35.039+0000][6][safepoint    ] Safepoint "BulkRevokeBias", Time since last: 6825242 ns, Reaching safepoint: 7106810 ns, At safepoint: 102621 ns, Total: 7209431 ns
[2020-08-13T12:50:36.141+0000][6][safepoint    ] Safepoint "Cleanup", Time since last: 1098796553 ns, Reaching safepoint: 2991007 ns, At safepoint: 6733 ns, Total: 2997740 ns
[2020-08-13T12:50:36.250+0000][6][gc,start     ] GC(3) Pause Young (Normal) (G1 Evacuation Pause)
[2020-08-13T12:50:36.250+0000][6][gc,task      ] GC(3) Using 2 workers of 2 for evacuation
[2020-08-13T12:50:36.250+0000][6][gc,age       ] GC(3) Desired survivor size 3670016 bytes, new threshold 15 (max threshold 15)
[2020-08-13T12:50:36.292+0000][6][gc,age       ] GC(3) Age table with threshold 15 (max threshold 15)
[2020-08-13T12:50:36.292+0000][6][gc,age       ] GC(3) - age   1:    2596344 bytes,    2596344 total
[2020-08-13T12:50:36.292+0000][6][gc,age       ] GC(3) - age   2:    1579672 bytes,    4176016 total
[2020-08-13T12:50:36.292+0000][6][gc,age       ] GC(3) - age   3:    1704280 bytes,    5880296 total
[2020-08-13T12:50:36.292+0000][6][gc,phases    ] GC(3)   Pre Evacuate Collection Set: 0.1ms
[2020-08-13T12:50:36.292+0000][6][gc,phases    ] GC(3)   Merge Heap Roots: 0.0ms
[2020-08-13T12:50:36.292+0000][6][gc,phases    ] GC(3)   Evacuate Collection Set: 40.7ms
[2020-08-13T12:50:36.292+0000][6][gc,phases    ] GC(3)   Post Evacuate Collection Set: 1.0ms
[2020-08-13T12:50:36.292+0000][6][gc,phases    ] GC(3)   Other: 0.3ms
[2020-08-13T12:50:36.292+0000][6][gc,heap      ] GC(3) Eden regions: 52->0(71)
[2020-08-13T12:50:36.292+0000][6][gc,heap      ] GC(3) Survivor regions: 4->6(7)
[2020-08-13T12:50:36.292+0000][6][gc,heap      ] GC(3) Old regions: 3->3
[2020-08-13T12:50:36.292+0000][6][gc,heap      ] GC(3) Archive regions: 2->2
[2020-08-13T12:50:36.292+0000][6][gc,heap      ] GC(3) Humongous regions: 2->1
[2020-08-13T12:50:36.292+0000][6][gc,metaspace ] GC(3) Metaspace: 15658K(16640K)->15658K(16640K) NonClass: 13713K(14336K)->13713K(14336K) Class: 1944K(2304K)->1944K(2304K)
[2020-08-13T12:50:36.292+0000][6][gc           ] GC(3) Pause Young (Normal) (G1 Evacuation Pause) 60M->10M(512M) 42.252ms
[2020-08-13T12:50:36.292+0000][6][gc,cpu       ] GC(3) User=0.01s Sys=0.00s Real=0.04s
[2020-08-13T12:50:36.292+0000][6][safepoint    ] Safepoint "G1CollectForAllocation", Time since last: 101000164 ns, Reaching safepoint: 8002065 ns, At safepoint: 42341424 ns, Total: 50343489 ns
[2020-08-13T12:50:36.294+0000][6][safepoint    ] Safepoint "BulkRevokeBias", Time since last: 1906498 ns, Reaching safepoint: 36688 ns, At safepoint: 56446 ns, Total: 93134 ns
[2020-08-13T12:50:36.294+0000][6][safepoint    ] Safepoint "BulkRevokeBias", Time since last: 34735 ns, Reaching safepoint: 19536 ns, At safepoint: 60323 ns, Total: 79859 ns
[2020-08-13T12:50:37.181+0000][6][gc,start     ] GC(4) Pause Young (Normal) (G1 Evacuation Pause)
[2020-08-13T12:50:37.181+0000][6][gc,task      ] GC(4) Using 2 workers of 2 for evacuation
[2020-08-13T12:50:37.181+0000][6][gc,age       ] GC(4) Desired survivor size 5242880 bytes, new threshold 3 (max threshold 15)
[2020-08-13T12:50:37.237+0000][6][gc,age       ] GC(4) Age table with threshold 3 (max threshold 15)
[2020-08-13T12:50:37.237+0000][6][gc,age       ] GC(4) - age   1:    2832904 bytes,    2832904 total
[2020-08-13T12:50:37.237+0000][6][gc,age       ] GC(4) - age   2:    1682680 bytes,    4515584 total
[2020-08-13T12:50:37.237+0000][6][gc,age       ] GC(4) - age   3:    1579632 bytes,    6095216 total
[2020-08-13T12:50:37.237+0000][6][gc,phases    ] GC(4)   Pre Evacuate Collection Set: 0.1ms
[2020-08-13T12:50:37.237+0000][6][gc,phases    ] GC(4)   Merge Heap Roots: 0.1ms
[2020-08-13T12:50:37.237+0000][6][gc,phases    ] GC(4)   Evacuate Collection Set: 54.5ms
[2020-08-13T12:50:37.237+0000][6][gc,phases    ] GC(4)   Post Evacuate Collection Set: 1.0ms
[2020-08-13T12:50:37.237+0000][6][gc,phases    ] GC(4)   Other: 0.3ms
[2020-08-13T12:50:37.237+0000][6][gc,heap      ] GC(4) Eden regions: 71->0(300)
[2020-08-13T12:50:37.237+0000][6][gc,heap      ] GC(4) Survivor regions: 6->7(10)
[2020-08-13T12:50:37.237+0000][6][gc,heap      ] GC(4) Old regions: 3->5
[2020-08-13T12:50:37.237+0000][6][gc,heap      ] GC(4) Archive regions: 2->2
[2020-08-13T12:50:37.237+0000][6][gc,heap      ] GC(4) Humongous regions: 1->1
[2020-08-13T12:50:37.237+0000][6][gc,metaspace ] GC(4) Metaspace: 17005K(17792K)->17005K(17792K) NonClass: 14897K(15360K)->14897K(15360K) Class: 2108K(2432K)->2108K(2432K)
[2020-08-13T12:50:37.237+0000][6][gc           ] GC(4) Pause Young (Normal) (G1 Evacuation Pause) 81M->12M(512M) 56.054ms
[2020-08-13T12:50:37.237+0000][6][gc,cpu       ] GC(4) User=0.03s Sys=0.00s Real=0.06s
[2020-08-13T12:50:37.237+0000][6][safepoint    ] Safepoint "G1CollectForAllocation", Time since last: 886541977 ns, Reaching safepoint: 191838 ns, At safepoint: 56126130 ns, Total: 56317968 ns
[2020-08-13T12:50:38.256+0000][6][safepoint    ] Safepoint "Cleanup", Time since last: 1010760419 ns, Reaching safepoint: 8090761 ns, At safepoint: 6262 ns, Total: 8097023 ns
[2020-08-13T12:50:39.637+0000][6][gc,start     ] GC(5) Pause Young (Normal) (G1 Evacuation Pause)
[2020-08-13T12:50:39.637+0000][6][gc,task      ] GC(5) Using 2 workers of 2 for evacuation
[2020-08-13T12:50:39.637+0000][6][gc,age       ] GC(5) Desired survivor size 20447232 bytes, new threshold 15 (max threshold 15)
[2020-08-13T12:50:39.724+0000][6][gc,age       ] GC(5) Age table with threshold 15 (max threshold 15)
[2020-08-13T12:50:39.724+0000][6][gc,age       ] GC(5) - age   1:    4012088 bytes,    4012088 total
[2020-08-13T12:50:39.724+0000][6][gc,age       ] GC(5) - age   2:    1366216 bytes,    5378304 total
[2020-08-13T12:50:39.724+0000][6][gc,age       ] GC(5) - age   3:    1682136 bytes,    7060440 total
[2020-08-13T12:50:39.724+0000][6][gc,age       ] GC(5) - age   4:    1579632 bytes,    8640072 total
[2020-08-13T12:50:39.724+0000][6][gc,phases    ] GC(5)   Pre Evacuate Collection Set: 0.1ms
[2020-08-13T12:50:39.724+0000][6][gc,phases    ] GC(5)   Merge Heap Roots: 0.1ms
[2020-08-13T12:50:39.724+0000][6][gc,phases    ] GC(5)   Evacuate Collection Set: 85.6ms
[2020-08-13T12:50:39.724+0000][6][gc,phases    ] GC(5)   Post Evacuate Collection Set: 1.3ms
[2020-08-13T12:50:39.724+0000][6][gc,phases    ] GC(5)   Other: 0.4ms
[2020-08-13T12:50:39.724+0000][6][gc,heap      ] GC(5) Eden regions: 300->0(298)
[2020-08-13T12:50:39.724+0000][6][gc,heap      ] GC(5) Survivor regions: 7->9(39)
[2020-08-13T12:50:39.724+0000][6][gc,heap      ] GC(5) Old regions: 5->5
[2020-08-13T12:50:39.724+0000][6][gc,heap      ] GC(5) Archive regions: 2->2
[2020-08-13T12:50:39.724+0000][6][gc,heap      ] GC(5) Humongous regions: 1->1
[2020-08-13T12:50:39.724+0000][6][gc,metaspace ] GC(5) Metaspace: 17936K(18944K)->17936K(18944K) NonClass: 15709K(16384K)->15709K(16384K) Class: 2226K(2560K)->2226K(2560K)
[2020-08-13T12:50:39.724+0000][6][gc           ] GC(5) Pause Young (Normal) (G1 Evacuation Pause) 312M->15M(512M) 87.447ms
[2020-08-13T12:50:39.724+0000][6][gc,cpu       ] GC(5) User=0.03s Sys=0.00s Real=0.08s
[2020-08-13T12:50:39.724+0000][6][safepoint    ] Safepoint "G1CollectForAllocation", Time since last: 1380854734 ns, Reaching safepoint: 139532 ns, At safepoint: 87529385 ns, Total: 87668917 ns
[2020-08-13T12:50:39.771+0000][6][safepoint    ] Safepoint "BulkRevokeBias", Time since last: 7473987 ns, Reaching safepoint: 38979082 ns, At safepoint: 179014 ns, Total: 39158096 ns
[2020-08-13T12:50:39.897+0000][6][safepoint    ] Safepoint "BulkRevokeBias", Time since last: 117457532 ns, Reaching safepoint: 8200836 ns, At safepoint: 94287 ns, Total: 8295123 ns
[2020-08-13T12:50:39.904+0000][6][safepoint    ] Safepoint "BulkRevokeBias", Time since last: 4479843 ns, Reaching safepoint: 2498946 ns, At safepoint: 74339 ns, Total: 2573285 ns
[2020-08-13T12:50:40.912+0000][6][safepoint    ] Safepoint "Cleanup", Time since last: 1001866255 ns, Reaching safepoint: 6101148 ns, At safepoint: 4959 ns, Total: 6106107 ns
[2020-08-13T12:50:41.938+0000][6][safepoint    ] Safepoint "Cleanup", Time since last: 1003925549 ns, Reaching safepoint: 22087833 ns, At safepoint: 11241 ns, Total: 22099074 ns
[2020-08-13T12:50:42.119+0000][6][gc,start     ] GC(6) Pause Young (Normal) (G1 Evacuation Pause)
[2020-08-13T12:50:42.119+0000][6][gc,task      ] GC(6) Using 2 workers of 2 for evacuation
[2020-08-13T12:50:42.119+0000][6][gc,age       ] GC(6) Desired survivor size 20447232 bytes, new threshold 15 (max threshold 15)
[2020-08-13T12:50:42.283+0000][6][gc,age       ] GC(6) Age table with threshold 15 (max threshold 15)
[2020-08-13T12:50:42.283+0000][6][gc,age       ] GC(6) - age   1:    4661024 bytes,    4661024 total
[2020-08-13T12:50:42.283+0000][6][gc,age       ] GC(6) - age   2:    3706248 bytes,    8367272 total
[2020-08-13T12:50:42.283+0000][6][gc,age       ] GC(6) - age   3:    1361832 bytes,    9729104 total
[2020-08-13T12:50:42.283+0000][6][gc,age       ] GC(6) - age   4:    1681064 bytes,   11410168 total
[2020-08-13T12:50:42.283+0000][6][gc,age       ] GC(6) - age   5:    1579424 bytes,   12989592 total
[2020-08-13T12:50:42.283+0000][6][gc,phases    ] GC(6)   Pre Evacuate Collection Set: 0.1ms
[2020-08-13T12:50:42.283+0000][6][gc,phases    ] GC(6)   Merge Heap Roots: 0.1ms
[2020-08-13T12:50:42.283+0000][6][gc,phases    ] GC(6)   Evacuate Collection Set: 107.6ms
[2020-08-13T12:50:42.283+0000][6][gc,phases    ] GC(6)   Post Evacuate Collection Set: 56.0ms
[2020-08-13T12:50:42.283+0000][6][gc,phases    ] GC(6)   Other: 0.3ms
[2020-08-13T12:50:42.283+0000][6][gc,heap      ] GC(6) Eden regions: 298->0(294)
[2020-08-13T12:50:42.283+0000][6][gc,heap      ] GC(6) Survivor regions: 9->13(39)
[2020-08-13T12:50:42.283+0000][6][gc,heap      ] GC(6) Old regions: 5->5
[2020-08-13T12:50:42.283+0000][6][gc,heap      ] GC(6) Archive regions: 2->2
[2020-08-13T12:50:42.283+0000][6][gc,heap      ] GC(6) Humongous regions: 1->1
[2020-08-13T12:50:42.283+0000][6][gc,metaspace ] GC(6) Metaspace: 19380K(20736K)->19380K(20736K) NonClass: 16976K(17920K)->16976K(17920K) Class: 2403K(2816K)->2403K(2816K)
[2020-08-13T12:50:42.283+0000][6][gc           ] GC(6) Pause Young (Normal) (G1 Evacuation Pause) 313M->19M(512M) 164.251ms
[2020-08-13T12:50:42.283+0000][6][gc,cpu       ] GC(6) User=0.06s Sys=0.00s Real=0.16s
[2020-08-13T12:50:42.283+0000][6][safepoint    ] Safepoint "G1CollectForAllocation", Time since last: 180883291 ns, Reaching safepoint: 86312 ns, At safepoint: 164340183 ns, Total: 164426495 ns
[2020-08-13T12:50:43.295+0000][6][safepoint    ] Safepoint "Cleanup", Time since last: 1000566122 ns, Reaching safepoint: 10990287 ns, At safepoint: 11070 ns, Total: 11001357 ns
[2020-08-13T12:50:44.082+0000][6][gc,start     ] GC(7) Pause Young (Concurrent Start) (Metadata GC Threshold)
[2020-08-13T12:50:44.082+0000][6][gc,task      ] GC(7) Using 2 workers of 2 for evacuation
[2020-08-13T12:50:44.082+0000][6][gc,age       ] GC(7) Desired survivor size 20447232 bytes, new threshold 15 (max threshold 15)
[2020-08-13T12:50:44.128+0000][6][gc,age       ] GC(7) Age table with threshold 15 (max threshold 15)
[2020-08-13T12:50:44.128+0000][6][gc,age       ] GC(7) - age   1:    1034848 bytes,    1034848 total
[2020-08-13T12:50:44.128+0000][6][gc,age       ] GC(7) - age   2:    2904896 bytes,    3939744 total
[2020-08-13T12:50:44.128+0000][6][gc,age       ] GC(7) - age   3:    3705208 bytes,    7644952 total
[2020-08-13T12:50:44.128+0000][6][gc,age       ] GC(7) - age   4:    1361832 bytes,    9006784 total
[2020-08-13T12:50:44.128+0000][6][gc,age       ] GC(7) - age   5:    1681064 bytes,   10687848 total
[2020-08-13T12:50:44.128+0000][6][gc,age       ] GC(7) - age   6:    1579424 bytes,   12267272 total
[2020-08-13T12:50:44.128+0000][6][gc,phases    ] GC(7)   Pre Evacuate Collection Set: 0.2ms
[2020-08-13T12:50:44.128+0000][6][gc,phases    ] GC(7)   Merge Heap Roots: 0.1ms
[2020-08-13T12:50:44.128+0000][6][gc,phases    ] GC(7)   Evacuate Collection Set: 42.5ms
[2020-08-13T12:50:44.128+0000][6][gc,phases    ] GC(7)   Post Evacuate Collection Set: 3.3ms
[2020-08-13T12:50:44.128+0000][6][gc,phases    ] GC(7)   Other: 0.3ms
[2020-08-13T12:50:44.128+0000][6][gc,heap      ] GC(7) Eden regions: 269->0(295)
[2020-08-13T12:50:44.128+0000][6][gc,heap      ] GC(7) Survivor regions: 13->12(39)
[2020-08-13T12:50:44.128+0000][6][gc,heap      ] GC(7) Old regions: 5->5
[2020-08-13T12:50:44.128+0000][6][gc,heap      ] GC(7) Archive regions: 2->2
[2020-08-13T12:50:44.128+0000][6][gc,heap      ] GC(7) Humongous regions: 1->1
[2020-08-13T12:50:44.128+0000][6][gc,metaspace ] GC(7) Metaspace: 19756K(21296K)->19756K(21296K) NonClass: 17290K(18432K)->17290K(18432K) Class: 2466K(2864K)->2466K(2864K)
[2020-08-13T12:50:44.128+0000][6][gc           ] GC(7) Pause Young (Concurrent Start) (Metadata GC Threshold) 287M->18M(512M) 46.529ms
[2020-08-13T12:50:44.128+0000][6][gc,cpu       ] GC(7) User=0.02s Sys=0.00s Real=0.05s
[2020-08-13T12:50:44.128+0000][6][safepoint    ] Safepoint "CollectForMetadataAllocation", Time since last: 786944808 ns, Reaching safepoint: 107762 ns, At safepoint: 46751547 ns, Total: 46859309 ns
[2020-08-13T12:50:44.132+0000][6][gc           ] GC(8) Concurrent Cycle
[2020-08-13T12:50:44.132+0000][6][gc,marking   ] GC(8) Concurrent Clear Claimed Marks
[2020-08-13T12:50:44.132+0000][6][gc,marking   ] GC(8) Concurrent Clear Claimed Marks 0.117ms
[2020-08-13T12:50:44.132+0000][6][gc,marking   ] GC(8) Concurrent Scan Root Regions
[2020-08-13T12:50:44.141+0000][6][gc,marking   ] GC(8) Concurrent Scan Root Regions 8.905ms
[2020-08-13T12:50:44.141+0000][6][gc,marking   ] GC(8) Concurrent Mark (14.726s)
[2020-08-13T12:50:44.141+0000][6][gc,marking   ] GC(8) Concurrent Mark From Roots
[2020-08-13T12:50:44.141+0000][6][gc,task      ] GC(8) Using 1 workers of 1 for marking
[2020-08-13T12:50:44.180+0000][6][gc,marking   ] GC(8) Concurrent Mark From Roots 39.268ms
[2020-08-13T12:50:44.180+0000][6][gc,marking   ] GC(8) Concurrent Preclean
[2020-08-13T12:50:44.180+0000][6][gc,marking   ] GC(8) Concurrent Preclean 0.054ms
[2020-08-13T12:50:44.180+0000][6][gc,marking   ] GC(8) Concurrent Mark (14.726s, 14.766s) 39.403ms
[2020-08-13T12:50:44.193+0000][6][gc,start     ] GC(8) Pause Remark
[2020-08-13T12:50:44.220+0000][6][gc           ] GC(8) Pause Remark 19M->19M(512M) 26.788ms
[2020-08-13T12:50:44.220+0000][6][gc,cpu       ] GC(8) User=0.01s Sys=0.00s Real=0.03s
[2020-08-13T12:50:44.220+0000][6][safepoint    ] Safepoint "G1Concurrent", Time since last: 64200439 ns, Reaching safepoint: 102433 ns, At safepoint: 26897594 ns, Total: 27000027 ns
[2020-08-13T12:50:44.220+0000][6][gc,marking   ] GC(8) Concurrent Rebuild Remembered Sets
[2020-08-13T12:50:44.259+0000][6][gc,marking   ] GC(8) Concurrent Rebuild Remembered Sets 39.516ms
[2020-08-13T12:50:44.260+0000][6][gc,start     ] GC(8) Pause Cleanup
[2020-08-13T12:50:44.260+0000][6][gc           ] GC(8) Pause Cleanup 20M->20M(512M) 0.144ms
[2020-08-13T12:50:44.260+0000][6][gc,cpu       ] GC(8) User=0.00s Sys=0.00s Real=0.00s
[2020-08-13T12:50:44.260+0000][6][safepoint    ] Safepoint "G1Concurrent", Time since last: 39643434 ns, Reaching safepoint: 747310 ns, At safepoint: 176590 ns, Total: 923900 ns
[2020-08-13T12:50:44.260+0000][6][gc,marking   ] GC(8) Concurrent Cleanup for Next Mark
[2020-08-13T12:50:44.284+0000][6][gc,marking   ] GC(8) Concurrent Cleanup for Next Mark 23.558ms
[2020-08-13T12:50:44.284+0000][6][gc           ] GC(8) Concurrent Cycle 152.250ms
[2020-08-13T12:50:45.425+0000][6][safepoint    ] Safepoint "Cleanup", Time since last: 1164844160 ns, Reaching safepoint: 113812 ns, At safepoint: 2324 ns, Total: 116136 ns
[2020-08-13T12:50:46.923+0000][6][safepoint    ] Safepoint "Cleanup", Time since last: 1497483756 ns, Reaching safepoint: 675154 ns, At safepoint: 5740 ns, Total: 680894 ns
[2020-08-13T12:50:48.807+0000][6][safepoint    ] Safepoint "Cleanup", Time since last: 1883318086 ns, Reaching safepoint: 595494 ns, At safepoint: 3016 ns, Total: 598510 ns
[2020-08-13T12:50:49.822+0000][6][safepoint    ] Safepoint "Cleanup", Time since last: 1010384845 ns, Reaching safepoint: 4131813 ns, At safepoint: 5580 ns, Total: 4137393 ns
[2020-08-13T12:50:50.833+0000][6][safepoint    ] Safepoint "Cleanup", Time since last: 1004853646 ns, Reaching safepoint: 6168282 ns, At safepoint: 6272 ns, Total: 6174554 ns
[2020-08-13T12:50:51.112+0000][6][safepoint    ] Safepoint "BulkRevokeBias", Time since last: 268552348 ns, Reaching safepoint: 10439567 ns, At safepoint: 114934 ns, Total: 10554501 ns
[2020-08-13T12:50:51.673+0000][6][gc,start     ] GC(9) Pause Young (Normal) (G1 Evacuation Pause)
[2020-08-13T12:50:51.673+0000][6][gc,task      ] GC(9) Using 2 workers of 2 for evacuation
[2020-08-13T12:50:51.673+0000][6][gc,age       ] GC(9) Desired survivor size 20447232 bytes, new threshold 15 (max threshold 15)
[2020-08-13T12:50:51.797+0000][6][gc,age       ] GC(9) Age table with threshold 15 (max threshold 15)
[2020-08-13T12:50:51.797+0000][6][gc,age       ] GC(9) - age   1:   15857016 bytes,   15857016 total
[2020-08-13T12:50:51.797+0000][6][gc,age       ] GC(9) - age   2:     972184 bytes,   16829200 total
[2020-08-13T12:50:51.797+0000][6][gc,age       ] GC(9) - age   3:    2882352 bytes,   19711552 total
[2020-08-13T12:50:51.797+0000][6][gc,age       ] GC(9) - age   4:    3679312 bytes,   23390864 total
[2020-08-13T12:50:51.797+0000][6][gc,age       ] GC(9) - age   5:    1357344 bytes,   24748208 total
[2020-08-13T12:50:51.797+0000][6][gc,age       ] GC(9) - age   6:    1639312 bytes,   26387520 total
[2020-08-13T12:50:51.797+0000][6][gc,age       ] GC(9) - age   7:    1554872 bytes,   27942392 total
[2020-08-13T12:50:51.797+0000][6][gc,phases    ] GC(9)   Pre Evacuate Collection Set: 0.1ms
[2020-08-13T12:50:51.797+0000][6][gc,phases    ] GC(9)   Merge Heap Roots: 0.1ms
[2020-08-13T12:50:51.797+0000][6][gc,phases    ] GC(9)   Evacuate Collection Set: 109.7ms
[2020-08-13T12:50:51.797+0000][6][gc,phases    ] GC(9)   Post Evacuate Collection Set: 14.2ms
[2020-08-13T12:50:51.797+0000][6][gc,phases    ] GC(9)   Other: 0.4ms
[2020-08-13T12:50:51.797+0000][6][gc,heap      ] GC(9) Eden regions: 295->0(280)
[2020-08-13T12:50:51.797+0000][6][gc,heap      ] GC(9) Survivor regions: 12->27(39)
[2020-08-13T12:50:51.797+0000][6][gc,heap      ] GC(9) Old regions: 5->5
[2020-08-13T12:50:51.797+0000][6][gc,heap      ] GC(9) Archive regions: 2->2
[2020-08-13T12:50:51.797+0000][6][gc,heap      ] GC(9) Humongous regions: 1->1
[2020-08-13T12:50:51.797+0000][6][gc,metaspace ] GC(9) Metaspace: 29155K(31920K)->29155K(31920K) NonClass: 25433K(27392K)->25433K(27392K) Class: 3722K(4528K)->3722K(4528K)
[2020-08-13T12:50:51.797+0000][6][gc           ] GC(9) Pause Young (Normal) (G1 Evacuation Pause) 313M->33M(512M) 124.484ms
[2020-08-13T12:50:51.797+0000][6][gc,cpu       ] GC(9) User=0.09s Sys=0.00s Real=0.13s
[2020-08-13T12:50:51.797+0000][6][safepoint    ] Safepoint "G1CollectForAllocation", Time since last: 560719707 ns, Reaching safepoint: 70262 ns, At safepoint: 124576363 ns, Total: 124646625 ns
[2020-08-13T12:50:53.068+0000][6][safepoint    ] Safepoint "Cleanup", Time since last: 1256347771 ns, Reaching safepoint: 14171560 ns, At safepoint: 6042 ns, Total: 14177602 ns
[2020-08-13T12:50:54.079+0000][6][safepoint    ] Safepoint "Cleanup", Time since last: 1003833045 ns, Reaching safepoint: 7125014 ns, At safepoint: 6442 ns, Total: 7131456 ns
[2020-08-13T12:50:55.089+0000][6][safepoint    ] Safepoint "Cleanup", Time since last: 1002864092 ns, Reaching safepoint: 7245859 ns, At safepoint: 8025 ns, Total: 7253884 ns
[2020-08-13T12:50:56.110+0000][6][safepoint    ] Safepoint "Cleanup", Time since last: 1003778794 ns, Reaching safepoint: 17162086 ns, At safepoint: 9147 ns, Total: 17171233 ns
[2020-08-13T12:50:56.585+0000][6][gc,start     ] GC(10) Pause Young (Concurrent Start) (Metadata GC Threshold)
[2020-08-13T12:50:56.585+0000][6][gc,task      ] GC(10) Using 2 workers of 2 for evacuation
[2020-08-13T12:50:56.585+0000][6][gc,age       ] GC(10) Desired survivor size 20447232 bytes, new threshold 4 (max threshold 15)
[2020-08-13T12:50:56.926+0000][6][gc,age       ] GC(10) Age table with threshold 4 (max threshold 15)
[2020-08-13T12:50:56.926+0000][6][gc,age       ] GC(10) - age   1:   14185408 bytes,   14185408 total
[2020-08-13T12:50:56.926+0000][6][gc,age       ] GC(10) - age   2:   15274568 bytes,   29459976 total
[2020-08-13T12:50:56.926+0000][6][gc,age       ] GC(10) - age   3:     972184 bytes,   30432160 total
[2020-08-13T12:50:56.926+0000][6][gc,age       ] GC(10) - age   4:    2875992 bytes,   33308152 total
[2020-08-13T12:50:56.926+0000][6][gc,mmu       ] GC(10) MMU target violated: 201.0ms (200.0ms/201.0ms)
[2020-08-13T12:50:56.926+0000][6][gc,phases    ] GC(10)   Pre Evacuate Collection Set: 0.4ms
[2020-08-13T12:50:56.926+0000][6][gc,phases    ] GC(10)   Merge Heap Roots: 0.1ms
[2020-08-13T12:50:56.926+0000][6][gc,phases    ] GC(10)   Evacuate Collection Set: 330.3ms
[2020-08-13T12:50:56.926+0000][6][gc,phases    ] GC(10)   Post Evacuate Collection Set: 9.7ms
[2020-08-13T12:50:56.926+0000][6][gc,phases    ] GC(10)   Other: 0.4ms
[2020-08-13T12:50:56.926+0000][6][gc,heap      ] GC(10) Eden regions: 133->0(1)
[2020-08-13T12:50:56.926+0000][6][gc,heap      ] GC(10) Survivor regions: 27->32(39)
[2020-08-13T12:50:56.926+0000][6][gc,heap      ] GC(10) Old regions: 5->13
[2020-08-13T12:50:56.926+0000][6][gc,heap      ] GC(10) Archive regions: 2->2
[2020-08-13T12:50:56.926+0000][6][gc,heap      ] GC(10) Humongous regions: 1->1
[2020-08-13T12:50:56.926+0000][6][gc,metaspace ] GC(10) Metaspace: 32884K(35920K)->32884K(35920K) NonClass: 28549K(30624K)->28549K(30624K) Class: 4334K(5296K)->4334K(5296K)
[2020-08-13T12:50:56.926+0000][6][gc           ] GC(10) Pause Young (Concurrent Start) (Metadata GC Threshold) 165M->46M(512M) 340.914ms
[2020-08-13T12:50:56.926+0000][6][gc,cpu       ] GC(10) User=0.13s Sys=0.00s Real=0.35s
[2020-08-13T12:50:56.926+0000][6][safepoint    ] Safepoint "CollectForMetadataAllocation", Time since last: 474982646 ns, Reaching safepoint: 103785 ns, At safepoint: 341104316 ns, Total: 341208101 ns
[2020-08-13T12:50:56.931+0000][6][gc           ] GC(11) Concurrent Cycle
[2020-08-13T12:50:56.931+0000][6][gc,marking   ] GC(11) Concurrent Clear Claimed Marks
[2020-08-13T12:50:56.931+0000][6][gc,marking   ] GC(11) Concurrent Clear Claimed Marks 0.304ms
[2020-08-13T12:50:56.931+0000][6][gc,marking   ] GC(11) Concurrent Scan Root Regions
[2020-08-13T12:50:57.022+0000][6][gc,marking   ] GC(11) Concurrent Scan Root Regions 90.182ms
[2020-08-13T12:50:57.022+0000][6][gc,marking   ] GC(11) Concurrent Mark (27.607s)
[2020-08-13T12:50:57.022+0000][6][gc,marking   ] GC(11) Concurrent Mark From Roots
[2020-08-13T12:50:57.022+0000][6][gc,task      ] GC(11) Using 1 workers of 1 for marking
[2020-08-13T12:50:57.022+0000][6][gc,start     ] GC(12) Pause Young (Normal) (G1 Evacuation Pause)
[2020-08-13T12:50:57.022+0000][6][gc,task      ] GC(12) Using 2 workers of 2 for evacuation
[2020-08-13T12:50:57.022+0000][6][gc,age       ] GC(12) Desired survivor size 2621440 bytes, new threshold 1 (max threshold 15)
[2020-08-13T12:50:57.205+0000][6][gc,age       ] GC(12) Age table with threshold 1 (max threshold 15)
[2020-08-13T12:50:57.205+0000][6][gc,age       ] GC(12) - age   1:      35168 bytes,      35168 total
[2020-08-13T12:50:57.205+0000][6][gc,phases    ] GC(12)   Pre Evacuate Collection Set: 79.3ms
[2020-08-13T12:50:57.205+0000][6][gc,phases    ] GC(12)   Merge Heap Roots: 0.1ms
[2020-08-13T12:50:57.205+0000][6][gc,phases    ] GC(12)   Evacuate Collection Set: 173.6ms
[2020-08-13T12:50:57.205+0000][6][gc,phases    ] GC(12)   Post Evacuate Collection Set: 9.1ms
[2020-08-13T12:50:57.205+0000][6][gc,phases    ] GC(12)   Other: 0.3ms
[2020-08-13T12:50:57.205+0000][6][gc,heap      ] GC(12) Eden regions: 1->0(197)
[2020-08-13T12:50:57.205+0000][6][gc,heap      ] GC(12) Survivor regions: 32->1(5)
[2020-08-13T12:50:57.205+0000][6][gc,heap      ] GC(12) Old regions: 13->45
[2020-08-13T12:50:57.205+0000][6][gc,heap      ] GC(12) Archive regions: 2->2
[2020-08-13T12:50:57.205+0000][6][gc,heap      ] GC(12) Humongous regions: 1->1
[2020-08-13T12:50:57.205+0000][6][gc,metaspace ] GC(12) Metaspace: 33042K(36252K)->33042K(36252K) NonClass: 28693K(30828K)->28693K(30828K) Class: 4349K(5424K)->4349K(5424K)
[2020-08-13T12:50:57.205+0000][6][gc           ] GC(12) Pause Young (Normal) (G1 Evacuation Pause) 47M->47M(512M) 183.230ms
[2020-08-13T12:50:57.205+0000][6][gc,cpu       ] GC(12) User=0.07s Sys=0.00s Real=0.18s
[2020-08-13T12:50:57.205+0000][6][safepoint    ] Safepoint "G1CollectForAllocation", Time since last: 16484187 ns, Reaching safepoint: 63318 ns, At safepoint: 262542793 ns, Total: 262606111 ns
[2020-08-13T12:50:57.266+0000][6][safepoint    ] Safepoint "CollectForMetadataAllocation", Time since last: 60618606 ns, Reaching safepoint: 139562 ns, At safepoint: 165649 ns, Total: 305211 ns
[2020-08-13T12:50:57.266+0000][6][gc,marking   ] GC(11) Concurrent Mark From Roots 244.453ms
[2020-08-13T12:50:57.266+0000][6][gc,marking   ] GC(11) Concurrent Preclean
[2020-08-13T12:50:57.266+0000][6][gc,marking   ] GC(11) Concurrent Preclean 0.073ms
[2020-08-13T12:50:57.266+0000][6][gc,marking   ] GC(11) Concurrent Mark (27.607s, 27.852s) 244.560ms
[2020-08-13T12:50:57.308+0000][6][gc,start     ] GC(11) Pause Remark
[2020-08-13T12:50:57.373+0000][6][gc           ] GC(11) Pause Remark 48M->48M(512M) 64.940ms
[2020-08-13T12:50:57.373+0000][6][gc,cpu       ] GC(11) User=0.01s Sys=0.00s Real=0.06s
[2020-08-13T12:50:57.373+0000][6][safepoint    ] Safepoint "G1Concurrent", Time since last: 11826051 ns, Reaching safepoint: 29980203 ns, At safepoint: 65070497 ns, Total: 95050700 ns
[2020-08-13T12:50:57.373+0000][6][gc,marking   ] GC(11) Concurrent Rebuild Remembered Sets
[2020-08-13T12:50:57.678+0000][6][gc,marking   ] GC(11) Concurrent Rebuild Remembered Sets 304.738ms
[2020-08-13T12:50:57.690+0000][6][gc,start     ] GC(11) Pause Cleanup
[2020-08-13T12:50:57.690+0000][6][gc           ] GC(11) Pause Cleanup 52M->52M(512M) 0.223ms
[2020-08-13T12:50:57.690+0000][6][gc,cpu       ] GC(11) User=0.00s Sys=0.00s Real=0.00s
[2020-08-13T12:50:57.690+0000][6][safepoint    ] Safepoint "G1Concurrent", Time since last: 315749470 ns, Reaching safepoint: 1063019 ns, At safepoint: 262842 ns, Total: 1325861 ns
[2020-08-13T12:50:57.694+0000][6][gc,marking   ] GC(11) Concurrent Cleanup for Next Mark
[2020-08-13T12:50:57.695+0000][6][gc,marking   ] GC(11) Concurrent Cleanup for Next Mark 1.175ms
[2020-08-13T12:50:57.695+0000][6][gc           ] GC(11) Concurrent Cycle 763.700ms
[2020-08-13T12:50:58.696+0000][6][safepoint    ] Safepoint "Cleanup", Time since last: 1005680322 ns, Reaching safepoint: 262151 ns, At safepoint: 3266 ns, Total: 265417 ns
[2020-08-13T12:50:59.703+0000][6][safepoint    ] Safepoint "Cleanup", Time since last: 1006695141 ns, Reaching safepoint: 233246 ns, At safepoint: 2796 ns, Total: 236042 ns
[2020-08-13T12:51:01.025+0000][6][safepoint    ] Safepoint "Cleanup", Time since last: 1311792377 ns, Reaching safepoint: 10092105 ns, At safepoint: 6152 ns, Total: 10098257 ns
[2020-08-13T12:51:02.304+0000][6][gc,start     ] GC(13) Pause Young (Concurrent Start) (G1 Evacuation Pause)
[2020-08-13T12:51:02.305+0000][6][gc,task      ] GC(13) Using 2 workers of 2 for evacuation
[2020-08-13T12:51:02.305+0000][6][gc,age       ] GC(13) Desired survivor size 13631488 bytes, new threshold 15 (max threshold 15)
[2020-08-13T12:51:02.368+0000][6][gc,age       ] GC(13) Age table with threshold 15 (max threshold 15)
[2020-08-13T12:51:02.368+0000][6][gc,age       ] GC(13) - age   1:    4638592 bytes,    4638592 total
[2020-08-13T12:51:02.368+0000][6][gc,age       ] GC(13) - age   2:      19760 bytes,    4658352 total
[2020-08-13T12:51:02.368+0000][6][gc,phases    ] GC(13)   Pre Evacuate Collection Set: 0.6ms
[2020-08-13T12:51:02.368+0000][6][gc,phases    ] GC(13)   Merge Heap Roots: 0.2ms
[2020-08-13T12:51:02.368+0000][6][gc,phases    ] GC(13)   Evacuate Collection Set: 56.2ms
[2020-08-13T12:51:02.368+0000][6][gc,phases    ] GC(13)   Post Evacuate Collection Set: 6.6ms
[2020-08-13T12:51:02.368+0000][6][gc,phases    ] GC(13)   Other: 0.3ms
[2020-08-13T12:51:02.368+0000][6][gc,heap      ] GC(13) Eden regions: 202->0(172)
[2020-08-13T12:51:02.368+0000][6][gc,heap      ] GC(13) Survivor regions: 1->5(26)
[2020-08-13T12:51:02.368+0000][6][gc,heap      ] GC(13) Old regions: 45->45
[2020-08-13T12:51:02.368+0000][6][gc,heap      ] GC(13) Archive regions: 2->2
[2020-08-13T12:51:02.368+0000][6][gc,heap      ] GC(13) Humongous regions: 1->1
[2020-08-13T12:51:02.368+0000][6][gc,metaspace ] GC(13) Metaspace: 46377K(51100K)->46377K(51100K) NonClass: 40038K(43116K)->40038K(43116K) Class: 6339K(7984K)->6339K(7984K)
[2020-08-13T12:51:02.368+0000][6][gc           ] GC(13) Pause Young (Concurrent Start) (G1 Evacuation Pause) 249M->51M(512M) 64.016ms
[2020-08-13T12:51:02.369+0000][6][gc,cpu       ] GC(13) User=0.04s Sys=0.00s Real=0.07s
[2020-08-13T12:51:02.369+0000][6][safepoint    ] Safepoint "G1CollectForAllocation", Time since last: 1279508683 ns, Reaching safepoint: 161343 ns, At safepoint: 64110441 ns, Total: 64271784 ns
[2020-08-13T12:51:02.369+0000][6][gc           ] GC(14) Concurrent Cycle
[2020-08-13T12:51:02.369+0000][6][gc,marking   ] GC(14) Concurrent Clear Claimed Marks
[2020-08-13T12:51:02.369+0000][6][gc,marking   ] GC(14) Concurrent Clear Claimed Marks 0.574ms
[2020-08-13T12:51:02.369+0000][6][gc,marking   ] GC(14) Concurrent Scan Root Regions
[2020-08-13T12:51:02.400+0000][6][gc,marking   ] GC(14) Concurrent Scan Root Regions 30.476ms
[2020-08-13T12:51:02.400+0000][6][gc,marking   ] GC(14) Concurrent Mark (32.985s)
[2020-08-13T12:51:02.400+0000][6][gc,marking   ] GC(14) Concurrent Mark From Roots
[2020-08-13T12:51:02.400+0000][6][gc,task      ] GC(14) Using 1 workers of 1 for marking
[2020-08-13T12:51:02.777+0000][6][gc,marking   ] GC(14) Concurrent Mark From Roots 377.509ms
[2020-08-13T12:51:02.777+0000][6][gc,marking   ] GC(14) Concurrent Preclean
[2020-08-13T12:51:02.778+0000][6][gc,marking   ] GC(14) Concurrent Preclean 0.195ms
[2020-08-13T12:51:02.778+0000][6][gc,marking   ] GC(14) Concurrent Mark (32.985s, 33.363s) 377.812ms
[2020-08-13T12:51:02.778+0000][6][gc,start     ] GC(14) Pause Remark
[2020-08-13T12:51:02.800+0000][6][gc           ] GC(14) Pause Remark 59M->59M(512M) 22.147ms
[2020-08-13T12:51:02.800+0000][6][gc,cpu       ] GC(14) User=0.01s Sys=0.00s Real=0.02s
[2020-08-13T12:51:02.800+0000][6][safepoint    ] Safepoint "G1Concurrent", Time since last: 409017253 ns, Reaching safepoint: 252473 ns, At safepoint: 22261278 ns, Total: 22513751 ns
[2020-08-13T12:51:02.800+0000][6][gc,marking   ] GC(14) Concurrent Rebuild Remembered Sets
[2020-08-13T12:51:03.093+0000][6][gc,marking   ] GC(14) Concurrent Rebuild Remembered Sets 293.040ms
[2020-08-13T12:51:03.095+0000][6][gc,start     ] GC(14) Pause Cleanup
[2020-08-13T12:51:03.095+0000][6][gc           ] GC(14) Pause Cleanup 64M->64M(512M) 0.195ms
[2020-08-13T12:51:03.095+0000][6][gc,cpu       ] GC(14) User=0.00s Sys=0.00s Real=0.00s
[2020-08-13T12:51:03.095+0000][6][safepoint    ] Safepoint "G1Concurrent", Time since last: 293161289 ns, Reaching safepoint: 1495328 ns, At safepoint: 234899 ns, Total: 1730227 ns
[2020-08-13T12:51:03.095+0000][6][gc,marking   ] GC(14) Concurrent Cleanup for Next Mark
[2020-08-13T12:51:03.096+0000][6][gc,marking   ] GC(14) Concurrent Cleanup for Next Mark 1.242ms
[2020-08-13T12:51:03.096+0000][6][gc           ] GC(14) Concurrent Cycle 727.687ms
[2020-08-13T12:51:04.476+0000][6][safepoint    ] Safepoint "Cleanup", Time since last: 1379482077 ns, Reaching safepoint: 1125045 ns, At safepoint: 2976 ns, Total: 1128021 ns
[2020-08-13T12:51:04.844+0000][6][safepoint    ] Safepoint "BulkRevokeBias", Time since last: 368126834 ns, Reaching safepoint: 139962 ns, At safepoint: 149720 ns, Total: 289682 ns
[2020-08-13T12:51:06.348+0000][6][safepoint    ] Safepoint "BulkRevokeBias", Time since last: 1499437862 ns, Reaching safepoint: 4398391 ns, At safepoint: 158236 ns, Total: 4556627 ns
[2020-08-13T12:51:07.059+0000][6][gc,start     ] GC(15) Pause Young (Normal) (G1 Evacuation Pause)
[2020-08-13T12:51:07.059+0000][6][gc,task      ] GC(15) Using 2 workers of 2 for evacuation
[2020-08-13T12:51:07.059+0000][6][gc,age       ] GC(15) Desired survivor size 12582912 bytes, new threshold 15 (max threshold 15)
[2020-08-13T12:51:07.161+0000][6][gc,age       ] GC(15) Age table with threshold 15 (max threshold 15)
[2020-08-13T12:51:07.161+0000][6][gc,age       ] GC(15) - age   1:    5694336 bytes,    5694336 total
[2020-08-13T12:51:07.161+0000][6][gc,age       ] GC(15) - age   2:    4446240 bytes,   10140576 total
[2020-08-13T12:51:07.161+0000][6][gc,age       ] GC(15) - age   3:      19520 bytes,   10160096 total
[2020-08-13T12:51:07.161+0000][6][gc,phases    ] GC(15)   Pre Evacuate Collection Set: 15.9ms
[2020-08-13T12:51:07.161+0000][6][gc,phases    ] GC(15)   Merge Heap Roots: 0.3ms
[2020-08-13T12:51:07.161+0000][6][gc,phases    ] GC(15)   Evacuate Collection Set: 69.9ms
[2020-08-13T12:51:07.161+0000][6][gc,phases    ] GC(15)   Post Evacuate Collection Set: 15.9ms
[2020-08-13T12:51:07.161+0000][6][gc,phases    ] GC(15)   Other: 0.3ms
[2020-08-13T12:51:07.161+0000][6][gc,heap      ] GC(15) Eden regions: 184->0(168)
[2020-08-13T12:51:07.161+0000][6][gc,heap      ] GC(15) Survivor regions: 5->11(24)
[2020-08-13T12:51:07.161+0000][6][gc,heap      ] GC(15) Old regions: 45->45
[2020-08-13T12:51:07.161+0000][6][gc,heap      ] GC(15) Archive regions: 2->2
[2020-08-13T12:51:07.161+0000][6][gc,heap      ] GC(15) Humongous regions: 1->1
[2020-08-13T12:51:07.161+0000][6][gc,metaspace ] GC(15) Metaspace: 61891K(67228K)->61891K(67228K) NonClass: 53342K(56428K)->53342K(56428K) Class: 8549K(10800K)->8549K(10800K)
[2020-08-13T12:51:07.161+0000][6][gc           ] GC(15) Pause Young (Normal) (G1 Evacuation Pause) 235M->56M(512M) 102.382ms
[2020-08-13T12:51:07.161+0000][6][gc,cpu       ] GC(15) User=0.04s Sys=0.00s Real=0.10s
[2020-08-13T12:51:07.161+0000][6][safepoint    ] Safepoint "G1CollectForAllocation", Time since last: 704955890 ns, Reaching safepoint: 5682904 ns, At safepoint: 102502556 ns, Total: 108185460 ns
[2020-08-13T12:51:07.179+0000][6][safepoint    ] Safepoint "BulkRevokeBias", Time since last: 6969642 ns, Reaching safepoint: 11031655 ns, At safepoint: 129692 ns, Total: 11161347 ns
[2020-08-13T12:51:08.699+0000][6][safepoint    ] Safepoint "Cleanup", Time since last: 1515382339 ns, Reaching safepoint: 4437695 ns, At safepoint: 5500 ns, Total: 4443195 ns
[2020-08-13T12:51:09.897+0000][6][safepoint    ] Safepoint "Cleanup", Time since last: 1193574072 ns, Reaching safepoint: 4151930 ns, At safepoint: 5620 ns, Total: 4157550 ns
[2020-08-13T12:51:10.918+0000][6][safepoint    ] Safepoint "Cleanup", Time since last: 1020847445 ns, Reaching safepoint: 355926 ns, At safepoint: 2886 ns, Total: 358812 ns
[2020-08-13T12:51:10.957+0000][6][safepoint    ] Safepoint "BulkRevokeBias", Time since last: 38815196 ns, Reaching safepoint: 94376 ns, At safepoint: 194835 ns, Total: 289211 ns
[2020-08-13T12:51:11.964+0000][6][safepoint    ] Safepoint "Cleanup", Time since last: 1005499133 ns, Reaching safepoint: 1804687 ns, At safepoint: 3587 ns, Total: 1808274 ns
[2020-08-13T12:51:13.131+0000][6][safepoint    ] Safepoint "Cleanup", Time since last: 1166183906 ns, Reaching safepoint: 147475 ns, At safepoint: 2866 ns, Total: 150341 ns
[2020-08-13T12:51:13.532+0000][6][safepoint    ] Safepoint "BulkRevokeBias", Time since last: 400632313 ns, Reaching safepoint: 96631 ns, At safepoint: 296514 ns, Total: 393145 ns
[2020-08-13T12:51:14.419+0000][6][safepoint    ] Safepoint "BulkRevokeBias", Time since last: 880873444 ns, Reaching safepoint: 6297775 ns, At safepoint: 279704 ns, Total: 6577479 ns
[2020-08-13T12:51:14.803+0000][6][safepoint    ] Safepoint "BulkRevokeBias", Time since last: 383194240 ns, Reaching safepoint: 101530 ns, At safepoint: 252793 ns, Total: 354323 ns
[2020-08-13T12:51:16.380+0000][6][safepoint    ] Safepoint "Cleanup", Time since last: 1576934634 ns, Reaching safepoint: 180688 ns, At safepoint: 3216 ns, Total: 183904 ns
[2020-08-13T12:51:16.391+0000][6][safepoint    ] Safepoint "BulkRevokeBias", Time since last: 10647375 ns, Reaching safepoint: 155451 ns, At safepoint: 325188 ns, Total: 480639 ns
[2020-08-13T12:51:17.397+0000][6][safepoint    ] Safepoint "Cleanup", Time since last: 1005365485 ns, Reaching safepoint: 106440 ns, At safepoint: 3256 ns, Total: 109696 ns
[2020-08-13T12:51:18.398+0000][6][safepoint    ] Safepoint "Cleanup", Time since last: 1001692280 ns, Reaching safepoint: 143548 ns, At safepoint: 2945 ns, Total: 146493 ns
[2020-08-13T12:51:19.768+0000][6][safepoint    ] Safepoint "Cleanup", Time since last: 1368953514 ns, Reaching safepoint: 193853 ns, At safepoint: 3026 ns, Total: 196879 ns
[2020-08-13T12:51:19.801+0000][6][safepoint    ] Safepoint "BulkRevokeBias", Time since last: 33258448 ns, Reaching safepoint: 216074 ns, At safepoint: 79850 ns, Total: 295924 ns
[2020-08-13T12:51:19.815+0000][6][safepoint    ] Safepoint "BulkRevokeBias", Time since last: 13212576 ns, Reaching safepoint: 139581 ns, At safepoint: 123872 ns, Total: 263453 ns
[2020-08-13T12:51:19.824+0000][6][gc,heap,exit ] Heap
[2020-08-13T12:51:19.824+0000][6][gc,heap,exit ]  garbage-first heap   total 524288K, used 202683K [0x00000000e0000000, 0x0000000100000000)
[2020-08-13T12:51:19.824+0000][6][gc,heap,exit ]   region size 1024K, 154 young (157696K), 11 survivors (11264K)
[2020-08-13T12:51:19.824+0000][6][gc,heap,exit ]  Metaspace       used 75986K, capacity 82109K, committed 82204K, reserved 1118208K
[2020-08-13T12:51:19.824+0000][6][gc,heap,exit ]   class space    used 10396K, capacity 12926K, committed 12976K, reserved 1048576K
