[2020-08-13T14:11:36.968+0000][6][gc,heap] Heap region size: 1M
[2020-08-13T14:11:36.968+0000][6][gc,heap,coops] Heap address: 0x00000000e0000000, size: 512 MB, Compressed Oops mode: 32-bit
[2020-08-13T14:11:37.342+0000][6][gc           ] Using G1
[2020-08-13T14:11:37.343+0000][6][gc,cds       ] Mark closed archive regions in map: [0x00000000fff00000, 0x00000000fff7eff8]
[2020-08-13T14:11:37.343+0000][6][gc,cds       ] Mark open archive regions in map: [0x00000000ffe00000, 0x00000000ffe51ff8]
[2020-08-13T14:11:37.395+0000][6][gc           ] Periodic GC disabled
[2020-08-13T14:11:38.989+0000][6][safepoint    ] Safepoint "Cleanup", Time since last: 1611191149 ns, Reaching safepoint: 1580418 ns, At safepoint: 4609 ns, Total: 1585027 ns
[2020-08-13T14:11:39.274+0000][6][gc,start     ] GC(0) Pause Young (Normal) (G1 Evacuation Pause)
[2020-08-13T14:11:39.274+0000][6][gc,task      ] GC(0) Using 2 workers of 2 for evacuation
[2020-08-13T14:11:39.274+0000][6][gc,age       ] GC(0) Desired survivor size 2097152 bytes, new threshold 15 (max threshold 15)
[2020-08-13T14:11:39.316+0000][6][gc,age       ] GC(0) Age table with threshold 15 (max threshold 15)
[2020-08-13T14:11:39.316+0000][6][gc,age       ] GC(0) - age   1:    2819776 bytes,    2819776 total
[2020-08-13T14:11:39.316+0000][6][gc,phases    ] GC(0)   Pre Evacuate Collection Set: 0.1ms
[2020-08-13T14:11:39.316+0000][6][gc,phases    ] GC(0)   Merge Heap Roots: 0.0ms
[2020-08-13T14:11:39.316+0000][6][gc,phases    ] GC(0)   Evacuate Collection Set: 41.1ms
[2020-08-13T14:11:39.316+0000][6][gc,phases    ] GC(0)   Post Evacuate Collection Set: 0.7ms
[2020-08-13T14:11:39.316+0000][6][gc,phases    ] GC(0)   Other: 0.3ms
[2020-08-13T14:11:39.316+0000][6][gc,heap      ] GC(0) Eden regions: 25->0(22)
[2020-08-13T14:11:39.316+0000][6][gc,heap      ] GC(0) Survivor regions: 0->3(4)
[2020-08-13T14:11:39.316+0000][6][gc,heap      ] GC(0) Old regions: 0->0
[2020-08-13T14:11:39.316+0000][6][gc,heap      ] GC(0) Archive regions: 2->2
[2020-08-13T14:11:39.316+0000][6][gc,heap      ] GC(0) Humongous regions: 1->1
[2020-08-13T14:11:39.316+0000][6][gc,metaspace ] GC(0) Metaspace: 6315K(8704K)->6315K(8704K) NonClass: 5596K(7680K)->5596K(7680K) Class: 718K(1024K)->718K(1024K)
[2020-08-13T14:11:39.316+0000][6][gc           ] GC(0) Pause Young (Normal) (G1 Evacuation Pause) 26M->4M(512M) 42.437ms
[2020-08-13T14:11:39.316+0000][6][gc,cpu       ] GC(0) User=0.01s Sys=0.00s Real=0.05s
[2020-08-13T14:11:39.316+0000][6][safepoint    ] Safepoint "G1CollectForAllocation", Time since last: 276018317 ns, Reaching safepoint: 9173169 ns, At safepoint: 42509845 ns, Total: 51683014 ns
[2020-08-13T14:11:40.433+0000][6][safepoint    ] Safepoint "Cleanup", Time since last: 1112820781 ns, Reaching safepoint: 3634863 ns, At safepoint: 4088 ns, Total: 3638951 ns
[2020-08-13T14:11:42.139+0000][6][safepoint    ] Safepoint "Cleanup", Time since last: 1702943750 ns, Reaching safepoint: 3019101 ns, At safepoint: 5289 ns, Total: 3024390 ns
[2020-08-13T14:11:42.733+0000][6][gc,start     ] GC(1) Pause Young (Normal) (G1 Evacuation Pause)
[2020-08-13T14:11:42.733+0000][6][gc,task      ] GC(1) Using 2 workers of 2 for evacuation
[2020-08-13T14:11:42.733+0000][6][gc,age       ] GC(1) Desired survivor size 2097152 bytes, new threshold 1 (max threshold 15)
[2020-08-13T14:11:42.772+0000][6][gc,age       ] GC(1) Age table with threshold 1 (max threshold 15)
[2020-08-13T14:11:42.772+0000][6][gc,age       ] GC(1) - age   1:    1814216 bytes,    1814216 total
[2020-08-13T14:11:42.772+0000][6][gc,phases    ] GC(1)   Pre Evacuate Collection Set: 0.1ms
[2020-08-13T14:11:42.772+0000][6][gc,phases    ] GC(1)   Merge Heap Roots: 0.0ms
[2020-08-13T14:11:42.772+0000][6][gc,phases    ] GC(1)   Evacuate Collection Set: 38.0ms
[2020-08-13T14:11:42.772+0000][6][gc,phases    ] GC(1)   Post Evacuate Collection Set: 0.9ms
[2020-08-13T14:11:42.772+0000][6][gc,phases    ] GC(1)   Other: 0.3ms
[2020-08-13T14:11:42.772+0000][6][gc,heap      ] GC(1) Eden regions: 22->0(25)
[2020-08-13T14:11:42.772+0000][6][gc,heap      ] GC(1) Survivor regions: 3->2(4)
[2020-08-13T14:11:42.772+0000][6][gc,heap      ] GC(1) Old regions: 0->3
[2020-08-13T14:11:42.772+0000][6][gc,heap      ] GC(1) Archive regions: 2->2
[2020-08-13T14:11:42.772+0000][6][gc,heap      ] GC(1) Humongous regions: 1->1
[2020-08-13T14:11:42.772+0000][6][gc,metaspace ] GC(1) Metaspace: 11442K(12160K)->11442K(12160K) NonClass: 10014K(10496K)->10014K(10496K) Class: 1428K(1664K)->1428K(1664K)
[2020-08-13T14:11:42.772+0000][6][gc           ] GC(1) Pause Young (Normal) (G1 Evacuation Pause) 26M->6M(512M) 39.386ms
[2020-08-13T14:11:42.772+0000][6][gc,cpu       ] GC(1) User=0.02s Sys=0.00s Real=0.04s
[2020-08-13T14:11:42.772+0000][6][safepoint    ] Safepoint "G1CollectForAllocation", Time since last: 587717558 ns, Reaching safepoint: 6182091 ns, At safepoint: 39462110 ns, Total: 45644201 ns
[2020-08-13T14:11:44.224+0000][6][gc,start     ] GC(2) Pause Young (Normal) (G1 Evacuation Pause)
[2020-08-13T14:11:44.224+0000][6][gc,task      ] GC(2) Using 2 workers of 2 for evacuation
[2020-08-13T14:11:44.224+0000][6][gc,age       ] GC(2) Desired survivor size 2097152 bytes, new threshold 15 (max threshold 15)
[2020-08-13T14:11:44.267+0000][6][gc,age       ] GC(2) Age table with threshold 15 (max threshold 15)
[2020-08-13T14:11:44.267+0000][6][gc,age       ] GC(2) - age   1:    1436784 bytes,    1436784 total
[2020-08-13T14:11:44.267+0000][6][gc,age       ] GC(2) - age   2:    1723544 bytes,    3160328 total
[2020-08-13T14:11:44.267+0000][6][gc,phases    ] GC(2)   Pre Evacuate Collection Set: 0.1ms
[2020-08-13T14:11:44.267+0000][6][gc,phases    ] GC(2)   Merge Heap Roots: 0.0ms
[2020-08-13T14:11:44.267+0000][6][gc,phases    ] GC(2)   Evacuate Collection Set: 34.3ms
[2020-08-13T14:11:44.267+0000][6][gc,phases    ] GC(2)   Post Evacuate Collection Set: 8.6ms
[2020-08-13T14:11:44.267+0000][6][gc,phases    ] GC(2)   Other: 0.3ms
[2020-08-13T14:11:44.267+0000][6][gc,heap      ] GC(2) Eden regions: 25->0(36)
[2020-08-13T14:11:44.267+0000][6][gc,heap      ] GC(2) Survivor regions: 2->4(4)
[2020-08-13T14:11:44.267+0000][6][gc,heap      ] GC(2) Old regions: 3->3
[2020-08-13T14:11:44.267+0000][6][gc,heap      ] GC(2) Archive regions: 2->2
[2020-08-13T14:11:44.267+0000][6][gc,heap      ] GC(2) Humongous regions: 1->1
[2020-08-13T14:11:44.267+0000][6][gc,metaspace ] GC(2) Metaspace: 13806K(14720K)->13806K(14720K) NonClass: 12123K(12800K)->12123K(12800K) Class: 1682K(1920K)->1682K(1920K)
[2020-08-13T14:11:44.267+0000][6][gc           ] GC(2) Pause Young (Normal) (G1 Evacuation Pause) 31M->7M(512M) 43.374ms
[2020-08-13T14:11:44.268+0000][6][gc,cpu       ] GC(2) User=0.03s Sys=0.00s Real=0.05s
[2020-08-13T14:11:44.268+0000][6][safepoint    ] Safepoint "G1CollectForAllocation", Time since last: 1451712457 ns, Reaching safepoint: 228517 ns, At safepoint: 43456167 ns, Total: 43684684 ns
[2020-08-13T14:11:44.295+0000][6][safepoint    ] Safepoint "BulkRevokeBias", Time since last: 18185957 ns, Reaching safepoint: 9059216 ns, At safepoint: 104927 ns, Total: 9164143 ns
[2020-08-13T14:11:45.464+0000][6][gc,start     ] GC(3) Pause Young (Normal) (G1 Evacuation Pause)
[2020-08-13T14:11:45.464+0000][6][gc,task      ] GC(3) Using 2 workers of 2 for evacuation
[2020-08-13T14:11:45.464+0000][6][gc,age       ] GC(3) Desired survivor size 2621440 bytes, new threshold 2 (max threshold 15)
[2020-08-13T14:11:45.492+0000][6][gc,age       ] GC(3) Age table with threshold 2 (max threshold 15)
[2020-08-13T14:11:45.492+0000][6][gc,age       ] GC(3) - age   1:    1834760 bytes,    1834760 total
[2020-08-13T14:11:45.492+0000][6][gc,age       ] GC(3) - age   2:    1390256 bytes,    3225016 total
[2020-08-13T14:11:45.492+0000][6][gc,phases    ] GC(3)   Pre Evacuate Collection Set: 0.1ms
[2020-08-13T14:11:45.492+0000][6][gc,phases    ] GC(3)   Merge Heap Roots: 0.0ms
[2020-08-13T14:11:45.492+0000][6][gc,phases    ] GC(3)   Evacuate Collection Set: 26.6ms
[2020-08-13T14:11:45.492+0000][6][gc,phases    ] GC(3)   Post Evacuate Collection Set: 0.9ms
[2020-08-13T14:11:45.492+0000][6][gc,phases    ] GC(3)   Other: 0.3ms
[2020-08-13T14:11:45.492+0000][6][gc,heap      ] GC(3) Eden regions: 36->0(53)
[2020-08-13T14:11:45.492+0000][6][gc,heap      ] GC(3) Survivor regions: 4->4(5)
[2020-08-13T14:11:45.492+0000][6][gc,heap      ] GC(3) Old regions: 3->5
[2020-08-13T14:11:45.492+0000][6][gc,heap      ] GC(3) Archive regions: 2->2
[2020-08-13T14:11:45.492+0000][6][gc,heap      ] GC(3) Humongous regions: 2->1
[2020-08-13T14:11:45.492+0000][6][gc,metaspace ] GC(3) Metaspace: 15354K(16256K)->15354K(16256K) NonClass: 13455K(14080K)->13455K(14080K) Class: 1898K(2176K)->1898K(2176K)
[2020-08-13T14:11:45.492+0000][6][gc           ] GC(3) Pause Young (Normal) (G1 Evacuation Pause) 44M->9M(512M) 28.039ms
[2020-08-13T14:11:45.492+0000][6][gc,cpu       ] GC(3) User=0.01s Sys=0.00s Real=0.03s
[2020-08-13T14:11:45.492+0000][6][safepoint    ] Safepoint "G1CollectForAllocation", Time since last: 1168772223 ns, Reaching safepoint: 175429 ns, At safepoint: 28109462 ns, Total: 28284891 ns
[2020-08-13T14:11:45.498+0000][6][safepoint    ] Safepoint "BulkRevokeBias", Time since last: 5642180 ns, Reaching safepoint: 59441 ns, At safepoint: 77085 ns, Total: 136526 ns
[2020-08-13T14:11:45.498+0000][6][safepoint    ] Safepoint "BulkRevokeBias", Time since last: 60083 ns, Reaching safepoint: 20728 ns, At safepoint: 76082 ns, Total: 96810 ns
[2020-08-13T14:11:46.390+0000][6][gc,start     ] GC(4) Pause Young (Normal) (G1 Evacuation Pause)
[2020-08-13T14:11:46.390+0000][6][gc,task      ] GC(4) Using 2 workers of 2 for evacuation
[2020-08-13T14:11:46.390+0000][6][gc,age       ] GC(4) Desired survivor size 4194304 bytes, new threshold 15 (max threshold 15)
[2020-08-13T14:11:46.463+0000][6][gc,age       ] GC(4) Age table with threshold 15 (max threshold 15)
[2020-08-13T14:11:46.463+0000][6][gc,age       ] GC(4) - age   1:    2060672 bytes,    2060672 total
[2020-08-13T14:11:46.463+0000][6][gc,age       ] GC(4) - age   2:    1806752 bytes,    3867424 total
[2020-08-13T14:11:46.463+0000][6][gc,age       ] GC(4) - age   3:    1390064 bytes,    5257488 total
[2020-08-13T14:11:46.463+0000][6][gc,phases    ] GC(4)   Pre Evacuate Collection Set: 0.1ms
[2020-08-13T14:11:46.463+0000][6][gc,phases    ] GC(4)   Merge Heap Roots: 0.1ms
[2020-08-13T14:11:46.463+0000][6][gc,phases    ] GC(4)   Evacuate Collection Set: 51.4ms
[2020-08-13T14:11:46.463+0000][6][gc,phases    ] GC(4)   Post Evacuate Collection Set: 20.8ms
[2020-08-13T14:11:46.463+0000][6][gc,phases    ] GC(4)   Other: 0.3ms
[2020-08-13T14:11:46.463+0000][6][gc,heap      ] GC(4) Eden regions: 53->0(210)
[2020-08-13T14:11:46.463+0000][6][gc,heap      ] GC(4) Survivor regions: 4->6(8)
[2020-08-13T14:11:46.463+0000][6][gc,heap      ] GC(4) Old regions: 5->5
[2020-08-13T14:11:46.463+0000][6][gc,heap      ] GC(4) Archive regions: 2->2
[2020-08-13T14:11:46.463+0000][6][gc,heap      ] GC(4) Humongous regions: 1->1
[2020-08-13T14:11:46.463+0000][6][gc,metaspace ] GC(4) Metaspace: 17008K(17792K)->17008K(17792K) NonClass: 14897K(15360K)->14897K(15360K) Class: 2111K(2432K)->2111K(2432K)
[2020-08-13T14:11:46.463+0000][6][gc           ] GC(4) Pause Young (Normal) (G1 Evacuation Pause) 62M->11M(512M) 72.717ms
[2020-08-13T14:11:46.463+0000][6][gc,cpu       ] GC(4) User=0.02s Sys=0.00s Real=0.07s
[2020-08-13T14:11:46.463+0000][6][safepoint    ] Safepoint "G1CollectForAllocation", Time since last: 892102097 ns, Reaching safepoint: 196368 ns, At safepoint: 72797844 ns, Total: 72994212 ns
[2020-08-13T14:11:47.489+0000][6][safepoint    ] Safepoint "Cleanup", Time since last: 1010678543 ns, Reaching safepoint: 15155306 ns, At safepoint: 8827 ns, Total: 15164133 ns
[2020-08-13T14:11:48.126+0000][6][gc,start     ] GC(5) Pause Young (Normal) (G1 Evacuation Pause)
[2020-08-13T14:11:48.126+0000][6][gc,task      ] GC(5) Using 2 workers of 2 for evacuation
[2020-08-13T14:11:48.126+0000][6][gc,age       ] GC(5) Desired survivor size 14155776 bytes, new threshold 15 (max threshold 15)
[2020-08-13T14:11:48.145+0000][6][gc,age       ] GC(5) Age table with threshold 15 (max threshold 15)
[2020-08-13T14:11:48.145+0000][6][gc,age       ] GC(5) - age   1:    1977608 bytes,    1977608 total
[2020-08-13T14:11:48.145+0000][6][gc,age       ] GC(5) - age   2:    1383304 bytes,    3360912 total
[2020-08-13T14:11:48.145+0000][6][gc,age       ] GC(5) - age   3:    1806728 bytes,    5167640 total
[2020-08-13T14:11:48.145+0000][6][gc,age       ] GC(5) - age   4:    1390064 bytes,    6557704 total
[2020-08-13T14:11:48.145+0000][6][gc,phases    ] GC(5)   Pre Evacuate Collection Set: 0.1ms
[2020-08-13T14:11:48.145+0000][6][gc,phases    ] GC(5)   Merge Heap Roots: 0.1ms
[2020-08-13T14:11:48.145+0000][6][gc,phases    ] GC(5)   Evacuate Collection Set: 9.1ms
[2020-08-13T14:11:48.145+0000][6][gc,phases    ] GC(5)   Post Evacuate Collection Set: 9.1ms
[2020-08-13T14:11:48.145+0000][6][gc,phases    ] GC(5)   Other: 0.3ms
[2020-08-13T14:11:48.145+0000][6][gc,heap      ] GC(5) Eden regions: 210->0(300)
[2020-08-13T14:11:48.145+0000][6][gc,heap      ] GC(5) Survivor regions: 6->7(27)
[2020-08-13T14:11:48.145+0000][6][gc,heap      ] GC(5) Old regions: 5->5
[2020-08-13T14:11:48.145+0000][6][gc,heap      ] GC(5) Archive regions: 2->2
[2020-08-13T14:11:48.145+0000][6][gc,heap      ] GC(5) Humongous regions: 1->1
[2020-08-13T14:11:48.145+0000][6][gc,metaspace ] GC(5) Metaspace: 17620K(18688K)->17620K(18688K) NonClass: 15435K(16128K)->15435K(16128K) Class: 2184K(2560K)->2184K(2560K)
[2020-08-13T14:11:48.145+0000][6][gc           ] GC(5) Pause Young (Normal) (G1 Evacuation Pause) 221M->12M(512M) 18.821ms
[2020-08-13T14:11:48.145+0000][6][gc,cpu       ] GC(5) User=0.02s Sys=0.00s Real=0.01s
[2020-08-13T14:11:48.145+0000][6][safepoint    ] Safepoint "G1CollectForAllocation", Time since last: 637162653 ns, Reaching safepoint: 113953 ns, At safepoint: 18894574 ns, Total: 19008527 ns
[2020-08-13T14:11:48.162+0000][6][safepoint    ] Safepoint "BulkRevokeBias", Time since last: 4270954 ns, Reaching safepoint: 12471262 ns, At safepoint: 116278 ns, Total: 12587540 ns
[2020-08-13T14:11:48.175+0000][6][safepoint    ] Safepoint "BulkRevokeBias", Time since last: 13428433 ns, Reaching safepoint: 57769 ns, At safepoint: 62657 ns, Total: 120426 ns
[2020-08-13T14:11:48.176+0000][6][safepoint    ] Safepoint "BulkRevokeBias", Time since last: 70572 ns, Reaching safepoint: 17714 ns, At safepoint: 65191 ns, Total: 82905 ns
[2020-08-13T14:11:49.298+0000][6][safepoint    ] Safepoint "Cleanup", Time since last: 1109096521 ns, Reaching safepoint: 13110217 ns, At safepoint: 11762 ns, Total: 13121979 ns
[2020-08-13T14:11:50.099+0000][6][gc,start     ] GC(6) Pause Young (Normal) (G1 Evacuation Pause)
[2020-08-13T14:11:50.099+0000][6][gc,task      ] GC(6) Using 2 workers of 2 for evacuation
[2020-08-13T14:11:50.099+0000][6][gc,age       ] GC(6) Desired survivor size 20447232 bytes, new threshold 15 (max threshold 15)
[2020-08-13T14:11:50.149+0000][6][gc,age       ] GC(6) Age table with threshold 15 (max threshold 15)
[2020-08-13T14:11:50.149+0000][6][gc,age       ] GC(6) - age   1:    3678616 bytes,    3678616 total
[2020-08-13T14:11:50.149+0000][6][gc,age       ] GC(6) - age   2:    1891640 bytes,    5570256 total
[2020-08-13T14:11:50.149+0000][6][gc,age       ] GC(6) - age   3:    1378840 bytes,    6949096 total
[2020-08-13T14:11:50.149+0000][6][gc,age       ] GC(6) - age   4:    1806408 bytes,    8755504 total
[2020-08-13T14:11:50.149+0000][6][gc,age       ] GC(6) - age   5:    1389856 bytes,   10145360 total
[2020-08-13T14:11:50.149+0000][6][gc,phases    ] GC(6)   Pre Evacuate Collection Set: 0.1ms
[2020-08-13T14:11:50.149+0000][6][gc,phases    ] GC(6)   Merge Heap Roots: 0.1ms
[2020-08-13T14:11:50.149+0000][6][gc,phases    ] GC(6)   Evacuate Collection Set: 42.9ms
[2020-08-13T14:11:50.149+0000][6][gc,phases    ] GC(6)   Post Evacuate Collection Set: 6.5ms
[2020-08-13T14:11:50.149+0000][6][gc,phases    ] GC(6)   Other: 0.3ms
[2020-08-13T14:11:50.149+0000][6][gc,heap      ] GC(6) Eden regions: 300->0(296)
[2020-08-13T14:11:50.149+0000][6][gc,heap      ] GC(6) Survivor regions: 7->11(39)
[2020-08-13T14:11:50.149+0000][6][gc,heap      ] GC(6) Old regions: 5->5
[2020-08-13T14:11:50.149+0000][6][gc,heap      ] GC(6) Archive regions: 2->2
[2020-08-13T14:11:50.149+0000][6][gc,heap      ] GC(6) Humongous regions: 1->1
[2020-08-13T14:11:50.149+0000][6][gc,metaspace ] GC(6) Metaspace: 18443K(19584K)->18443K(19584K) NonClass: 16127K(16896K)->16127K(16896K) Class: 2315K(2688K)->2315K(2688K)
[2020-08-13T14:11:50.149+0000][6][gc           ] GC(6) Pause Young (Normal) (G1 Evacuation Pause) 312M->16M(512M) 49.901ms
[2020-08-13T14:11:50.149+0000][6][gc,cpu       ] GC(6) User=0.02s Sys=0.00s Real=0.05s
[2020-08-13T14:11:50.149+0000][6][safepoint    ] Safepoint "G1CollectForAllocation", Time since last: 801452441 ns, Reaching safepoint: 101019 ns, At safepoint: 49980487 ns, Total: 50081506 ns
[2020-08-13T14:11:51.157+0000][6][safepoint    ] Safepoint "Cleanup", Time since last: 1000434670 ns, Reaching safepoint: 7517390 ns, At safepoint: 9258 ns, Total: 7526648 ns
[2020-08-13T14:11:51.772+0000][6][gc,start     ] GC(7) Pause Young (Normal) (G1 Evacuation Pause)
[2020-08-13T14:11:51.772+0000][6][gc,task      ] GC(7) Using 2 workers of 2 for evacuation
[2020-08-13T14:11:51.772+0000][6][gc,age       ] GC(7) Desired survivor size 20447232 bytes, new threshold 15 (max threshold 15)
[2020-08-13T14:11:51.837+0000][6][gc,age       ] GC(7) Age table with threshold 15 (max threshold 15)
[2020-08-13T14:11:51.837+0000][6][gc,age       ] GC(7) - age   1:    2707928 bytes,    2707928 total
[2020-08-13T14:11:51.837+0000][6][gc,age       ] GC(7) - age   2:    3318104 bytes,    6026032 total
[2020-08-13T14:11:51.837+0000][6][gc,age       ] GC(7) - age   3:    1890600 bytes,    7916632 total
[2020-08-13T14:11:51.837+0000][6][gc,age       ] GC(7) - age   4:    1378840 bytes,    9295472 total
[2020-08-13T14:11:51.837+0000][6][gc,age       ] GC(7) - age   5:    1805400 bytes,   11100872 total
[2020-08-13T14:11:51.837+0000][6][gc,age       ] GC(7) - age   6:    1389856 bytes,   12490728 total
[2020-08-13T14:11:51.837+0000][6][gc,phases    ] GC(7)   Pre Evacuate Collection Set: 0.1ms
[2020-08-13T14:11:51.837+0000][6][gc,phases    ] GC(7)   Merge Heap Roots: 0.1ms
[2020-08-13T14:11:51.837+0000][6][gc,phases    ] GC(7)   Evacuate Collection Set: 63.3ms
[2020-08-13T14:11:51.837+0000][6][gc,phases    ] GC(7)   Post Evacuate Collection Set: 1.3ms
[2020-08-13T14:11:51.837+0000][6][gc,phases    ] GC(7)   Other: 0.3ms
[2020-08-13T14:11:51.837+0000][6][gc,heap      ] GC(7) Eden regions: 296->0(294)
[2020-08-13T14:11:51.837+0000][6][gc,heap      ] GC(7) Survivor regions: 11->13(39)
[2020-08-13T14:11:51.837+0000][6][gc,heap      ] GC(7) Old regions: 5->5
[2020-08-13T14:11:51.837+0000][6][gc,heap      ] GC(7) Archive regions: 2->2
[2020-08-13T14:11:51.837+0000][6][gc,heap      ] GC(7) Humongous regions: 1->1
[2020-08-13T14:11:51.837+0000][6][gc,metaspace ] GC(7) Metaspace: 19704K(21248K)->19704K(21248K) NonClass: 17254K(18432K)->17254K(18432K) Class: 2449K(2816K)->2449K(2816K)
[2020-08-13T14:11:51.837+0000][6][gc           ] GC(7) Pause Young (Normal) (G1 Evacuation Pause) 312M->18M(512M) 65.094ms
[2020-08-13T14:11:51.837+0000][6][gc,cpu       ] GC(7) User=0.02s Sys=0.00s Real=0.07s
[2020-08-13T14:11:51.837+0000][6][safepoint    ] Safepoint "G1CollectForAllocation", Time since last: 614784287 ns, Reaching safepoint: 80230 ns, At safepoint: 65172883 ns, Total: 65253113 ns
[2020-08-13T14:11:52.169+0000][6][gc,start     ] GC(8) Pause Young (Concurrent Start) (Metadata GC Threshold)
[2020-08-13T14:11:52.169+0000][6][gc,task      ] GC(8) Using 2 workers of 2 for evacuation
[2020-08-13T14:11:52.169+0000][6][gc,age       ] GC(8) Desired survivor size 20447232 bytes, new threshold 15 (max threshold 15)
[2020-08-13T14:11:52.208+0000][6][gc,age       ] GC(8) Age table with threshold 15 (max threshold 15)
[2020-08-13T14:11:52.208+0000][6][gc,age       ] GC(8) - age   1:     313704 bytes,     313704 total
[2020-08-13T14:11:52.208+0000][6][gc,age       ] GC(8) - age   2:    2107160 bytes,    2420864 total
[2020-08-13T14:11:52.208+0000][6][gc,age       ] GC(8) - age   3:    3318080 bytes,    5738944 total
[2020-08-13T14:11:52.208+0000][6][gc,age       ] GC(8) - age   4:    1890600 bytes,    7629544 total
[2020-08-13T14:11:52.208+0000][6][gc,age       ] GC(8) - age   5:    1378840 bytes,    9008384 total
[2020-08-13T14:11:52.208+0000][6][gc,age       ] GC(8) - age   6:    1805400 bytes,   10813784 total
[2020-08-13T14:11:52.208+0000][6][gc,age       ] GC(8) - age   7:    1389856 bytes,   12203640 total
[2020-08-13T14:11:52.208+0000][6][gc,phases    ] GC(8)   Pre Evacuate Collection Set: 0.2ms
[2020-08-13T14:11:52.208+0000][6][gc,phases    ] GC(8)   Merge Heap Roots: 0.1ms
[2020-08-13T14:11:52.208+0000][6][gc,phases    ] GC(8)   Evacuate Collection Set: 37.9ms
[2020-08-13T14:11:52.208+0000][6][gc,phases    ] GC(8)   Post Evacuate Collection Set: 1.2ms
[2020-08-13T14:11:52.208+0000][6][gc,phases    ] GC(8)   Other: 0.4ms
[2020-08-13T14:11:52.208+0000][6][gc,heap      ] GC(8) Eden regions: 72->0(295)
[2020-08-13T14:11:52.208+0000][6][gc,heap      ] GC(8) Survivor regions: 13->12(39)
[2020-08-13T14:11:52.208+0000][6][gc,heap      ] GC(8) Old regions: 5->5
[2020-08-13T14:11:52.208+0000][6][gc,heap      ] GC(8) Archive regions: 2->2
[2020-08-13T14:11:52.208+0000][6][gc,heap      ] GC(8) Humongous regions: 1->1
[2020-08-13T14:11:52.208+0000][6][gc,metaspace ] GC(8) Metaspace: 19796K(21296K)->19796K(21296K) NonClass: 17328K(18432K)->17328K(18432K) Class: 2468K(2864K)->2468K(2864K)
[2020-08-13T14:11:52.208+0000][6][gc           ] GC(8) Pause Young (Concurrent Start) (Metadata GC Threshold) 90M->18M(512M) 39.851ms
[2020-08-13T14:11:52.209+0000][6][gc,cpu       ] GC(8) User=0.02s Sys=0.00s Real=0.04s
[2020-08-13T14:11:52.209+0000][6][safepoint    ] Safepoint "CollectForMetadataAllocation", Time since last: 331184841 ns, Reaching safepoint: 97442 ns, At safepoint: 40089976 ns, Total: 40187418 ns
[2020-08-13T14:11:52.210+0000][6][gc           ] GC(9) Concurrent Cycle
[2020-08-13T14:11:52.210+0000][6][gc,marking   ] GC(9) Concurrent Clear Claimed Marks
[2020-08-13T14:11:52.211+0000][6][gc,marking   ] GC(9) Concurrent Clear Claimed Marks 0.246ms
[2020-08-13T14:11:52.211+0000][6][gc,marking   ] GC(9) Concurrent Scan Root Regions
[2020-08-13T14:11:52.237+0000][6][gc,marking   ] GC(9) Concurrent Scan Root Regions 26.397ms
[2020-08-13T14:11:52.237+0000][6][gc,marking   ] GC(9) Concurrent Mark (15.276s)
[2020-08-13T14:11:52.237+0000][6][gc,marking   ] GC(9) Concurrent Mark From Roots
[2020-08-13T14:11:52.237+0000][6][gc,task      ] GC(9) Using 1 workers of 1 for marking
[2020-08-13T14:11:52.275+0000][6][gc,marking   ] GC(9) Concurrent Mark From Roots 37.937ms
[2020-08-13T14:11:52.275+0000][6][gc,marking   ] GC(9) Concurrent Preclean
[2020-08-13T14:11:52.275+0000][6][gc,marking   ] GC(9) Concurrent Preclean 0.055ms
[2020-08-13T14:11:52.275+0000][6][gc,marking   ] GC(9) Concurrent Mark (15.276s, 15.314s) 38.076ms
[2020-08-13T14:11:52.293+0000][6][gc,start     ] GC(9) Pause Remark
[2020-08-13T14:11:52.301+0000][6][gc           ] GC(9) Pause Remark 25M->25M(512M) 7.431ms
[2020-08-13T14:11:52.301+0000][6][gc,cpu       ] GC(9) User=0.01s Sys=0.00s Real=0.01s
[2020-08-13T14:11:52.301+0000][6][safepoint    ] Safepoint "G1Concurrent", Time since last: 66427501 ns, Reaching safepoint: 18146464 ns, At safepoint: 7540624 ns, Total: 25687088 ns
[2020-08-13T14:11:52.301+0000][6][gc,marking   ] GC(9) Concurrent Rebuild Remembered Sets
[2020-08-13T14:11:52.309+0000][6][gc,marking   ] GC(9) Concurrent Rebuild Remembered Sets 8.597ms
[2020-08-13T14:11:52.330+0000][6][gc,start     ] GC(9) Pause Cleanup
[2020-08-13T14:11:52.331+0000][6][gc           ] GC(9) Pause Cleanup 31M->31M(512M) 0.231ms
[2020-08-13T14:11:52.331+0000][6][gc,cpu       ] GC(9) User=0.00s Sys=0.00s Real=0.00s
[2020-08-13T14:11:52.331+0000][6][safepoint    ] Safepoint "G1Concurrent", Time since last: 8705123 ns, Reaching safepoint: 20915066 ns, At safepoint: 280024 ns, Total: 21195090 ns
[2020-08-13T14:11:52.331+0000][6][gc,marking   ] GC(9) Concurrent Cleanup for Next Mark
[2020-08-13T14:11:52.332+0000][6][gc,marking   ] GC(9) Concurrent Cleanup for Next Mark 1.181ms
[2020-08-13T14:11:52.332+0000][6][gc           ] GC(9) Concurrent Cycle 121.696ms
[2020-08-13T14:11:53.390+0000][6][safepoint    ] Safepoint "Cleanup", Time since last: 1058933341 ns, Reaching safepoint: 158737 ns, At safepoint: 2695 ns, Total: 161432 ns
[2020-08-13T14:11:54.520+0000][6][safepoint    ] Safepoint "Cleanup", Time since last: 1108849008 ns, Reaching safepoint: 21574670 ns, At safepoint: 15910 ns, Total: 21590580 ns
[2020-08-13T14:11:56.276+0000][6][safepoint    ] Safepoint "Cleanup", Time since last: 1754778849 ns, Reaching safepoint: 789538 ns, At safepoint: 2685 ns, Total: 792223 ns
[2020-08-13T14:11:57.282+0000][6][safepoint    ] Safepoint "Cleanup", Time since last: 1003929751 ns, Reaching safepoint: 2018008 ns, At safepoint: 5120 ns, Total: 2023128 ns
[2020-08-13T14:11:58.293+0000][6][safepoint    ] Safepoint "Cleanup", Time since last: 1001895314 ns, Reaching safepoint: 9148653 ns, At safepoint: 5640 ns, Total: 9154293 ns
[2020-08-13T14:11:58.742+0000][6][gc,start     ] GC(10) Pause Young (Normal) (G1 Evacuation Pause)
[2020-08-13T14:11:58.742+0000][6][gc,task      ] GC(10) Using 2 workers of 2 for evacuation
[2020-08-13T14:11:58.742+0000][6][gc,age       ] GC(10) Desired survivor size 20447232 bytes, new threshold 15 (max threshold 15)
[2020-08-13T14:11:58.933+0000][6][gc,age       ] GC(10) Age table with threshold 15 (max threshold 15)
[2020-08-13T14:11:58.933+0000][6][gc,age       ] GC(10) - age   1:   14545240 bytes,   14545240 total
[2020-08-13T14:11:58.933+0000][6][gc,age       ] GC(10) - age   2:     288320 bytes,   14833560 total
[2020-08-13T14:11:58.933+0000][6][gc,age       ] GC(10) - age   3:    2093360 bytes,   16926920 total
[2020-08-13T14:11:58.933+0000][6][gc,age       ] GC(10) - age   4:    3291632 bytes,   20218552 total
[2020-08-13T14:11:58.933+0000][6][gc,age       ] GC(10) - age   5:    1876336 bytes,   22094888 total
[2020-08-13T14:11:58.933+0000][6][gc,age       ] GC(10) - age   6:    1373608 bytes,   23468496 total
[2020-08-13T14:11:58.933+0000][6][gc,age       ] GC(10) - age   7:    1765936 bytes,   25234432 total
[2020-08-13T14:11:58.933+0000][6][gc,age       ] GC(10) - age   8:    1365328 bytes,   26599760 total
[2020-08-13T14:11:58.933+0000][6][gc,phases    ] GC(10)   Pre Evacuate Collection Set: 0.1ms
[2020-08-13T14:11:58.933+0000][6][gc,phases    ] GC(10)   Merge Heap Roots: 0.1ms
[2020-08-13T14:11:58.933+0000][6][gc,phases    ] GC(10)   Evacuate Collection Set: 184.2ms
[2020-08-13T14:11:58.933+0000][6][gc,phases    ] GC(10)   Post Evacuate Collection Set: 6.5ms
[2020-08-13T14:11:58.933+0000][6][gc,phases    ] GC(10)   Other: 0.3ms
[2020-08-13T14:11:58.933+0000][6][gc,heap      ] GC(10) Eden regions: 295->0(281)
[2020-08-13T14:11:58.933+0000][6][gc,heap      ] GC(10) Survivor regions: 12->26(39)
[2020-08-13T14:11:58.933+0000][6][gc,heap      ] GC(10) Old regions: 5->5
[2020-08-13T14:11:58.933+0000][6][gc,heap      ] GC(10) Archive regions: 2->2
[2020-08-13T14:11:58.933+0000][6][gc,heap      ] GC(10) Humongous regions: 1->1
[2020-08-13T14:11:58.933+0000][6][gc,metaspace ] GC(10) Metaspace: 28113K(30768K)->28113K(30768K) NonClass: 24506K(26368K)->24506K(26368K) Class: 3606K(4400K)->3606K(4400K)
[2020-08-13T14:11:58.933+0000][6][gc           ] GC(10) Pause Young (Normal) (G1 Evacuation Pause) 313M->32M(512M) 191.341ms
[2020-08-13T14:11:58.933+0000][6][gc,cpu       ] GC(10) User=0.14s Sys=0.00s Real=0.19s
[2020-08-13T14:11:58.933+0000][6][safepoint    ] Safepoint "G1CollectForAllocation", Time since last: 448837109 ns, Reaching safepoint: 98384 ns, At safepoint: 191431207 ns, Total: 191529591 ns
[2020-08-13T14:11:59.995+0000][6][safepoint    ] Safepoint "Cleanup", Time since last: 1053467310 ns, Reaching safepoint: 8101103 ns, At safepoint: 7765 ns, Total: 8108868 ns
[2020-08-13T14:12:01.003+0000][6][safepoint    ] Safepoint "Cleanup", Time since last: 1004892493 ns, Reaching safepoint: 3066580 ns, At safepoint: 5761 ns, Total: 3072341 ns
[2020-08-13T14:12:02.013+0000][6][safepoint    ] Safepoint "Cleanup", Time since last: 1003927508 ns, Reaching safepoint: 5995482 ns, At safepoint: 7003 ns, Total: 6002485 ns
[2020-08-13T14:12:03.020+0000][6][safepoint    ] Safepoint "Cleanup", Time since last: 1006054258 ns, Reaching safepoint: 936042 ns, At safepoint: 4388 ns, Total: 940430 ns
[2020-08-13T14:12:03.281+0000][6][gc,start     ] GC(11) Pause Young (Concurrent Start) (Metadata GC Threshold)
[2020-08-13T14:12:03.281+0000][6][gc,task      ] GC(11) Using 2 workers of 2 for evacuation
[2020-08-13T14:12:03.281+0000][6][gc,age       ] GC(11) Desired survivor size 20447232 bytes, new threshold 5 (max threshold 15)
[2020-08-13T14:12:03.461+0000][6][gc,age       ] GC(11) Age table with threshold 5 (max threshold 15)
[2020-08-13T14:12:03.461+0000][6][gc,age       ] GC(11) - age   1:   15572808 bytes,   15572808 total
[2020-08-13T14:12:03.461+0000][6][gc,age       ] GC(11) - age   2:   13960928 bytes,   29533736 total
[2020-08-13T14:12:03.461+0000][6][gc,age       ] GC(11) - age   3:     288288 bytes,   29822024 total
[2020-08-13T14:12:03.461+0000][6][gc,age       ] GC(11) - age   4:    2090464 bytes,   31912488 total
[2020-08-13T14:12:03.461+0000][6][gc,age       ] GC(11) - age   5:    3287208 bytes,   35199696 total
[2020-08-13T14:12:03.461+0000][6][gc,phases    ] GC(11)   Pre Evacuate Collection Set: 0.4ms
[2020-08-13T14:12:03.461+0000][6][gc,phases    ] GC(11)   Merge Heap Roots: 0.1ms
[2020-08-13T14:12:03.461+0000][6][gc,phases    ] GC(11)   Evacuate Collection Set: 176.7ms
[2020-08-13T14:12:03.461+0000][6][gc,phases    ] GC(11)   Post Evacuate Collection Set: 2.4ms
[2020-08-13T14:12:03.461+0000][6][gc,phases    ] GC(11)   Other: 0.4ms
[2020-08-13T14:12:03.461+0000][6][gc,heap      ] GC(11) Eden regions: 155->0(49)
[2020-08-13T14:12:03.461+0000][6][gc,heap      ] GC(11) Survivor regions: 26->34(39)
[2020-08-13T14:12:03.461+0000][6][gc,heap      ] GC(11) Old regions: 5->11
[2020-08-13T14:12:03.461+0000][6][gc,heap      ] GC(11) Archive regions: 2->2
[2020-08-13T14:12:03.461+0000][6][gc,heap      ] GC(11) Humongous regions: 1->1
[2020-08-13T14:12:03.461+0000][6][gc,metaspace ] GC(11) Metaspace: 32889K(35920K)->32889K(35920K) NonClass: 28545K(30624K)->28545K(30624K) Class: 4343K(5296K)->4343K(5296K)
[2020-08-13T14:12:03.461+0000][6][gc           ] GC(11) Pause Young (Concurrent Start) (Metadata GC Threshold) 187M->46M(512M) 180.003ms
[2020-08-13T14:12:03.461+0000][6][gc,cpu       ] GC(11) User=0.12s Sys=0.00s Real=0.18s
[2020-08-13T14:12:03.462+0000][6][safepoint    ] Safepoint "CollectForMetadataAllocation", Time since last: 261630047 ns, Reaching safepoint: 93976 ns, At safepoint: 180214263 ns, Total: 180308239 ns
[2020-08-13T14:12:03.463+0000][6][gc           ] GC(12) Concurrent Cycle
[2020-08-13T14:12:03.463+0000][6][gc,marking   ] GC(12) Concurrent Clear Claimed Marks
[2020-08-13T14:12:03.463+0000][6][gc,marking   ] GC(12) Concurrent Clear Claimed Marks 0.344ms
[2020-08-13T14:12:03.463+0000][6][gc,marking   ] GC(12) Concurrent Scan Root Regions
[2020-08-13T14:12:03.554+0000][6][safepoint    ] Safepoint "CollectForMetadataAllocation", Time since last: 92153963 ns, Reaching safepoint: 76002 ns, At safepoint: 139961 ns, Total: 215963 ns
[2020-08-13T14:12:03.590+0000][6][gc,marking   ] GC(12) Concurrent Scan Root Regions 127.111ms
[2020-08-13T14:12:03.590+0000][6][gc,marking   ] GC(12) Concurrent Mark (26.629s)
[2020-08-13T14:12:03.590+0000][6][gc,marking   ] GC(12) Concurrent Mark From Roots
[2020-08-13T14:12:03.590+0000][6][gc,task      ] GC(12) Using 1 workers of 1 for marking
[2020-08-13T14:12:03.632+0000][6][gc,marking   ] GC(12) Concurrent Mark From Roots 41.471ms
[2020-08-13T14:12:03.632+0000][6][gc,marking   ] GC(12) Concurrent Preclean
[2020-08-13T14:12:03.632+0000][6][gc,marking   ] GC(12) Concurrent Preclean 0.061ms
[2020-08-13T14:12:03.632+0000][6][gc,marking   ] GC(12) Concurrent Mark (26.629s, 26.671s) 41.630ms
[2020-08-13T14:12:03.632+0000][6][gc,start     ] GC(12) Pause Remark
[2020-08-13T14:12:03.657+0000][6][gc           ] GC(12) Pause Remark 50M->50M(512M) 25.553ms
[2020-08-13T14:12:03.657+0000][6][gc,cpu       ] GC(12) User=0.01s Sys=0.00s Real=0.03s
[2020-08-13T14:12:03.658+0000][6][safepoint    ] Safepoint "G1Concurrent", Time since last: 77804295 ns, Reaching safepoint: 92994 ns, At safepoint: 25671599 ns, Total: 25764593 ns
[2020-08-13T14:12:03.658+0000][6][gc,marking   ] GC(12) Concurrent Rebuild Remembered Sets
[2020-08-13T14:12:03.677+0000][6][gc,marking   ] GC(12) Concurrent Rebuild Remembered Sets 19.733ms
[2020-08-13T14:12:03.683+0000][6][gc,start     ] GC(12) Pause Cleanup
[2020-08-13T14:12:03.684+0000][6][gc           ] GC(12) Pause Cleanup 50M->50M(512M) 0.195ms
[2020-08-13T14:12:03.684+0000][6][gc,cpu       ] GC(12) User=0.00s Sys=0.00s Real=0.00s
[2020-08-13T14:12:03.684+0000][6][safepoint    ] Safepoint "G1Concurrent", Time since last: 19855493 ns, Reaching safepoint: 6096160 ns, At safepoint: 237845 ns, Total: 6334005 ns
[2020-08-13T14:12:03.684+0000][6][gc,marking   ] GC(12) Concurrent Cleanup for Next Mark
[2020-08-13T14:12:03.685+0000][6][gc,marking   ] GC(12) Concurrent Cleanup for Next Mark 1.254ms
[2020-08-13T14:12:03.685+0000][6][gc           ] GC(12) Concurrent Cycle 222.483ms
[2020-08-13T14:12:03.985+0000][6][gc,start     ] GC(13) Pause Young (Concurrent Start) (G1 Evacuation Pause)
[2020-08-13T14:12:03.985+0000][6][gc,task      ] GC(13) Using 2 workers of 2 for evacuation
[2020-08-13T14:12:03.985+0000][6][gc,age       ] GC(13) Desired survivor size 7340032 bytes, new threshold 1 (max threshold 15)
[2020-08-13T14:12:04.121+0000][6][gc,age       ] GC(13) Age table with threshold 1 (max threshold 15)
[2020-08-13T14:12:04.121+0000][6][gc,age       ] GC(13) - age   1:     400384 bytes,     400384 total
[2020-08-13T14:12:04.121+0000][6][gc,phases    ] GC(13)   Pre Evacuate Collection Set: 0.5ms
[2020-08-13T14:12:04.121+0000][6][gc,phases    ] GC(13)   Merge Heap Roots: 0.1ms
[2020-08-13T14:12:04.121+0000][6][gc,phases    ] GC(13)   Evacuate Collection Set: 133.0ms
[2020-08-13T14:12:04.121+0000][6][gc,phases    ] GC(13)   Post Evacuate Collection Set: 1.9ms
[2020-08-13T14:12:04.121+0000][6][gc,phases    ] GC(13)   Other: 0.3ms
[2020-08-13T14:12:04.121+0000][6][gc,heap      ] GC(13) Eden regions: 73->0(306)
[2020-08-13T14:12:04.121+0000][6][gc,heap      ] GC(13) Survivor regions: 34->1(14)
[2020-08-13T14:12:04.121+0000][6][gc,heap      ] GC(13) Old regions: 11->45
[2020-08-13T14:12:04.121+0000][6][gc,heap      ] GC(13) Archive regions: 2->2
[2020-08-13T14:12:04.121+0000][6][gc,heap      ] GC(13) Humongous regions: 1->1
[2020-08-13T14:12:04.121+0000][6][gc,metaspace ] GC(13) Metaspace: 33783K(37096K)->33783K(37096K) NonClass: 29345K(31648K)->29345K(31648K) Class: 4438K(5448K)->4438K(5448K)
[2020-08-13T14:12:04.121+0000][6][gc           ] GC(13) Pause Young (Concurrent Start) (G1 Evacuation Pause) 119M->47M(512M) 135.935ms
[2020-08-13T14:12:04.121+0000][6][gc,cpu       ] GC(13) User=0.08s Sys=0.00s Real=0.14s
[2020-08-13T14:12:04.121+0000][6][safepoint    ] Safepoint "G1CollectForAllocation", Time since last: 301057894 ns, Reaching safepoint: 136645 ns, At safepoint: 136029353 ns, Total: 136165998 ns
[2020-08-13T14:12:04.121+0000][6][gc           ] GC(14) Concurrent Cycle
[2020-08-13T14:12:04.121+0000][6][gc,marking   ] GC(14) Concurrent Clear Claimed Marks
[2020-08-13T14:12:04.121+0000][6][gc,marking   ] GC(14) Concurrent Clear Claimed Marks 0.342ms
[2020-08-13T14:12:04.121+0000][6][gc,marking   ] GC(14) Concurrent Scan Root Regions
[2020-08-13T14:12:04.241+0000][6][gc,marking   ] GC(14) Concurrent Scan Root Regions 119.895ms
[2020-08-13T14:12:04.241+0000][6][gc,marking   ] GC(14) Concurrent Mark (27.280s)
[2020-08-13T14:12:04.241+0000][6][gc,marking   ] GC(14) Concurrent Mark From Roots
[2020-08-13T14:12:04.241+0000][6][gc,task      ] GC(14) Using 1 workers of 1 for marking
[2020-08-13T14:12:04.328+0000][6][gc,marking   ] GC(14) Concurrent Mark From Roots 86.265ms
[2020-08-13T14:12:04.328+0000][6][gc,marking   ] GC(14) Concurrent Preclean
[2020-08-13T14:12:04.328+0000][6][gc,marking   ] GC(14) Concurrent Preclean 0.137ms
[2020-08-13T14:12:04.328+0000][6][gc,marking   ] GC(14) Concurrent Mark (27.280s, 27.367s) 86.508ms
[2020-08-13T14:12:04.328+0000][6][gc,start     ] GC(14) Pause Remark
[2020-08-13T14:12:04.347+0000][6][gc           ] GC(14) Pause Remark 79M->79M(512M) 18.594ms
[2020-08-13T14:12:04.347+0000][6][gc,cpu       ] GC(14) User=0.01s Sys=0.00s Real=0.02s
[2020-08-13T14:12:04.347+0000][6][safepoint    ] Safepoint "G1Concurrent", Time since last: 206913765 ns, Reaching safepoint: 204654 ns, At safepoint: 18907328 ns, Total: 19111982 ns
[2020-08-13T14:12:04.347+0000][6][gc,marking   ] GC(14) Concurrent Rebuild Remembered Sets
[2020-08-13T14:12:04.587+0000][6][gc,marking   ] GC(14) Concurrent Rebuild Remembered Sets 240.151ms
[2020-08-13T14:12:04.595+0000][6][gc,start     ] GC(14) Pause Cleanup
[2020-08-13T14:12:04.595+0000][6][gc           ] GC(14) Pause Cleanup 81M->81M(512M) 0.231ms
[2020-08-13T14:12:04.595+0000][6][gc,cpu       ] GC(14) User=0.00s Sys=0.00s Real=0.00s
[2020-08-13T14:12:04.595+0000][6][safepoint    ] Safepoint "G1Concurrent", Time since last: 244694379 ns, Reaching safepoint: 3141190 ns, At safepoint: 278270 ns, Total: 3419460 ns
[2020-08-13T14:12:04.596+0000][6][gc,marking   ] GC(14) Concurrent Cleanup for Next Mark
[2020-08-13T14:12:04.597+0000][6][gc,marking   ] GC(14) Concurrent Cleanup for Next Mark 1.286ms
[2020-08-13T14:12:04.597+0000][6][gc           ] GC(14) Concurrent Cycle 476.004ms
[2020-08-13T14:12:05.601+0000][6][safepoint    ] Safepoint "Cleanup", Time since last: 1002573434 ns, Reaching safepoint: 3219055 ns, At safepoint: 6291 ns, Total: 3225346 ns
[2020-08-13T14:12:06.823+0000][6][safepoint    ] Safepoint "Cleanup", Time since last: 1221788393 ns, Reaching safepoint: 410158 ns, At safepoint: 3607 ns, Total: 413765 ns
[2020-08-13T14:12:07.995+0000][6][safepoint    ] Safepoint "Cleanup", Time since last: 1167596584 ns, Reaching safepoint: 4208546 ns, At safepoint: 6422 ns, Total: 4214968 ns
[2020-08-13T14:12:09.985+0000][6][safepoint    ] Safepoint "Cleanup", Time since last: 1989846430 ns, Reaching safepoint: 188713 ns, At safepoint: 3316 ns, Total: 192029 ns
[2020-08-13T14:12:10.995+0000][6][safepoint    ] Safepoint "Cleanup", Time since last: 1007849398 ns, Reaching safepoint: 1920916 ns, At safepoint: 4859 ns, Total: 1925775 ns
[2020-08-13T14:12:12.007+0000][6][safepoint    ] Safepoint "Cleanup", Time since last: 1003002627 ns, Reaching safepoint: 9085344 ns, At safepoint: 7424 ns, Total: 9092768 ns
[2020-08-13T14:12:12.057+0000][6][gc,start     ] GC(15) Pause Young (Concurrent Start) (Metadata GC Threshold)
[2020-08-13T14:12:12.057+0000][6][gc,task      ] GC(15) Using 2 workers of 2 for evacuation
[2020-08-13T14:12:12.057+0000][6][gc,age       ] GC(15) Desired survivor size 20447232 bytes, new threshold 15 (max threshold 15)
[2020-08-13T14:12:12.181+0000][6][gc,age       ] GC(15) Age table with threshold 15 (max threshold 15)
[2020-08-13T14:12:12.181+0000][6][gc,age       ] GC(15) - age   1:    7875576 bytes,    7875576 total
[2020-08-13T14:12:12.181+0000][6][gc,age       ] GC(15) - age   2:     350992 bytes,    8226568 total
[2020-08-13T14:12:12.181+0000][6][gc,phases    ] GC(15)   Pre Evacuate Collection Set: 0.2ms
[2020-08-13T14:12:12.181+0000][6][gc,phases    ] GC(15)   Merge Heap Roots: 0.3ms
[2020-08-13T14:12:12.181+0000][6][gc,phases    ] GC(15)   Evacuate Collection Set: 119.4ms
[2020-08-13T14:12:12.181+0000][6][gc,phases    ] GC(15)   Post Evacuate Collection Set: 4.1ms
[2020-08-13T14:12:12.181+0000][6][gc,phases    ] GC(15)   Other: 0.3ms
[2020-08-13T14:12:12.181+0000][6][gc,heap      ] GC(15) Eden regions: 255->0(299)
[2020-08-13T14:12:12.181+0000][6][gc,heap      ] GC(15) Survivor regions: 1->8(39)
[2020-08-13T14:12:12.181+0000][6][gc,heap      ] GC(15) Old regions: 45->45
[2020-08-13T14:12:12.181+0000][6][gc,heap      ] GC(15) Archive regions: 2->2
[2020-08-13T14:12:12.181+0000][6][gc,heap      ] GC(15) Humongous regions: 1->1
[2020-08-13T14:12:12.181+0000][6][gc,metaspace ] GC(15) Metaspace: 56546K(61800K)->56546K(61800K) NonClass: 48676K(51872K)->48676K(51872K) Class: 7870K(9928K)->7870K(9928K)
[2020-08-13T14:12:12.181+0000][6][gc           ] GC(15) Pause Young (Concurrent Start) (Metadata GC Threshold) 301M->54M(512M) 124.409ms
[2020-08-13T14:12:12.181+0000][6][gc,cpu       ] GC(15) User=0.04s Sys=0.00s Real=0.12s
[2020-08-13T14:12:12.181+0000][6][safepoint    ] Safepoint "CollectForMetadataAllocation", Time since last: 47848878 ns, Reaching safepoint: 2008429 ns, At safepoint: 124562171 ns, Total: 126570600 ns
[2020-08-13T14:12:12.182+0000][6][gc           ] GC(16) Concurrent Cycle
[2020-08-13T14:12:12.182+0000][6][gc,marking   ] GC(16) Concurrent Clear Claimed Marks
[2020-08-13T14:12:12.182+0000][6][gc,marking   ] GC(16) Concurrent Clear Claimed Marks 0.761ms
[2020-08-13T14:12:12.182+0000][6][gc,marking   ] GC(16) Concurrent Scan Root Regions
[2020-08-13T14:12:12.224+0000][6][gc,marking   ] GC(16) Concurrent Scan Root Regions 41.710ms
[2020-08-13T14:12:12.224+0000][6][gc,marking   ] GC(16) Concurrent Mark (35.263s)
[2020-08-13T14:12:12.224+0000][6][gc,marking   ] GC(16) Concurrent Mark From Roots
[2020-08-13T14:12:12.224+0000][6][gc,task      ] GC(16) Using 1 workers of 1 for marking
[2020-08-13T14:12:12.263+0000][6][safepoint    ] Safepoint "BulkRevokeBias", Time since last: 46900702 ns, Reaching safepoint: 34694608 ns, At safepoint: 167593 ns, Total: 34862201 ns
[2020-08-13T14:12:12.483+0000][6][safepoint    ] Safepoint "CollectForMetadataAllocation", Time since last: 197909413 ns, Reaching safepoint: 21797868 ns, At safepoint: 178885 ns, Total: 21976753 ns
[2020-08-13T14:12:12.565+0000][6][safepoint    ] Safepoint "CollectForMetadataAllocation", Time since last: 80135168 ns, Reaching safepoint: 1992699 ns, At safepoint: 146033 ns, Total: 2138732 ns
[2020-08-13T14:12:12.762+0000][6][gc,marking   ] GC(16) Concurrent Mark From Roots 537.446ms
[2020-08-13T14:12:12.762+0000][6][gc,marking   ] GC(16) Concurrent Preclean
[2020-08-13T14:12:12.762+0000][6][gc,marking   ] GC(16) Concurrent Preclean 0.295ms
[2020-08-13T14:12:12.762+0000][6][gc,marking   ] GC(16) Concurrent Mark (35.263s, 35.801s) 537.836ms
[2020-08-13T14:12:12.776+0000][6][gc,start     ] GC(16) Pause Remark
[2020-08-13T14:12:12.843+0000][6][gc           ] GC(16) Pause Remark 64M->64M(512M) 66.978ms
[2020-08-13T14:12:12.843+0000][6][gc,cpu       ] GC(16) User=0.01s Sys=0.00s Real=0.06s
[2020-08-13T14:12:12.843+0000][6][safepoint    ] Safepoint "G1Concurrent", Time since last: 196941201 ns, Reaching safepoint: 13582090 ns, At safepoint: 67104038 ns, Total: 80686128 ns
[2020-08-13T14:12:12.843+0000][6][gc,marking   ] GC(16) Concurrent Rebuild Remembered Sets
[2020-08-13T14:12:13.150+0000][6][gc,marking   ] GC(16) Concurrent Rebuild Remembered Sets 306.844ms
[2020-08-13T14:12:13.151+0000][6][gc,start     ] GC(16) Pause Cleanup
[2020-08-13T14:12:13.151+0000][6][gc           ] GC(16) Pause Cleanup 70M->70M(512M) 0.162ms
[2020-08-13T14:12:13.151+0000][6][gc,cpu       ] GC(16) User=0.00s Sys=0.00s Real=0.00s
[2020-08-13T14:12:13.151+0000][6][safepoint    ] Safepoint "G1Concurrent", Time since last: 306963075 ns, Reaching safepoint: 1552567 ns, At safepoint: 205714 ns, Total: 1758281 ns
[2020-08-13T14:12:13.151+0000][6][gc,marking   ] GC(16) Concurrent Cleanup for Next Mark
[2020-08-13T14:12:13.157+0000][6][gc,marking   ] GC(16) Concurrent Cleanup for Next Mark 5.142ms
[2020-08-13T14:12:13.157+0000][6][gc           ] GC(16) Concurrent Cycle 975.076ms
[2020-08-13T14:12:13.458+0000][6][safepoint    ] Safepoint "BulkRevokeBias", Time since last: 306000756 ns, Reaching safepoint: 158315 ns, At safepoint: 223448 ns, Total: 381763 ns
[2020-08-13T14:12:14.715+0000][6][safepoint    ] Safepoint "Cleanup", Time since last: 1256771170 ns, Reaching safepoint: 181540 ns, At safepoint: 2244 ns, Total: 183784 ns
[2020-08-13T14:12:15.465+0000][6][safepoint    ] Safepoint "BulkRevokeBias", Time since last: 748343407 ns, Reaching safepoint: 1246353 ns, At safepoint: 137527 ns, Total: 1383880 ns
[2020-08-13T14:12:16.375+0000][6][safepoint    ] Safepoint "BulkRevokeBias", Time since last: 905302674 ns, Reaching safepoint: 4501475 ns, At safepoint: 227236 ns, Total: 4728711 ns
[2020-08-13T14:12:16.429+0000][6][safepoint    ] Safepoint "BulkRevokeBias", Time since last: 51447854 ns, Reaching safepoint: 2971772 ns, At safepoint: 186730 ns, Total: 3158502 ns
[2020-08-13T14:12:17.560+0000][6][safepoint    ] Safepoint "Cleanup", Time since last: 1130399492 ns, Reaching safepoint: 134733 ns, At safepoint: 2705 ns, Total: 137438 ns
[2020-08-13T14:12:17.829+0000][6][safepoint    ] Safepoint "BulkRevokeBias", Time since last: 268542434 ns, Reaching safepoint: 89417 ns, At safepoint: 206768 ns, Total: 296185 ns
[2020-08-13T14:12:17.983+0000][6][safepoint    ] Safepoint "BulkRevokeBias", Time since last: 153871517 ns, Reaching safepoint: 108854 ns, At safepoint: 387405 ns, Total: 496259 ns
[2020-08-13T14:12:17.987+0000][6][safepoint    ] Safepoint "BulkRevokeBias", Time since last: 3837292 ns, Reaching safepoint: 46778 ns, At safepoint: 226504 ns, Total: 273282 ns
[2020-08-13T14:12:18.713+0000][6][safepoint    ] Safepoint "BulkRevokeBias", Time since last: 725736805 ns, Reaching safepoint: 232915 ns, At safepoint: 236062 ns, Total: 468977 ns
[2020-08-13T14:12:19.378+0000][6][safepoint    ] Safepoint "BulkRevokeBias", Time since last: 664283904 ns, Reaching safepoint: 164088 ns, At safepoint: 185326 ns, Total: 349414 ns
[2020-08-13T14:12:20.380+0000][6][safepoint    ] Safepoint "Cleanup", Time since last: 1001766935 ns, Reaching safepoint: 116328 ns, At safepoint: 3146 ns, Total: 119474 ns
[2020-08-13T14:12:21.380+0000][6][safepoint    ] Safepoint "Cleanup", Time since last: 1000229226 ns, Reaching safepoint: 223127 ns, At safepoint: 3306 ns, Total: 226433 ns
[2020-08-13T14:12:22.381+0000][6][safepoint    ] Safepoint "Cleanup", Time since last: 1000422448 ns, Reaching safepoint: 230691 ns, At safepoint: 3447 ns, Total: 234138 ns
[2020-08-13T14:12:23.403+0000][6][safepoint    ] Safepoint "Cleanup", Time since last: 1018532043 ns, Reaching safepoint: 3522323 ns, At safepoint: 5900 ns, Total: 3528223 ns
[2020-08-13T14:12:23.472+0000][6][safepoint    ] Safepoint "BulkRevokeBias", Time since last: 68685057 ns, Reaching safepoint: 112009 ns, At safepoint: 252103 ns, Total: 364112 ns
[2020-08-13T14:12:24.010+0000][6][safepoint    ] Safepoint "BulkRevokeBias", Time since last: 537484376 ns, Reaching safepoint: 83687 ns, At safepoint: 141785 ns, Total: 225472 ns
[2020-08-13T14:12:24.027+0000][6][safepoint    ] Safepoint "BulkRevokeBias", Time since last: 17389217 ns, Reaching safepoint: 60894 ns, At safepoint: 56897 ns, Total: 117791 ns
[2020-08-13T14:12:24.044+0000][6][gc,heap,exit ] Heap
[2020-08-13T14:12:24.044+0000][6][gc,heap,exit ]  garbage-first heap   total 524288K, used 235543K [0x00000000e0000000, 0x0000000100000000)
[2020-08-13T14:12:24.044+0000][6][gc,heap,exit ]   region size 1024K, 186 young (190464K), 8 survivors (8192K)
[2020-08-13T14:12:24.044+0000][6][gc,heap,exit ]  Metaspace       used 70267K, capacity 76026K, committed 76264K, reserved 1114112K
[2020-08-13T14:12:24.044+0000][6][gc,heap,exit ]   class space    used 9620K, capacity 12009K, committed 12104K, reserved 1048576K
